Build started 2026/03/24 22:00:20.
Logging verbosity is set to: Detailed.     0>Process = "C:\Program Files\dotnet\dotnet.exe"
       MSBuild executable path = "C:\Program Files\dotnet\sdk\9.0.304\MSBuild.dll"
       Command line arguments = "C:\Program Files\dotnet\sdk\9.0.304\MSBuild.dll -maxcpucount -verbosity:m -tlp:default=auto -nologo -restore -consoleloggerparameters:Summary --property:SevenDaysManagedDir=C:\Program Files (x86)\Steam\steamapps\common\7 Days To Die_V1.3\7DaysToDie_Data\Managed -property:Configuration=Release c:\AI\7agent2\mod\mnetSevenDaysBridge\src\mnetSevenDaysBridge.csproj /flp:logfile=c:\AI\7agent2\build_errors.log -distributedlogger:Microsoft.DotNet.Tools.MSBuild.MSBuildLogger,C:\Program Files\dotnet\sdk\9.0.304\dotnet.dll*Microsoft.DotNet.Tools.MSBuild.MSBuildForwardingLogger,C:\Program Files\dotnet\sdk\9.0.304\dotnet.dll"
       Current directory = "C:\AI\7agent2"
       MSBuild version = "17.14.16+5d8159c5f"
       Based on the Windows registry key LongPathsEnabled, the LongPaths feature is disabled.
       Based on the Windows registry key VerifiedAndReputablePolicyState, SAC state = 0: turned off.
       The SDK "Microsoft.NET.Sdk" was successfully resolved by the "DefaultSdkResolver" resolver to location "C:\Program Files\dotnet\sdk\9.0.304\Sdks\Microsoft.NET.Sdk\Sdk" and version "".
       C:\Program Files\dotnet\sdk\9.0.304\Sdks\Microsoft.NET.Sdk\Sdk\Sdk.props(49,11): message : Property 'MSBuildExtensionsPath' with value 'C:\Program Files\dotnet\sdk\9.0.304\' expanded from the environment.
       C:\Program Files\dotnet\sdk\9.0.304\Current\Microsoft.Common.props(60,5): message : Property reassignment: $(MSBuildProjectExtensionsPath)="c:\AI\7agent2\mod\mnetSevenDaysBridge\src\obj\" (previous value: "obj\") at C:\Program Files\dotnet\sdk\9.0.304\Current\Microsoft.Common.props (60,5)
       C:\Program Files\dotnet\sdk\9.0.304\Current\Microsoft.Common.props(84,119): message : Property 'MSBuildUserExtensionsPath' with value 'C:\Users\tetsuomorisaki\AppData\Local\Microsoft\MSBuild' expanded from the environment.
       The "Configuration" property is a global property, and cannot be modified.
       The "Configuration" property is a global property, and cannot be modified.
       C:\Program Files\dotnet\sdk\9.0.304\Sdks\Microsoft.NET.Sdk\targets\Microsoft.NET.Sdk.props(90,5): message : Property reassignment: $(AssemblySearchPaths)="{CandidateAssemblyFiles};{HintPathFromItem}" (previous value: "{CandidateAssemblyFiles}") at C:\Program Files\dotnet\sdk\9.0.304\Sdks\Microsoft.NET.Sdk\targets\Microsoft.NET.Sdk.props (90,5)
       C:\Program Files\dotnet\sdk\9.0.304\Sdks\Microsoft.NET.Sdk\targets\Microsoft.NET.Sdk.props(91,5): message : Property reassignment: $(AssemblySearchPaths)="{CandidateAssemblyFiles};{HintPathFromItem};{TargetFrameworkDirectory}" (previous value: "{CandidateAssemblyFiles};{HintPathFromItem}") at C:\Program Files\dotnet\sdk\9.0.304\Sdks\Microsoft.NET.Sdk\targets\Microsoft.NET.Sdk.props (91,5)
       C:\Program Files\dotnet\sdk\9.0.304\Sdks\Microsoft.NET.Sdk\targets\Microsoft.NET.Sdk.props(92,5): message : Property reassignment: $(AssemblySearchPaths)="{CandidateAssemblyFiles};{HintPathFromItem};{TargetFrameworkDirectory};{RawFileName}" (previous value: "{CandidateAssemblyFiles};{HintPathFromItem};{TargetFrameworkDirectory}") at C:\Program Files\dotnet\sdk\9.0.304\Sdks\Microsoft.NET.Sdk\targets\Microsoft.NET.Sdk.props (92,5)
       The "DefaultSdkResolver" resolver attempted to resolve the SDK "Microsoft.NET.SDK.WorkloadAutoImportPropsLocator".
       Warnings: null
       Errors: MSB4276: The default SDK resolver failed to resolve SDK "Microsoft.NET.SDK.WorkloadAutoImportPropsLocator" because directory "C:\Program Files\dotnet\sdk\9.0.304\Sdks\Microsoft.NET.SDK.WorkloadAutoImportPropsLocator\Sdk" did not exist.
       Assembly loaded during Evaluation: Microsoft.Build.NuGetSdkResolver, Version=6.14.0.116, Culture=neutral, PublicKeyToken=31bf3856ad364e35 (location: C:\Program Files\dotnet\sdk\9.0.304\Microsoft.Build.NuGetSdkResolver.dll, MVID: ee5cca45-a90e-417e-aaf7-f0e96f222226, AssemblyLoadContext: MSBuild plugin C:\Program Files\dotnet\sdk\9.0.304\Microsoft.Build.NuGetSdkResolver.dll)
       Assembly loaded during Evaluation: NuGet.Common, Version=6.14.0.116, Culture=neutral, PublicKeyToken=31bf3856ad364e35 (location: C:\Program Files\dotnet\sdk\9.0.304\NuGet.Common.dll, MVID: 0fbb79ae-e358-4591-bc91-e34371a3d05b, AssemblyLoadContext: MSBuild plugin C:\Program Files\dotnet\sdk\9.0.304\Microsoft.Build.NuGetSdkResolver.dll)
       Assembly loaded during Evaluation: Microsoft.NET.Sdk.WorkloadMSBuildSdkResolver, Version=9.0.304.0, Culture=neutral, PublicKeyToken=31bf3856ad364e35 (location: C:\Program Files\dotnet\sdk\9.0.304\Microsoft.NET.Sdk.WorkloadMSBuildSdkResolver.dll, MVID: dfdd5c1a-5060-4680-9639-77b3556ef1bf, AssemblyLoadContext: MSBuild plugin C:\Program Files\dotnet\sdk\9.0.304\Microsoft.NET.Sdk.WorkloadMSBuildSdkResolver.dll)
       Assembly loaded during Evaluation: Microsoft.DotNet.Cli.Utils, Version=9.0.304.0, Culture=neutral, PublicKeyToken=adb9793829ddae60 (location: C:\Program Files\dotnet\sdk\9.0.304\Microsoft.DotNet.Cli.Utils.dll, MVID: 5071ae22-7291-48bf-8ac1-4379ce6129aa, AssemblyLoadContext: MSBuild plugin C:\Program Files\dotnet\sdk\9.0.304\Microsoft.NET.Sdk.WorkloadMSBuildSdkResolver.dll)
       Assembly loaded during Evaluation: Microsoft.NET.Sdk.WorkloadManifestReader, Version=9.0.304.0, Culture=neutral, PublicKeyToken=adb9793829ddae60 (location: C:\Program Files\dotnet\sdk\9.0.304\Microsoft.NET.Sdk.WorkloadManifestReader.dll, MVID: 6795db4c-5bdb-415d-8726-5b9c311aabae, AssemblyLoadContext: MSBuild plugin C:\Program Files\dotnet\sdk\9.0.304\Microsoft.NET.Sdk.WorkloadMSBuildSdkResolver.dll)
       Assembly loaded during Evaluation: Microsoft.Deployment.DotNet.Releases, Version=2.0.0.0, Culture=neutral, PublicKeyToken=31bf3856ad364e35 (location: C:\Program Files\dotnet\sdk\9.0.304\Microsoft.Deployment.DotNet.Releases.dll, MVID: 400d16c0-099c-46d2-bc0e-802a0637399b, AssemblyLoadContext: MSBuild plugin C:\Program Files\dotnet\sdk\9.0.304\Microsoft.NET.Sdk.WorkloadMSBuildSdkResolver.dll)
       The SDK "Microsoft.NET.SDK.WorkloadAutoImportPropsLocator" was successfully resolved by the "Microsoft.DotNet.MSBuildWorkloadSdkResolver" resolver to location "null" and version "null".
       C:\Program Files\dotnet\sdk\9.0.304\Sdks\Microsoft.NET.Sdk\targets\Microsoft.NET.PackProjectTool.props(15,5): message : Property reassignment: $(TargetsForTfmSpecificContentInPackage)=";PackTool;_PackProjectToolValidation" (previous value: ";PackTool") at C:\Program Files\dotnet\sdk\9.0.304\Sdks\Microsoft.NET.Sdk\targets\Microsoft.NET.PackProjectTool.props (15,5)
       The "SevenDaysManagedDir" property is a global property, and cannot be modified.
       The "Configuration" property is a global property, and cannot be modified.
       C:\Program Files\dotnet\sdk\9.0.304\Sdks\Microsoft.NET.Sdk\targets\Microsoft.NET.Sdk.ImportPublishProfile.targets(28,5): message : Property reassignment: $(PublishProfileImported)="false" (previous value: "true") at C:\Program Files\dotnet\sdk\9.0.304\Sdks\Microsoft.NET.Sdk\targets\Microsoft.NET.Sdk.ImportPublishProfile.targets (28,5)
       Assembly loaded during Evaluation: NuGet.Frameworks, Version=6.14.0.116, Culture=neutral, PublicKeyToken=31bf3856ad364e35 (location: C:\Program Files\dotnet\sdk\9.0.304\NuGet.Frameworks.dll, MVID: 6b5909cd-5145-46c4-9595-25461e82c126, AssemblyLoadContext: Assembly.LoadFile(C:\Program Files\dotnet\sdk\9.0.304\NuGet.Frameworks.dll))
       C:\Program Files\dotnet\sdk\9.0.304\Sdks\Microsoft.NET.Sdk\targets\Microsoft.NET.TargetFrameworkInference.targets(69,5): message : Property reassignment: $(TargetPlatformVersion)="" (previous value: "0.0") at C:\Program Files\dotnet\sdk\9.0.304\Sdks\Microsoft.NET.Sdk\targets\Microsoft.NET.TargetFrameworkInference.targets (69,5)
       C:\Program Files\dotnet\sdk\9.0.304\Sdks\Microsoft.NET.Sdk\targets\Microsoft.NET.DefaultOutputPaths.targets(122,5): message : Property reassignment: $(DefaultItemExcludes)=";..\build\bin\/**;obj\Release\/**" (previous value: ";..\build\bin\/**") at C:\Program Files\dotnet\sdk\9.0.304\Sdks\Microsoft.NET.Sdk\targets\Microsoft.NET.DefaultOutputPaths.targets (122,5)
       C:\Program Files\dotnet\sdk\9.0.304\Sdks\Microsoft.NET.Sdk\targets\Microsoft.NET.DefaultOutputPaths.targets(137,5): message : Property reassignment: $(OutputPath)="..\build\bin\net48\" (previous value: "..\build\bin\") at C:\Program Files\dotnet\sdk\9.0.304\Sdks\Microsoft.NET.Sdk\targets\Microsoft.NET.DefaultOutputPaths.targets (137,5)
       C:\Program Files\dotnet\sdk\9.0.304\Sdks\Microsoft.NET.Sdk\targets\Microsoft.NET.DefaultOutputPaths.targets(142,5): message : Property reassignment: $(IntermediateOutputPath)="obj\Release\net48\" (previous value: "obj\Release\") at C:\Program Files\dotnet\sdk\9.0.304\Sdks\Microsoft.NET.Sdk\targets\Microsoft.NET.DefaultOutputPaths.targets (142,5)
       The "DefaultSdkResolver" resolver attempted to resolve the SDK "Microsoft.NET.SDK.WorkloadManifestTargetsLocator".
       Warnings: null
       Errors: MSB4276: The default SDK resolver failed to resolve SDK "Microsoft.NET.SDK.WorkloadManifestTargetsLocator" because directory "C:\Program Files\dotnet\sdk\9.0.304\Sdks\Microsoft.NET.SDK.WorkloadManifestTargetsLocator\Sdk" did not exist.
       The SDK "Microsoft.NET.SDK.WorkloadManifestTargetsLocator" was successfully resolved by the "Microsoft.DotNet.MSBuildWorkloadSdkResolver" resolver to location "C:\Program Files\dotnet\sdk-manifests\9.0.100\microsoft.net.sdk.android\35.0.78" and version "null".
       C:\Program Files\dotnet\sdk\9.0.304\Sdks\Microsoft.NET.Sdk\targets\Microsoft.NET.Sdk.BeforeCommon.targets(189,5): message : Property reassignment: $(_FrameworkIdentifierForImplicitDefine)="NET" (previous value: "NETFRAMEWORK") at C:\Program Files\dotnet\sdk\9.0.304\Sdks\Microsoft.NET.Sdk\targets\Microsoft.NET.Sdk.BeforeCommon.targets (189,5)
       C:\Program Files\dotnet\sdk\9.0.304\Sdks\Microsoft.NET.Sdk\targets\Microsoft.NET.Sdk.BeforeCommon.targets(192,5): message : Property reassignment: $(_FrameworkVersionForImplicitDefine)="4_8" (previous value: "4.8") at C:\Program Files\dotnet\sdk\9.0.304\Sdks\Microsoft.NET.Sdk\targets\Microsoft.NET.Sdk.BeforeCommon.targets (192,5)
       C:\Program Files\dotnet\sdk\9.0.304\Sdks\Microsoft.NET.Sdk\targets\Microsoft.NET.Sdk.BeforeCommon.targets(193,5): message : Property reassignment: $(_FrameworkVersionForImplicitDefine)="48" (previous value: "4_8") at C:\Program Files\dotnet\sdk\9.0.304\Sdks\Microsoft.NET.Sdk\targets\Microsoft.NET.Sdk.BeforeCommon.targets (193,5)
       C:\Program Files\dotnet\sdk\9.0.304\Roslyn\Microsoft.CSharp.Core.targets(200,5): message : Property reassignment: $(CommandLineArgsForDesignTimeEvaluation)="-langversion:latest -define:TRACE" (previous value: "-langversion:latest") at C:\Program Files\dotnet\sdk\9.0.304\Roslyn\Microsoft.CSharp.Core.targets (200,5)
       C:\Program Files\dotnet\sdk\9.0.304\Microsoft.NETFramework.CurrentVersion.props(117,5): message : Property reassignment: $(AvailablePlatforms)="Any CPU,x86,x64,ARM64" (previous value: "Any CPU,x86,x64") at C:\Program Files\dotnet\sdk\9.0.304\Microsoft.NETFramework.CurrentVersion.props (117,5)
       Assembly loaded during Evaluation: Microsoft.Build.Utilities.Core, Version=15.1.0.0, Culture=neutral, PublicKeyToken=b03f5f7f11d50a3a (location: C:\Program Files\dotnet\sdk\9.0.304\Microsoft.Build.Utilities.Core.dll, MVID: a80e9bbc-a6fa-45e5-829b-e8cef913666f, AssemblyLoadContext: Default)
       C:\Program Files\dotnet\sdk\9.0.304\Microsoft.Common.CurrentVersion.targets(89,5): message : Property reassignment: $(TargetPlatformIdentifier)="Windows" (previous value: "") at C:\Program Files\dotnet\sdk\9.0.304\Microsoft.Common.CurrentVersion.targets (89,5)
       C:\Program Files\dotnet\sdk\9.0.304\Microsoft.Common.CurrentVersion.targets(90,5): message : Property reassignment: $(TargetPlatformVersion)="7.0" (previous value: "") at C:\Program Files\dotnet\sdk\9.0.304\Microsoft.Common.CurrentVersion.targets (90,5)
       The "Configuration" property is a global property, and cannot be modified.
       C:\Program Files\dotnet\sdk\9.0.304\Microsoft.Common.CurrentVersion.targets(179,5): message : Property reassignment: $(_DebugSymbolsProduced)="true" (previous value: "false") at C:\Program Files\dotnet\sdk\9.0.304\Microsoft.Common.CurrentVersion.targets (179,5)
       C:\Program Files\dotnet\sdk\9.0.304\Microsoft.Common.CurrentVersion.targets(185,5): message : Property reassignment: $(_DocumentationFileProduced)="false" (previous value: "true") at C:\Program Files\dotnet\sdk\9.0.304\Microsoft.Common.CurrentVersion.targets (185,5)
       C:\Program Files\dotnet\sdk\9.0.304\Microsoft.Common.CurrentVersion.targets(392,5): message : Property reassignment: $(MSBuildCopyMarkerName)="mnetSeve.12590B5E" (previous value: "mnetSevenDaysBridge.csproj") at C:\Program Files\dotnet\sdk\9.0.304\Microsoft.Common.CurrentVersion.targets (392,5)
       C:\Program Files\dotnet\sdk\9.0.304\Microsoft.Common.CurrentVersion.targets(393,5): message : Property reassignment: $(MSBuildCopyMarkerName)="mnetSeve.12590B5E.Up2Date" (previous value: "mnetSeve.12590B5E") at C:\Program Files\dotnet\sdk\9.0.304\Microsoft.Common.CurrentVersion.targets (393,5)
       C:\Program Files\dotnet\sdk\9.0.304\Microsoft.Common.CurrentVersion.targets(541,5): message : Property reassignment: $(ProcessorArchitecture)="msil" (previous value: "") at C:\Program Files\dotnet\sdk\9.0.304\Microsoft.Common.CurrentVersion.targets (541,5)
       C:\Program Files\dotnet\sdk\9.0.304\Microsoft.Common.CurrentVersion.targets(580,5): message : Property reassignment: $(DelaySign)="" (previous value: "false") at C:\Program Files\dotnet\sdk\9.0.304\Microsoft.Common.CurrentVersion.targets (580,5)
       C:\Program Files\dotnet\sdk\9.0.304\Microsoft.Common.CurrentVersion.targets(2619,5): message : Property 'LOCALAPPDATA' with value 'C:\Users\tetsuomorisaki\AppData\Local' expanded from the environment.
       C:\Program Files\dotnet\sdk\9.0.304\Microsoft.Common.CurrentVersion.targets(3947,5): message : Property reassignment: $(_SGenGenerateSerializationAssembliesConfig)="Auto" (previous value: "") at C:\Program Files\dotnet\sdk\9.0.304\Microsoft.Common.CurrentVersion.targets (3947,5)
       C:\Program Files\dotnet\sdk\9.0.304\Microsoft.Common.CurrentVersion.targets(5159,5): message : Property reassignment: $(_TargetsThatPrepareProjectReferences)="
       C:\Program Files\dotnet\sdk\9.0.304\Microsoft.Common.CurrentVersion.targets(5159,5): message :       AssignProjectConfiguration;
       C:\Program Files\dotnet\sdk\9.0.304\Microsoft.Common.CurrentVersion.targets(5159,5): message :       _SplitProjectReferencesByFileExistence
       C:\Program Files\dotnet\sdk\9.0.304\Microsoft.Common.CurrentVersion.targets(5159,5): message :     " (previous value: "_SplitProjectReferencesByFileExistence") at C:\Program Files\dotnet\sdk\9.0.304\Microsoft.Common.CurrentVersion.targets (5159,5)
       C:\Program Files\dotnet\sdk\9.0.304\Microsoft.Common.CurrentVersion.targets(6954,5): message : Property 'MSBuildExtensionsPath32' with value 'C:\Program Files\dotnet\sdk\9.0.304' expanded from the environment.
       C:\Program Files\dotnet\sdk\9.0.304\Microsoft.NETFramework.CurrentVersion.targets(74,5): message : Property reassignment: $(ResolveReferencesDependsOn)="
       C:\Program Files\dotnet\sdk\9.0.304\Microsoft.NETFramework.CurrentVersion.targets(74,5): message :       
       C:\Program Files\dotnet\sdk\9.0.304\Microsoft.NETFramework.CurrentVersion.targets(74,5): message :       BeforeResolveReferences;
       C:\Program Files\dotnet\sdk\9.0.304\Microsoft.NETFramework.CurrentVersion.targets(74,5): message :       AssignProjectConfiguration;
       C:\Program Files\dotnet\sdk\9.0.304\Microsoft.NETFramework.CurrentVersion.targets(74,5): message :       ResolveProjectReferences;
       C:\Program Files\dotnet\sdk\9.0.304\Microsoft.NETFramework.CurrentVersion.targets(74,5): message :       FindInvalidProjectReferences;
       C:\Program Files\dotnet\sdk\9.0.304\Microsoft.NETFramework.CurrentVersion.targets(74,5): message :       ResolveNativeReferences;
       C:\Program Files\dotnet\sdk\9.0.304\Microsoft.NETFramework.CurrentVersion.targets(74,5): message :       ResolveAssemblyReferences;
       C:\Program Files\dotnet\sdk\9.0.304\Microsoft.NETFramework.CurrentVersion.targets(74,5): message :       GenerateBindingRedirects;
       C:\Program Files\dotnet\sdk\9.0.304\Microsoft.NETFramework.CurrentVersion.targets(74,5): message :       GenerateBindingRedirectsUpdateAppConfig;
       C:\Program Files\dotnet\sdk\9.0.304\Microsoft.NETFramework.CurrentVersion.targets(74,5): message :       ResolveComReferences;
       C:\Program Files\dotnet\sdk\9.0.304\Microsoft.NETFramework.CurrentVersion.targets(74,5): message :       AfterResolveReferences
       C:\Program Files\dotnet\sdk\9.0.304\Microsoft.NETFramework.CurrentVersion.targets(74,5): message :     ;
       C:\Program Files\dotnet\sdk\9.0.304\Microsoft.NETFramework.CurrentVersion.targets(74,5): message :       ImplicitlyExpandDesignTimeFacades
       C:\Program Files\dotnet\sdk\9.0.304\Microsoft.NETFramework.CurrentVersion.targets(74,5): message :     " (previous value: "
       C:\Program Files\dotnet\sdk\9.0.304\Microsoft.NETFramework.CurrentVersion.targets(74,5): message :       BeforeResolveReferences;
       C:\Program Files\dotnet\sdk\9.0.304\Microsoft.NETFramework.CurrentVersion.targets(74,5): message :       AssignProjectConfiguration;
       C:\Program Files\dotnet\sdk\9.0.304\Microsoft.NETFramework.CurrentVersion.targets(74,5): message :       ResolveProjectReferences;
       C:\Program Files\dotnet\sdk\9.0.304\Microsoft.NETFramework.CurrentVersion.targets(74,5): message :       FindInvalidProjectReferences;
       C:\Program Files\dotnet\sdk\9.0.304\Microsoft.NETFramework.CurrentVersion.targets(74,5): message :       ResolveNativeReferences;
       C:\Program Files\dotnet\sdk\9.0.304\Microsoft.NETFramework.CurrentVersion.targets(74,5): message :       ResolveAssemblyReferences;
       C:\Program Files\dotnet\sdk\9.0.304\Microsoft.NETFramework.CurrentVersion.targets(74,5): message :       GenerateBindingRedirects;
       C:\Program Files\dotnet\sdk\9.0.304\Microsoft.NETFramework.CurrentVersion.targets(74,5): message :       GenerateBindingRedirectsUpdateAppConfig;
       C:\Program Files\dotnet\sdk\9.0.304\Microsoft.NETFramework.CurrentVersion.targets(74,5): message :       ResolveComReferences;
       C:\Program Files\dotnet\sdk\9.0.304\Microsoft.NETFramework.CurrentVersion.targets(74,5): message :       AfterResolveReferences
       C:\Program Files\dotnet\sdk\9.0.304\Microsoft.NETFramework.CurrentVersion.targets(74,5): message :     ") at C:\Program Files\dotnet\sdk\9.0.304\Microsoft.NETFramework.CurrentVersion.targets (74,5)
       Assembly loaded during Evaluation: System.Threading.Tasks.Parallel, Version=9.0.0.0, Culture=neutral, PublicKeyToken=b03f5f7f11d50a3a (location: C:\Program Files\dotnet\shared\Microsoft.NETCore.App\9.0.8\System.Threading.Tasks.Parallel.dll, MVID: 1af4dee5-e6e2-41b4-8956-d0888b6207d0, AssemblyLoadContext: Default)
       C:\Program Files\dotnet\sdk\9.0.304\Sdks\Microsoft.NET.Sdk\targets\Microsoft.PackageDependencyResolution.targets(24,5): message : Property reassignment: $(ProjectAssetsFile)="c:\AI\7agent2\mod\mnetSevenDaysBridge\src\obj\project.assets.json" (previous value: "c:\AI\7agent2\mod\mnetSevenDaysBridge\src\obj\/project.assets.json") at C:\Program Files\dotnet\sdk\9.0.304\Sdks\Microsoft.NET.Sdk\targets\Microsoft.PackageDependencyResolution.targets (24,5)
       C:\Program Files\dotnet\sdk\9.0.304\Sdks\Microsoft.NET.Sdk\targets\Microsoft.PackageDependencyResolution.targets(29,5): message : Property reassignment: $(ProjectAssetsCacheFile)="c:\AI\7agent2\mod\mnetSevenDaysBridge\src\obj\Release\net48\mnetSevenDaysBridge.assets.cache" (previous value: "obj\Release\net48\mnetSevenDaysBridge.assets.cache") at C:\Program Files\dotnet\sdk\9.0.304\Sdks\Microsoft.NET.Sdk\targets\Microsoft.PackageDependencyResolution.targets (29,5)
       C:\Program Files\dotnet\sdk\9.0.304\Sdks\Microsoft.NET.Sdk\targets\Microsoft.PackageDependencyResolution.targets(80,5): message : Property reassignment: $(ResolveAssemblyReferencesDependsOn)="
       C:\Program Files\dotnet\sdk\9.0.304\Sdks\Microsoft.NET.Sdk\targets\Microsoft.PackageDependencyResolution.targets(80,5): message :       
       C:\Program Files\dotnet\sdk\9.0.304\Sdks\Microsoft.NET.Sdk\targets\Microsoft.PackageDependencyResolution.targets(80,5): message :       ResolveProjectReferences;
       C:\Program Files\dotnet\sdk\9.0.304\Sdks\Microsoft.NET.Sdk\targets\Microsoft.PackageDependencyResolution.targets(80,5): message :       FindInvalidProjectReferences;
       C:\Program Files\dotnet\sdk\9.0.304\Sdks\Microsoft.NET.Sdk\targets\Microsoft.PackageDependencyResolution.targets(80,5): message :       GetFrameworkPaths;
       C:\Program Files\dotnet\sdk\9.0.304\Sdks\Microsoft.NET.Sdk\targets\Microsoft.PackageDependencyResolution.targets(80,5): message :       GetReferenceAssemblyPaths;
       C:\Program Files\dotnet\sdk\9.0.304\Sdks\Microsoft.NET.Sdk\targets\Microsoft.PackageDependencyResolution.targets(80,5): message :       PrepareForBuild;
       C:\Program Files\dotnet\sdk\9.0.304\Sdks\Microsoft.NET.Sdk\targets\Microsoft.PackageDependencyResolution.targets(80,5): message :       ResolveSDKReferences;
       C:\Program Files\dotnet\sdk\9.0.304\Sdks\Microsoft.NET.Sdk\targets\Microsoft.PackageDependencyResolution.targets(80,5): message :       ExpandSDKReferences;
       C:\Program Files\dotnet\sdk\9.0.304\Sdks\Microsoft.NET.Sdk\targets\Microsoft.PackageDependencyResolution.targets(80,5): message :     ;
       C:\Program Files\dotnet\sdk\9.0.304\Sdks\Microsoft.NET.Sdk\targets\Microsoft.PackageDependencyResolution.targets(80,5): message :       ResolvePackageDependenciesForBuild;
       C:\Program Files\dotnet\sdk\9.0.304\Sdks\Microsoft.NET.Sdk\targets\Microsoft.PackageDependencyResolution.targets(80,5): message :       _HandlePackageFileConflicts;
       C:\Program Files\dotnet\sdk\9.0.304\Sdks\Microsoft.NET.Sdk\targets\Microsoft.PackageDependencyResolution.targets(80,5): message :     " (previous value: "
       C:\Program Files\dotnet\sdk\9.0.304\Sdks\Microsoft.NET.Sdk\targets\Microsoft.PackageDependencyResolution.targets(80,5): message :       ResolveProjectReferences;
       C:\Program Files\dotnet\sdk\9.0.304\Sdks\Microsoft.NET.Sdk\targets\Microsoft.PackageDependencyResolution.targets(80,5): message :       FindInvalidProjectReferences;
       C:\Program Files\dotnet\sdk\9.0.304\Sdks\Microsoft.NET.Sdk\targets\Microsoft.PackageDependencyResolution.targets(80,5): message :       GetFrameworkPaths;
       C:\Program Files\dotnet\sdk\9.0.304\Sdks\Microsoft.NET.Sdk\targets\Microsoft.PackageDependencyResolution.targets(80,5): message :       GetReferenceAssemblyPaths;
       C:\Program Files\dotnet\sdk\9.0.304\Sdks\Microsoft.NET.Sdk\targets\Microsoft.PackageDependencyResolution.targets(80,5): message :       PrepareForBuild;
       C:\Program Files\dotnet\sdk\9.0.304\Sdks\Microsoft.NET.Sdk\targets\Microsoft.PackageDependencyResolution.targets(80,5): message :       ResolveSDKReferences;
       C:\Program Files\dotnet\sdk\9.0.304\Sdks\Microsoft.NET.Sdk\targets\Microsoft.PackageDependencyResolution.targets(80,5): message :       ExpandSDKReferences;
       C:\Program Files\dotnet\sdk\9.0.304\Sdks\Microsoft.NET.Sdk\targets\Microsoft.PackageDependencyResolution.targets(80,5): message :     ") at C:\Program Files\dotnet\sdk\9.0.304\Sdks\Microsoft.NET.Sdk\targets\Microsoft.PackageDependencyResolution.targets (80,5)
       C:\Program Files\dotnet\sdk\9.0.304\Sdks\Microsoft.NET.Sdk\targets\Microsoft.PackageDependencyResolution.targets(86,5): message : Property reassignment: $(PrepareResourcesDependsOn)="
       C:\Program Files\dotnet\sdk\9.0.304\Sdks\Microsoft.NET.Sdk\targets\Microsoft.PackageDependencyResolution.targets(86,5): message :       ResolvePackageDependenciesForBuild;
       C:\Program Files\dotnet\sdk\9.0.304\Sdks\Microsoft.NET.Sdk\targets\Microsoft.PackageDependencyResolution.targets(86,5): message :       _HandlePackageFileConflicts;
       C:\Program Files\dotnet\sdk\9.0.304\Sdks\Microsoft.NET.Sdk\targets\Microsoft.PackageDependencyResolution.targets(86,5): message :       
       C:\Program Files\dotnet\sdk\9.0.304\Sdks\Microsoft.NET.Sdk\targets\Microsoft.PackageDependencyResolution.targets(86,5): message :       ;
       C:\Program Files\dotnet\sdk\9.0.304\Sdks\Microsoft.NET.Sdk\targets\Microsoft.PackageDependencyResolution.targets(86,5): message :       PrepareResourceNames;
       C:\Program Files\dotnet\sdk\9.0.304\Sdks\Microsoft.NET.Sdk\targets\Microsoft.PackageDependencyResolution.targets(86,5): message :       ResGen;
       C:\Program Files\dotnet\sdk\9.0.304\Sdks\Microsoft.NET.Sdk\targets\Microsoft.PackageDependencyResolution.targets(86,5): message :       CompileLicxFiles
       C:\Program Files\dotnet\sdk\9.0.304\Sdks\Microsoft.NET.Sdk\targets\Microsoft.PackageDependencyResolution.targets(86,5): message :     
       C:\Program Files\dotnet\sdk\9.0.304\Sdks\Microsoft.NET.Sdk\targets\Microsoft.PackageDependencyResolution.targets(86,5): message :     " (previous value: "
       C:\Program Files\dotnet\sdk\9.0.304\Sdks\Microsoft.NET.Sdk\targets\Microsoft.PackageDependencyResolution.targets(86,5): message :       ;
       C:\Program Files\dotnet\sdk\9.0.304\Sdks\Microsoft.NET.Sdk\targets\Microsoft.PackageDependencyResolution.targets(86,5): message :       PrepareResourceNames;
       C:\Program Files\dotnet\sdk\9.0.304\Sdks\Microsoft.NET.Sdk\targets\Microsoft.PackageDependencyResolution.targets(86,5): message :       ResGen;
       C:\Program Files\dotnet\sdk\9.0.304\Sdks\Microsoft.NET.Sdk\targets\Microsoft.PackageDependencyResolution.targets(86,5): message :       CompileLicxFiles
       C:\Program Files\dotnet\sdk\9.0.304\Sdks\Microsoft.NET.Sdk\targets\Microsoft.PackageDependencyResolution.targets(86,5): message :     ") at C:\Program Files\dotnet\sdk\9.0.304\Sdks\Microsoft.NET.Sdk\targets\Microsoft.PackageDependencyResolution.targets (86,5)
       C:\Program Files\dotnet\sdk\9.0.304\Sdks\Microsoft.NET.Sdk\targets\Microsoft.NET.Sdk.DefaultItems.targets(27,5): message : Property reassignment: $(DefaultItemExcludes)=";..\build\bin\/**;obj\Release\/**;bin\/**" (previous value: ";..\build\bin\/**;obj\Release\/**") at C:\Program Files\dotnet\sdk\9.0.304\Sdks\Microsoft.NET.Sdk\targets\Microsoft.NET.Sdk.DefaultItems.targets (27,5)
       C:\Program Files\dotnet\sdk\9.0.304\Sdks\Microsoft.NET.Sdk\targets\Microsoft.NET.Sdk.DefaultItems.targets(29,5): message : Property reassignment: $(DefaultItemExcludes)=";..\build\bin\/**;obj\Release\/**;bin\/**;obj\/**" (previous value: ";..\build\bin\/**;obj\Release\/**;bin\/**") at C:\Program Files\dotnet\sdk\9.0.304\Sdks\Microsoft.NET.Sdk\targets\Microsoft.NET.Sdk.DefaultItems.targets (29,5)
       C:\Program Files\dotnet\sdk\9.0.304\Sdks\Microsoft.NET.Sdk\targets\Microsoft.NET.Sdk.DefaultItems.targets(32,5): message : Property reassignment: $(DefaultItemExcludes)=";..\build\bin\/**;obj\Release\/**;bin\/**;obj\/**;**/*.user" (previous value: ";..\build\bin\/**;obj\Release\/**;bin\/**;obj\/**") at C:\Program Files\dotnet\sdk\9.0.304\Sdks\Microsoft.NET.Sdk\targets\Microsoft.NET.Sdk.DefaultItems.targets (32,5)
       C:\Program Files\dotnet\sdk\9.0.304\Sdks\Microsoft.NET.Sdk\targets\Microsoft.NET.Sdk.DefaultItems.targets(33,5): message : Property reassignment: $(DefaultItemExcludes)=";..\build\bin\/**;obj\Release\/**;bin\/**;obj\/**;**/*.user;**/*.*proj" (previous value: ";..\build\bin\/**;obj\Release\/**;bin\/**;obj\/**;**/*.user") at C:\Program Files\dotnet\sdk\9.0.304\Sdks\Microsoft.NET.Sdk\targets\Microsoft.NET.Sdk.DefaultItems.targets (33,5)
       C:\Program Files\dotnet\sdk\9.0.304\Sdks\Microsoft.NET.Sdk\targets\Microsoft.NET.Sdk.DefaultItems.targets(34,5): message : Property reassignment: $(DefaultItemExcludes)=";..\build\bin\/**;obj\Release\/**;bin\/**;obj\/**;**/*.user;**/*.*proj;**/*.sln" (previous value: ";..\build\bin\/**;obj\Release\/**;bin\/**;obj\/**;**/*.user;**/*.*proj") at C:\Program Files\dotnet\sdk\9.0.304\Sdks\Microsoft.NET.Sdk\targets\Microsoft.NET.Sdk.DefaultItems.targets (34,5)
       C:\Program Files\dotnet\sdk\9.0.304\Sdks\Microsoft.NET.Sdk\targets\Microsoft.NET.Sdk.DefaultItems.targets(35,5): message : Property reassignment: $(DefaultItemExcludes)=";..\build\bin\/**;obj\Release\/**;bin\/**;obj\/**;**/*.user;**/*.*proj;**/*.sln;**/*.slnx" (previous value: ";..\build\bin\/**;obj\Release\/**;bin\/**;obj\/**;**/*.user;**/*.*proj;**/*.sln") at C:\Program Files\dotnet\sdk\9.0.304\Sdks\Microsoft.NET.Sdk\targets\Microsoft.NET.Sdk.DefaultItems.targets (35,5)
       C:\Program Files\dotnet\sdk\9.0.304\Sdks\Microsoft.NET.Sdk\targets\Microsoft.NET.Sdk.DefaultItems.targets(36,5): message : Property reassignment: $(DefaultItemExcludes)=";..\build\bin\/**;obj\Release\/**;bin\/**;obj\/**;**/*.user;**/*.*proj;**/*.sln;**/*.slnx;**/*.vssscc" (previous value: ";..\build\bin\/**;obj\Release\/**;bin\/**;obj\/**;**/*.user;**/*.*proj;**/*.sln;**/*.slnx") at C:\Program Files\dotnet\sdk\9.0.304\Sdks\Microsoft.NET.Sdk\targets\Microsoft.NET.Sdk.DefaultItems.targets (36,5)
       C:\Program Files\dotnet\sdk\9.0.304\Sdks\Microsoft.NET.Sdk\targets\Microsoft.NET.Sdk.DefaultItems.targets(37,5): message : Property reassignment: $(DefaultItemExcludes)=";..\build\bin\/**;obj\Release\/**;bin\/**;obj\/**;**/*.user;**/*.*proj;**/*.sln;**/*.slnx;**/*.vssscc;**/.DS_Store" (previous value: ";..\build\bin\/**;obj\Release\/**;bin\/**;obj\/**;**/*.user;**/*.*proj;**/*.sln;**/*.slnx;**/*.vssscc") at C:\Program Files\dotnet\sdk\9.0.304\Sdks\Microsoft.NET.Sdk\targets\Microsoft.NET.Sdk.DefaultItems.targets (37,5)
       C:\Program Files\dotnet\sdk\9.0.304\Sdks\Microsoft.NET.Sdk\targets\Microsoft.NET.Sdk.FrameworkReferenceResolution.targets(14,5): message : Property reassignment: $(ResolveAssemblyReferencesDependsOn)="
       C:\Program Files\dotnet\sdk\9.0.304\Sdks\Microsoft.NET.Sdk\targets\Microsoft.NET.Sdk.FrameworkReferenceResolution.targets(14,5): message :       
       C:\Program Files\dotnet\sdk\9.0.304\Sdks\Microsoft.NET.Sdk\targets\Microsoft.NET.Sdk.FrameworkReferenceResolution.targets(14,5): message :       
       C:\Program Files\dotnet\sdk\9.0.304\Sdks\Microsoft.NET.Sdk\targets\Microsoft.NET.Sdk.FrameworkReferenceResolution.targets(14,5): message :       ResolveProjectReferences;
       C:\Program Files\dotnet\sdk\9.0.304\Sdks\Microsoft.NET.Sdk\targets\Microsoft.NET.Sdk.FrameworkReferenceResolution.targets(14,5): message :       FindInvalidProjectReferences;
       C:\Program Files\dotnet\sdk\9.0.304\Sdks\Microsoft.NET.Sdk\targets\Microsoft.NET.Sdk.FrameworkReferenceResolution.targets(14,5): message :       GetFrameworkPaths;
       C:\Program Files\dotnet\sdk\9.0.304\Sdks\Microsoft.NET.Sdk\targets\Microsoft.NET.Sdk.FrameworkReferenceResolution.targets(14,5): message :       GetReferenceAssemblyPaths;
       C:\Program Files\dotnet\sdk\9.0.304\Sdks\Microsoft.NET.Sdk\targets\Microsoft.NET.Sdk.FrameworkReferenceResolution.targets(14,5): message :       PrepareForBuild;
       C:\Program Files\dotnet\sdk\9.0.304\Sdks\Microsoft.NET.Sdk\targets\Microsoft.NET.Sdk.FrameworkReferenceResolution.targets(14,5): message :       ResolveSDKReferences;
       C:\Program Files\dotnet\sdk\9.0.304\Sdks\Microsoft.NET.Sdk\targets\Microsoft.NET.Sdk.FrameworkReferenceResolution.targets(14,5): message :       ExpandSDKReferences;
       C:\Program Files\dotnet\sdk\9.0.304\Sdks\Microsoft.NET.Sdk\targets\Microsoft.NET.Sdk.FrameworkReferenceResolution.targets(14,5): message :     ;
       C:\Program Files\dotnet\sdk\9.0.304\Sdks\Microsoft.NET.Sdk\targets\Microsoft.NET.Sdk.FrameworkReferenceResolution.targets(14,5): message :       ResolvePackageDependenciesForBuild;
       C:\Program Files\dotnet\sdk\9.0.304\Sdks\Microsoft.NET.Sdk\targets\Microsoft.NET.Sdk.FrameworkReferenceResolution.targets(14,5): message :       _HandlePackageFileConflicts;
       C:\Program Files\dotnet\sdk\9.0.304\Sdks\Microsoft.NET.Sdk\targets\Microsoft.NET.Sdk.FrameworkReferenceResolution.targets(14,5): message :     ;
       C:\Program Files\dotnet\sdk\9.0.304\Sdks\Microsoft.NET.Sdk\targets\Microsoft.NET.Sdk.FrameworkReferenceResolution.targets(14,5): message :       ResolveTargetingPackAssets;
       C:\Program Files\dotnet\sdk\9.0.304\Sdks\Microsoft.NET.Sdk\targets\Microsoft.NET.Sdk.FrameworkReferenceResolution.targets(14,5): message :     " (previous value: "
       C:\Program Files\dotnet\sdk\9.0.304\Sdks\Microsoft.NET.Sdk\targets\Microsoft.NET.Sdk.FrameworkReferenceResolution.targets(14,5): message :       
       C:\Program Files\dotnet\sdk\9.0.304\Sdks\Microsoft.NET.Sdk\targets\Microsoft.NET.Sdk.FrameworkReferenceResolution.targets(14,5): message :       ResolveProjectReferences;
       C:\Program Files\dotnet\sdk\9.0.304\Sdks\Microsoft.NET.Sdk\targets\Microsoft.NET.Sdk.FrameworkReferenceResolution.targets(14,5): message :       FindInvalidProjectReferences;
       C:\Program Files\dotnet\sdk\9.0.304\Sdks\Microsoft.NET.Sdk\targets\Microsoft.NET.Sdk.FrameworkReferenceResolution.targets(14,5): message :       GetFrameworkPaths;
       C:\Program Files\dotnet\sdk\9.0.304\Sdks\Microsoft.NET.Sdk\targets\Microsoft.NET.Sdk.FrameworkReferenceResolution.targets(14,5): message :       GetReferenceAssemblyPaths;
       C:\Program Files\dotnet\sdk\9.0.304\Sdks\Microsoft.NET.Sdk\targets\Microsoft.NET.Sdk.FrameworkReferenceResolution.targets(14,5): message :       PrepareForBuild;
       C:\Program Files\dotnet\sdk\9.0.304\Sdks\Microsoft.NET.Sdk\targets\Microsoft.NET.Sdk.FrameworkReferenceResolution.targets(14,5): message :       ResolveSDKReferences;
       C:\Program Files\dotnet\sdk\9.0.304\Sdks\Microsoft.NET.Sdk\targets\Microsoft.NET.Sdk.FrameworkReferenceResolution.targets(14,5): message :       ExpandSDKReferences;
       C:\Program Files\dotnet\sdk\9.0.304\Sdks\Microsoft.NET.Sdk\targets\Microsoft.NET.Sdk.FrameworkReferenceResolution.targets(14,5): message :     ;
       C:\Program Files\dotnet\sdk\9.0.304\Sdks\Microsoft.NET.Sdk\targets\Microsoft.NET.Sdk.FrameworkReferenceResolution.targets(14,5): message :       ResolvePackageDependenciesForBuild;
       C:\Program Files\dotnet\sdk\9.0.304\Sdks\Microsoft.NET.Sdk\targets\Microsoft.NET.Sdk.FrameworkReferenceResolution.targets(14,5): message :       _HandlePackageFileConflicts;
       C:\Program Files\dotnet\sdk\9.0.304\Sdks\Microsoft.NET.Sdk\targets\Microsoft.NET.Sdk.FrameworkReferenceResolution.targets(14,5): message :     ") at C:\Program Files\dotnet\sdk\9.0.304\Sdks\Microsoft.NET.Sdk\targets\Microsoft.NET.Sdk.FrameworkReferenceResolution.targets (14,5)
       C:\Program Files\dotnet\sdk\9.0.304\Sdks\Microsoft.NET.Sdk\targets\Microsoft.NET.Sdk.targets(44,5): message : Property reassignment: $(_GenerateRuntimeConfigurationPropertyInputsCache)="c:\AI\7agent2\mod\mnetSevenDaysBridge\src\obj\Release\net48\mnetSevenDaysBridge.genruntimeconfig.cache" (previous value: "obj\Release\net48\mnetSevenDaysBridge.genruntimeconfig.cache") at C:\Program Files\dotnet\sdk\9.0.304\Sdks\Microsoft.NET.Sdk\targets\Microsoft.NET.Sdk.targets (44,5)
       C:\Program Files\dotnet\sdk\9.0.304\Sdks\Microsoft.NET.Sdk\targets\Microsoft.NET.Sdk.targets(46,5): message : Property reassignment: $(_GeneratePublishDependencyFilePropertyInputsCache)="c:\AI\7agent2\mod\mnetSevenDaysBridge\src\obj\Release\net48\mnetSevenDaysBridge.genpublishdeps.cache" (previous value: "obj\Release\net48\mnetSevenDaysBridge.genpublishdeps.cache") at C:\Program Files\dotnet\sdk\9.0.304\Sdks\Microsoft.NET.Sdk\targets\Microsoft.NET.Sdk.targets (46,5)
       C:\Program Files\dotnet\sdk\9.0.304\Sdks\Microsoft.NET.Sdk\targets\Microsoft.NET.Sdk.targets(48,5): message : Property reassignment: $(_GenerateSingleFileBundlePropertyInputsCache)="c:\AI\7agent2\mod\mnetSevenDaysBridge\src\obj\Release\net48\mnetSevenDaysBridge.genbundle.cache" (previous value: "obj\Release\net48\mnetSevenDaysBridge.genbundle.cache") at C:\Program Files\dotnet\sdk\9.0.304\Sdks\Microsoft.NET.Sdk\targets\Microsoft.NET.Sdk.targets (48,5)
       C:\Program Files\dotnet\sdk\9.0.304\Sdks\Microsoft.NET.Sdk\targets\Microsoft.NET.Sdk.targets(97,5): message : Property 'USERPROFILE' with value 'C:\Users\tetsuomorisaki' expanded from the environment.
       C:\Program Files\dotnet\sdk\9.0.304\Sdks\Microsoft.NET.Sdk\targets\Microsoft.NET.Sdk.targets(97,5): message : Property reassignment: $(_DefaultUserProfileRuntimeStorePath)="C:\Users\tetsuomorisaki" (previous value: "") at C:\Program Files\dotnet\sdk\9.0.304\Sdks\Microsoft.NET.Sdk\targets\Microsoft.NET.Sdk.targets (97,5)
       C:\Program Files\dotnet\sdk\9.0.304\Sdks\Microsoft.NET.Sdk\targets\Microsoft.NET.Sdk.targets(98,5): message : Property reassignment: $(_DefaultUserProfileRuntimeStorePath)="C:\Users\tetsuomorisaki\.dotnet\store" (previous value: "C:\Users\tetsuomorisaki") at C:\Program Files\dotnet\sdk\9.0.304\Sdks\Microsoft.NET.Sdk\targets\Microsoft.NET.Sdk.targets (98,5)
       C:\Program Files\dotnet\sdk\9.0.304\Sdks\Microsoft.NET.Sdk\targets\Microsoft.NET.Sdk.targets(201,5): message : Property reassignment: $(CoreBuildDependsOn)="
       C:\Program Files\dotnet\sdk\9.0.304\Sdks\Microsoft.NET.Sdk\targets\Microsoft.NET.Sdk.targets(201,5): message :       _CheckForBuildWithNoBuild;
       C:\Program Files\dotnet\sdk\9.0.304\Sdks\Microsoft.NET.Sdk\targets\Microsoft.NET.Sdk.targets(201,5): message :       
       C:\Program Files\dotnet\sdk\9.0.304\Sdks\Microsoft.NET.Sdk\targets\Microsoft.NET.Sdk.targets(201,5): message :       BuildOnlySettings;
       C:\Program Files\dotnet\sdk\9.0.304\Sdks\Microsoft.NET.Sdk\targets\Microsoft.NET.Sdk.targets(201,5): message :       PrepareForBuild;
       C:\Program Files\dotnet\sdk\9.0.304\Sdks\Microsoft.NET.Sdk\targets\Microsoft.NET.Sdk.targets(201,5): message :       PreBuildEvent;
       C:\Program Files\dotnet\sdk\9.0.304\Sdks\Microsoft.NET.Sdk\targets\Microsoft.NET.Sdk.targets(201,5): message :       ResolveReferences;
       C:\Program Files\dotnet\sdk\9.0.304\Sdks\Microsoft.NET.Sdk\targets\Microsoft.NET.Sdk.targets(201,5): message :       PrepareResources;
       C:\Program Files\dotnet\sdk\9.0.304\Sdks\Microsoft.NET.Sdk\targets\Microsoft.NET.Sdk.targets(201,5): message :       ResolveKeySource;
       C:\Program Files\dotnet\sdk\9.0.304\Sdks\Microsoft.NET.Sdk\targets\Microsoft.NET.Sdk.targets(201,5): message :       Compile;
       C:\Program Files\dotnet\sdk\9.0.304\Sdks\Microsoft.NET.Sdk\targets\Microsoft.NET.Sdk.targets(201,5): message :       ExportWindowsMDFile;
       C:\Program Files\dotnet\sdk\9.0.304\Sdks\Microsoft.NET.Sdk\targets\Microsoft.NET.Sdk.targets(201,5): message :       UnmanagedUnregistration;
       C:\Program Files\dotnet\sdk\9.0.304\Sdks\Microsoft.NET.Sdk\targets\Microsoft.NET.Sdk.targets(201,5): message :       GenerateSerializationAssemblies;
       C:\Program Files\dotnet\sdk\9.0.304\Sdks\Microsoft.NET.Sdk\targets\Microsoft.NET.Sdk.targets(201,5): message :       CreateSatelliteAssemblies;
       C:\Program Files\dotnet\sdk\9.0.304\Sdks\Microsoft.NET.Sdk\targets\Microsoft.NET.Sdk.targets(201,5): message :       GenerateManifests;
       C:\Program Files\dotnet\sdk\9.0.304\Sdks\Microsoft.NET.Sdk\targets\Microsoft.NET.Sdk.targets(201,5): message :       GetTargetPath;
       C:\Program Files\dotnet\sdk\9.0.304\Sdks\Microsoft.NET.Sdk\targets\Microsoft.NET.Sdk.targets(201,5): message :       PrepareForRun;
       C:\Program Files\dotnet\sdk\9.0.304\Sdks\Microsoft.NET.Sdk\targets\Microsoft.NET.Sdk.targets(201,5): message :       UnmanagedRegistration;
       C:\Program Files\dotnet\sdk\9.0.304\Sdks\Microsoft.NET.Sdk\targets\Microsoft.NET.Sdk.targets(201,5): message :       IncrementalClean;
       C:\Program Files\dotnet\sdk\9.0.304\Sdks\Microsoft.NET.Sdk\targets\Microsoft.NET.Sdk.targets(201,5): message :       PostBuildEvent
       C:\Program Files\dotnet\sdk\9.0.304\Sdks\Microsoft.NET.Sdk\targets\Microsoft.NET.Sdk.targets(201,5): message :     ;
       C:\Program Files\dotnet\sdk\9.0.304\Sdks\Microsoft.NET.Sdk\targets\Microsoft.NET.Sdk.targets(201,5): message :       GenerateBuildDependencyFile;
       C:\Program Files\dotnet\sdk\9.0.304\Sdks\Microsoft.NET.Sdk\targets\Microsoft.NET.Sdk.targets(201,5): message :       GenerateBuildRuntimeConfigurationFiles
       C:\Program Files\dotnet\sdk\9.0.304\Sdks\Microsoft.NET.Sdk\targets\Microsoft.NET.Sdk.targets(201,5): message :     " (previous value: "
       C:\Program Files\dotnet\sdk\9.0.304\Sdks\Microsoft.NET.Sdk\targets\Microsoft.NET.Sdk.targets(201,5): message :       BuildOnlySettings;
       C:\Program Files\dotnet\sdk\9.0.304\Sdks\Microsoft.NET.Sdk\targets\Microsoft.NET.Sdk.targets(201,5): message :       PrepareForBuild;
       C:\Program Files\dotnet\sdk\9.0.304\Sdks\Microsoft.NET.Sdk\targets\Microsoft.NET.Sdk.targets(201,5): message :       PreBuildEvent;
       C:\Program Files\dotnet\sdk\9.0.304\Sdks\Microsoft.NET.Sdk\targets\Microsoft.NET.Sdk.targets(201,5): message :       ResolveReferences;
       C:\Program Files\dotnet\sdk\9.0.304\Sdks\Microsoft.NET.Sdk\targets\Microsoft.NET.Sdk.targets(201,5): message :       PrepareResources;
       C:\Program Files\dotnet\sdk\9.0.304\Sdks\Microsoft.NET.Sdk\targets\Microsoft.NET.Sdk.targets(201,5): message :       ResolveKeySource;
       C:\Program Files\dotnet\sdk\9.0.304\Sdks\Microsoft.NET.Sdk\targets\Microsoft.NET.Sdk.targets(201,5): message :       Compile;
       C:\Program Files\dotnet\sdk\9.0.304\Sdks\Microsoft.NET.Sdk\targets\Microsoft.NET.Sdk.targets(201,5): message :       ExportWindowsMDFile;
       C:\Program Files\dotnet\sdk\9.0.304\Sdks\Microsoft.NET.Sdk\targets\Microsoft.NET.Sdk.targets(201,5): message :       UnmanagedUnregistration;
       C:\Program Files\dotnet\sdk\9.0.304\Sdks\Microsoft.NET.Sdk\targets\Microsoft.NET.Sdk.targets(201,5): message :       GenerateSerializationAssemblies;
       C:\Program Files\dotnet\sdk\9.0.304\Sdks\Microsoft.NET.Sdk\targets\Microsoft.NET.Sdk.targets(201,5): message :       CreateSatelliteAssemblies;
       C:\Program Files\dotnet\sdk\9.0.304\Sdks\Microsoft.NET.Sdk\targets\Microsoft.NET.Sdk.targets(201,5): message :       GenerateManifests;
       C:\Program Files\dotnet\sdk\9.0.304\Sdks\Microsoft.NET.Sdk\targets\Microsoft.NET.Sdk.targets(201,5): message :       GetTargetPath;
       C:\Program Files\dotnet\sdk\9.0.304\Sdks\Microsoft.NET.Sdk\targets\Microsoft.NET.Sdk.targets(201,5): message :       PrepareForRun;
       C:\Program Files\dotnet\sdk\9.0.304\Sdks\Microsoft.NET.Sdk\targets\Microsoft.NET.Sdk.targets(201,5): message :       UnmanagedRegistration;
       C:\Program Files\dotnet\sdk\9.0.304\Sdks\Microsoft.NET.Sdk\targets\Microsoft.NET.Sdk.targets(201,5): message :       IncrementalClean;
       C:\Program Files\dotnet\sdk\9.0.304\Sdks\Microsoft.NET.Sdk\targets\Microsoft.NET.Sdk.targets(201,5): message :       PostBuildEvent
       C:\Program Files\dotnet\sdk\9.0.304\Sdks\Microsoft.NET.Sdk\targets\Microsoft.NET.Sdk.targets(201,5): message :     ") at C:\Program Files\dotnet\sdk\9.0.304\Sdks\Microsoft.NET.Sdk\targets\Microsoft.NET.Sdk.targets (201,5)
       C:\Program Files\dotnet\sdk\9.0.304\Sdks\Microsoft.NET.Sdk\targets\Microsoft.NET.Sdk.targets(210,5): message : Property reassignment: $(CoreCleanDependsOn)="
       C:\Program Files\dotnet\sdk\9.0.304\Sdks\Microsoft.NET.Sdk\targets\Microsoft.NET.Sdk.targets(210,5): message :       _SdkBeforeClean;
       C:\Program Files\dotnet\sdk\9.0.304\Sdks\Microsoft.NET.Sdk\targets\Microsoft.NET.Sdk.targets(210,5): message :       
       C:\Program Files\dotnet\sdk\9.0.304\Sdks\Microsoft.NET.Sdk\targets\Microsoft.NET.Sdk.targets(210,5): message :     " (previous value: "") at C:\Program Files\dotnet\sdk\9.0.304\Sdks\Microsoft.NET.Sdk\targets\Microsoft.NET.Sdk.targets (210,5)
       C:\Program Files\dotnet\sdk\9.0.304\Sdks\Microsoft.NET.Sdk\targets\Microsoft.NET.Sdk.targets(217,5): message : Property reassignment: $(RebuildDependsOn)="
       C:\Program Files\dotnet\sdk\9.0.304\Sdks\Microsoft.NET.Sdk\targets\Microsoft.NET.Sdk.targets(217,5): message :       _SdkBeforeRebuild;
       C:\Program Files\dotnet\sdk\9.0.304\Sdks\Microsoft.NET.Sdk\targets\Microsoft.NET.Sdk.targets(217,5): message :       
       C:\Program Files\dotnet\sdk\9.0.304\Sdks\Microsoft.NET.Sdk\targets\Microsoft.NET.Sdk.targets(217,5): message :       BeforeRebuild;
       C:\Program Files\dotnet\sdk\9.0.304\Sdks\Microsoft.NET.Sdk\targets\Microsoft.NET.Sdk.targets(217,5): message :       Clean;
       C:\Program Files\dotnet\sdk\9.0.304\Sdks\Microsoft.NET.Sdk\targets\Microsoft.NET.Sdk.targets(217,5): message :       Build;
       C:\Program Files\dotnet\sdk\9.0.304\Sdks\Microsoft.NET.Sdk\targets\Microsoft.NET.Sdk.targets(217,5): message :       AfterRebuild;
       C:\Program Files\dotnet\sdk\9.0.304\Sdks\Microsoft.NET.Sdk\targets\Microsoft.NET.Sdk.targets(217,5): message :     
       C:\Program Files\dotnet\sdk\9.0.304\Sdks\Microsoft.NET.Sdk\targets\Microsoft.NET.Sdk.targets(217,5): message :     " (previous value: "
       C:\Program Files\dotnet\sdk\9.0.304\Sdks\Microsoft.NET.Sdk\targets\Microsoft.NET.Sdk.targets(217,5): message :       BeforeRebuild;
       C:\Program Files\dotnet\sdk\9.0.304\Sdks\Microsoft.NET.Sdk\targets\Microsoft.NET.Sdk.targets(217,5): message :       Clean;
       C:\Program Files\dotnet\sdk\9.0.304\Sdks\Microsoft.NET.Sdk\targets\Microsoft.NET.Sdk.targets(217,5): message :       Build;
       C:\Program Files\dotnet\sdk\9.0.304\Sdks\Microsoft.NET.Sdk\targets\Microsoft.NET.Sdk.targets(217,5): message :       AfterRebuild;
       C:\Program Files\dotnet\sdk\9.0.304\Sdks\Microsoft.NET.Sdk\targets\Microsoft.NET.Sdk.targets(217,5): message :     ") at C:\Program Files\dotnet\sdk\9.0.304\Sdks\Microsoft.NET.Sdk\targets\Microsoft.NET.Sdk.targets (217,5)
       C:\Program Files\dotnet\sdk\9.0.304\Sdks\Microsoft.NET.Sdk\targets\Microsoft.NET.Sdk.targets(784,5): message : Property reassignment: $(CompileDependsOn)="
       C:\Program Files\dotnet\sdk\9.0.304\Sdks\Microsoft.NET.Sdk\targets\Microsoft.NET.Sdk.targets(784,5): message :       
       C:\Program Files\dotnet\sdk\9.0.304\Sdks\Microsoft.NET.Sdk\targets\Microsoft.NET.Sdk.targets(784,5): message :       ResolveReferences;
       C:\Program Files\dotnet\sdk\9.0.304\Sdks\Microsoft.NET.Sdk\targets\Microsoft.NET.Sdk.targets(784,5): message :       ResolveKeySource;
       C:\Program Files\dotnet\sdk\9.0.304\Sdks\Microsoft.NET.Sdk\targets\Microsoft.NET.Sdk.targets(784,5): message :       SetWin32ManifestProperties;
       C:\Program Files\dotnet\sdk\9.0.304\Sdks\Microsoft.NET.Sdk\targets\Microsoft.NET.Sdk.targets(784,5): message :       _SetPreferNativeArm64Win32ManifestProperties;
       C:\Program Files\dotnet\sdk\9.0.304\Sdks\Microsoft.NET.Sdk\targets\Microsoft.NET.Sdk.targets(784,5): message :       FindReferenceAssembliesForReferences;
       C:\Program Files\dotnet\sdk\9.0.304\Sdks\Microsoft.NET.Sdk\targets\Microsoft.NET.Sdk.targets(784,5): message :       _GenerateCompileInputs;
       C:\Program Files\dotnet\sdk\9.0.304\Sdks\Microsoft.NET.Sdk\targets\Microsoft.NET.Sdk.targets(784,5): message :       BeforeCompile;
       C:\Program Files\dotnet\sdk\9.0.304\Sdks\Microsoft.NET.Sdk\targets\Microsoft.NET.Sdk.targets(784,5): message :       _TimeStampBeforeCompile;
       C:\Program Files\dotnet\sdk\9.0.304\Sdks\Microsoft.NET.Sdk\targets\Microsoft.NET.Sdk.targets(784,5): message :       _GenerateCompileDependencyCache;
       C:\Program Files\dotnet\sdk\9.0.304\Sdks\Microsoft.NET.Sdk\targets\Microsoft.NET.Sdk.targets(784,5): message :       CoreCompile;
       C:\Program Files\dotnet\sdk\9.0.304\Sdks\Microsoft.NET.Sdk\targets\Microsoft.NET.Sdk.targets(784,5): message :       _TimeStampAfterCompile;
       C:\Program Files\dotnet\sdk\9.0.304\Sdks\Microsoft.NET.Sdk\targets\Microsoft.NET.Sdk.targets(784,5): message :       AfterCompile;
       C:\Program Files\dotnet\sdk\9.0.304\Sdks\Microsoft.NET.Sdk\targets\Microsoft.NET.Sdk.targets(784,5): message :     ;
       C:\Program Files\dotnet\sdk\9.0.304\Sdks\Microsoft.NET.Sdk\targets\Microsoft.NET.Sdk.targets(784,5): message :       _CreateAppHost;
       C:\Program Files\dotnet\sdk\9.0.304\Sdks\Microsoft.NET.Sdk\targets\Microsoft.NET.Sdk.targets(784,5): message :       _CreateComHost;
       C:\Program Files\dotnet\sdk\9.0.304\Sdks\Microsoft.NET.Sdk\targets\Microsoft.NET.Sdk.targets(784,5): message :       _GetIjwHostPaths;
       C:\Program Files\dotnet\sdk\9.0.304\Sdks\Microsoft.NET.Sdk\targets\Microsoft.NET.Sdk.targets(784,5): message :     " (previous value: "
       C:\Program Files\dotnet\sdk\9.0.304\Sdks\Microsoft.NET.Sdk\targets\Microsoft.NET.Sdk.targets(784,5): message :       ResolveReferences;
       C:\Program Files\dotnet\sdk\9.0.304\Sdks\Microsoft.NET.Sdk\targets\Microsoft.NET.Sdk.targets(784,5): message :       ResolveKeySource;
       C:\Program Files\dotnet\sdk\9.0.304\Sdks\Microsoft.NET.Sdk\targets\Microsoft.NET.Sdk.targets(784,5): message :       SetWin32ManifestProperties;
       C:\Program Files\dotnet\sdk\9.0.304\Sdks\Microsoft.NET.Sdk\targets\Microsoft.NET.Sdk.targets(784,5): message :       _SetPreferNativeArm64Win32ManifestProperties;
       C:\Program Files\dotnet\sdk\9.0.304\Sdks\Microsoft.NET.Sdk\targets\Microsoft.NET.Sdk.targets(784,5): message :       FindReferenceAssembliesForReferences;
       C:\Program Files\dotnet\sdk\9.0.304\Sdks\Microsoft.NET.Sdk\targets\Microsoft.NET.Sdk.targets(784,5): message :       _GenerateCompileInputs;
       C:\Program Files\dotnet\sdk\9.0.304\Sdks\Microsoft.NET.Sdk\targets\Microsoft.NET.Sdk.targets(784,5): message :       BeforeCompile;
       C:\Program Files\dotnet\sdk\9.0.304\Sdks\Microsoft.NET.Sdk\targets\Microsoft.NET.Sdk.targets(784,5): message :       _TimeStampBeforeCompile;
       C:\Program Files\dotnet\sdk\9.0.304\Sdks\Microsoft.NET.Sdk\targets\Microsoft.NET.Sdk.targets(784,5): message :       _GenerateCompileDependencyCache;
       C:\Program Files\dotnet\sdk\9.0.304\Sdks\Microsoft.NET.Sdk\targets\Microsoft.NET.Sdk.targets(784,5): message :       CoreCompile;
       C:\Program Files\dotnet\sdk\9.0.304\Sdks\Microsoft.NET.Sdk\targets\Microsoft.NET.Sdk.targets(784,5): message :       _TimeStampAfterCompile;
       C:\Program Files\dotnet\sdk\9.0.304\Sdks\Microsoft.NET.Sdk\targets\Microsoft.NET.Sdk.targets(784,5): message :       AfterCompile;
       C:\Program Files\dotnet\sdk\9.0.304\Sdks\Microsoft.NET.Sdk\targets\Microsoft.NET.Sdk.targets(784,5): message :     ") at C:\Program Files\dotnet\sdk\9.0.304\Sdks\Microsoft.NET.Sdk\targets\Microsoft.NET.Sdk.targets (784,5)
       C:\Program Files\dotnet\sdk\9.0.304\Sdks\Microsoft.NET.Sdk\targets\Microsoft.NET.Sdk.targets(1184,5): message : Property reassignment: $(CreateSatelliteAssembliesDependsOn)="
       C:\Program Files\dotnet\sdk\9.0.304\Sdks\Microsoft.NET.Sdk\targets\Microsoft.NET.Sdk.targets(1184,5): message :       
       C:\Program Files\dotnet\sdk\9.0.304\Sdks\Microsoft.NET.Sdk\targets\Microsoft.NET.Sdk.targets(1184,5): message :       ;
       C:\Program Files\dotnet\sdk\9.0.304\Sdks\Microsoft.NET.Sdk\targets\Microsoft.NET.Sdk.targets(1184,5): message :       _GenerateSatelliteAssemblyInputs;
       C:\Program Files\dotnet\sdk\9.0.304\Sdks\Microsoft.NET.Sdk\targets\Microsoft.NET.Sdk.targets(1184,5): message :       ComputeIntermediateSatelliteAssemblies;
       C:\Program Files\dotnet\sdk\9.0.304\Sdks\Microsoft.NET.Sdk\targets\Microsoft.NET.Sdk.targets(1184,5): message :       GenerateSatelliteAssemblies
       C:\Program Files\dotnet\sdk\9.0.304\Sdks\Microsoft.NET.Sdk\targets\Microsoft.NET.Sdk.targets(1184,5): message :     ;
       C:\Program Files\dotnet\sdk\9.0.304\Sdks\Microsoft.NET.Sdk\targets\Microsoft.NET.Sdk.targets(1184,5): message :       CoreGenerateSatelliteAssemblies
       C:\Program Files\dotnet\sdk\9.0.304\Sdks\Microsoft.NET.Sdk\targets\Microsoft.NET.Sdk.targets(1184,5): message :     " (previous value: "
       C:\Program Files\dotnet\sdk\9.0.304\Sdks\Microsoft.NET.Sdk\targets\Microsoft.NET.Sdk.targets(1184,5): message :       ;
       C:\Program Files\dotnet\sdk\9.0.304\Sdks\Microsoft.NET.Sdk\targets\Microsoft.NET.Sdk.targets(1184,5): message :       _GenerateSatelliteAssemblyInputs;
       C:\Program Files\dotnet\sdk\9.0.304\Sdks\Microsoft.NET.Sdk\targets\Microsoft.NET.Sdk.targets(1184,5): message :       ComputeIntermediateSatelliteAssemblies;
       C:\Program Files\dotnet\sdk\9.0.304\Sdks\Microsoft.NET.Sdk\targets\Microsoft.NET.Sdk.targets(1184,5): message :       GenerateSatelliteAssemblies
       C:\Program Files\dotnet\sdk\9.0.304\Sdks\Microsoft.NET.Sdk\targets\Microsoft.NET.Sdk.targets(1184,5): message :     ") at C:\Program Files\dotnet\sdk\9.0.304\Sdks\Microsoft.NET.Sdk\targets\Microsoft.NET.Sdk.targets (1184,5)
       C:\Program Files\dotnet\sdk\9.0.304\Sdks\Microsoft.SourceLink.GitLab\build\Microsoft.SourceLink.GitLab.targets(12,5): message : Property reassignment: $(SourceLinkUrlInitializerTargets)=";_InitializeGitHubSourceLinkUrl;_InitializeGitLabSourceLinkUrl" (previous value: ";_InitializeGitHubSourceLinkUrl") at C:\Program Files\dotnet\sdk\9.0.304\Sdks\Microsoft.SourceLink.GitLab\build\Microsoft.SourceLink.GitLab.targets (12,5)
       C:\Program Files\dotnet\sdk\9.0.304\Sdks\Microsoft.SourceLink.GitLab\build\Microsoft.SourceLink.GitLab.targets(13,5): message : Property reassignment: $(SourceControlManagerUrlTranslationTargets)=";TranslateGitHubUrlsInSourceControlInformation;TranslateGitLabUrlsInSourceControlInformation" (previous value: ";TranslateGitHubUrlsInSourceControlInformation") at C:\Program Files\dotnet\sdk\9.0.304\Sdks\Microsoft.SourceLink.GitLab\build\Microsoft.SourceLink.GitLab.targets (13,5)
       C:\Program Files\dotnet\sdk\9.0.304\Sdks\Microsoft.SourceLink.AzureRepos.Git\build\Microsoft.SourceLink.AzureRepos.Git.targets(12,5): message : Property reassignment: $(SourceLinkUrlInitializerTargets)=";_InitializeGitHubSourceLinkUrl;_InitializeGitLabSourceLinkUrl;_InitializeAzureReposGitSourceLinkUrl" (previous value: ";_InitializeGitHubSourceLinkUrl;_InitializeGitLabSourceLinkUrl") at C:\Program Files\dotnet\sdk\9.0.304\Sdks\Microsoft.SourceLink.AzureRepos.Git\build\Microsoft.SourceLink.AzureRepos.Git.targets (12,5)
       C:\Program Files\dotnet\sdk\9.0.304\Sdks\Microsoft.SourceLink.AzureRepos.Git\build\Microsoft.SourceLink.AzureRepos.Git.targets(13,5): message : Property reassignment: $(SourceControlManagerUrlTranslationTargets)=";TranslateGitHubUrlsInSourceControlInformation;TranslateGitLabUrlsInSourceControlInformation;TranslateAzureReposGitUrlsInSourceControlInformation" (previous value: ";TranslateGitHubUrlsInSourceControlInformation;TranslateGitLabUrlsInSourceControlInformation") at C:\Program Files\dotnet\sdk\9.0.304\Sdks\Microsoft.SourceLink.AzureRepos.Git\build\Microsoft.SourceLink.AzureRepos.Git.targets (13,5)
       C:\Program Files\dotnet\sdk\9.0.304\Sdks\Microsoft.SourceLink.Bitbucket.Git\build\Microsoft.SourceLink.Bitbucket.Git.targets(12,5): message : Property reassignment: $(SourceLinkUrlInitializerTargets)=";_InitializeGitHubSourceLinkUrl;_InitializeGitLabSourceLinkUrl;_InitializeAzureReposGitSourceLinkUrl;_InitializeBitbucketGitSourceLinkUrl" (previous value: ";_InitializeGitHubSourceLinkUrl;_InitializeGitLabSourceLinkUrl;_InitializeAzureReposGitSourceLinkUrl") at C:\Program Files\dotnet\sdk\9.0.304\Sdks\Microsoft.SourceLink.Bitbucket.Git\build\Microsoft.SourceLink.Bitbucket.Git.targets (12,5)
       C:\Program Files\dotnet\sdk\9.0.304\Sdks\Microsoft.SourceLink.Bitbucket.Git\build\Microsoft.SourceLink.Bitbucket.Git.targets(13,5): message : Property reassignment: $(SourceControlManagerUrlTranslationTargets)=";TranslateGitHubUrlsInSourceControlInformation;TranslateGitLabUrlsInSourceControlInformation;TranslateAzureReposGitUrlsInSourceControlInformation;TranslateBitbucketGitUrlsInSourceControlInformation" (previous value: ";TranslateGitHubUrlsInSourceControlInformation;TranslateGitLabUrlsInSourceControlInformation;TranslateAzureReposGitUrlsInSourceControlInformation") at C:\Program Files\dotnet\sdk\9.0.304\Sdks\Microsoft.SourceLink.Bitbucket.Git\build\Microsoft.SourceLink.Bitbucket.Git.targets (13,5)
       C:\Program Files\dotnet\sdk\9.0.304\Sdks\Microsoft.NET.Sdk\targets\Microsoft.NET.DesignerSupport.targets(21,5): message : Property reassignment: $(DesignerRuntimeImplementationProjectOutputGroupDependsOn)="
       C:\Program Files\dotnet\sdk\9.0.304\Sdks\Microsoft.NET.Sdk\targets\Microsoft.NET.DesignerSupport.targets(21,5): message :       
       C:\Program Files\dotnet\sdk\9.0.304\Sdks\Microsoft.NET.Sdk\targets\Microsoft.NET.DesignerSupport.targets(21,5): message :       ;
       C:\Program Files\dotnet\sdk\9.0.304\Sdks\Microsoft.NET.Sdk\targets\Microsoft.NET.DesignerSupport.targets(21,5): message :       
       C:\Program Files\dotnet\sdk\9.0.304\Sdks\Microsoft.NET.Sdk\targets\Microsoft.NET.DesignerSupport.targets(21,5): message :       ;
       C:\Program Files\dotnet\sdk\9.0.304\Sdks\Microsoft.NET.Sdk\targets\Microsoft.NET.DesignerSupport.targets(21,5): message :       BuildOnlySettings;
       C:\Program Files\dotnet\sdk\9.0.304\Sdks\Microsoft.NET.Sdk\targets\Microsoft.NET.DesignerSupport.targets(21,5): message :       PrepareForBuild;
       C:\Program Files\dotnet\sdk\9.0.304\Sdks\Microsoft.NET.Sdk\targets\Microsoft.NET.DesignerSupport.targets(21,5): message :       AssignTargetPaths;
       C:\Program Files\dotnet\sdk\9.0.304\Sdks\Microsoft.NET.Sdk\targets\Microsoft.NET.DesignerSupport.targets(21,5): message :       ResolveReferences
       C:\Program Files\dotnet\sdk\9.0.304\Sdks\Microsoft.NET.Sdk\targets\Microsoft.NET.DesignerSupport.targets(21,5): message :     
       C:\Program Files\dotnet\sdk\9.0.304\Sdks\Microsoft.NET.Sdk\targets\Microsoft.NET.DesignerSupport.targets(21,5): message :     ;
       C:\Program Files\dotnet\sdk\9.0.304\Sdks\Microsoft.NET.Sdk\targets\Microsoft.NET.DesignerSupport.targets(21,5): message :       _GenerateDesignerDepsFile;
       C:\Program Files\dotnet\sdk\9.0.304\Sdks\Microsoft.NET.Sdk\targets\Microsoft.NET.DesignerSupport.targets(21,5): message :       _GenerateDesignerRuntimeConfigFile;
       C:\Program Files\dotnet\sdk\9.0.304\Sdks\Microsoft.NET.Sdk\targets\Microsoft.NET.DesignerSupport.targets(21,5): message :       GetCopyToOutputDirectoryItems;
       C:\Program Files\dotnet\sdk\9.0.304\Sdks\Microsoft.NET.Sdk\targets\Microsoft.NET.DesignerSupport.targets(21,5): message :       _GatherDesignerShadowCopyFiles;
       C:\Program Files\dotnet\sdk\9.0.304\Sdks\Microsoft.NET.Sdk\targets\Microsoft.NET.DesignerSupport.targets(21,5): message :     " (previous value: "
       C:\Program Files\dotnet\sdk\9.0.304\Sdks\Microsoft.NET.Sdk\targets\Microsoft.NET.DesignerSupport.targets(21,5): message :       ;
       C:\Program Files\dotnet\sdk\9.0.304\Sdks\Microsoft.NET.Sdk\targets\Microsoft.NET.DesignerSupport.targets(21,5): message :       
       C:\Program Files\dotnet\sdk\9.0.304\Sdks\Microsoft.NET.Sdk\targets\Microsoft.NET.DesignerSupport.targets(21,5): message :       ;
       C:\Program Files\dotnet\sdk\9.0.304\Sdks\Microsoft.NET.Sdk\targets\Microsoft.NET.DesignerSupport.targets(21,5): message :       BuildOnlySettings;
       C:\Program Files\dotnet\sdk\9.0.304\Sdks\Microsoft.NET.Sdk\targets\Microsoft.NET.DesignerSupport.targets(21,5): message :       PrepareForBuild;
       C:\Program Files\dotnet\sdk\9.0.304\Sdks\Microsoft.NET.Sdk\targets\Microsoft.NET.DesignerSupport.targets(21,5): message :       AssignTargetPaths;
       C:\Program Files\dotnet\sdk\9.0.304\Sdks\Microsoft.NET.Sdk\targets\Microsoft.NET.DesignerSupport.targets(21,5): message :       ResolveReferences
       C:\Program Files\dotnet\sdk\9.0.304\Sdks\Microsoft.NET.Sdk\targets\Microsoft.NET.DesignerSupport.targets(21,5): message :     
       C:\Program Files\dotnet\sdk\9.0.304\Sdks\Microsoft.NET.Sdk\targets\Microsoft.NET.DesignerSupport.targets(21,5): message :     ") at C:\Program Files\dotnet\sdk\9.0.304\Sdks\Microsoft.NET.Sdk\targets\Microsoft.NET.DesignerSupport.targets (21,5)
       C:\Program Files\dotnet\sdk\9.0.304\Sdks\Microsoft.NET.Sdk\targets\Microsoft.NET.PackTool.targets(68,5): message : Property reassignment: $(_GenerateToolsSettingsFileCacheFile)="c:\AI\7agent2\mod\mnetSevenDaysBridge\src\obj\Release\net48\mnetSevenDaysBridge.toolssettingsinput.cache" (previous value: "obj\Release\net48\mnetSevenDaysBridge.toolssettingsinput.cache") at C:\Program Files\dotnet\sdk\9.0.304\Sdks\Microsoft.NET.Sdk\targets\Microsoft.NET.PackTool.targets (68,5)
       C:\Program Files\dotnet\sdk\9.0.304\Sdks\Microsoft.NET.Sdk\targets\Microsoft.NET.PackTool.targets(137,5): message : Property reassignment: $(_ShimInputCacheFile)="c:\AI\7agent2\mod\mnetSevenDaysBridge\src\obj\Release\net48\mnetSevenDaysBridge.shiminput.cache" (previous value: "obj\Release\net48\mnetSevenDaysBridge.shiminput.cache") at C:\Program Files\dotnet\sdk\9.0.304\Sdks\Microsoft.NET.Sdk\targets\Microsoft.NET.PackTool.targets (137,5)
       C:\Program Files\dotnet\sdk\9.0.304\Sdks\Microsoft.NET.Sdk\targets\Microsoft.NET.PackTool.targets(139,5): message : Property reassignment: $(_ShimCreatedSentinelFile)="c:\AI\7agent2\mod\mnetSevenDaysBridge\src\obj\Release\net48\mnetSevenDaysBridge.shimcreated.sentinel" (previous value: "obj\Release\net48\mnetSevenDaysBridge.shimcreated.sentinel") at C:\Program Files\dotnet\sdk\9.0.304\Sdks\Microsoft.NET.Sdk\targets\Microsoft.NET.PackTool.targets (139,5)
       C:\Program Files\dotnet\sdk\9.0.304\Sdks\Microsoft.NET.Sdk\targets\Microsoft.NET.Sdk.CSharp.targets(31,5): message : Property reassignment: $(DefineConstants)="TRACE;RELEASE" (previous value: "TRACE") at C:\Program Files\dotnet\sdk\9.0.304\Sdks\Microsoft.NET.Sdk\targets\Microsoft.NET.Sdk.CSharp.targets (31,5)
       C:\Program Files\dotnet\sdk\9.0.304\Sdks\Microsoft.NET.Sdk\targets\Microsoft.NET.Sdk.CSharp.targets(34,5): message : Property reassignment: $(DefineConstants)="TRACE;RELEASE;NETFRAMEWORK;NET48;" (previous value: "TRACE;RELEASE") at C:\Program Files\dotnet\sdk\9.0.304\Sdks\Microsoft.NET.Sdk\targets\Microsoft.NET.Sdk.CSharp.targets (34,5)
       C:\Program Files\dotnet\sdk\9.0.304\Sdks\Microsoft.NET.Sdk\targets\Microsoft.NET.Windows.targets(44,5): message : Property reassignment: $(SupportedOSPlatformVersion)="7.0" (previous value: "") at C:\Program Files\dotnet\sdk\9.0.304\Sdks\Microsoft.NET.Sdk\targets\Microsoft.NET.Windows.targets (44,5)
       C:\Program Files\dotnet\sdk\9.0.304\Sdks\Microsoft.NET.Sdk\targets\Microsoft.NET.Windows.targets(45,5): message : Property reassignment: $(TargetPlatformMinVersion)="7.0" (previous value: "") at C:\Program Files\dotnet\sdk\9.0.304\Sdks\Microsoft.NET.Sdk\targets\Microsoft.NET.Windows.targets (45,5)
       C:\Program Files\dotnet\sdk\9.0.304\Sdks\NuGet.Build.Tasks.Pack\build\NuGet.Build.Tasks.Pack.targets(34,5): message : Property reassignment: $(PackageDescription)="Package Description" (previous value: "") at C:\Program Files\dotnet\sdk\9.0.304\Sdks\NuGet.Build.Tasks.Pack\build\NuGet.Build.Tasks.Pack.targets (34,5)
       C:\Program Files\dotnet\sdk\9.0.304\Sdks\NuGet.Build.Tasks.Pack\build\NuGet.Build.Tasks.Pack.targets(59,5): message : Property reassignment: $(GenerateNuspecDependsOn)="Build;_LoadPackInputItems; _GetTargetFrameworksOutput; _WalkEachTargetPerFramework; _GetPackageFiles; " (previous value: "_LoadPackInputItems; _GetTargetFrameworksOutput; _WalkEachTargetPerFramework; _GetPackageFiles; ") at C:\Program Files\dotnet\sdk\9.0.304\Sdks\NuGet.Build.Tasks.Pack\build\NuGet.Build.Tasks.Pack.targets (59,5)
       C:\Program Files\dotnet\sdk\9.0.304\Sdks\Microsoft.NET.Sdk\Sdk\Sdk.targets(60,5): message : Property reassignment: $(_IsNotSetContainersTargetsDir)="true" (previous value: "false") at C:\Program Files\dotnet\sdk\9.0.304\Sdks\Microsoft.NET.Sdk\Sdk\Sdk.targets (60,5)
       C:\Program Files\dotnet\sdk\9.0.304\Containers\build\Microsoft.NET.Build.Containers.targets(5,5): message : Property reassignment: $(_IsSDKContainerAllowedVersion)="true" (previous value: "false") at C:\Program Files\dotnet\sdk\9.0.304\Containers\build\Microsoft.NET.Build.Containers.targets (5,5)
       Overriding target "GetFrameworkPaths" in project "C:\Program Files\dotnet\sdk\9.0.304\Microsoft.Common.CurrentVersion.targets" with target "GetFrameworkPaths" from project "C:\Program Files\dotnet\sdk\9.0.304\Microsoft.NETFramework.CurrentVersion.targets".
       Overriding target "ResolveFrameworkReferences" in project "C:\Program Files\dotnet\sdk\9.0.304\Microsoft.Common.CurrentVersion.targets" with target "ResolveFrameworkReferences" from project "C:\Program Files\dotnet\sdk\9.0.304\Sdks\Microsoft.NET.Sdk\targets\Microsoft.NET.Sdk.FrameworkReferenceResolution.targets".
       Overriding target "Run" in project "C:\Program Files\dotnet\sdk\9.0.304\Microsoft.Common.CurrentVersion.targets" with target "Run" from project "C:\Program Files\dotnet\sdk\9.0.304\Sdks\Microsoft.NET.Sdk\targets\Microsoft.NET.Sdk.targets".
       Overriding target "GenerateSupportedTargetFrameworkAlias" in project "C:\Program Files\dotnet\sdk\9.0.304\Microsoft.Common.CurrentVersion.targets" with target "GenerateSupportedTargetFrameworkAlias" from project "C:\Program Files\dotnet\sdk\9.0.304\Sdks\Microsoft.NET.Sdk\targets\Microsoft.NET.Sdk.targets".
       Overriding target "DesignerRuntimeImplementationProjectOutputGroup" in project "C:\Program Files\dotnet\sdk\9.0.304\Microsoft.Common.CurrentVersion.targets" with target "DesignerRuntimeImplementationProjectOutputGroup" from project "C:\Program Files\dotnet\sdk\9.0.304\Sdks\Microsoft.NET.Sdk\targets\Microsoft.NET.DesignerSupport.targets".
       Overriding target "Publish" in project "C:\Program Files\dotnet\sdk\9.0.304\Microsoft.Common.CurrentVersion.targets" with target "Publish" from project "C:\Program Files\dotnet\sdk\9.0.304\Sdks\Microsoft.NET.Sdk\targets\Microsoft.NET.Publish.targets".
       Overriding target "ResolveReadyToRunCompilers" in project "C:\Program Files\dotnet\sdk\9.0.304\Sdks\Microsoft.NET.Sdk\targets\Microsoft.NET.CrossGen.targets" with target "ResolveReadyToRunCompilers" from project "C:\Program Files\dotnet\sdk\9.0.304\Sdks\Microsoft.NET.Sdk\targets\Microsoft.NET.Publish.targets".
       Overriding target "GetCopyToPublishDirectoryItems" in project "C:\Program Files\dotnet\sdk\9.0.304\Microsoft.Common.CurrentVersion.targets" with target "GetCopyToPublishDirectoryItems" from project "C:\Program Files\dotnet\sdk\9.0.304\Sdks\Microsoft.NET.Sdk\targets\Microsoft.NET.Publish.targets".
     1>Project "c:\AI\7agent2\mod\mnetSevenDaysBridge\src\mnetSevenDaysBridge.csproj" on node 1 (Restore target(s)).
     1>Target "_LoadRestoreGraphEntryPoints" in file "C:\Program Files\dotnet\sdk\9.0.304\NuGet.targets" from project "c:\AI\7agent2\mod\mnetSevenDaysBridge\src\mnetSevenDaysBridge.csproj" (target "_FilterRestoreGraphProjectInputItems" depends on it):
     1>Task "GetRestoreSolutionProjectsTask" skipped, due to false condition; ( $(MSBuildProjectFullPath.EndsWith('.metaproj')) == 'true' AND @(RestoreGraphProjectInputItems) == '' ) was evaluated as ( False == 'true' AND c:\AI\7agent2\mod\mnetSevenDaysBridge\src\mnetSevenDaysBridge.csproj == '' ).
     1>Done building target "_LoadRestoreGraphEntryPoints" in project "mnetSevenDaysBridge.csproj".
     1>Target "_FilterRestoreGraphProjectInputItems" in file "C:\Program Files\dotnet\sdk\9.0.304\NuGet.targets" from project "c:\AI\7agent2\mod\mnetSevenDaysBridge\src\mnetSevenDaysBridge.csproj" (target "_GenerateRestoreGraph" depends on it):
       Using "RemoveDuplicates" task from assembly "Microsoft.Build.Tasks.Core, Version=15.1.0.0, Culture=neutral, PublicKeyToken=b03f5f7f11d50a3a".
       Task "RemoveDuplicates"
       Done executing task "RemoveDuplicates".
       Using "MSBuild" task from assembly "Microsoft.Build.Tasks.Core, Version=15.1.0.0, Culture=neutral, PublicKeyToken=b03f5f7f11d50a3a".
       Task "MSBuild"
         Global Properties:
           ExcludeRestorePackageImports=true
     0>C:\Program Files\dotnet\sdk\9.0.304\Sdks\Microsoft.NET.Sdk\Sdk\Sdk.props(49,11): message : Property 'MSBuildExtensionsPath' with value 'C:\Program Files\dotnet\sdk\9.0.304\' expanded from the environment.
       C:\Program Files\dotnet\sdk\9.0.304\Current\Microsoft.Common.props(60,5): message : Property reassignment: $(MSBuildProjectExtensionsPath)="c:\AI\7agent2\mod\mnetSevenDaysBridge\src\obj\" (previous value: "obj\") at C:\Program Files\dotnet\sdk\9.0.304\Current\Microsoft.Common.props (60,5)
       C:\Program Files\dotnet\sdk\9.0.304\Current\Microsoft.Common.props(84,119): message : Property 'MSBuildUserExtensionsPath' with value 'C:\Users\tetsuomorisaki\AppData\Local\Microsoft\MSBuild' expanded from the environment.
       The "Configuration" property is a global property, and cannot be modified.
       The "Configuration" property is a global property, and cannot be modified.
       C:\Program Files\dotnet\sdk\9.0.304\Sdks\Microsoft.NET.Sdk\targets\Microsoft.NET.Sdk.props(90,5): message : Property reassignment: $(AssemblySearchPaths)="{CandidateAssemblyFiles};{HintPathFromItem}" (previous value: "{CandidateAssemblyFiles}") at C:\Program Files\dotnet\sdk\9.0.304\Sdks\Microsoft.NET.Sdk\targets\Microsoft.NET.Sdk.props (90,5)
       C:\Program Files\dotnet\sdk\9.0.304\Sdks\Microsoft.NET.Sdk\targets\Microsoft.NET.Sdk.props(91,5): message : Property reassignment: $(AssemblySearchPaths)="{CandidateAssemblyFiles};{HintPathFromItem};{TargetFrameworkDirectory}" (previous value: "{CandidateAssemblyFiles};{HintPathFromItem}") at C:\Program Files\dotnet\sdk\9.0.304\Sdks\Microsoft.NET.Sdk\targets\Microsoft.NET.Sdk.props (91,5)
       C:\Program Files\dotnet\sdk\9.0.304\Sdks\Microsoft.NET.Sdk\targets\Microsoft.NET.Sdk.props(92,5): message : Property reassignment: $(AssemblySearchPaths)="{CandidateAssemblyFiles};{HintPathFromItem};{TargetFrameworkDirectory};{RawFileName}" (previous value: "{CandidateAssemblyFiles};{HintPathFromItem};{TargetFrameworkDirectory}") at C:\Program Files\dotnet\sdk\9.0.304\Sdks\Microsoft.NET.Sdk\targets\Microsoft.NET.Sdk.props (92,5)
       C:\Program Files\dotnet\sdk\9.0.304\Sdks\Microsoft.NET.Sdk\targets\Microsoft.NET.PackProjectTool.props(15,5): message : Property reassignment: $(TargetsForTfmSpecificContentInPackage)=";PackTool;_PackProjectToolValidation" (previous value: ";PackTool") at C:\Program Files\dotnet\sdk\9.0.304\Sdks\Microsoft.NET.Sdk\targets\Microsoft.NET.PackProjectTool.props (15,5)
       The "SevenDaysManagedDir" property is a global property, and cannot be modified.
       The "Configuration" property is a global property, and cannot be modified.
       C:\Program Files\dotnet\sdk\9.0.304\Sdks\Microsoft.NET.Sdk\targets\Microsoft.NET.Sdk.ImportPublishProfile.targets(28,5): message : Property reassignment: $(PublishProfileImported)="false" (previous value: "true") at C:\Program Files\dotnet\sdk\9.0.304\Sdks\Microsoft.NET.Sdk\targets\Microsoft.NET.Sdk.ImportPublishProfile.targets (28,5)
       C:\Program Files\dotnet\sdk\9.0.304\Sdks\Microsoft.NET.Sdk\targets\Microsoft.NET.TargetFrameworkInference.targets(69,5): message : Property reassignment: $(TargetPlatformVersion)="" (previous value: "0.0") at C:\Program Files\dotnet\sdk\9.0.304\Sdks\Microsoft.NET.Sdk\targets\Microsoft.NET.TargetFrameworkInference.targets (69,5)
       C:\Program Files\dotnet\sdk\9.0.304\Sdks\Microsoft.NET.Sdk\targets\Microsoft.NET.DefaultOutputPaths.targets(122,5): message : Property reassignment: $(DefaultItemExcludes)=";..\build\bin\/**;obj\Release\/**" (previous value: ";..\build\bin\/**") at C:\Program Files\dotnet\sdk\9.0.304\Sdks\Microsoft.NET.Sdk\targets\Microsoft.NET.DefaultOutputPaths.targets (122,5)
       C:\Program Files\dotnet\sdk\9.0.304\Sdks\Microsoft.NET.Sdk\targets\Microsoft.NET.DefaultOutputPaths.targets(137,5): message : Property reassignment: $(OutputPath)="..\build\bin\net48\" (previous value: "..\build\bin\") at C:\Program Files\dotnet\sdk\9.0.304\Sdks\Microsoft.NET.Sdk\targets\Microsoft.NET.DefaultOutputPaths.targets (137,5)
       C:\Program Files\dotnet\sdk\9.0.304\Sdks\Microsoft.NET.Sdk\targets\Microsoft.NET.DefaultOutputPaths.targets(142,5): message : Property reassignment: $(IntermediateOutputPath)="obj\Release\net48\" (previous value: "obj\Release\") at C:\Program Files\dotnet\sdk\9.0.304\Sdks\Microsoft.NET.Sdk\targets\Microsoft.NET.DefaultOutputPaths.targets (142,5)
       C:\Program Files\dotnet\sdk\9.0.304\Sdks\Microsoft.NET.Sdk\targets\Microsoft.NET.Sdk.BeforeCommon.targets(189,5): message : Property reassignment: $(_FrameworkIdentifierForImplicitDefine)="NET" (previous value: "NETFRAMEWORK") at C:\Program Files\dotnet\sdk\9.0.304\Sdks\Microsoft.NET.Sdk\targets\Microsoft.NET.Sdk.BeforeCommon.targets (189,5)
       C:\Program Files\dotnet\sdk\9.0.304\Sdks\Microsoft.NET.Sdk\targets\Microsoft.NET.Sdk.BeforeCommon.targets(192,5): message : Property reassignment: $(_FrameworkVersionForImplicitDefine)="4_8" (previous value: "4.8") at C:\Program Files\dotnet\sdk\9.0.304\Sdks\Microsoft.NET.Sdk\targets\Microsoft.NET.Sdk.BeforeCommon.targets (192,5)
       C:\Program Files\dotnet\sdk\9.0.304\Sdks\Microsoft.NET.Sdk\targets\Microsoft.NET.Sdk.BeforeCommon.targets(193,5): message : Property reassignment: $(_FrameworkVersionForImplicitDefine)="48" (previous value: "4_8") at C:\Program Files\dotnet\sdk\9.0.304\Sdks\Microsoft.NET.Sdk\targets\Microsoft.NET.Sdk.BeforeCommon.targets (193,5)
       C:\Program Files\dotnet\sdk\9.0.304\Roslyn\Microsoft.CSharp.Core.targets(200,5): message : Property reassignment: $(CommandLineArgsForDesignTimeEvaluation)="-langversion:latest -define:TRACE" (previous value: "-langversion:latest") at C:\Program Files\dotnet\sdk\9.0.304\Roslyn\Microsoft.CSharp.Core.targets (200,5)
       C:\Program Files\dotnet\sdk\9.0.304\Microsoft.NETFramework.CurrentVersion.props(117,5): message : Property reassignment: $(AvailablePlatforms)="Any CPU,x86,x64,ARM64" (previous value: "Any CPU,x86,x64") at C:\Program Files\dotnet\sdk\9.0.304\Microsoft.NETFramework.CurrentVersion.props (117,5)
       C:\Program Files\dotnet\sdk\9.0.304\Microsoft.Common.CurrentVersion.targets(89,5): message : Property reassignment: $(TargetPlatformIdentifier)="Windows" (previous value: "") at C:\Program Files\dotnet\sdk\9.0.304\Microsoft.Common.CurrentVersion.targets (89,5)
       C:\Program Files\dotnet\sdk\9.0.304\Microsoft.Common.CurrentVersion.targets(90,5): message : Property reassignment: $(TargetPlatformVersion)="7.0" (previous value: "") at C:\Program Files\dotnet\sdk\9.0.304\Microsoft.Common.CurrentVersion.targets (90,5)
       The "Configuration" property is a global property, and cannot be modified.
       C:\Program Files\dotnet\sdk\9.0.304\Microsoft.Common.CurrentVersion.targets(179,5): message : Property reassignment: $(_DebugSymbolsProduced)="true" (previous value: "false") at C:\Program Files\dotnet\sdk\9.0.304\Microsoft.Common.CurrentVersion.targets (179,5)
       C:\Program Files\dotnet\sdk\9.0.304\Microsoft.Common.CurrentVersion.targets(185,5): message : Property reassignment: $(_DocumentationFileProduced)="false" (previous value: "true") at C:\Program Files\dotnet\sdk\9.0.304\Microsoft.Common.CurrentVersion.targets (185,5)
       C:\Program Files\dotnet\sdk\9.0.304\Microsoft.Common.CurrentVersion.targets(392,5): message : Property reassignment: $(MSBuildCopyMarkerName)="mnetSeve.12590B5E" (previous value: "mnetSevenDaysBridge.csproj") at C:\Program Files\dotnet\sdk\9.0.304\Microsoft.Common.CurrentVersion.targets (392,5)
       C:\Program Files\dotnet\sdk\9.0.304\Microsoft.Common.CurrentVersion.targets(393,5): message : Property reassignment: $(MSBuildCopyMarkerName)="mnetSeve.12590B5E.Up2Date" (previous value: "mnetSeve.12590B5E") at C:\Program Files\dotnet\sdk\9.0.304\Microsoft.Common.CurrentVersion.targets (393,5)
       C:\Program Files\dotnet\sdk\9.0.304\Microsoft.Common.CurrentVersion.targets(541,5): message : Property reassignment: $(ProcessorArchitecture)="msil" (previous value: "") at C:\Program Files\dotnet\sdk\9.0.304\Microsoft.Common.CurrentVersion.targets (541,5)
       C:\Program Files\dotnet\sdk\9.0.304\Microsoft.Common.CurrentVersion.targets(580,5): message : Property reassignment: $(DelaySign)="" (previous value: "false") at C:\Program Files\dotnet\sdk\9.0.304\Microsoft.Common.CurrentVersion.targets (580,5)
       C:\Program Files\dotnet\sdk\9.0.304\Microsoft.Common.CurrentVersion.targets(2619,5): message : Property 'LOCALAPPDATA' with value 'C:\Users\tetsuomorisaki\AppData\Local' expanded from the environment.
       C:\Program Files\dotnet\sdk\9.0.304\Microsoft.Common.CurrentVersion.targets(3947,5): message : Property reassignment: $(_SGenGenerateSerializationAssembliesConfig)="Auto" (previous value: "") at C:\Program Files\dotnet\sdk\9.0.304\Microsoft.Common.CurrentVersion.targets (3947,5)
       C:\Program Files\dotnet\sdk\9.0.304\Microsoft.Common.CurrentVersion.targets(5159,5): message : Property reassignment: $(_TargetsThatPrepareProjectReferences)="
       C:\Program Files\dotnet\sdk\9.0.304\Microsoft.Common.CurrentVersion.targets(5159,5): message :       AssignProjectConfiguration;
       C:\Program Files\dotnet\sdk\9.0.304\Microsoft.Common.CurrentVersion.targets(5159,5): message :       _SplitProjectReferencesByFileExistence
       C:\Program Files\dotnet\sdk\9.0.304\Microsoft.Common.CurrentVersion.targets(5159,5): message :     " (previous value: "_SplitProjectReferencesByFileExistence") at C:\Program Files\dotnet\sdk\9.0.304\Microsoft.Common.CurrentVersion.targets (5159,5)
       C:\Program Files\dotnet\sdk\9.0.304\Microsoft.Common.CurrentVersion.targets(6954,5): message : Property 'MSBuildExtensionsPath32' with value 'C:\Program Files\dotnet\sdk\9.0.304' expanded from the environment.
       C:\Program Files\dotnet\sdk\9.0.304\Microsoft.NETFramework.CurrentVersion.targets(74,5): message : Property reassignment: $(ResolveReferencesDependsOn)="
       C:\Program Files\dotnet\sdk\9.0.304\Microsoft.NETFramework.CurrentVersion.targets(74,5): message :       
       C:\Program Files\dotnet\sdk\9.0.304\Microsoft.NETFramework.CurrentVersion.targets(74,5): message :       BeforeResolveReferences;
       C:\Program Files\dotnet\sdk\9.0.304\Microsoft.NETFramework.CurrentVersion.targets(74,5): message :       AssignProjectConfiguration;
       C:\Program Files\dotnet\sdk\9.0.304\Microsoft.NETFramework.CurrentVersion.targets(74,5): message :       ResolveProjectReferences;
       C:\Program Files\dotnet\sdk\9.0.304\Microsoft.NETFramework.CurrentVersion.targets(74,5): message :       FindInvalidProjectReferences;
       C:\Program Files\dotnet\sdk\9.0.304\Microsoft.NETFramework.CurrentVersion.targets(74,5): message :       ResolveNativeReferences;
       C:\Program Files\dotnet\sdk\9.0.304\Microsoft.NETFramework.CurrentVersion.targets(74,5): message :       ResolveAssemblyReferences;
       C:\Program Files\dotnet\sdk\9.0.304\Microsoft.NETFramework.CurrentVersion.targets(74,5): message :       GenerateBindingRedirects;
       C:\Program Files\dotnet\sdk\9.0.304\Microsoft.NETFramework.CurrentVersion.targets(74,5): message :       GenerateBindingRedirectsUpdateAppConfig;
       C:\Program Files\dotnet\sdk\9.0.304\Microsoft.NETFramework.CurrentVersion.targets(74,5): message :       ResolveComReferences;
       C:\Program Files\dotnet\sdk\9.0.304\Microsoft.NETFramework.CurrentVersion.targets(74,5): message :       AfterResolveReferences
       C:\Program Files\dotnet\sdk\9.0.304\Microsoft.NETFramework.CurrentVersion.targets(74,5): message :     ;
       C:\Program Files\dotnet\sdk\9.0.304\Microsoft.NETFramework.CurrentVersion.targets(74,5): message :       ImplicitlyExpandDesignTimeFacades
       C:\Program Files\dotnet\sdk\9.0.304\Microsoft.NETFramework.CurrentVersion.targets(74,5): message :     " (previous value: "
       C:\Program Files\dotnet\sdk\9.0.304\Microsoft.NETFramework.CurrentVersion.targets(74,5): message :       BeforeResolveReferences;
       C:\Program Files\dotnet\sdk\9.0.304\Microsoft.NETFramework.CurrentVersion.targets(74,5): message :       AssignProjectConfiguration;
       C:\Program Files\dotnet\sdk\9.0.304\Microsoft.NETFramework.CurrentVersion.targets(74,5): message :       ResolveProjectReferences;
       C:\Program Files\dotnet\sdk\9.0.304\Microsoft.NETFramework.CurrentVersion.targets(74,5): message :       FindInvalidProjectReferences;
       C:\Program Files\dotnet\sdk\9.0.304\Microsoft.NETFramework.CurrentVersion.targets(74,5): message :       ResolveNativeReferences;
       C:\Program Files\dotnet\sdk\9.0.304\Microsoft.NETFramework.CurrentVersion.targets(74,5): message :       ResolveAssemblyReferences;
       C:\Program Files\dotnet\sdk\9.0.304\Microsoft.NETFramework.CurrentVersion.targets(74,5): message :       GenerateBindingRedirects;
       C:\Program Files\dotnet\sdk\9.0.304\Microsoft.NETFramework.CurrentVersion.targets(74,5): message :       GenerateBindingRedirectsUpdateAppConfig;
       C:\Program Files\dotnet\sdk\9.0.304\Microsoft.NETFramework.CurrentVersion.targets(74,5): message :       ResolveComReferences;
       C:\Program Files\dotnet\sdk\9.0.304\Microsoft.NETFramework.CurrentVersion.targets(74,5): message :       AfterResolveReferences
       C:\Program Files\dotnet\sdk\9.0.304\Microsoft.NETFramework.CurrentVersion.targets(74,5): message :     ") at C:\Program Files\dotnet\sdk\9.0.304\Microsoft.NETFramework.CurrentVersion.targets (74,5)
       C:\Program Files\dotnet\sdk\9.0.304\Sdks\Microsoft.NET.Sdk\targets\Microsoft.PackageDependencyResolution.targets(24,5): message : Property reassignment: $(ProjectAssetsFile)="c:\AI\7agent2\mod\mnetSevenDaysBridge\src\obj\project.assets.json" (previous value: "c:\AI\7agent2\mod\mnetSevenDaysBridge\src\obj\/project.assets.json") at C:\Program Files\dotnet\sdk\9.0.304\Sdks\Microsoft.NET.Sdk\targets\Microsoft.PackageDependencyResolution.targets (24,5)
       C:\Program Files\dotnet\sdk\9.0.304\Sdks\Microsoft.NET.Sdk\targets\Microsoft.PackageDependencyResolution.targets(29,5): message : Property reassignment: $(ProjectAssetsCacheFile)="c:\AI\7agent2\mod\mnetSevenDaysBridge\src\obj\Release\net48\mnetSevenDaysBridge.assets.cache" (previous value: "obj\Release\net48\mnetSevenDaysBridge.assets.cache") at C:\Program Files\dotnet\sdk\9.0.304\Sdks\Microsoft.NET.Sdk\targets\Microsoft.PackageDependencyResolution.targets (29,5)
       C:\Program Files\dotnet\sdk\9.0.304\Sdks\Microsoft.NET.Sdk\targets\Microsoft.PackageDependencyResolution.targets(80,5): message : Property reassignment: $(ResolveAssemblyReferencesDependsOn)="
       C:\Program Files\dotnet\sdk\9.0.304\Sdks\Microsoft.NET.Sdk\targets\Microsoft.PackageDependencyResolution.targets(80,5): message :       
       C:\Program Files\dotnet\sdk\9.0.304\Sdks\Microsoft.NET.Sdk\targets\Microsoft.PackageDependencyResolution.targets(80,5): message :       ResolveProjectReferences;
       C:\Program Files\dotnet\sdk\9.0.304\Sdks\Microsoft.NET.Sdk\targets\Microsoft.PackageDependencyResolution.targets(80,5): message :       FindInvalidProjectReferences;
       C:\Program Files\dotnet\sdk\9.0.304\Sdks\Microsoft.NET.Sdk\targets\Microsoft.PackageDependencyResolution.targets(80,5): message :       GetFrameworkPaths;
       C:\Program Files\dotnet\sdk\9.0.304\Sdks\Microsoft.NET.Sdk\targets\Microsoft.PackageDependencyResolution.targets(80,5): message :       GetReferenceAssemblyPaths;
       C:\Program Files\dotnet\sdk\9.0.304\Sdks\Microsoft.NET.Sdk\targets\Microsoft.PackageDependencyResolution.targets(80,5): message :       PrepareForBuild;
       C:\Program Files\dotnet\sdk\9.0.304\Sdks\Microsoft.NET.Sdk\targets\Microsoft.PackageDependencyResolution.targets(80,5): message :       ResolveSDKReferences;
       C:\Program Files\dotnet\sdk\9.0.304\Sdks\Microsoft.NET.Sdk\targets\Microsoft.PackageDependencyResolution.targets(80,5): message :       ExpandSDKReferences;
       C:\Program Files\dotnet\sdk\9.0.304\Sdks\Microsoft.NET.Sdk\targets\Microsoft.PackageDependencyResolution.targets(80,5): message :     ;
       C:\Program Files\dotnet\sdk\9.0.304\Sdks\Microsoft.NET.Sdk\targets\Microsoft.PackageDependencyResolution.targets(80,5): message :       ResolvePackageDependenciesForBuild;
       C:\Program Files\dotnet\sdk\9.0.304\Sdks\Microsoft.NET.Sdk\targets\Microsoft.PackageDependencyResolution.targets(80,5): message :       _HandlePackageFileConflicts;
       C:\Program Files\dotnet\sdk\9.0.304\Sdks\Microsoft.NET.Sdk\targets\Microsoft.PackageDependencyResolution.targets(80,5): message :     " (previous value: "
       C:\Program Files\dotnet\sdk\9.0.304\Sdks\Microsoft.NET.Sdk\targets\Microsoft.PackageDependencyResolution.targets(80,5): message :       ResolveProjectReferences;
       C:\Program Files\dotnet\sdk\9.0.304\Sdks\Microsoft.NET.Sdk\targets\Microsoft.PackageDependencyResolution.targets(80,5): message :       FindInvalidProjectReferences;
       C:\Program Files\dotnet\sdk\9.0.304\Sdks\Microsoft.NET.Sdk\targets\Microsoft.PackageDependencyResolution.targets(80,5): message :       GetFrameworkPaths;
       C:\Program Files\dotnet\sdk\9.0.304\Sdks\Microsoft.NET.Sdk\targets\Microsoft.PackageDependencyResolution.targets(80,5): message :       GetReferenceAssemblyPaths;
       C:\Program Files\dotnet\sdk\9.0.304\Sdks\Microsoft.NET.Sdk\targets\Microsoft.PackageDependencyResolution.targets(80,5): message :       PrepareForBuild;
       C:\Program Files\dotnet\sdk\9.0.304\Sdks\Microsoft.NET.Sdk\targets\Microsoft.PackageDependencyResolution.targets(80,5): message :       ResolveSDKReferences;
       C:\Program Files\dotnet\sdk\9.0.304\Sdks\Microsoft.NET.Sdk\targets\Microsoft.PackageDependencyResolution.targets(80,5): message :       ExpandSDKReferences;
       C:\Program Files\dotnet\sdk\9.0.304\Sdks\Microsoft.NET.Sdk\targets\Microsoft.PackageDependencyResolution.targets(80,5): message :     ") at C:\Program Files\dotnet\sdk\9.0.304\Sdks\Microsoft.NET.Sdk\targets\Microsoft.PackageDependencyResolution.targets (80,5)
       C:\Program Files\dotnet\sdk\9.0.304\Sdks\Microsoft.NET.Sdk\targets\Microsoft.PackageDependencyResolution.targets(86,5): message : Property reassignment: $(PrepareResourcesDependsOn)="
       C:\Program Files\dotnet\sdk\9.0.304\Sdks\Microsoft.NET.Sdk\targets\Microsoft.PackageDependencyResolution.targets(86,5): message :       ResolvePackageDependenciesForBuild;
       C:\Program Files\dotnet\sdk\9.0.304\Sdks\Microsoft.NET.Sdk\targets\Microsoft.PackageDependencyResolution.targets(86,5): message :       _HandlePackageFileConflicts;
       C:\Program Files\dotnet\sdk\9.0.304\Sdks\Microsoft.NET.Sdk\targets\Microsoft.PackageDependencyResolution.targets(86,5): message :       
       C:\Program Files\dotnet\sdk\9.0.304\Sdks\Microsoft.NET.Sdk\targets\Microsoft.PackageDependencyResolution.targets(86,5): message :       ;
       C:\Program Files\dotnet\sdk\9.0.304\Sdks\Microsoft.NET.Sdk\targets\Microsoft.PackageDependencyResolution.targets(86,5): message :       PrepareResourceNames;
       C:\Program Files\dotnet\sdk\9.0.304\Sdks\Microsoft.NET.Sdk\targets\Microsoft.PackageDependencyResolution.targets(86,5): message :       ResGen;
       C:\Program Files\dotnet\sdk\9.0.304\Sdks\Microsoft.NET.Sdk\targets\Microsoft.PackageDependencyResolution.targets(86,5): message :       CompileLicxFiles
       C:\Program Files\dotnet\sdk\9.0.304\Sdks\Microsoft.NET.Sdk\targets\Microsoft.PackageDependencyResolution.targets(86,5): message :     
       C:\Program Files\dotnet\sdk\9.0.304\Sdks\Microsoft.NET.Sdk\targets\Microsoft.PackageDependencyResolution.targets(86,5): message :     " (previous value: "
       C:\Program Files\dotnet\sdk\9.0.304\Sdks\Microsoft.NET.Sdk\targets\Microsoft.PackageDependencyResolution.targets(86,5): message :       ;
       C:\Program Files\dotnet\sdk\9.0.304\Sdks\Microsoft.NET.Sdk\targets\Microsoft.PackageDependencyResolution.targets(86,5): message :       PrepareResourceNames;
       C:\Program Files\dotnet\sdk\9.0.304\Sdks\Microsoft.NET.Sdk\targets\Microsoft.PackageDependencyResolution.targets(86,5): message :       ResGen;
       C:\Program Files\dotnet\sdk\9.0.304\Sdks\Microsoft.NET.Sdk\targets\Microsoft.PackageDependencyResolution.targets(86,5): message :       CompileLicxFiles
       C:\Program Files\dotnet\sdk\9.0.304\Sdks\Microsoft.NET.Sdk\targets\Microsoft.PackageDependencyResolution.targets(86,5): message :     ") at C:\Program Files\dotnet\sdk\9.0.304\Sdks\Microsoft.NET.Sdk\targets\Microsoft.PackageDependencyResolution.targets (86,5)
       C:\Program Files\dotnet\sdk\9.0.304\Sdks\Microsoft.NET.Sdk\targets\Microsoft.NET.Sdk.DefaultItems.targets(27,5): message : Property reassignment: $(DefaultItemExcludes)=";..\build\bin\/**;obj\Release\/**;bin\/**" (previous value: ";..\build\bin\/**;obj\Release\/**") at C:\Program Files\dotnet\sdk\9.0.304\Sdks\Microsoft.NET.Sdk\targets\Microsoft.NET.Sdk.DefaultItems.targets (27,5)
       C:\Program Files\dotnet\sdk\9.0.304\Sdks\Microsoft.NET.Sdk\targets\Microsoft.NET.Sdk.DefaultItems.targets(29,5): message : Property reassignment: $(DefaultItemExcludes)=";..\build\bin\/**;obj\Release\/**;bin\/**;obj\/**" (previous value: ";..\build\bin\/**;obj\Release\/**;bin\/**") at C:\Program Files\dotnet\sdk\9.0.304\Sdks\Microsoft.NET.Sdk\targets\Microsoft.NET.Sdk.DefaultItems.targets (29,5)
       C:\Program Files\dotnet\sdk\9.0.304\Sdks\Microsoft.NET.Sdk\targets\Microsoft.NET.Sdk.DefaultItems.targets(32,5): message : Property reassignment: $(DefaultItemExcludes)=";..\build\bin\/**;obj\Release\/**;bin\/**;obj\/**;**/*.user" (previous value: ";..\build\bin\/**;obj\Release\/**;bin\/**;obj\/**") at C:\Program Files\dotnet\sdk\9.0.304\Sdks\Microsoft.NET.Sdk\targets\Microsoft.NET.Sdk.DefaultItems.targets (32,5)
       C:\Program Files\dotnet\sdk\9.0.304\Sdks\Microsoft.NET.Sdk\targets\Microsoft.NET.Sdk.DefaultItems.targets(33,5): message : Property reassignment: $(DefaultItemExcludes)=";..\build\bin\/**;obj\Release\/**;bin\/**;obj\/**;**/*.user;**/*.*proj" (previous value: ";..\build\bin\/**;obj\Release\/**;bin\/**;obj\/**;**/*.user") at C:\Program Files\dotnet\sdk\9.0.304\Sdks\Microsoft.NET.Sdk\targets\Microsoft.NET.Sdk.DefaultItems.targets (33,5)
       C:\Program Files\dotnet\sdk\9.0.304\Sdks\Microsoft.NET.Sdk\targets\Microsoft.NET.Sdk.DefaultItems.targets(34,5): message : Property reassignment: $(DefaultItemExcludes)=";..\build\bin\/**;obj\Release\/**;bin\/**;obj\/**;**/*.user;**/*.*proj;**/*.sln" (previous value: ";..\build\bin\/**;obj\Release\/**;bin\/**;obj\/**;**/*.user;**/*.*proj") at C:\Program Files\dotnet\sdk\9.0.304\Sdks\Microsoft.NET.Sdk\targets\Microsoft.NET.Sdk.DefaultItems.targets (34,5)
       C:\Program Files\dotnet\sdk\9.0.304\Sdks\Microsoft.NET.Sdk\targets\Microsoft.NET.Sdk.DefaultItems.targets(35,5): message : Property reassignment: $(DefaultItemExcludes)=";..\build\bin\/**;obj\Release\/**;bin\/**;obj\/**;**/*.user;**/*.*proj;**/*.sln;**/*.slnx" (previous value: ";..\build\bin\/**;obj\Release\/**;bin\/**;obj\/**;**/*.user;**/*.*proj;**/*.sln") at C:\Program Files\dotnet\sdk\9.0.304\Sdks\Microsoft.NET.Sdk\targets\Microsoft.NET.Sdk.DefaultItems.targets (35,5)
       C:\Program Files\dotnet\sdk\9.0.304\Sdks\Microsoft.NET.Sdk\targets\Microsoft.NET.Sdk.DefaultItems.targets(36,5): message : Property reassignment: $(DefaultItemExcludes)=";..\build\bin\/**;obj\Release\/**;bin\/**;obj\/**;**/*.user;**/*.*proj;**/*.sln;**/*.slnx;**/*.vssscc" (previous value: ";..\build\bin\/**;obj\Release\/**;bin\/**;obj\/**;**/*.user;**/*.*proj;**/*.sln;**/*.slnx") at C:\Program Files\dotnet\sdk\9.0.304\Sdks\Microsoft.NET.Sdk\targets\Microsoft.NET.Sdk.DefaultItems.targets (36,5)
       C:\Program Files\dotnet\sdk\9.0.304\Sdks\Microsoft.NET.Sdk\targets\Microsoft.NET.Sdk.DefaultItems.targets(37,5): message : Property reassignment: $(DefaultItemExcludes)=";..\build\bin\/**;obj\Release\/**;bin\/**;obj\/**;**/*.user;**/*.*proj;**/*.sln;**/*.slnx;**/*.vssscc;**/.DS_Store" (previous value: ";..\build\bin\/**;obj\Release\/**;bin\/**;obj\/**;**/*.user;**/*.*proj;**/*.sln;**/*.slnx;**/*.vssscc") at C:\Program Files\dotnet\sdk\9.0.304\Sdks\Microsoft.NET.Sdk\targets\Microsoft.NET.Sdk.DefaultItems.targets (37,5)
       C:\Program Files\dotnet\sdk\9.0.304\Sdks\Microsoft.NET.Sdk\targets\Microsoft.NET.Sdk.FrameworkReferenceResolution.targets(14,5): message : Property reassignment: $(ResolveAssemblyReferencesDependsOn)="
       C:\Program Files\dotnet\sdk\9.0.304\Sdks\Microsoft.NET.Sdk\targets\Microsoft.NET.Sdk.FrameworkReferenceResolution.targets(14,5): message :       
       C:\Program Files\dotnet\sdk\9.0.304\Sdks\Microsoft.NET.Sdk\targets\Microsoft.NET.Sdk.FrameworkReferenceResolution.targets(14,5): message :       
       C:\Program Files\dotnet\sdk\9.0.304\Sdks\Microsoft.NET.Sdk\targets\Microsoft.NET.Sdk.FrameworkReferenceResolution.targets(14,5): message :       ResolveProjectReferences;
       C:\Program Files\dotnet\sdk\9.0.304\Sdks\Microsoft.NET.Sdk\targets\Microsoft.NET.Sdk.FrameworkReferenceResolution.targets(14,5): message :       FindInvalidProjectReferences;
       C:\Program Files\dotnet\sdk\9.0.304\Sdks\Microsoft.NET.Sdk\targets\Microsoft.NET.Sdk.FrameworkReferenceResolution.targets(14,5): message :       GetFrameworkPaths;
       C:\Program Files\dotnet\sdk\9.0.304\Sdks\Microsoft.NET.Sdk\targets\Microsoft.NET.Sdk.FrameworkReferenceResolution.targets(14,5): message :       GetReferenceAssemblyPaths;
       C:\Program Files\dotnet\sdk\9.0.304\Sdks\Microsoft.NET.Sdk\targets\Microsoft.NET.Sdk.FrameworkReferenceResolution.targets(14,5): message :       PrepareForBuild;
       C:\Program Files\dotnet\sdk\9.0.304\Sdks\Microsoft.NET.Sdk\targets\Microsoft.NET.Sdk.FrameworkReferenceResolution.targets(14,5): message :       ResolveSDKReferences;
       C:\Program Files\dotnet\sdk\9.0.304\Sdks\Microsoft.NET.Sdk\targets\Microsoft.NET.Sdk.FrameworkReferenceResolution.targets(14,5): message :       ExpandSDKReferences;
       C:\Program Files\dotnet\sdk\9.0.304\Sdks\Microsoft.NET.Sdk\targets\Microsoft.NET.Sdk.FrameworkReferenceResolution.targets(14,5): message :     ;
       C:\Program Files\dotnet\sdk\9.0.304\Sdks\Microsoft.NET.Sdk\targets\Microsoft.NET.Sdk.FrameworkReferenceResolution.targets(14,5): message :       ResolvePackageDependenciesForBuild;
       C:\Program Files\dotnet\sdk\9.0.304\Sdks\Microsoft.NET.Sdk\targets\Microsoft.NET.Sdk.FrameworkReferenceResolution.targets(14,5): message :       _HandlePackageFileConflicts;
       C:\Program Files\dotnet\sdk\9.0.304\Sdks\Microsoft.NET.Sdk\targets\Microsoft.NET.Sdk.FrameworkReferenceResolution.targets(14,5): message :     ;
       C:\Program Files\dotnet\sdk\9.0.304\Sdks\Microsoft.NET.Sdk\targets\Microsoft.NET.Sdk.FrameworkReferenceResolution.targets(14,5): message :       ResolveTargetingPackAssets;
       C:\Program Files\dotnet\sdk\9.0.304\Sdks\Microsoft.NET.Sdk\targets\Microsoft.NET.Sdk.FrameworkReferenceResolution.targets(14,5): message :     " (previous value: "
       C:\Program Files\dotnet\sdk\9.0.304\Sdks\Microsoft.NET.Sdk\targets\Microsoft.NET.Sdk.FrameworkReferenceResolution.targets(14,5): message :       
       C:\Program Files\dotnet\sdk\9.0.304\Sdks\Microsoft.NET.Sdk\targets\Microsoft.NET.Sdk.FrameworkReferenceResolution.targets(14,5): message :       ResolveProjectReferences;
       C:\Program Files\dotnet\sdk\9.0.304\Sdks\Microsoft.NET.Sdk\targets\Microsoft.NET.Sdk.FrameworkReferenceResolution.targets(14,5): message :       FindInvalidProjectReferences;
       C:\Program Files\dotnet\sdk\9.0.304\Sdks\Microsoft.NET.Sdk\targets\Microsoft.NET.Sdk.FrameworkReferenceResolution.targets(14,5): message :       GetFrameworkPaths;
       C:\Program Files\dotnet\sdk\9.0.304\Sdks\Microsoft.NET.Sdk\targets\Microsoft.NET.Sdk.FrameworkReferenceResolution.targets(14,5): message :       GetReferenceAssemblyPaths;
       C:\Program Files\dotnet\sdk\9.0.304\Sdks\Microsoft.NET.Sdk\targets\Microsoft.NET.Sdk.FrameworkReferenceResolution.targets(14,5): message :       PrepareForBuild;
       C:\Program Files\dotnet\sdk\9.0.304\Sdks\Microsoft.NET.Sdk\targets\Microsoft.NET.Sdk.FrameworkReferenceResolution.targets(14,5): message :       ResolveSDKReferences;
       C:\Program Files\dotnet\sdk\9.0.304\Sdks\Microsoft.NET.Sdk\targets\Microsoft.NET.Sdk.FrameworkReferenceResolution.targets(14,5): message :       ExpandSDKReferences;
       C:\Program Files\dotnet\sdk\9.0.304\Sdks\Microsoft.NET.Sdk\targets\Microsoft.NET.Sdk.FrameworkReferenceResolution.targets(14,5): message :     ;
       C:\Program Files\dotnet\sdk\9.0.304\Sdks\Microsoft.NET.Sdk\targets\Microsoft.NET.Sdk.FrameworkReferenceResolution.targets(14,5): message :       ResolvePackageDependenciesForBuild;
       C:\Program Files\dotnet\sdk\9.0.304\Sdks\Microsoft.NET.Sdk\targets\Microsoft.NET.Sdk.FrameworkReferenceResolution.targets(14,5): message :       _HandlePackageFileConflicts;
       C:\Program Files\dotnet\sdk\9.0.304\Sdks\Microsoft.NET.Sdk\targets\Microsoft.NET.Sdk.FrameworkReferenceResolution.targets(14,5): message :     ") at C:\Program Files\dotnet\sdk\9.0.304\Sdks\Microsoft.NET.Sdk\targets\Microsoft.NET.Sdk.FrameworkReferenceResolution.targets (14,5)
       C:\Program Files\dotnet\sdk\9.0.304\Sdks\Microsoft.NET.Sdk\targets\Microsoft.NET.Sdk.targets(44,5): message : Property reassignment: $(_GenerateRuntimeConfigurationPropertyInputsCache)="c:\AI\7agent2\mod\mnetSevenDaysBridge\src\obj\Release\net48\mnetSevenDaysBridge.genruntimeconfig.cache" (previous value: "obj\Release\net48\mnetSevenDaysBridge.genruntimeconfig.cache") at C:\Program Files\dotnet\sdk\9.0.304\Sdks\Microsoft.NET.Sdk\targets\Microsoft.NET.Sdk.targets (44,5)
       C:\Program Files\dotnet\sdk\9.0.304\Sdks\Microsoft.NET.Sdk\targets\Microsoft.NET.Sdk.targets(46,5): message : Property reassignment: $(_GeneratePublishDependencyFilePropertyInputsCache)="c:\AI\7agent2\mod\mnetSevenDaysBridge\src\obj\Release\net48\mnetSevenDaysBridge.genpublishdeps.cache" (previous value: "obj\Release\net48\mnetSevenDaysBridge.genpublishdeps.cache") at C:\Program Files\dotnet\sdk\9.0.304\Sdks\Microsoft.NET.Sdk\targets\Microsoft.NET.Sdk.targets (46,5)
       C:\Program Files\dotnet\sdk\9.0.304\Sdks\Microsoft.NET.Sdk\targets\Microsoft.NET.Sdk.targets(48,5): message : Property reassignment: $(_GenerateSingleFileBundlePropertyInputsCache)="c:\AI\7agent2\mod\mnetSevenDaysBridge\src\obj\Release\net48\mnetSevenDaysBridge.genbundle.cache" (previous value: "obj\Release\net48\mnetSevenDaysBridge.genbundle.cache") at C:\Program Files\dotnet\sdk\9.0.304\Sdks\Microsoft.NET.Sdk\targets\Microsoft.NET.Sdk.targets (48,5)
       C:\Program Files\dotnet\sdk\9.0.304\Sdks\Microsoft.NET.Sdk\targets\Microsoft.NET.Sdk.targets(97,5): message : Property 'USERPROFILE' with value 'C:\Users\tetsuomorisaki' expanded from the environment.
       C:\Program Files\dotnet\sdk\9.0.304\Sdks\Microsoft.NET.Sdk\targets\Microsoft.NET.Sdk.targets(97,5): message : Property reassignment: $(_DefaultUserProfileRuntimeStorePath)="C:\Users\tetsuomorisaki" (previous value: "") at C:\Program Files\dotnet\sdk\9.0.304\Sdks\Microsoft.NET.Sdk\targets\Microsoft.NET.Sdk.targets (97,5)
       C:\Program Files\dotnet\sdk\9.0.304\Sdks\Microsoft.NET.Sdk\targets\Microsoft.NET.Sdk.targets(98,5): message : Property reassignment: $(_DefaultUserProfileRuntimeStorePath)="C:\Users\tetsuomorisaki\.dotnet\store" (previous value: "C:\Users\tetsuomorisaki") at C:\Program Files\dotnet\sdk\9.0.304\Sdks\Microsoft.NET.Sdk\targets\Microsoft.NET.Sdk.targets (98,5)
       C:\Program Files\dotnet\sdk\9.0.304\Sdks\Microsoft.NET.Sdk\targets\Microsoft.NET.Sdk.targets(201,5): message : Property reassignment: $(CoreBuildDependsOn)="
       C:\Program Files\dotnet\sdk\9.0.304\Sdks\Microsoft.NET.Sdk\targets\Microsoft.NET.Sdk.targets(201,5): message :       _CheckForBuildWithNoBuild;
       C:\Program Files\dotnet\sdk\9.0.304\Sdks\Microsoft.NET.Sdk\targets\Microsoft.NET.Sdk.targets(201,5): message :       
       C:\Program Files\dotnet\sdk\9.0.304\Sdks\Microsoft.NET.Sdk\targets\Microsoft.NET.Sdk.targets(201,5): message :       BuildOnlySettings;
       C:\Program Files\dotnet\sdk\9.0.304\Sdks\Microsoft.NET.Sdk\targets\Microsoft.NET.Sdk.targets(201,5): message :       PrepareForBuild;
       C:\Program Files\dotnet\sdk\9.0.304\Sdks\Microsoft.NET.Sdk\targets\Microsoft.NET.Sdk.targets(201,5): message :       PreBuildEvent;
       C:\Program Files\dotnet\sdk\9.0.304\Sdks\Microsoft.NET.Sdk\targets\Microsoft.NET.Sdk.targets(201,5): message :       ResolveReferences;
       C:\Program Files\dotnet\sdk\9.0.304\Sdks\Microsoft.NET.Sdk\targets\Microsoft.NET.Sdk.targets(201,5): message :       PrepareResources;
       C:\Program Files\dotnet\sdk\9.0.304\Sdks\Microsoft.NET.Sdk\targets\Microsoft.NET.Sdk.targets(201,5): message :       ResolveKeySource;
       C:\Program Files\dotnet\sdk\9.0.304\Sdks\Microsoft.NET.Sdk\targets\Microsoft.NET.Sdk.targets(201,5): message :       Compile;
       C:\Program Files\dotnet\sdk\9.0.304\Sdks\Microsoft.NET.Sdk\targets\Microsoft.NET.Sdk.targets(201,5): message :       ExportWindowsMDFile;
       C:\Program Files\dotnet\sdk\9.0.304\Sdks\Microsoft.NET.Sdk\targets\Microsoft.NET.Sdk.targets(201,5): message :       UnmanagedUnregistration;
       C:\Program Files\dotnet\sdk\9.0.304\Sdks\Microsoft.NET.Sdk\targets\Microsoft.NET.Sdk.targets(201,5): message :       GenerateSerializationAssemblies;
       C:\Program Files\dotnet\sdk\9.0.304\Sdks\Microsoft.NET.Sdk\targets\Microsoft.NET.Sdk.targets(201,5): message :       CreateSatelliteAssemblies;
       C:\Program Files\dotnet\sdk\9.0.304\Sdks\Microsoft.NET.Sdk\targets\Microsoft.NET.Sdk.targets(201,5): message :       GenerateManifests;
       C:\Program Files\dotnet\sdk\9.0.304\Sdks\Microsoft.NET.Sdk\targets\Microsoft.NET.Sdk.targets(201,5): message :       GetTargetPath;
       C:\Program Files\dotnet\sdk\9.0.304\Sdks\Microsoft.NET.Sdk\targets\Microsoft.NET.Sdk.targets(201,5): message :       PrepareForRun;
       C:\Program Files\dotnet\sdk\9.0.304\Sdks\Microsoft.NET.Sdk\targets\Microsoft.NET.Sdk.targets(201,5): message :       UnmanagedRegistration;
       C:\Program Files\dotnet\sdk\9.0.304\Sdks\Microsoft.NET.Sdk\targets\Microsoft.NET.Sdk.targets(201,5): message :       IncrementalClean;
       C:\Program Files\dotnet\sdk\9.0.304\Sdks\Microsoft.NET.Sdk\targets\Microsoft.NET.Sdk.targets(201,5): message :       PostBuildEvent
       C:\Program Files\dotnet\sdk\9.0.304\Sdks\Microsoft.NET.Sdk\targets\Microsoft.NET.Sdk.targets(201,5): message :     ;
       C:\Program Files\dotnet\sdk\9.0.304\Sdks\Microsoft.NET.Sdk\targets\Microsoft.NET.Sdk.targets(201,5): message :       GenerateBuildDependencyFile;
       C:\Program Files\dotnet\sdk\9.0.304\Sdks\Microsoft.NET.Sdk\targets\Microsoft.NET.Sdk.targets(201,5): message :       GenerateBuildRuntimeConfigurationFiles
       C:\Program Files\dotnet\sdk\9.0.304\Sdks\Microsoft.NET.Sdk\targets\Microsoft.NET.Sdk.targets(201,5): message :     " (previous value: "
       C:\Program Files\dotnet\sdk\9.0.304\Sdks\Microsoft.NET.Sdk\targets\Microsoft.NET.Sdk.targets(201,5): message :       BuildOnlySettings;
       C:\Program Files\dotnet\sdk\9.0.304\Sdks\Microsoft.NET.Sdk\targets\Microsoft.NET.Sdk.targets(201,5): message :       PrepareForBuild;
       C:\Program Files\dotnet\sdk\9.0.304\Sdks\Microsoft.NET.Sdk\targets\Microsoft.NET.Sdk.targets(201,5): message :       PreBuildEvent;
       C:\Program Files\dotnet\sdk\9.0.304\Sdks\Microsoft.NET.Sdk\targets\Microsoft.NET.Sdk.targets(201,5): message :       ResolveReferences;
       C:\Program Files\dotnet\sdk\9.0.304\Sdks\Microsoft.NET.Sdk\targets\Microsoft.NET.Sdk.targets(201,5): message :       PrepareResources;
       C:\Program Files\dotnet\sdk\9.0.304\Sdks\Microsoft.NET.Sdk\targets\Microsoft.NET.Sdk.targets(201,5): message :       ResolveKeySource;
       C:\Program Files\dotnet\sdk\9.0.304\Sdks\Microsoft.NET.Sdk\targets\Microsoft.NET.Sdk.targets(201,5): message :       Compile;
       C:\Program Files\dotnet\sdk\9.0.304\Sdks\Microsoft.NET.Sdk\targets\Microsoft.NET.Sdk.targets(201,5): message :       ExportWindowsMDFile;
       C:\Program Files\dotnet\sdk\9.0.304\Sdks\Microsoft.NET.Sdk\targets\Microsoft.NET.Sdk.targets(201,5): message :       UnmanagedUnregistration;
       C:\Program Files\dotnet\sdk\9.0.304\Sdks\Microsoft.NET.Sdk\targets\Microsoft.NET.Sdk.targets(201,5): message :       GenerateSerializationAssemblies;
       C:\Program Files\dotnet\sdk\9.0.304\Sdks\Microsoft.NET.Sdk\targets\Microsoft.NET.Sdk.targets(201,5): message :       CreateSatelliteAssemblies;
       C:\Program Files\dotnet\sdk\9.0.304\Sdks\Microsoft.NET.Sdk\targets\Microsoft.NET.Sdk.targets(201,5): message :       GenerateManifests;
       C:\Program Files\dotnet\sdk\9.0.304\Sdks\Microsoft.NET.Sdk\targets\Microsoft.NET.Sdk.targets(201,5): message :       GetTargetPath;
       C:\Program Files\dotnet\sdk\9.0.304\Sdks\Microsoft.NET.Sdk\targets\Microsoft.NET.Sdk.targets(201,5): message :       PrepareForRun;
       C:\Program Files\dotnet\sdk\9.0.304\Sdks\Microsoft.NET.Sdk\targets\Microsoft.NET.Sdk.targets(201,5): message :       UnmanagedRegistration;
       C:\Program Files\dotnet\sdk\9.0.304\Sdks\Microsoft.NET.Sdk\targets\Microsoft.NET.Sdk.targets(201,5): message :       IncrementalClean;
       C:\Program Files\dotnet\sdk\9.0.304\Sdks\Microsoft.NET.Sdk\targets\Microsoft.NET.Sdk.targets(201,5): message :       PostBuildEvent
       C:\Program Files\dotnet\sdk\9.0.304\Sdks\Microsoft.NET.Sdk\targets\Microsoft.NET.Sdk.targets(201,5): message :     ") at C:\Program Files\dotnet\sdk\9.0.304\Sdks\Microsoft.NET.Sdk\targets\Microsoft.NET.Sdk.targets (201,5)
       C:\Program Files\dotnet\sdk\9.0.304\Sdks\Microsoft.NET.Sdk\targets\Microsoft.NET.Sdk.targets(210,5): message : Property reassignment: $(CoreCleanDependsOn)="
       C:\Program Files\dotnet\sdk\9.0.304\Sdks\Microsoft.NET.Sdk\targets\Microsoft.NET.Sdk.targets(210,5): message :       _SdkBeforeClean;
       C:\Program Files\dotnet\sdk\9.0.304\Sdks\Microsoft.NET.Sdk\targets\Microsoft.NET.Sdk.targets(210,5): message :       
       C:\Program Files\dotnet\sdk\9.0.304\Sdks\Microsoft.NET.Sdk\targets\Microsoft.NET.Sdk.targets(210,5): message :     " (previous value: "") at C:\Program Files\dotnet\sdk\9.0.304\Sdks\Microsoft.NET.Sdk\targets\Microsoft.NET.Sdk.targets (210,5)
       C:\Program Files\dotnet\sdk\9.0.304\Sdks\Microsoft.NET.Sdk\targets\Microsoft.NET.Sdk.targets(217,5): message : Property reassignment: $(RebuildDependsOn)="
       C:\Program Files\dotnet\sdk\9.0.304\Sdks\Microsoft.NET.Sdk\targets\Microsoft.NET.Sdk.targets(217,5): message :       _SdkBeforeRebuild;
       C:\Program Files\dotnet\sdk\9.0.304\Sdks\Microsoft.NET.Sdk\targets\Microsoft.NET.Sdk.targets(217,5): message :       
       C:\Program Files\dotnet\sdk\9.0.304\Sdks\Microsoft.NET.Sdk\targets\Microsoft.NET.Sdk.targets(217,5): message :       BeforeRebuild;
       C:\Program Files\dotnet\sdk\9.0.304\Sdks\Microsoft.NET.Sdk\targets\Microsoft.NET.Sdk.targets(217,5): message :       Clean;
       C:\Program Files\dotnet\sdk\9.0.304\Sdks\Microsoft.NET.Sdk\targets\Microsoft.NET.Sdk.targets(217,5): message :       Build;
       C:\Program Files\dotnet\sdk\9.0.304\Sdks\Microsoft.NET.Sdk\targets\Microsoft.NET.Sdk.targets(217,5): message :       AfterRebuild;
       C:\Program Files\dotnet\sdk\9.0.304\Sdks\Microsoft.NET.Sdk\targets\Microsoft.NET.Sdk.targets(217,5): message :     
       C:\Program Files\dotnet\sdk\9.0.304\Sdks\Microsoft.NET.Sdk\targets\Microsoft.NET.Sdk.targets(217,5): message :     " (previous value: "
       C:\Program Files\dotnet\sdk\9.0.304\Sdks\Microsoft.NET.Sdk\targets\Microsoft.NET.Sdk.targets(217,5): message :       BeforeRebuild;
       C:\Program Files\dotnet\sdk\9.0.304\Sdks\Microsoft.NET.Sdk\targets\Microsoft.NET.Sdk.targets(217,5): message :       Clean;
       C:\Program Files\dotnet\sdk\9.0.304\Sdks\Microsoft.NET.Sdk\targets\Microsoft.NET.Sdk.targets(217,5): message :       Build;
       C:\Program Files\dotnet\sdk\9.0.304\Sdks\Microsoft.NET.Sdk\targets\Microsoft.NET.Sdk.targets(217,5): message :       AfterRebuild;
       C:\Program Files\dotnet\sdk\9.0.304\Sdks\Microsoft.NET.Sdk\targets\Microsoft.NET.Sdk.targets(217,5): message :     ") at C:\Program Files\dotnet\sdk\9.0.304\Sdks\Microsoft.NET.Sdk\targets\Microsoft.NET.Sdk.targets (217,5)
       C:\Program Files\dotnet\sdk\9.0.304\Sdks\Microsoft.NET.Sdk\targets\Microsoft.NET.Sdk.targets(784,5): message : Property reassignment: $(CompileDependsOn)="
       C:\Program Files\dotnet\sdk\9.0.304\Sdks\Microsoft.NET.Sdk\targets\Microsoft.NET.Sdk.targets(784,5): message :       
       C:\Program Files\dotnet\sdk\9.0.304\Sdks\Microsoft.NET.Sdk\targets\Microsoft.NET.Sdk.targets(784,5): message :       ResolveReferences;
       C:\Program Files\dotnet\sdk\9.0.304\Sdks\Microsoft.NET.Sdk\targets\Microsoft.NET.Sdk.targets(784,5): message :       ResolveKeySource;
       C:\Program Files\dotnet\sdk\9.0.304\Sdks\Microsoft.NET.Sdk\targets\Microsoft.NET.Sdk.targets(784,5): message :       SetWin32ManifestProperties;
       C:\Program Files\dotnet\sdk\9.0.304\Sdks\Microsoft.NET.Sdk\targets\Microsoft.NET.Sdk.targets(784,5): message :       _SetPreferNativeArm64Win32ManifestProperties;
       C:\Program Files\dotnet\sdk\9.0.304\Sdks\Microsoft.NET.Sdk\targets\Microsoft.NET.Sdk.targets(784,5): message :       FindReferenceAssembliesForReferences;
       C:\Program Files\dotnet\sdk\9.0.304\Sdks\Microsoft.NET.Sdk\targets\Microsoft.NET.Sdk.targets(784,5): message :       _GenerateCompileInputs;
       C:\Program Files\dotnet\sdk\9.0.304\Sdks\Microsoft.NET.Sdk\targets\Microsoft.NET.Sdk.targets(784,5): message :       BeforeCompile;
       C:\Program Files\dotnet\sdk\9.0.304\Sdks\Microsoft.NET.Sdk\targets\Microsoft.NET.Sdk.targets(784,5): message :       _TimeStampBeforeCompile;
       C:\Program Files\dotnet\sdk\9.0.304\Sdks\Microsoft.NET.Sdk\targets\Microsoft.NET.Sdk.targets(784,5): message :       _GenerateCompileDependencyCache;
       C:\Program Files\dotnet\sdk\9.0.304\Sdks\Microsoft.NET.Sdk\targets\Microsoft.NET.Sdk.targets(784,5): message :       CoreCompile;
       C:\Program Files\dotnet\sdk\9.0.304\Sdks\Microsoft.NET.Sdk\targets\Microsoft.NET.Sdk.targets(784,5): message :       _TimeStampAfterCompile;
       C:\Program Files\dotnet\sdk\9.0.304\Sdks\Microsoft.NET.Sdk\targets\Microsoft.NET.Sdk.targets(784,5): message :       AfterCompile;
       C:\Program Files\dotnet\sdk\9.0.304\Sdks\Microsoft.NET.Sdk\targets\Microsoft.NET.Sdk.targets(784,5): message :     ;
       C:\Program Files\dotnet\sdk\9.0.304\Sdks\Microsoft.NET.Sdk\targets\Microsoft.NET.Sdk.targets(784,5): message :       _CreateAppHost;
       C:\Program Files\dotnet\sdk\9.0.304\Sdks\Microsoft.NET.Sdk\targets\Microsoft.NET.Sdk.targets(784,5): message :       _CreateComHost;
       C:\Program Files\dotnet\sdk\9.0.304\Sdks\Microsoft.NET.Sdk\targets\Microsoft.NET.Sdk.targets(784,5): message :       _GetIjwHostPaths;
       C:\Program Files\dotnet\sdk\9.0.304\Sdks\Microsoft.NET.Sdk\targets\Microsoft.NET.Sdk.targets(784,5): message :     " (previous value: "
       C:\Program Files\dotnet\sdk\9.0.304\Sdks\Microsoft.NET.Sdk\targets\Microsoft.NET.Sdk.targets(784,5): message :       ResolveReferences;
       C:\Program Files\dotnet\sdk\9.0.304\Sdks\Microsoft.NET.Sdk\targets\Microsoft.NET.Sdk.targets(784,5): message :       ResolveKeySource;
       C:\Program Files\dotnet\sdk\9.0.304\Sdks\Microsoft.NET.Sdk\targets\Microsoft.NET.Sdk.targets(784,5): message :       SetWin32ManifestProperties;
       C:\Program Files\dotnet\sdk\9.0.304\Sdks\Microsoft.NET.Sdk\targets\Microsoft.NET.Sdk.targets(784,5): message :       _SetPreferNativeArm64Win32ManifestProperties;
       C:\Program Files\dotnet\sdk\9.0.304\Sdks\Microsoft.NET.Sdk\targets\Microsoft.NET.Sdk.targets(784,5): message :       FindReferenceAssembliesForReferences;
       C:\Program Files\dotnet\sdk\9.0.304\Sdks\Microsoft.NET.Sdk\targets\Microsoft.NET.Sdk.targets(784,5): message :       _GenerateCompileInputs;
       C:\Program Files\dotnet\sdk\9.0.304\Sdks\Microsoft.NET.Sdk\targets\Microsoft.NET.Sdk.targets(784,5): message :       BeforeCompile;
       C:\Program Files\dotnet\sdk\9.0.304\Sdks\Microsoft.NET.Sdk\targets\Microsoft.NET.Sdk.targets(784,5): message :       _TimeStampBeforeCompile;
       C:\Program Files\dotnet\sdk\9.0.304\Sdks\Microsoft.NET.Sdk\targets\Microsoft.NET.Sdk.targets(784,5): message :       _GenerateCompileDependencyCache;
       C:\Program Files\dotnet\sdk\9.0.304\Sdks\Microsoft.NET.Sdk\targets\Microsoft.NET.Sdk.targets(784,5): message :       CoreCompile;
       C:\Program Files\dotnet\sdk\9.0.304\Sdks\Microsoft.NET.Sdk\targets\Microsoft.NET.Sdk.targets(784,5): message :       _TimeStampAfterCompile;
       C:\Program Files\dotnet\sdk\9.0.304\Sdks\Microsoft.NET.Sdk\targets\Microsoft.NET.Sdk.targets(784,5): message :       AfterCompile;
       C:\Program Files\dotnet\sdk\9.0.304\Sdks\Microsoft.NET.Sdk\targets\Microsoft.NET.Sdk.targets(784,5): message :     ") at C:\Program Files\dotnet\sdk\9.0.304\Sdks\Microsoft.NET.Sdk\targets\Microsoft.NET.Sdk.targets (784,5)
       C:\Program Files\dotnet\sdk\9.0.304\Sdks\Microsoft.NET.Sdk\targets\Microsoft.NET.Sdk.targets(1184,5): message : Property reassignment: $(CreateSatelliteAssembliesDependsOn)="
       C:\Program Files\dotnet\sdk\9.0.304\Sdks\Microsoft.NET.Sdk\targets\Microsoft.NET.Sdk.targets(1184,5): message :       
       C:\Program Files\dotnet\sdk\9.0.304\Sdks\Microsoft.NET.Sdk\targets\Microsoft.NET.Sdk.targets(1184,5): message :       ;
       C:\Program Files\dotnet\sdk\9.0.304\Sdks\Microsoft.NET.Sdk\targets\Microsoft.NET.Sdk.targets(1184,5): message :       _GenerateSatelliteAssemblyInputs;
       C:\Program Files\dotnet\sdk\9.0.304\Sdks\Microsoft.NET.Sdk\targets\Microsoft.NET.Sdk.targets(1184,5): message :       ComputeIntermediateSatelliteAssemblies;
       C:\Program Files\dotnet\sdk\9.0.304\Sdks\Microsoft.NET.Sdk\targets\Microsoft.NET.Sdk.targets(1184,5): message :       GenerateSatelliteAssemblies
       C:\Program Files\dotnet\sdk\9.0.304\Sdks\Microsoft.NET.Sdk\targets\Microsoft.NET.Sdk.targets(1184,5): message :     ;
       C:\Program Files\dotnet\sdk\9.0.304\Sdks\Microsoft.NET.Sdk\targets\Microsoft.NET.Sdk.targets(1184,5): message :       CoreGenerateSatelliteAssemblies
       C:\Program Files\dotnet\sdk\9.0.304\Sdks\Microsoft.NET.Sdk\targets\Microsoft.NET.Sdk.targets(1184,5): message :     " (previous value: "
       C:\Program Files\dotnet\sdk\9.0.304\Sdks\Microsoft.NET.Sdk\targets\Microsoft.NET.Sdk.targets(1184,5): message :       ;
       C:\Program Files\dotnet\sdk\9.0.304\Sdks\Microsoft.NET.Sdk\targets\Microsoft.NET.Sdk.targets(1184,5): message :       _GenerateSatelliteAssemblyInputs;
       C:\Program Files\dotnet\sdk\9.0.304\Sdks\Microsoft.NET.Sdk\targets\Microsoft.NET.Sdk.targets(1184,5): message :       ComputeIntermediateSatelliteAssemblies;
       C:\Program Files\dotnet\sdk\9.0.304\Sdks\Microsoft.NET.Sdk\targets\Microsoft.NET.Sdk.targets(1184,5): message :       GenerateSatelliteAssemblies
       C:\Program Files\dotnet\sdk\9.0.304\Sdks\Microsoft.NET.Sdk\targets\Microsoft.NET.Sdk.targets(1184,5): message :     ") at C:\Program Files\dotnet\sdk\9.0.304\Sdks\Microsoft.NET.Sdk\targets\Microsoft.NET.Sdk.targets (1184,5)
       C:\Program Files\dotnet\sdk\9.0.304\Sdks\Microsoft.SourceLink.GitLab\build\Microsoft.SourceLink.GitLab.targets(12,5): message : Property reassignment: $(SourceLinkUrlInitializerTargets)=";_InitializeGitHubSourceLinkUrl;_InitializeGitLabSourceLinkUrl" (previous value: ";_InitializeGitHubSourceLinkUrl") at C:\Program Files\dotnet\sdk\9.0.304\Sdks\Microsoft.SourceLink.GitLab\build\Microsoft.SourceLink.GitLab.targets (12,5)
       C:\Program Files\dotnet\sdk\9.0.304\Sdks\Microsoft.SourceLink.GitLab\build\Microsoft.SourceLink.GitLab.targets(13,5): message : Property reassignment: $(SourceControlManagerUrlTranslationTargets)=";TranslateGitHubUrlsInSourceControlInformation;TranslateGitLabUrlsInSourceControlInformation" (previous value: ";TranslateGitHubUrlsInSourceControlInformation") at C:\Program Files\dotnet\sdk\9.0.304\Sdks\Microsoft.SourceLink.GitLab\build\Microsoft.SourceLink.GitLab.targets (13,5)
       C:\Program Files\dotnet\sdk\9.0.304\Sdks\Microsoft.SourceLink.AzureRepos.Git\build\Microsoft.SourceLink.AzureRepos.Git.targets(12,5): message : Property reassignment: $(SourceLinkUrlInitializerTargets)=";_InitializeGitHubSourceLinkUrl;_InitializeGitLabSourceLinkUrl;_InitializeAzureReposGitSourceLinkUrl" (previous value: ";_InitializeGitHubSourceLinkUrl;_InitializeGitLabSourceLinkUrl") at C:\Program Files\dotnet\sdk\9.0.304\Sdks\Microsoft.SourceLink.AzureRepos.Git\build\Microsoft.SourceLink.AzureRepos.Git.targets (12,5)
       C:\Program Files\dotnet\sdk\9.0.304\Sdks\Microsoft.SourceLink.AzureRepos.Git\build\Microsoft.SourceLink.AzureRepos.Git.targets(13,5): message : Property reassignment: $(SourceControlManagerUrlTranslationTargets)=";TranslateGitHubUrlsInSourceControlInformation;TranslateGitLabUrlsInSourceControlInformation;TranslateAzureReposGitUrlsInSourceControlInformation" (previous value: ";TranslateGitHubUrlsInSourceControlInformation;TranslateGitLabUrlsInSourceControlInformation") at C:\Program Files\dotnet\sdk\9.0.304\Sdks\Microsoft.SourceLink.AzureRepos.Git\build\Microsoft.SourceLink.AzureRepos.Git.targets (13,5)
       C:\Program Files\dotnet\sdk\9.0.304\Sdks\Microsoft.SourceLink.Bitbucket.Git\build\Microsoft.SourceLink.Bitbucket.Git.targets(12,5): message : Property reassignment: $(SourceLinkUrlInitializerTargets)=";_InitializeGitHubSourceLinkUrl;_InitializeGitLabSourceLinkUrl;_InitializeAzureReposGitSourceLinkUrl;_InitializeBitbucketGitSourceLinkUrl" (previous value: ";_InitializeGitHubSourceLinkUrl;_InitializeGitLabSourceLinkUrl;_InitializeAzureReposGitSourceLinkUrl") at C:\Program Files\dotnet\sdk\9.0.304\Sdks\Microsoft.SourceLink.Bitbucket.Git\build\Microsoft.SourceLink.Bitbucket.Git.targets (12,5)
       C:\Program Files\dotnet\sdk\9.0.304\Sdks\Microsoft.SourceLink.Bitbucket.Git\build\Microsoft.SourceLink.Bitbucket.Git.targets(13,5): message : Property reassignment: $(SourceControlManagerUrlTranslationTargets)=";TranslateGitHubUrlsInSourceControlInformation;TranslateGitLabUrlsInSourceControlInformation;TranslateAzureReposGitUrlsInSourceControlInformation;TranslateBitbucketGitUrlsInSourceControlInformation" (previous value: ";TranslateGitHubUrlsInSourceControlInformation;TranslateGitLabUrlsInSourceControlInformation;TranslateAzureReposGitUrlsInSourceControlInformation") at C:\Program Files\dotnet\sdk\9.0.304\Sdks\Microsoft.SourceLink.Bitbucket.Git\build\Microsoft.SourceLink.Bitbucket.Git.targets (13,5)
       C:\Program Files\dotnet\sdk\9.0.304\Sdks\Microsoft.NET.Sdk\targets\Microsoft.NET.DesignerSupport.targets(21,5): message : Property reassignment: $(DesignerRuntimeImplementationProjectOutputGroupDependsOn)="
       C:\Program Files\dotnet\sdk\9.0.304\Sdks\Microsoft.NET.Sdk\targets\Microsoft.NET.DesignerSupport.targets(21,5): message :       
       C:\Program Files\dotnet\sdk\9.0.304\Sdks\Microsoft.NET.Sdk\targets\Microsoft.NET.DesignerSupport.targets(21,5): message :       ;
       C:\Program Files\dotnet\sdk\9.0.304\Sdks\Microsoft.NET.Sdk\targets\Microsoft.NET.DesignerSupport.targets(21,5): message :       
       C:\Program Files\dotnet\sdk\9.0.304\Sdks\Microsoft.NET.Sdk\targets\Microsoft.NET.DesignerSupport.targets(21,5): message :       ;
       C:\Program Files\dotnet\sdk\9.0.304\Sdks\Microsoft.NET.Sdk\targets\Microsoft.NET.DesignerSupport.targets(21,5): message :       BuildOnlySettings;
       C:\Program Files\dotnet\sdk\9.0.304\Sdks\Microsoft.NET.Sdk\targets\Microsoft.NET.DesignerSupport.targets(21,5): message :       PrepareForBuild;
       C:\Program Files\dotnet\sdk\9.0.304\Sdks\Microsoft.NET.Sdk\targets\Microsoft.NET.DesignerSupport.targets(21,5): message :       AssignTargetPaths;
       C:\Program Files\dotnet\sdk\9.0.304\Sdks\Microsoft.NET.Sdk\targets\Microsoft.NET.DesignerSupport.targets(21,5): message :       ResolveReferences
       C:\Program Files\dotnet\sdk\9.0.304\Sdks\Microsoft.NET.Sdk\targets\Microsoft.NET.DesignerSupport.targets(21,5): message :     
       C:\Program Files\dotnet\sdk\9.0.304\Sdks\Microsoft.NET.Sdk\targets\Microsoft.NET.DesignerSupport.targets(21,5): message :     ;
       C:\Program Files\dotnet\sdk\9.0.304\Sdks\Microsoft.NET.Sdk\targets\Microsoft.NET.DesignerSupport.targets(21,5): message :       _GenerateDesignerDepsFile;
       C:\Program Files\dotnet\sdk\9.0.304\Sdks\Microsoft.NET.Sdk\targets\Microsoft.NET.DesignerSupport.targets(21,5): message :       _GenerateDesignerRuntimeConfigFile;
       C:\Program Files\dotnet\sdk\9.0.304\Sdks\Microsoft.NET.Sdk\targets\Microsoft.NET.DesignerSupport.targets(21,5): message :       GetCopyToOutputDirectoryItems;
       C:\Program Files\dotnet\sdk\9.0.304\Sdks\Microsoft.NET.Sdk\targets\Microsoft.NET.DesignerSupport.targets(21,5): message :       _GatherDesignerShadowCopyFiles;
       C:\Program Files\dotnet\sdk\9.0.304\Sdks\Microsoft.NET.Sdk\targets\Microsoft.NET.DesignerSupport.targets(21,5): message :     " (previous value: "
       C:\Program Files\dotnet\sdk\9.0.304\Sdks\Microsoft.NET.Sdk\targets\Microsoft.NET.DesignerSupport.targets(21,5): message :       ;
       C:\Program Files\dotnet\sdk\9.0.304\Sdks\Microsoft.NET.Sdk\targets\Microsoft.NET.DesignerSupport.targets(21,5): message :       
       C:\Program Files\dotnet\sdk\9.0.304\Sdks\Microsoft.NET.Sdk\targets\Microsoft.NET.DesignerSupport.targets(21,5): message :       ;
       C:\Program Files\dotnet\sdk\9.0.304\Sdks\Microsoft.NET.Sdk\targets\Microsoft.NET.DesignerSupport.targets(21,5): message :       BuildOnlySettings;
       C:\Program Files\dotnet\sdk\9.0.304\Sdks\Microsoft.NET.Sdk\targets\Microsoft.NET.DesignerSupport.targets(21,5): message :       PrepareForBuild;
       C:\Program Files\dotnet\sdk\9.0.304\Sdks\Microsoft.NET.Sdk\targets\Microsoft.NET.DesignerSupport.targets(21,5): message :       AssignTargetPaths;
       C:\Program Files\dotnet\sdk\9.0.304\Sdks\Microsoft.NET.Sdk\targets\Microsoft.NET.DesignerSupport.targets(21,5): message :       ResolveReferences
       C:\Program Files\dotnet\sdk\9.0.304\Sdks\Microsoft.NET.Sdk\targets\Microsoft.NET.DesignerSupport.targets(21,5): message :     
       C:\Program Files\dotnet\sdk\9.0.304\Sdks\Microsoft.NET.Sdk\targets\Microsoft.NET.DesignerSupport.targets(21,5): message :     ") at C:\Program Files\dotnet\sdk\9.0.304\Sdks\Microsoft.NET.Sdk\targets\Microsoft.NET.DesignerSupport.targets (21,5)
       C:\Program Files\dotnet\sdk\9.0.304\Sdks\Microsoft.NET.Sdk\targets\Microsoft.NET.PackTool.targets(68,5): message : Property reassignment: $(_GenerateToolsSettingsFileCacheFile)="c:\AI\7agent2\mod\mnetSevenDaysBridge\src\obj\Release\net48\mnetSevenDaysBridge.toolssettingsinput.cache" (previous value: "obj\Release\net48\mnetSevenDaysBridge.toolssettingsinput.cache") at C:\Program Files\dotnet\sdk\9.0.304\Sdks\Microsoft.NET.Sdk\targets\Microsoft.NET.PackTool.targets (68,5)
       C:\Program Files\dotnet\sdk\9.0.304\Sdks\Microsoft.NET.Sdk\targets\Microsoft.NET.PackTool.targets(137,5): message : Property reassignment: $(_ShimInputCacheFile)="c:\AI\7agent2\mod\mnetSevenDaysBridge\src\obj\Release\net48\mnetSevenDaysBridge.shiminput.cache" (previous value: "obj\Release\net48\mnetSevenDaysBridge.shiminput.cache") at C:\Program Files\dotnet\sdk\9.0.304\Sdks\Microsoft.NET.Sdk\targets\Microsoft.NET.PackTool.targets (137,5)
       C:\Program Files\dotnet\sdk\9.0.304\Sdks\Microsoft.NET.Sdk\targets\Microsoft.NET.PackTool.targets(139,5): message : Property reassignment: $(_ShimCreatedSentinelFile)="c:\AI\7agent2\mod\mnetSevenDaysBridge\src\obj\Release\net48\mnetSevenDaysBridge.shimcreated.sentinel" (previous value: "obj\Release\net48\mnetSevenDaysBridge.shimcreated.sentinel") at C:\Program Files\dotnet\sdk\9.0.304\Sdks\Microsoft.NET.Sdk\targets\Microsoft.NET.PackTool.targets (139,5)
       C:\Program Files\dotnet\sdk\9.0.304\Sdks\Microsoft.NET.Sdk\targets\Microsoft.NET.Sdk.CSharp.targets(31,5): message : Property reassignment: $(DefineConstants)="TRACE;RELEASE" (previous value: "TRACE") at C:\Program Files\dotnet\sdk\9.0.304\Sdks\Microsoft.NET.Sdk\targets\Microsoft.NET.Sdk.CSharp.targets (31,5)
       C:\Program Files\dotnet\sdk\9.0.304\Sdks\Microsoft.NET.Sdk\targets\Microsoft.NET.Sdk.CSharp.targets(34,5): message : Property reassignment: $(DefineConstants)="TRACE;RELEASE;NETFRAMEWORK;NET48;" (previous value: "TRACE;RELEASE") at C:\Program Files\dotnet\sdk\9.0.304\Sdks\Microsoft.NET.Sdk\targets\Microsoft.NET.Sdk.CSharp.targets (34,5)
       C:\Program Files\dotnet\sdk\9.0.304\Sdks\Microsoft.NET.Sdk\targets\Microsoft.NET.Windows.targets(44,5): message : Property reassignment: $(SupportedOSPlatformVersion)="7.0" (previous value: "") at C:\Program Files\dotnet\sdk\9.0.304\Sdks\Microsoft.NET.Sdk\targets\Microsoft.NET.Windows.targets (44,5)
       C:\Program Files\dotnet\sdk\9.0.304\Sdks\Microsoft.NET.Sdk\targets\Microsoft.NET.Windows.targets(45,5): message : Property reassignment: $(TargetPlatformMinVersion)="7.0" (previous value: "") at C:\Program Files\dotnet\sdk\9.0.304\Sdks\Microsoft.NET.Sdk\targets\Microsoft.NET.Windows.targets (45,5)
       C:\Program Files\dotnet\sdk\9.0.304\Sdks\NuGet.Build.Tasks.Pack\build\NuGet.Build.Tasks.Pack.targets(34,5): message : Property reassignment: $(PackageDescription)="Package Description" (previous value: "") at C:\Program Files\dotnet\sdk\9.0.304\Sdks\NuGet.Build.Tasks.Pack\build\NuGet.Build.Tasks.Pack.targets (34,5)
       C:\Program Files\dotnet\sdk\9.0.304\Sdks\NuGet.Build.Tasks.Pack\build\NuGet.Build.Tasks.Pack.targets(59,5): message : Property reassignment: $(GenerateNuspecDependsOn)="Build;_LoadPackInputItems; _GetTargetFrameworksOutput; _WalkEachTargetPerFramework; _GetPackageFiles; " (previous value: "_LoadPackInputItems; _GetTargetFrameworksOutput; _WalkEachTargetPerFramework; _GetPackageFiles; ") at C:\Program Files\dotnet\sdk\9.0.304\Sdks\NuGet.Build.Tasks.Pack\build\NuGet.Build.Tasks.Pack.targets (59,5)
       C:\Program Files\dotnet\sdk\9.0.304\Sdks\Microsoft.NET.Sdk\Sdk\Sdk.targets(60,5): message : Property reassignment: $(_IsNotSetContainersTargetsDir)="true" (previous value: "false") at C:\Program Files\dotnet\sdk\9.0.304\Sdks\Microsoft.NET.Sdk\Sdk\Sdk.targets (60,5)
       C:\Program Files\dotnet\sdk\9.0.304\Containers\build\Microsoft.NET.Build.Containers.targets(5,5): message : Property reassignment: $(_IsSDKContainerAllowedVersion)="true" (previous value: "false") at C:\Program Files\dotnet\sdk\9.0.304\Containers\build\Microsoft.NET.Build.Containers.targets (5,5)
       Overriding target "GetFrameworkPaths" in project "C:\Program Files\dotnet\sdk\9.0.304\Microsoft.Common.CurrentVersion.targets" with target "GetFrameworkPaths" from project "C:\Program Files\dotnet\sdk\9.0.304\Microsoft.NETFramework.CurrentVersion.targets".
       Overriding target "ResolveFrameworkReferences" in project "C:\Program Files\dotnet\sdk\9.0.304\Microsoft.Common.CurrentVersion.targets" with target "ResolveFrameworkReferences" from project "C:\Program Files\dotnet\sdk\9.0.304\Sdks\Microsoft.NET.Sdk\targets\Microsoft.NET.Sdk.FrameworkReferenceResolution.targets".
       Overriding target "Run" in project "C:\Program Files\dotnet\sdk\9.0.304\Microsoft.Common.CurrentVersion.targets" with target "Run" from project "C:\Program Files\dotnet\sdk\9.0.304\Sdks\Microsoft.NET.Sdk\targets\Microsoft.NET.Sdk.targets".
       Overriding target "GenerateSupportedTargetFrameworkAlias" in project "C:\Program Files\dotnet\sdk\9.0.304\Microsoft.Common.CurrentVersion.targets" with target "GenerateSupportedTargetFrameworkAlias" from project "C:\Program Files\dotnet\sdk\9.0.304\Sdks\Microsoft.NET.Sdk\targets\Microsoft.NET.Sdk.targets".
       Overriding target "DesignerRuntimeImplementationProjectOutputGroup" in project "C:\Program Files\dotnet\sdk\9.0.304\Microsoft.Common.CurrentVersion.targets" with target "DesignerRuntimeImplementationProjectOutputGroup" from project "C:\Program Files\dotnet\sdk\9.0.304\Sdks\Microsoft.NET.Sdk\targets\Microsoft.NET.DesignerSupport.targets".
       Overriding target "Publish" in project "C:\Program Files\dotnet\sdk\9.0.304\Microsoft.Common.CurrentVersion.targets" with target "Publish" from project "C:\Program Files\dotnet\sdk\9.0.304\Sdks\Microsoft.NET.Sdk\targets\Microsoft.NET.Publish.targets".
       Overriding target "ResolveReadyToRunCompilers" in project "C:\Program Files\dotnet\sdk\9.0.304\Sdks\Microsoft.NET.Sdk\targets\Microsoft.NET.CrossGen.targets" with target "ResolveReadyToRunCompilers" from project "C:\Program Files\dotnet\sdk\9.0.304\Sdks\Microsoft.NET.Sdk\targets\Microsoft.NET.Publish.targets".
       Overriding target "GetCopyToPublishDirectoryItems" in project "C:\Program Files\dotnet\sdk\9.0.304\Microsoft.Common.CurrentVersion.targets" with target "GetCopyToPublishDirectoryItems" from project "C:\Program Files\dotnet\sdk\9.0.304\Sdks\Microsoft.NET.Sdk\targets\Microsoft.NET.Publish.targets".
     1>Project "c:\AI\7agent2\mod\mnetSevenDaysBridge\src\mnetSevenDaysBridge.csproj" (1) is building "c:\AI\7agent2\mod\mnetSevenDaysBridge\src\mnetSevenDaysBridge.csproj" (1:2) on node 1 (_IsProjectRestoreSupported target(s)).
   1:2>Target "_IsProjectRestoreSupported" in file "C:\Program Files\dotnet\sdk\9.0.304\NuGet.targets" from project "c:\AI\7agent2\mod\mnetSevenDaysBridge\src\mnetSevenDaysBridge.csproj" (entry point):
   1:2>Done building target "_IsProjectRestoreSupported" in project "mnetSevenDaysBridge.csproj".
   1:2>Done Building Project "c:\AI\7agent2\mod\mnetSevenDaysBridge\src\mnetSevenDaysBridge.csproj" (_IsProjectRestoreSupported target(s)).
     1>Done executing task "MSBuild".
       Task "MSBuild" skipped, due to false condition; ( '$(RestoreUseSkipNonexistentTargets)' != 'true' ) was evaluated as ( 'true' != 'true' ).
       Assembly loaded during TaskRun: NuGet.Build.Tasks, Version=6.14.0.116, Culture=neutral, PublicKeyToken=31bf3856ad364e35 (location: C:\Program Files\dotnet\sdk\9.0.304\NuGet.Build.Tasks.dll, MVID: c545d64d-0cbb-4fc0-971c-b5c1c1e75cf3, AssemblyLoadContext: MSBuild plugin C:\Program Files\dotnet\sdk\9.0.304\NuGet.Build.Tasks.dll)
       Assembly loaded during TaskRun: NuGet.Common, Version=6.14.0.116, Culture=neutral, PublicKeyToken=31bf3856ad364e35 (location: C:\Program Files\dotnet\sdk\9.0.304\NuGet.Common.dll, MVID: 0fbb79ae-e358-4591-bc91-e34371a3d05b, AssemblyLoadContext: MSBuild plugin C:\Program Files\dotnet\sdk\9.0.304\NuGet.Build.Tasks.dll)
       Assembly loaded during TaskRun: NuGet.Commands, Version=6.14.0.116, Culture=neutral, PublicKeyToken=31bf3856ad364e35 (location: C:\Program Files\dotnet\sdk\9.0.304\NuGet.Commands.dll, MVID: e743f127-1013-45a0-a669-058903e72acf, AssemblyLoadContext: MSBuild plugin C:\Program Files\dotnet\sdk\9.0.304\NuGet.Build.Tasks.dll)
       Assembly loaded during TaskRun: NuGet.ProjectModel, Version=6.14.0.116, Culture=neutral, PublicKeyToken=31bf3856ad364e35 (location: C:\Program Files\dotnet\sdk\9.0.304\NuGet.ProjectModel.dll, MVID: 08d0df58-191b-4580-9b46-c281ab5b9b36, AssemblyLoadContext: MSBuild plugin C:\Program Files\dotnet\sdk\9.0.304\NuGet.Build.Tasks.dll)
       Using "WarnForInvalidProjectsTask" task from assembly "C:\Program Files\dotnet\sdk\9.0.304\NuGet.Build.Tasks.dll".
       Task "WarnForInvalidProjectsTask"
       Done executing task "WarnForInvalidProjectsTask".
     1>Done building target "_FilterRestoreGraphProjectInputItems" in project "mnetSevenDaysBridge.csproj".
       Target "_FilterRestoreGraphProjectInputItems" skipped. Previously built successfully.
     1>Target "_GetAllRestoreProjectPathItems" in file "C:\Program Files\dotnet\sdk\9.0.304\NuGet.targets" from project "c:\AI\7agent2\mod\mnetSevenDaysBridge\src\mnetSevenDaysBridge.csproj" (target "_GenerateRestoreGraph" depends on it):
       Using "NuGetMessageTask" task from assembly "C:\Program Files\dotnet\sdk\9.0.304\NuGet.Build.Tasks.dll".
       Task "NuGetMessageTask"
         Determining projects to restore...
       Done executing task "NuGetMessageTask".
       Task "MSBuild"
         Global Properties:
           ExcludeRestorePackageImports=true
     1>Project "c:\AI\7agent2\mod\mnetSevenDaysBridge\src\mnetSevenDaysBridge.csproj" (1) is building "c:\AI\7agent2\mod\mnetSevenDaysBridge\src\mnetSevenDaysBridge.csproj" (1:3) on node 1 (_GenerateRestoreProjectPathWalk target(s)).
   1:3>Target "_GenerateRestoreProjectPathItemsAllFrameworks" skipped, due to false condition; ( '$(TargetFrameworks)' != '' ) was evaluated as ( '' != '' ).
   1:3>Target "_GenerateRestoreProjectPathItemsPerFramework" in file "C:\Program Files\dotnet\sdk\9.0.304\NuGet.targets" from project "c:\AI\7agent2\mod\mnetSevenDaysBridge\src\mnetSevenDaysBridge.csproj" (target "_GenerateRestoreProjectPathItemsCurrentProject" depends on it):
       Using "ConvertToAbsolutePath" task from assembly "Microsoft.Build.Tasks.Core, Version=15.1.0.0, Culture=neutral, PublicKeyToken=b03f5f7f11d50a3a".
       Task "ConvertToAbsolutePath"
       Done executing task "ConvertToAbsolutePath".
   1:3>Done building target "_GenerateRestoreProjectPathItemsPerFramework" in project "mnetSevenDaysBridge.csproj".
   1:3>Target "_GenerateRestoreProjectPathItemsCurrentProject" in file "C:\Program Files\dotnet\sdk\9.0.304\NuGet.targets" from project "c:\AI\7agent2\mod\mnetSevenDaysBridge\src\mnetSevenDaysBridge.csproj" (target "_GenerateRestoreProjectPathItems" depends on it):
   1:3>Done building target "_GenerateRestoreProjectPathItemsCurrentProject" in project "mnetSevenDaysBridge.csproj".
   1:3>Target "_GenerateRestoreProjectPathItems" in file "C:\Program Files\dotnet\sdk\9.0.304\NuGet.targets" from project "c:\AI\7agent2\mod\mnetSevenDaysBridge\src\mnetSevenDaysBridge.csproj" (target "_GenerateRestoreProjectPathWalk" depends on it):
       Task "RemoveDuplicates"
       Done executing task "RemoveDuplicates".
   1:3>Done building target "_GenerateRestoreProjectPathItems" in project "mnetSevenDaysBridge.csproj".
   1:3>Target "_GenerateRestoreProjectPathWalk" in file "C:\Program Files\dotnet\sdk\9.0.304\NuGet.targets" from project "c:\AI\7agent2\mod\mnetSevenDaysBridge\src\mnetSevenDaysBridge.csproj" (entry point):
       Task "MSBuild"
       Done executing task "MSBuild".
       Task "MSBuild" skipped, due to false condition; ( '$(RestoreUseSkipNonexistentTargets)' != 'true' ) was evaluated as ( 'true' != 'true' ).
       Task "RemoveDuplicates"
       Done executing task "RemoveDuplicates".
   1:3>Done building target "_GenerateRestoreProjectPathWalk" in project "mnetSevenDaysBridge.csproj".
   1:3>Done Building Project "c:\AI\7agent2\mod\mnetSevenDaysBridge\src\mnetSevenDaysBridge.csproj" (_GenerateRestoreProjectPathWalk target(s)).
     1>Done executing task "MSBuild".
       Task "MSBuild" skipped, due to false condition; ( '$(RestoreUseSkipNonexistentTargets)' != 'true' ) was evaluated as ( 'true' != 'true' ).
       Task "RemoveDuplicates"
       Done executing task "RemoveDuplicates".
       Task "MSBuild"
         Global Properties:
           ExcludeRestorePackageImports=true
     1>Project "c:\AI\7agent2\mod\mnetSevenDaysBridge\src\mnetSevenDaysBridge.csproj" (1) is building "c:\AI\7agent2\mod\mnetSevenDaysBridge\src\mnetSevenDaysBridge.csproj" (1:4) on node 1 (_IsProjectRestoreSupported target(s)).
   1:4>Target "_IsProjectRestoreSupported" skipped. Previously built successfully.
   1:4>Done Building Project "c:\AI\7agent2\mod\mnetSevenDaysBridge\src\mnetSevenDaysBridge.csproj" (_IsProjectRestoreSupported target(s)).
     1>Done executing task "MSBuild".
       Task "MSBuild" skipped, due to false condition; ( '$(RestoreUseSkipNonexistentTargets)' != 'true' ) was evaluated as ( 'true' != 'true' ).
     1>Done building target "_GetAllRestoreProjectPathItems" in project "mnetSevenDaysBridge.csproj".
     1>Target "_GenerateRestoreGraph" in file "C:\Program Files\dotnet\sdk\9.0.304\NuGet.targets" from project "c:\AI\7agent2\mod\mnetSevenDaysBridge\src\mnetSevenDaysBridge.csproj" (target "Restore" depends on it):
       Using "Message" task from assembly "Microsoft.Build.Tasks.Core, Version=15.1.0.0, Culture=neutral, PublicKeyToken=b03f5f7f11d50a3a".
       Task "Message"
         Generating dg file
       Done executing task "Message".
       Task "Message"
         c:\AI\7agent2\mod\mnetSevenDaysBridge\src\mnetSevenDaysBridge.csproj
       Done executing task "Message".
       Task "MSBuild"
         Global Properties:
           ExcludeRestorePackageImports=true
     1>Project "c:\AI\7agent2\mod\mnetSevenDaysBridge\src\mnetSevenDaysBridge.csproj" (1) is building "c:\AI\7agent2\mod\mnetSevenDaysBridge\src\mnetSevenDaysBridge.csproj" (1:5) on node 1 (_GenerateRestoreGraphProjectEntry target(s)).
   1:5>Target "_GetProjectJsonPath" in file "C:\Program Files\dotnet\sdk\9.0.304\NuGet.targets" from project "c:\AI\7agent2\mod\mnetSevenDaysBridge\src\mnetSevenDaysBridge.csproj" (target "_GetRestoreProjectStyle" depends on it):
   1:5>Task "GetRestoreProjectJsonPathTask" skipped, due to false condition; ( '$(RestoreProjectStyle)' == 'ProjectJson' OR '$(RestoreProjectStyle)' == '' ) was evaluated as ( 'PackageReference' == 'ProjectJson' OR 'PackageReference' == '' ).
   1:5>Done building target "_GetProjectJsonPath" in project "mnetSevenDaysBridge.csproj".
       Target "_CheckForUnsupportedTargetPlatformIdentifier" skipped, due to false condition; ('$(TargetPlatformIdentifier)' != '' and '$(TargetFrameworkIdentifier)' == '.NETCoreApp' and $([MSBuild]::VersionGreaterThanOrEquals($(TargetFrameworkVersion), 5.0)) And ('$(DesignTimeBuild)' != 'true' Or '@(MissingWorkloadPack)' == '')) was evaluated as ('Windows' != '' and '.NETFramework' == '.NETCoreApp' and False And ('' != 'true' Or '' == '')).
       Target "_CheckForMissingWorkload" skipped, due to false condition; ('@(MissingWorkloadPack)' != '' And '$(DesignTimeBuild)' != 'true') was evaluated as ('' != '' And '' != 'true').
       Target "_CheckForUnsupportedNETCoreVersion" skipped, due to false condition; ('$(TargetFrameworkIdentifier)' == '.NETCoreApp' And '$(NETCoreAppMaximumVersion)' != '') was evaluated as ('.NETFramework' == '.NETCoreApp' And '9.0' != '').
       Target "_CheckForEolTargetFrameworks" skipped, due to false condition; ('@(_EolNetCoreTargetFrameworkVersions->AnyHaveMetadataValue('Identity', '$(_TargetFrameworkVersionWithoutV)'))' and '$(TargetFrameworkIdentifier)' == '.NETCoreApp' and '$(CheckEolTargetFramework)' == 'true') was evaluated as ('false' and '.NETFramework' == '.NETCoreApp' and '' == 'true').
       Target "_CheckForEolWorkloads" skipped, due to false condition; ('@(EolWorkload)' != '' and '$(CheckEolWorkloads)' == 'true') was evaluated as ('' != '' and 'true' == 'true').
       Target "_CheckForNotRecommendedNETStandardVersion" skipped, due to false condition; ('$(TargetFrameworkIdentifier)' == '.NETStandard' and $([MSBuild]::VersionLessThan($(TargetFrameworkVersion), '2.0'))) was evaluated as ('.NETFramework' == '.NETStandard' and False).
   1:5>Target "_CheckForUnsupportedCppNETCoreVersion" in file "C:\Program Files\dotnet\sdk\9.0.304\Sdks\Microsoft.NET.Sdk\targets\Microsoft.NET.TargetFrameworkInference.targets" from project "c:\AI\7agent2\mod\mnetSevenDaysBridge\src\mnetSevenDaysBridge.csproj" (target "CollectPackageReferences" depends on it):
       Task "NETSdkError" skipped, due to false condition; ('$(TargetFrameworkIdentifier)' == '.NETCoreApp' and '$(_TargetFrameworkVersionWithoutV)' < '3.1' and ('$(Language)' == 'C++' and '$(_EnablePackageReferencesInVCProjects)' != 'true')) was evaluated as ('.NETFramework' == '.NETCoreApp' and '4.8' < '3.1' and ('C#' == 'C++' and '' != 'true')).
   1:5>Done building target "_CheckForUnsupportedCppNETCoreVersion" in project "mnetSevenDaysBridge.csproj".
       Target "_CheckForUnsupportedNETStandardVersion" skipped, due to false condition; ('$(TargetFrameworkIdentifier)' == '.NETStandard' And '$(NETStandardMaximumVersion)' != '') was evaluated as ('.NETFramework' == '.NETStandard' And '' != '').
   1:5>Target "_CheckForUnsupportedTargetFrameworkAndFeatureCombination" in file "C:\Program Files\dotnet\sdk\9.0.304\Sdks\Microsoft.NET.Sdk\targets\Microsoft.NET.TargetFrameworkInference.targets" from project "c:\AI\7agent2\mod\mnetSevenDaysBridge\src\mnetSevenDaysBridge.csproj" (target "CollectPackageReferences" depends on it):
       Task "NETSdkError" skipped, due to false condition; ('$(UsingNETSdkDefaults)' != 'true') was evaluated as ('true' != 'true').
   1:5>Done building target "_CheckForUnsupportedTargetFrameworkAndFeatureCombination" in project "mnetSevenDaysBridge.csproj".
       Target "ApplyImplicitVersions" skipped, due to false condition; ('@(PackageReference)' != '') was evaluated as ('' != '').
   1:5>Target "IncludeTargetingPackReference" in file "C:\Program Files\dotnet\sdk\9.0.304\Sdks\Microsoft.NET.Sdk\targets\Microsoft.NET.Sdk.FrameworkReferenceResolution.targets" from project "c:\AI\7agent2\mod\mnetSevenDaysBridge\src\mnetSevenDaysBridge.csproj" (target "CheckForImplicitPackageReferenceOverrides" depends on it):
       Using "GetReferenceAssemblyPaths" task from assembly "Microsoft.Build.Tasks.Core, Version=15.1.0.0, Culture=neutral, PublicKeyToken=b03f5f7f11d50a3a".
       Task "GetReferenceAssemblyPaths"
       Done executing task "GetReferenceAssemblyPaths".
   1:5>Done building target "IncludeTargetingPackReference" in project "mnetSevenDaysBridge.csproj".
   1:5>Target "CheckForImplicitPackageReferenceOverrides" in file "C:\Program Files\dotnet\sdk\9.0.304\Sdks\Microsoft.NET.Sdk\targets\Microsoft.NET.Sdk.DefaultItems.Shared.targets" from project "c:\AI\7agent2\mod\mnetSevenDaysBridge\src\mnetSevenDaysBridge.csproj" (target "CollectPackageReferences" depends on it):
       Using "CheckForImplicitPackageReferenceOverrides" task from assembly "C:\Program Files\dotnet\sdk\9.0.304\Sdks\Microsoft.NET.Sdk\targets\..\tools\net9.0\Microsoft.NET.Build.Tasks.dll".
       Task "CheckForImplicitPackageReferenceOverrides"
       Done executing task "CheckForImplicitPackageReferenceOverrides".
   1:5>Done building target "CheckForImplicitPackageReferenceOverrides" in project "mnetSevenDaysBridge.csproj".
       Target "ProcessFrameworkReferences" skipped, due to false condition; ('@(FrameworkReference)' != '' Or '$(_RequiresILLinkPack)' == 'true') was evaluated as ('' != '' Or '' == 'true').
       Target "_NormalizeTargetPlatformVersion" skipped, due to false condition; ('$(TargetPlatformVersion)' != '' and '$(TargetFrameworkIdentifier)' == '.NETCoreApp' and $([MSBuild]::VersionGreaterThanOrEquals($(TargetFrameworkVersion), 5.0)) and ('$(Language)' != 'C++' or '$(_EnablePackageReferencesInVCProjects)' == 'true')) was evaluated as ('7.0' != '' and '.NETFramework' == '.NETCoreApp' and False and ('C#' != 'C++' or '' == 'true')).
   1:5>Target "_CheckForLanguageAndFeatureCombinationSupport" in file "C:\Program Files\dotnet\sdk\9.0.304\Sdks\Microsoft.NET.Sdk\targets\Microsoft.NET.RuntimeIdentifierInference.targets" from project "c:\AI\7agent2\mod\mnetSevenDaysBridge\src\mnetSevenDaysBridge.csproj" (target "ProcessFrameworkReferences" depends on it):
       Task "NETSdkError" skipped, due to false condition; (('$(Language)' == 'C++' and '$(_EnablePackageReferencesInVCProjects)' != 'true') and $(OutputType) != 'library' and '$(TargetFrameworkIdentifier)' == '.NETCoreApp') was evaluated as (('C#' == 'C++' and '' != 'true') and Library != 'library' and '.NETFramework' == '.NETCoreApp').
       Task "NETSdkError" skipped, due to false condition; (('$(Language)' == 'C++' and '$(_EnablePackageReferencesInVCProjects)' != 'true') and $(EnableComHosting) == 'true') was evaluated as (('C#' == 'C++' and '' != 'true') and  == 'true').
       Task "NETSdkError" skipped, due to false condition; (('$(Language)' == 'C++' and '$(_EnablePackageReferencesInVCProjects)' != 'true') and $(SelfContained) == 'true') was evaluated as (('C#' == 'C++' and '' != 'true') and  == 'true').
   1:5>Done building target "_CheckForLanguageAndFeatureCombinationSupport" in project "mnetSevenDaysBridge.csproj".
       Target "ApplyImplicitVersions" skipped, due to false condition; ('@(PackageReference)' != '') was evaluated as ('' != '').
   1:5>Target "_ComputeToolPackInputsToProcessFrameworkReferences" in file "C:\Program Files\dotnet\sdk\9.0.304\Sdks\Microsoft.NET.Sdk\targets\Microsoft.NET.Publish.targets" from project "c:\AI\7agent2\mod\mnetSevenDaysBridge\src\mnetSevenDaysBridge.csproj" (target "ProcessFrameworkReferences" depends on it):
   1:5>Done building target "_ComputeToolPackInputsToProcessFrameworkReferences" in project "mnetSevenDaysBridge.csproj".
       Target "IncludeTargetingPackReference" skipped. Previously built successfully.
       Target "_CheckMicrosoftNetCompilersToolsetFrameworkPackageReference" skipped, due to false condition; ('$(MSBuildRuntimeType)' == 'Full') was evaluated as ('Core' == 'Full').
   1:5>Target "_CheckForObsoleteDotNetCliToolReferences" in file "C:\Program Files\dotnet\sdk\9.0.304\Sdks\Microsoft.NET.Sdk\targets\Microsoft.NET.ObsoleteReferences.targets" from project "c:\AI\7agent2\mod\mnetSevenDaysBridge\src\mnetSevenDaysBridge.csproj" (target "CollectPackageReferences" depends on it):
       Task "NETSdkWarning" skipped, due to false condition; ( '%(_ReferenceToObsoleteDotNetCliTool.Identity)' != '' ) was evaluated as ( '' != '' ).
   1:5>Done building target "_CheckForObsoleteDotNetCliToolReferences" in project "mnetSevenDaysBridge.csproj".
   1:5>Target "CollectPackageReferences" in file "C:\Program Files\dotnet\sdk\9.0.304\NuGet.targets" from project "c:\AI\7agent2\mod\mnetSevenDaysBridge\src\mnetSevenDaysBridge.csproj" (target "_GetRestoreProjectStyle" depends on it):
       Using "CheckForDuplicateNuGetItemsTask" task from assembly "C:\Program Files\dotnet\sdk\9.0.304\NuGet.Build.Tasks.dll".
       Task "CheckForDuplicateNuGetItemsTask"
       Done executing task "CheckForDuplicateNuGetItemsTask".
   1:5>Done building target "CollectPackageReferences" in project "mnetSevenDaysBridge.csproj".
   1:5>Target "_GetRestoreProjectStyle" in file "C:\Program Files\dotnet\sdk\9.0.304\NuGet.targets" from project "c:\AI\7agent2\mod\mnetSevenDaysBridge\src\mnetSevenDaysBridge.csproj" (target "_GenerateRestoreSpecs" depends on it):
       Using "GetRestoreProjectStyleTask" task from assembly "C:\Program Files\dotnet\sdk\9.0.304\NuGet.Build.Tasks.dll".
       Task "GetRestoreProjectStyleTask"
       Done executing task "GetRestoreProjectStyleTask".
   1:5>Done building target "_GetRestoreProjectStyle" in project "mnetSevenDaysBridge.csproj".
   1:5>Target "_GenerateRestoreSpecs" in file "C:\Program Files\dotnet\sdk\9.0.304\NuGet.targets" from project "c:\AI\7agent2\mod\mnetSevenDaysBridge\src\mnetSevenDaysBridge.csproj" (target "_GenerateRestoreGraphProjectEntry" depends on it):
       Task "Message"
         Restore entry point c:\AI\7agent2\mod\mnetSevenDaysBridge\src\mnetSevenDaysBridge.csproj
       Done executing task "Message".
   1:5>Done building target "_GenerateRestoreSpecs" in project "mnetSevenDaysBridge.csproj".
   1:5>Target "_GetRestoreSettingsOverrides" in file "C:\Program Files\dotnet\sdk\9.0.304\NuGet.targets" from project "c:\AI\7agent2\mod\mnetSevenDaysBridge\src\mnetSevenDaysBridge.csproj" (target "_GetRestoreSettings" depends on it):
       Task "MSBuild" skipped, due to false condition; ( '$(RestorePackagesPath)' != '' ) was evaluated as ( '' != '' ).
       Task "MSBuild" skipped, due to false condition; ( '$(RestoreRepositoryPathOverride)' != '' ) was evaluated as ( '' != '' ).
       Task "MSBuild" skipped, due to false condition; ( '$(RestoreSources)' != '' ) was evaluated as ( '' != '' ).
       Task "MSBuild" skipped, due to false condition; ( '$(RestoreFallbackFolders)' != '' ) was evaluated as ( '' != '' ).
   1:5>Done building target "_GetRestoreSettingsOverrides" in project "mnetSevenDaysBridge.csproj".
   1:5>Target "_GetRestoreSettingsPerFramework" in file "C:\Program Files\dotnet\sdk\9.0.304\NuGet.targets" from project "c:\AI\7agent2\mod\mnetSevenDaysBridge\src\mnetSevenDaysBridge.csproj" (target "_GetRestoreSettingsCurrentProject" depends on it):
   1:5>Done building target "_GetRestoreSettingsPerFramework" in project "mnetSevenDaysBridge.csproj".
   1:5>Target "_GetRestoreSettingsCurrentProject" in file "C:\Program Files\dotnet\sdk\9.0.304\NuGet.targets" from project "c:\AI\7agent2\mod\mnetSevenDaysBridge\src\mnetSevenDaysBridge.csproj" (target "_GetRestoreSettings" depends on it):
   1:5>Done building target "_GetRestoreSettingsCurrentProject" in project "mnetSevenDaysBridge.csproj".
       Target "_GetRestoreSettingsAllFrameworks" skipped, due to false condition; ( '$(TargetFrameworks)' != '' AND '$(PackageReferenceCompatibleProjectStyle)' == 'true' ) was evaluated as ( '' != '' AND 'True' == 'true' ).
   1:5>Target "_GetRestoreSettings" in file "C:\Program Files\dotnet\sdk\9.0.304\NuGet.targets" from project "c:\AI\7agent2\mod\mnetSevenDaysBridge\src\mnetSevenDaysBridge.csproj" (target "_GenerateDotnetCliToolReferenceSpecs" depends on it):
       Using "GetRestoreSettingsTask" task from assembly "C:\Program Files\dotnet\sdk\9.0.304\NuGet.Build.Tasks.dll".
       Task "GetRestoreSettingsTask"
         Assembly loaded during TaskRun (NuGet.Build.Tasks.GetRestoreSettingsTask): NuGet.Configuration, Version=6.14.0.116, Culture=neutral, PublicKeyToken=31bf3856ad364e35 (location: C:\Program Files\dotnet\sdk\9.0.304\NuGet.Configuration.dll, MVID: b0f2e3cc-b478-45a0-a863-e83c6e00406f, AssemblyLoadContext: MSBuild plugin C:\Program Files\dotnet\sdk\9.0.304\NuGet.Build.Tasks.dll)
       Done executing task "GetRestoreSettingsTask".
   1:5>Done building target "_GetRestoreSettings" in project "mnetSevenDaysBridge.csproj".
   1:5>Target "_GenerateDotnetCliToolReferenceSpecs" in file "C:\Program Files\dotnet\sdk\9.0.304\NuGet.targets" from project "c:\AI\7agent2\mod\mnetSevenDaysBridge\src\mnetSevenDaysBridge.csproj" (target "_GenerateRestoreGraphProjectEntry" depends on it):
       Using "GetRestoreDotnetCliToolsTask" task from assembly "C:\Program Files\dotnet\sdk\9.0.304\NuGet.Build.Tasks.dll".
       Task "GetRestoreDotnetCliToolsTask"
       Done executing task "GetRestoreDotnetCliToolsTask".
   1:5>Done building target "_GenerateDotnetCliToolReferenceSpecs" in project "mnetSevenDaysBridge.csproj".
   1:5>Target "_GenerateRestoreGraphProjectEntry" in file "C:\Program Files\dotnet\sdk\9.0.304\NuGet.targets" from project "c:\AI\7agent2\mod\mnetSevenDaysBridge\src\mnetSevenDaysBridge.csproj" (entry point):
   1:5>Done building target "_GenerateRestoreGraphProjectEntry" in project "mnetSevenDaysBridge.csproj".
   1:5>Done Building Project "c:\AI\7agent2\mod\mnetSevenDaysBridge\src\mnetSevenDaysBridge.csproj" (_GenerateRestoreGraphProjectEntry target(s)).
     1>Done executing task "MSBuild".
       Task "MSBuild"
         Global Properties:
           ExcludeRestorePackageImports=true
     1>Project "c:\AI\7agent2\mod\mnetSevenDaysBridge\src\mnetSevenDaysBridge.csproj" (1) is building "c:\AI\7agent2\mod\mnetSevenDaysBridge\src\mnetSevenDaysBridge.csproj" (1:6) on node 1 (_GenerateProjectRestoreGraph target(s)).
   1:6>Target "_GetRestoreProjectStyle" skipped. Previously built successfully.
       Target "_GetRestoreProjectStyle" skipped. Previously built successfully.
       Target "_GetRestoreProjectStyle" skipped. Previously built successfully.
   1:6>Target "_GetRestoreTargetFrameworkOverride" in file "C:\Program Files\dotnet\sdk\9.0.304\NuGet.targets" from project "c:\AI\7agent2\mod\mnetSevenDaysBridge\src\mnetSevenDaysBridge.csproj" (target "_GetRestoreTargetFrameworksOutput" depends on it):
       Task "GetGlobalPropertyValueTask" skipped, due to false condition; ( '$(TargetFrameworks)' != '' ) was evaluated as ( '' != '' ).
   1:6>Done building target "_GetRestoreTargetFrameworkOverride" in project "mnetSevenDaysBridge.csproj".
   1:6>Target "_GetRestoreTargetFrameworksOutput" in file "C:\Program Files\dotnet\sdk\9.0.304\NuGet.targets" from project "c:\AI\7agent2\mod\mnetSevenDaysBridge\src\mnetSevenDaysBridge.csproj" (target "_GenerateRestoreProjectSpec" depends on it):
       Using "GetProjectTargetFrameworksTask" task from assembly "C:\Program Files\dotnet\sdk\9.0.304\NuGet.Build.Tasks.dll".
       Task "GetProjectTargetFrameworksTask"
       Done executing task "GetProjectTargetFrameworksTask".
   1:6>Done building target "_GetRestoreTargetFrameworksOutput" in project "mnetSevenDaysBridge.csproj".
       Target "_GetRestoreSettings" skipped. Previously built successfully.
   1:6>Target "_GenerateRestoreProjectSpec" in file "C:\Program Files\dotnet\sdk\9.0.304\NuGet.targets" from project "c:\AI\7agent2\mod\mnetSevenDaysBridge\src\mnetSevenDaysBridge.csproj" (target "_GenerateProjectRestoreGraph" depends on it):
       Task "ConvertToAbsolutePath"
       Done executing task "ConvertToAbsolutePath".
   1:6>Done building target "_GenerateRestoreProjectSpec" in project "mnetSevenDaysBridge.csproj".
       Target "_GenerateProjectRestoreGraphAllFrameworks" skipped, due to false condition; ( '$(TargetFrameworks)' != '' ) was evaluated as ( '' != '' ).
       Target "_GetRestoreProjectStyle" skipped. Previously built successfully.
       Target "CollectPackageReferences" skipped. Previously built successfully.
       Target "ProcessFrameworkReferences" skipped, due to false condition; ('@(FrameworkReference)' != '' Or '$(_RequiresILLinkPack)' == 'true') was evaluated as ('' != '' Or 'false' == 'true').
       Target "_NormalizeTargetPlatformVersion" skipped, due to false condition; ('$(TargetPlatformVersion)' != '' and '$(TargetFrameworkIdentifier)' == '.NETCoreApp' and $([MSBuild]::VersionGreaterThanOrEquals($(TargetFrameworkVersion), 5.0)) and ('$(Language)' != 'C++' or '$(_EnablePackageReferencesInVCProjects)' == 'true')) was evaluated as ('7.0' != '' and '.NETFramework' == '.NETCoreApp' and False and ('C#' != 'C++' or '' == 'true')).
       Target "ApplyImplicitVersions" skipped, due to false condition; ('@(PackageReference)' != '') was evaluated as ('' != '').
   1:6>Target "CollectPackageDownloads" in file "C:\Program Files\dotnet\sdk\9.0.304\NuGet.targets" from project "c:\AI\7agent2\mod\mnetSevenDaysBridge\src\mnetSevenDaysBridge.csproj" (target "_CollectRestoreInputs" depends on it):
       Task "CheckForDuplicateNuGetItemsTask"
       Done executing task "CheckForDuplicateNuGetItemsTask".
   1:6>Done building target "CollectPackageDownloads" in project "mnetSevenDaysBridge.csproj".
   1:6>Target "CollectFrameworkReferences" in file "C:\Program Files\dotnet\sdk\9.0.304\NuGet.targets" from project "c:\AI\7agent2\mod\mnetSevenDaysBridge\src\mnetSevenDaysBridge.csproj" (target "_CollectRestoreInputs" depends on it):
   1:6>Done building target "CollectFrameworkReferences" in project "mnetSevenDaysBridge.csproj".
   1:6>Target "CollectCentralPackageVersions" in file "C:\Program Files\dotnet\sdk\9.0.304\NuGet.targets" from project "c:\AI\7agent2\mod\mnetSevenDaysBridge\src\mnetSevenDaysBridge.csproj" (target "_CollectRestoreInputs" depends on it):
       Task "CheckForDuplicateNuGetItemsTask"
       Done executing task "CheckForDuplicateNuGetItemsTask".
   1:6>Done building target "CollectCentralPackageVersions" in project "mnetSevenDaysBridge.csproj".
   1:6>Target "CollectNuGetAuditSuppressions" in file "C:\Program Files\dotnet\sdk\9.0.304\NuGet.targets" from project "c:\AI\7agent2\mod\mnetSevenDaysBridge\src\mnetSevenDaysBridge.csproj" (target "_CollectRestoreInputs" depends on it):
       Task "CheckForDuplicateNuGetItemsTask"
       Done executing task "CheckForDuplicateNuGetItemsTask".
   1:6>Done building target "CollectNuGetAuditSuppressions" in project "mnetSevenDaysBridge.csproj".
       Target "AddPrunePackageReferences" skipped, due to false condition; ('$(RestoreEnablePackagePruning)' == 'true') was evaluated as ('false' == 'true').
   1:6>Target "CollectPrunePackageReferences" in file "C:\Program Files\dotnet\sdk\9.0.304\NuGet.targets" from project "c:\AI\7agent2\mod\mnetSevenDaysBridge\src\mnetSevenDaysBridge.csproj" (target "_CollectRestoreInputs" depends on it):
       Task "CheckForDuplicateNuGetItemsTask"
       Done executing task "CheckForDuplicateNuGetItemsTask".
   1:6>Done building target "CollectPrunePackageReferences" in project "mnetSevenDaysBridge.csproj".
   1:6>Target "_CollectRestoreInputs" in file "C:\Program Files\dotnet\sdk\9.0.304\NuGet.targets" from project "c:\AI\7agent2\mod\mnetSevenDaysBridge\src\mnetSevenDaysBridge.csproj" (target "_GenerateProjectRestoreGraphPerFramework" depends on it):
   1:6>Done building target "_CollectRestoreInputs" in project "mnetSevenDaysBridge.csproj".
       Target "PrepRestoreForStoreProjects" skipped, due to false condition; ('$(StorePackageName)' != '') was evaluated as ('' != '').
   1:6>Target "_GenerateProjectRestoreGraphPerFramework" in file "C:\Program Files\dotnet\sdk\9.0.304\NuGet.targets" from project "c:\AI\7agent2\mod\mnetSevenDaysBridge\src\mnetSevenDaysBridge.csproj" (target "_GenerateProjectRestoreGraphCurrentProject" depends on it):
       Using "GetRestoreProjectReferencesTask" task from assembly "C:\Program Files\dotnet\sdk\9.0.304\NuGet.Build.Tasks.dll".
       Task "GetRestoreProjectReferencesTask"
       Done executing task "GetRestoreProjectReferencesTask".
       Using "GetRestorePackageReferencesTask" task from assembly "C:\Program Files\dotnet\sdk\9.0.304\NuGet.Build.Tasks.dll".
       Task "GetRestorePackageReferencesTask"
       Done executing task "GetRestorePackageReferencesTask".
       Task "GetCentralPackageVersionsTask" skipped, due to false condition; ( '$(PackageReferenceCompatibleProjectStyle)' == 'true' AND '$(_CentralPackageVersionsEnabled)' == 'true' ) was evaluated as ( 'True' == 'true' AND '' == 'true' ).
       Using "GetRestorePackageDownloadsTask" task from assembly "C:\Program Files\dotnet\sdk\9.0.304\NuGet.Build.Tasks.dll".
       Task "GetRestorePackageDownloadsTask"
       Done executing task "GetRestorePackageDownloadsTask".
       Using "GetRestoreFrameworkReferencesTask" task from assembly "C:\Program Files\dotnet\sdk\9.0.304\NuGet.Build.Tasks.dll".
       Task "GetRestoreFrameworkReferencesTask"
       Done executing task "GetRestoreFrameworkReferencesTask".
       Using "GetRestoreNuGetAuditSuppressionsTask" task from assembly "C:\Program Files\dotnet\sdk\9.0.304\NuGet.Build.Tasks.dll".
       Task "GetRestoreNuGetAuditSuppressionsTask"
       Done executing task "GetRestoreNuGetAuditSuppressionsTask".
       Using "GetRestorePrunePackageReferencesTask" task from assembly "C:\Program Files\dotnet\sdk\9.0.304\NuGet.Build.Tasks.dll".
       Task "GetRestorePrunePackageReferencesTask"
       Done executing task "GetRestorePrunePackageReferencesTask".
   1:6>Done building target "_GenerateProjectRestoreGraphPerFramework" in project "mnetSevenDaysBridge.csproj".
   1:6>Target "_GenerateProjectRestoreGraphCurrentProject" in file "C:\Program Files\dotnet\sdk\9.0.304\NuGet.targets" from project "c:\AI\7agent2\mod\mnetSevenDaysBridge\src\mnetSevenDaysBridge.csproj" (target "_GenerateRestoreDependencies" depends on it):
   1:6>Done building target "_GenerateProjectRestoreGraphCurrentProject" in project "mnetSevenDaysBridge.csproj".
   1:6>Target "_GenerateRestoreDependencies" in file "C:\Program Files\dotnet\sdk\9.0.304\NuGet.targets" from project "c:\AI\7agent2\mod\mnetSevenDaysBridge\src\mnetSevenDaysBridge.csproj" (target "_GenerateProjectRestoreGraph" depends on it):
   1:6>Done building target "_GenerateRestoreDependencies" in project "mnetSevenDaysBridge.csproj".
   1:6>Target "_GenerateProjectRestoreGraph" in file "C:\Program Files\dotnet\sdk\9.0.304\NuGet.targets" from project "c:\AI\7agent2\mod\mnetSevenDaysBridge\src\mnetSevenDaysBridge.csproj" (entry point):
   1:6>Done building target "_GenerateProjectRestoreGraph" in project "mnetSevenDaysBridge.csproj".
   1:6>Done Building Project "c:\AI\7agent2\mod\mnetSevenDaysBridge\src\mnetSevenDaysBridge.csproj" (_GenerateProjectRestoreGraph target(s)).
     1>Done executing task "MSBuild".
     1>Done building target "_GenerateRestoreGraph" in project "mnetSevenDaysBridge.csproj".
       Target "_CheckForUnsupportedTargetFramework" skipped, due to false condition; ('$(_UnsupportedTargetFrameworkError)' == 'true') was evaluated as ('' == 'true').
     1>Target "_CollectTargetFrameworkForTelemetry" in file "C:\Program Files\dotnet\sdk\9.0.304\Sdks\Microsoft.NET.Sdk\targets\Microsoft.NET.TargetFrameworkInference.targets" from project "c:\AI\7agent2\mod\mnetSevenDaysBridge\src\mnetSevenDaysBridge.csproj" (target "Restore" depends on it):
       Using "AllowEmptyTelemetry" task from assembly "C:\Program Files\dotnet\sdk\9.0.304\Sdks\Microsoft.NET.Sdk\targets\..\tools\net9.0\Microsoft.NET.Build.Tasks.dll".
       Task "AllowEmptyTelemetry"
       Done executing task "AllowEmptyTelemetry".
     1>Done building target "_CollectTargetFrameworkForTelemetry" in project "mnetSevenDaysBridge.csproj".
       Target "_CheckForUnsupportedNETCoreVersion" skipped, due to false condition; ('$(TargetFrameworkIdentifier)' == '.NETCoreApp' And '$(NETCoreAppMaximumVersion)' != '') was evaluated as ('.NETFramework' == '.NETCoreApp' And '9.0' != '').
       Target "_CheckForEolTargetFrameworks" skipped, due to false condition; ('@(_EolNetCoreTargetFrameworkVersions->AnyHaveMetadataValue('Identity', '$(_TargetFrameworkVersionWithoutV)'))' and '$(TargetFrameworkIdentifier)' == '.NETCoreApp' and '$(CheckEolTargetFramework)' == 'true') was evaluated as ('false' and '.NETFramework' == '.NETCoreApp' and '' == 'true').
       Target "_CheckForEolWorkloads" skipped, due to false condition; ('@(EolWorkload)' != '' and '$(CheckEolWorkloads)' == 'true') was evaluated as ('' != '' and 'true' == 'true').
       Target "_CheckForNotRecommendedNETStandardVersion" skipped, due to false condition; ('$(TargetFrameworkIdentifier)' == '.NETStandard' and $([MSBuild]::VersionLessThan($(TargetFrameworkVersion), '2.0'))) was evaluated as ('.NETFramework' == '.NETStandard' and False).
     1>Target "_CheckForUnsupportedCppNETCoreVersion" in file "C:\Program Files\dotnet\sdk\9.0.304\Sdks\Microsoft.NET.Sdk\targets\Microsoft.NET.TargetFrameworkInference.targets" from project "c:\AI\7agent2\mod\mnetSevenDaysBridge\src\mnetSevenDaysBridge.csproj" (target "Restore" depends on it):
       Task "NETSdkError" skipped, due to false condition; ('$(TargetFrameworkIdentifier)' == '.NETCoreApp' and '$(_TargetFrameworkVersionWithoutV)' < '3.1' and ('$(Language)' == 'C++' and '$(_EnablePackageReferencesInVCProjects)' != 'true')) was evaluated as ('.NETFramework' == '.NETCoreApp' and '4.8' < '3.1' and ('C#' == 'C++' and '' != 'true')).
     1>Done building target "_CheckForUnsupportedCppNETCoreVersion" in project "mnetSevenDaysBridge.csproj".
       Target "_CheckForUnsupportedNETStandardVersion" skipped, due to false condition; ('$(TargetFrameworkIdentifier)' == '.NETStandard' And '$(NETStandardMaximumVersion)' != '') was evaluated as ('.NETFramework' == '.NETStandard' And '' != '').
     1>Target "_CheckForUnsupportedTargetFrameworkAndFeatureCombination" in file "C:\Program Files\dotnet\sdk\9.0.304\Sdks\Microsoft.NET.Sdk\targets\Microsoft.NET.TargetFrameworkInference.targets" from project "c:\AI\7agent2\mod\mnetSevenDaysBridge\src\mnetSevenDaysBridge.csproj" (target "Restore" depends on it):
       Task "NETSdkError" skipped, due to false condition; ('$(UsingNETSdkDefaults)' != 'true') was evaluated as ('true' != 'true').
     1>Done building target "_CheckForUnsupportedTargetFrameworkAndFeatureCombination" in project "mnetSevenDaysBridge.csproj".
     1>Target "Restore" in file "C:\Program Files\dotnet\sdk\9.0.304\NuGet.targets" from project "c:\AI\7agent2\mod\mnetSevenDaysBridge\src\mnetSevenDaysBridge.csproj" (entry point):
       Task "RemoveDuplicates"
       Done executing task "RemoveDuplicates".
       Using "RestoreTask" task from assembly "C:\Program Files\dotnet\sdk\9.0.304\NuGet.Build.Tasks.dll".
       Task "RestoreTask"
         Assembly loaded during TaskRun (NuGet.Build.Tasks.RestoreTask): NuGet.Packaging, Version=6.14.0.116, Culture=neutral, PublicKeyToken=31bf3856ad364e35 (location: C:\Program Files\dotnet\sdk\9.0.304\NuGet.Packaging.dll, MVID: cdc50a13-9777-4bbf-997e-763beae18a61, AssemblyLoadContext: MSBuild plugin C:\Program Files\dotnet\sdk\9.0.304\NuGet.Build.Tasks.dll)
         Assembly loaded during TaskRun (NuGet.Build.Tasks.RestoreTask): NuGet.LibraryModel, Version=6.14.0.116, Culture=neutral, PublicKeyToken=31bf3856ad364e35 (location: C:\Program Files\dotnet\sdk\9.0.304\NuGet.LibraryModel.dll, MVID: e00b38b3-9e45-44a2-8023-8c8ae09208b7, AssemblyLoadContext: MSBuild plugin C:\Program Files\dotnet\sdk\9.0.304\NuGet.Build.Tasks.dll)
         Assembly loaded during TaskRun (NuGet.Build.Tasks.RestoreTask): NuGet.Versioning, Version=6.14.0.116, Culture=neutral, PublicKeyToken=31bf3856ad364e35 (location: C:\Program Files\dotnet\sdk\9.0.304\NuGet.Versioning.dll, MVID: ecae64d3-0ef8-4164-9110-1e65ba08bca4, AssemblyLoadContext: MSBuild plugin C:\Program Files\dotnet\sdk\9.0.304\NuGet.Build.Tasks.dll)
         Assembly loaded during TaskRun (NuGet.Build.Tasks.RestoreTask): NuGet.Frameworks, Version=6.14.0.116, Culture=neutral, PublicKeyToken=31bf3856ad364e35 (location: C:\Program Files\dotnet\sdk\9.0.304\NuGet.Frameworks.dll, MVID: 6b5909cd-5145-46c4-9595-25461e82c126, AssemblyLoadContext: MSBuild plugin C:\Program Files\dotnet\sdk\9.0.304\NuGet.Build.Tasks.dll)
         Assembly loaded during TaskRun (NuGet.Build.Tasks.RestoreTask): System.Buffers, Version=9.0.0.0, Culture=neutral, PublicKeyToken=cc7b13ffcd2ddd51 (location: C:\Program Files\dotnet\shared\Microsoft.NETCore.App\9.0.8\System.Buffers.dll, MVID: 374275ae-bd0e-4f76-b7be-58c6fcf1ca95, AssemblyLoadContext: Default)
         Assembly loaded during TaskRun (NuGet.Build.Tasks.RestoreTask): NuGet.Protocol, Version=6.14.0.116, Culture=neutral, PublicKeyToken=31bf3856ad364e35 (location: C:\Program Files\dotnet\sdk\9.0.304\NuGet.Protocol.dll, MVID: f8777b05-1686-441b-9cec-a9710c5aa900, AssemblyLoadContext: MSBuild plugin C:\Program Files\dotnet\sdk\9.0.304\NuGet.Build.Tasks.dll)
         Assembly loaded during TaskRun (NuGet.Build.Tasks.RestoreTask): NuGet.Credentials, Version=6.14.0.116, Culture=neutral, PublicKeyToken=31bf3856ad364e35 (location: C:\Program Files\dotnet\sdk\9.0.304\NuGet.Credentials.dll, MVID: bd6612c0-8432-48ef-9aa9-96a29d2c500a, AssemblyLoadContext: MSBuild plugin C:\Program Files\dotnet\sdk\9.0.304\NuGet.Build.Tasks.dll)
         Assembly loaded during TaskRun (NuGet.Build.Tasks.RestoreTask): System.Collections.NonGeneric, Version=9.0.0.0, Culture=neutral, PublicKeyToken=b03f5f7f11d50a3a (location: C:\Program Files\dotnet\shared\Microsoft.NETCore.App\9.0.8\System.Collections.NonGeneric.dll, MVID: d1fb4146-e6cd-4939-be94-69ed7d0c6f14, AssemblyLoadContext: Default)
         X.509 certificate chain validation will use the default trust store selected by .NET for code signing.
         X.509 certificate chain validation will use the default trust store selected by .NET for timestamping.
         Assembly loaded during TaskRun (NuGet.Build.Tasks.RestoreTask): NuGet.DependencyResolver.Core, Version=6.14.0.116, Culture=neutral, PublicKeyToken=31bf3856ad364e35 (location: C:\Program Files\dotnet\sdk\9.0.304\NuGet.DependencyResolver.Core.dll, MVID: 6b197cc7-1c4a-4e48-895c-328987fdea28, AssemblyLoadContext: MSBuild plugin C:\Program Files\dotnet\sdk\9.0.304\NuGet.Build.Tasks.dll)
         Running restore with 8 concurrent jobs.
         Reading project file c:\AI\7agent2\mod\mnetSevenDaysBridge\src\mnetSevenDaysBridge.csproj.
         Assembly loaded during TaskRun (NuGet.Build.Tasks.RestoreTask): Newtonsoft.Json, Version=13.0.0.0, Culture=neutral, PublicKeyToken=30ad4fe6b2a6aeed (location: C:\Program Files\dotnet\sdk\9.0.304\Newtonsoft.Json.dll, MVID: 7e62198b-eab2-4380-bbac-29171862d1d8, AssemblyLoadContext: MSBuild plugin C:\Program Files\dotnet\sdk\9.0.304\NuGet.Build.Tasks.dll)
         Assembly loaded during TaskRun (NuGet.Build.Tasks.RestoreTask): System.Runtime.Serialization.Primitives, Version=9.0.0.0, Culture=neutral, PublicKeyToken=b03f5f7f11d50a3a (location: C:\Program Files\dotnet\shared\Microsoft.NETCore.App\9.0.8\System.Runtime.Serialization.Primitives.dll, MVID: f7616326-1368-46f9-8973-75ed361321da, AssemblyLoadContext: Default)
         Assembly loaded during TaskRun (NuGet.Build.Tasks.RestoreTask): System.Runtime.Numerics, Version=9.0.0.0, Culture=neutral, PublicKeyToken=b03f5f7f11d50a3a (location: C:\Program Files\dotnet\shared\Microsoft.NETCore.App\9.0.8\System.Runtime.Numerics.dll, MVID: 024567f8-e685-442d-80f3-d0e370342259, AssemblyLoadContext: Default)
         Assembly loaded during TaskRun (NuGet.Build.Tasks.RestoreTask): System.Text.Encodings.Web, Version=9.0.0.0, Culture=neutral, PublicKeyToken=cc7b13ffcd2ddd51 (location: C:\Program Files\dotnet\shared\Microsoft.NETCore.App\9.0.8\System.Text.Encodings.Web.dll, MVID: 0c40d411-7e35-4c57-95e2-3fb1018ddf8e, AssemblyLoadContext: Default)
         Assembly loaded during TaskRun (NuGet.Build.Tasks.RestoreTask): System.Runtime.Intrinsics, Version=9.0.0.0, Culture=neutral, PublicKeyToken=cc7b13ffcd2ddd51 (location: C:\Program Files\dotnet\shared\Microsoft.NETCore.App\9.0.8\System.Runtime.Intrinsics.dll, MVID: 78232cca-8a3c-4db0-8300-474025004d32, AssemblyLoadContext: Default)
         Assembly loaded during TaskRun (NuGet.Build.Tasks.RestoreTask): System.Reflection.Emit.Lightweight, Version=9.0.0.0, Culture=neutral, PublicKeyToken=b03f5f7f11d50a3a (location: C:\Program Files\dotnet\shared\Microsoft.NETCore.App\9.0.8\System.Reflection.Emit.Lightweight.dll, MVID: 221fc0d9-f6e4-435b-b4ff-432165173d50, AssemblyLoadContext: Default)
         Assembly loaded during TaskRun (NuGet.Build.Tasks.RestoreTask): System.Reflection.Primitives, Version=9.0.0.0, Culture=neutral, PublicKeyToken=b03f5f7f11d50a3a (location: C:\Program Files\dotnet\shared\Microsoft.NETCore.App\9.0.8\System.Reflection.Primitives.dll, MVID: 9eecd72a-aa3b-4397-b193-2dd129ac7612, AssemblyLoadContext: Default)
         Assembly loaded during TaskRun (NuGet.Build.Tasks.RestoreTask): System.Reflection.Emit.ILGeneration, Version=9.0.0.0, Culture=neutral, PublicKeyToken=b03f5f7f11d50a3a (location: C:\Program Files\dotnet\shared\Microsoft.NETCore.App\9.0.8\System.Reflection.Emit.ILGeneration.dll, MVID: ae5500ba-7105-4684-8251-80efcb6e1043, AssemblyLoadContext: Default)
         The restore inputs for 'mnetSevenDaysBridge' have not changed. No further actions are required to complete the restore.
         Committing restore...
         Assets file has not changed. Skipping assets file writing. Path: c:\AI\7agent2\mod\mnetSevenDaysBridge\src\obj\project.assets.json
         No-Op restore. The cache will not be updated. Path: c:\AI\7agent2\mod\mnetSevenDaysBridge\src\obj\project.nuget.cache
         Restored c:\AI\7agent2\mod\mnetSevenDaysBridge\src\mnetSevenDaysBridge.csproj (in 52 ms).
         
         NuGet Config files used:
             C:\Users\tetsuomorisaki\AppData\Roaming\NuGet\NuGet.Config
             C:\Program Files (x86)\NuGet\Config\Microsoft.VisualStudio.FallbackLocation.config
             C:\Program Files (x86)\NuGet\Config\Microsoft.VisualStudio.Offline.config
         
         Feeds used:
             https://api.nuget.org/v3/index.json
             C:\Program Files (x86)\Microsoft SDKs\NuGetPackages\
         All projects are up-to-date for restore.
       Done executing task "RestoreTask".
     1>Done building target "Restore" in project "mnetSevenDaysBridge.csproj".
     1>Done Building Project "c:\AI\7agent2\mod\mnetSevenDaysBridge\src\mnetSevenDaysBridge.csproj" (Restore target(s)).
     0>The SDK "Microsoft.NET.Sdk" was successfully resolved by the "DefaultSdkResolver" resolver to location "C:\Program Files\dotnet\sdk\9.0.304\Sdks\Microsoft.NET.Sdk\Sdk" and version "".
       C:\Program Files\dotnet\sdk\9.0.304\Sdks\Microsoft.NET.Sdk\Sdk\Sdk.props(49,11): message : Property 'MSBuildExtensionsPath' with value 'C:\Program Files\dotnet\sdk\9.0.304\' expanded from the environment.
       C:\Program Files\dotnet\sdk\9.0.304\Current\Microsoft.Common.props(60,5): message : Property reassignment: $(MSBuildProjectExtensionsPath)="c:\AI\7agent2\mod\mnetSevenDaysBridge\src\obj\" (previous value: "obj\") at C:\Program Files\dotnet\sdk\9.0.304\Current\Microsoft.Common.props (60,5)
       c:\AI\7agent2\mod\mnetSevenDaysBridge\src\obj\mnetSevenDaysBridge.csproj.nuget.g.props(7,5): message : Property 'USERPROFILE' with value 'C:\Users\tetsuomorisaki' expanded from the environment.
       C:\Program Files\dotnet\sdk\9.0.304\Current\Microsoft.Common.props(84,119): message : Property 'MSBuildUserExtensionsPath' with value 'C:\Users\tetsuomorisaki\AppData\Local\Microsoft\MSBuild' expanded from the environment.
       The "Configuration" property is a global property, and cannot be modified.
       The "Configuration" property is a global property, and cannot be modified.
       C:\Program Files\dotnet\sdk\9.0.304\Sdks\Microsoft.NET.Sdk\targets\Microsoft.NET.Sdk.props(90,5): message : Property reassignment: $(AssemblySearchPaths)="{CandidateAssemblyFiles};{HintPathFromItem}" (previous value: "{CandidateAssemblyFiles}") at C:\Program Files\dotnet\sdk\9.0.304\Sdks\Microsoft.NET.Sdk\targets\Microsoft.NET.Sdk.props (90,5)
       C:\Program Files\dotnet\sdk\9.0.304\Sdks\Microsoft.NET.Sdk\targets\Microsoft.NET.Sdk.props(91,5): message : Property reassignment: $(AssemblySearchPaths)="{CandidateAssemblyFiles};{HintPathFromItem};{TargetFrameworkDirectory}" (previous value: "{CandidateAssemblyFiles};{HintPathFromItem}") at C:\Program Files\dotnet\sdk\9.0.304\Sdks\Microsoft.NET.Sdk\targets\Microsoft.NET.Sdk.props (91,5)
       C:\Program Files\dotnet\sdk\9.0.304\Sdks\Microsoft.NET.Sdk\targets\Microsoft.NET.Sdk.props(92,5): message : Property reassignment: $(AssemblySearchPaths)="{CandidateAssemblyFiles};{HintPathFromItem};{TargetFrameworkDirectory};{RawFileName}" (previous value: "{CandidateAssemblyFiles};{HintPathFromItem};{TargetFrameworkDirectory}") at C:\Program Files\dotnet\sdk\9.0.304\Sdks\Microsoft.NET.Sdk\targets\Microsoft.NET.Sdk.props (92,5)
       The "DefaultSdkResolver" resolver attempted to resolve the SDK "Microsoft.NET.SDK.WorkloadAutoImportPropsLocator".
       Warnings: null
       Errors: MSB4276: The default SDK resolver failed to resolve SDK "Microsoft.NET.SDK.WorkloadAutoImportPropsLocator" because directory "C:\Program Files\dotnet\sdk\9.0.304\Sdks\Microsoft.NET.SDK.WorkloadAutoImportPropsLocator\Sdk" did not exist.
       The SDK "Microsoft.NET.SDK.WorkloadAutoImportPropsLocator" was successfully resolved by the "Microsoft.DotNet.MSBuildWorkloadSdkResolver" resolver to location "null" and version "null".
       C:\Program Files\dotnet\sdk\9.0.304\Sdks\Microsoft.NET.Sdk\targets\Microsoft.NET.PackProjectTool.props(15,5): message : Property reassignment: $(TargetsForTfmSpecificContentInPackage)=";PackTool;_PackProjectToolValidation" (previous value: ";PackTool") at C:\Program Files\dotnet\sdk\9.0.304\Sdks\Microsoft.NET.Sdk\targets\Microsoft.NET.PackProjectTool.props (15,5)
       The "SevenDaysManagedDir" property is a global property, and cannot be modified.
       The "Configuration" property is a global property, and cannot be modified.
       C:\Program Files\dotnet\sdk\9.0.304\Sdks\Microsoft.NET.Sdk\targets\Microsoft.NET.Sdk.ImportPublishProfile.targets(28,5): message : Property reassignment: $(PublishProfileImported)="false" (previous value: "true") at C:\Program Files\dotnet\sdk\9.0.304\Sdks\Microsoft.NET.Sdk\targets\Microsoft.NET.Sdk.ImportPublishProfile.targets (28,5)
       C:\Program Files\dotnet\sdk\9.0.304\Sdks\Microsoft.NET.Sdk\targets\Microsoft.NET.TargetFrameworkInference.targets(69,5): message : Property reassignment: $(TargetPlatformVersion)="" (previous value: "0.0") at C:\Program Files\dotnet\sdk\9.0.304\Sdks\Microsoft.NET.Sdk\targets\Microsoft.NET.TargetFrameworkInference.targets (69,5)
       C:\Program Files\dotnet\sdk\9.0.304\Sdks\Microsoft.NET.Sdk\targets\Microsoft.NET.DefaultOutputPaths.targets(122,5): message : Property reassignment: $(DefaultItemExcludes)=";..\build\bin\/**;obj\Release\/**" (previous value: ";..\build\bin\/**") at C:\Program Files\dotnet\sdk\9.0.304\Sdks\Microsoft.NET.Sdk\targets\Microsoft.NET.DefaultOutputPaths.targets (122,5)
       C:\Program Files\dotnet\sdk\9.0.304\Sdks\Microsoft.NET.Sdk\targets\Microsoft.NET.DefaultOutputPaths.targets(137,5): message : Property reassignment: $(OutputPath)="..\build\bin\net48\" (previous value: "..\build\bin\") at C:\Program Files\dotnet\sdk\9.0.304\Sdks\Microsoft.NET.Sdk\targets\Microsoft.NET.DefaultOutputPaths.targets (137,5)
       C:\Program Files\dotnet\sdk\9.0.304\Sdks\Microsoft.NET.Sdk\targets\Microsoft.NET.DefaultOutputPaths.targets(142,5): message : Property reassignment: $(IntermediateOutputPath)="obj\Release\net48\" (previous value: "obj\Release\") at C:\Program Files\dotnet\sdk\9.0.304\Sdks\Microsoft.NET.Sdk\targets\Microsoft.NET.DefaultOutputPaths.targets (142,5)
       The "DefaultSdkResolver" resolver attempted to resolve the SDK "Microsoft.NET.SDK.WorkloadManifestTargetsLocator".
       Warnings: null
       Errors: MSB4276: The default SDK resolver failed to resolve SDK "Microsoft.NET.SDK.WorkloadManifestTargetsLocator" because directory "C:\Program Files\dotnet\sdk\9.0.304\Sdks\Microsoft.NET.SDK.WorkloadManifestTargetsLocator\Sdk" did not exist.
       The SDK "Microsoft.NET.SDK.WorkloadManifestTargetsLocator" was successfully resolved by the "Microsoft.DotNet.MSBuildWorkloadSdkResolver" resolver to location "C:\Program Files\dotnet\sdk-manifests\9.0.100\microsoft.net.sdk.android\35.0.78" and version "null".
       C:\Program Files\dotnet\sdk\9.0.304\Sdks\Microsoft.NET.Sdk\targets\Microsoft.NET.Sdk.BeforeCommon.targets(189,5): message : Property reassignment: $(_FrameworkIdentifierForImplicitDefine)="NET" (previous value: "NETFRAMEWORK") at C:\Program Files\dotnet\sdk\9.0.304\Sdks\Microsoft.NET.Sdk\targets\Microsoft.NET.Sdk.BeforeCommon.targets (189,5)
       C:\Program Files\dotnet\sdk\9.0.304\Sdks\Microsoft.NET.Sdk\targets\Microsoft.NET.Sdk.BeforeCommon.targets(192,5): message : Property reassignment: $(_FrameworkVersionForImplicitDefine)="4_8" (previous value: "4.8") at C:\Program Files\dotnet\sdk\9.0.304\Sdks\Microsoft.NET.Sdk\targets\Microsoft.NET.Sdk.BeforeCommon.targets (192,5)
       C:\Program Files\dotnet\sdk\9.0.304\Sdks\Microsoft.NET.Sdk\targets\Microsoft.NET.Sdk.BeforeCommon.targets(193,5): message : Property reassignment: $(_FrameworkVersionForImplicitDefine)="48" (previous value: "4_8") at C:\Program Files\dotnet\sdk\9.0.304\Sdks\Microsoft.NET.Sdk\targets\Microsoft.NET.Sdk.BeforeCommon.targets (193,5)
       C:\Program Files\dotnet\sdk\9.0.304\Roslyn\Microsoft.CSharp.Core.targets(200,5): message : Property reassignment: $(CommandLineArgsForDesignTimeEvaluation)="-langversion:latest -define:TRACE" (previous value: "-langversion:latest") at C:\Program Files\dotnet\sdk\9.0.304\Roslyn\Microsoft.CSharp.Core.targets (200,5)
       C:\Program Files\dotnet\sdk\9.0.304\Microsoft.NETFramework.CurrentVersion.props(117,5): message : Property reassignment: $(AvailablePlatforms)="Any CPU,x86,x64,ARM64" (previous value: "Any CPU,x86,x64") at C:\Program Files\dotnet\sdk\9.0.304\Microsoft.NETFramework.CurrentVersion.props (117,5)
       C:\Program Files\dotnet\sdk\9.0.304\Microsoft.Common.CurrentVersion.targets(89,5): message : Property reassignment: $(TargetPlatformIdentifier)="Windows" (previous value: "") at C:\Program Files\dotnet\sdk\9.0.304\Microsoft.Common.CurrentVersion.targets (89,5)
       C:\Program Files\dotnet\sdk\9.0.304\Microsoft.Common.CurrentVersion.targets(90,5): message : Property reassignment: $(TargetPlatformVersion)="7.0" (previous value: "") at C:\Program Files\dotnet\sdk\9.0.304\Microsoft.Common.CurrentVersion.targets (90,5)
       The "Configuration" property is a global property, and cannot be modified.
       C:\Program Files\dotnet\sdk\9.0.304\Microsoft.Common.CurrentVersion.targets(179,5): message : Property reassignment: $(_DebugSymbolsProduced)="true" (previous value: "false") at C:\Program Files\dotnet\sdk\9.0.304\Microsoft.Common.CurrentVersion.targets (179,5)
       C:\Program Files\dotnet\sdk\9.0.304\Microsoft.Common.CurrentVersion.targets(185,5): message : Property reassignment: $(_DocumentationFileProduced)="false" (previous value: "true") at C:\Program Files\dotnet\sdk\9.0.304\Microsoft.Common.CurrentVersion.targets (185,5)
       C:\Program Files\dotnet\sdk\9.0.304\Microsoft.Common.CurrentVersion.targets(392,5): message : Property reassignment: $(MSBuildCopyMarkerName)="mnetSeve.12590B5E" (previous value: "mnetSevenDaysBridge.csproj") at C:\Program Files\dotnet\sdk\9.0.304\Microsoft.Common.CurrentVersion.targets (392,5)
       C:\Program Files\dotnet\sdk\9.0.304\Microsoft.Common.CurrentVersion.targets(393,5): message : Property reassignment: $(MSBuildCopyMarkerName)="mnetSeve.12590B5E.Up2Date" (previous value: "mnetSeve.12590B5E") at C:\Program Files\dotnet\sdk\9.0.304\Microsoft.Common.CurrentVersion.targets (393,5)
       C:\Program Files\dotnet\sdk\9.0.304\Microsoft.Common.CurrentVersion.targets(541,5): message : Property reassignment: $(ProcessorArchitecture)="msil" (previous value: "") at C:\Program Files\dotnet\sdk\9.0.304\Microsoft.Common.CurrentVersion.targets (541,5)
       C:\Program Files\dotnet\sdk\9.0.304\Microsoft.Common.CurrentVersion.targets(580,5): message : Property reassignment: $(DelaySign)="" (previous value: "false") at C:\Program Files\dotnet\sdk\9.0.304\Microsoft.Common.CurrentVersion.targets (580,5)
       C:\Program Files\dotnet\sdk\9.0.304\Microsoft.Common.CurrentVersion.targets(2619,5): message : Property 'LOCALAPPDATA' with value 'C:\Users\tetsuomorisaki\AppData\Local' expanded from the environment.
       C:\Program Files\dotnet\sdk\9.0.304\Microsoft.Common.CurrentVersion.targets(3947,5): message : Property reassignment: $(_SGenGenerateSerializationAssembliesConfig)="Auto" (previous value: "") at C:\Program Files\dotnet\sdk\9.0.304\Microsoft.Common.CurrentVersion.targets (3947,5)
       C:\Program Files\dotnet\sdk\9.0.304\Microsoft.Common.CurrentVersion.targets(5159,5): message : Property reassignment: $(_TargetsThatPrepareProjectReferences)="
       C:\Program Files\dotnet\sdk\9.0.304\Microsoft.Common.CurrentVersion.targets(5159,5): message :       AssignProjectConfiguration;
       C:\Program Files\dotnet\sdk\9.0.304\Microsoft.Common.CurrentVersion.targets(5159,5): message :       _SplitProjectReferencesByFileExistence
       C:\Program Files\dotnet\sdk\9.0.304\Microsoft.Common.CurrentVersion.targets(5159,5): message :     " (previous value: "_SplitProjectReferencesByFileExistence") at C:\Program Files\dotnet\sdk\9.0.304\Microsoft.Common.CurrentVersion.targets (5159,5)
       C:\Program Files\dotnet\sdk\9.0.304\Microsoft.Common.CurrentVersion.targets(6954,5): message : Property 'MSBuildExtensionsPath32' with value 'C:\Program Files\dotnet\sdk\9.0.304' expanded from the environment.
       C:\Program Files\dotnet\sdk\9.0.304\Microsoft.NETFramework.CurrentVersion.targets(74,5): message : Property reassignment: $(ResolveReferencesDependsOn)="
       C:\Program Files\dotnet\sdk\9.0.304\Microsoft.NETFramework.CurrentVersion.targets(74,5): message :       
       C:\Program Files\dotnet\sdk\9.0.304\Microsoft.NETFramework.CurrentVersion.targets(74,5): message :       BeforeResolveReferences;
       C:\Program Files\dotnet\sdk\9.0.304\Microsoft.NETFramework.CurrentVersion.targets(74,5): message :       AssignProjectConfiguration;
       C:\Program Files\dotnet\sdk\9.0.304\Microsoft.NETFramework.CurrentVersion.targets(74,5): message :       ResolveProjectReferences;
       C:\Program Files\dotnet\sdk\9.0.304\Microsoft.NETFramework.CurrentVersion.targets(74,5): message :       FindInvalidProjectReferences;
       C:\Program Files\dotnet\sdk\9.0.304\Microsoft.NETFramework.CurrentVersion.targets(74,5): message :       ResolveNativeReferences;
       C:\Program Files\dotnet\sdk\9.0.304\Microsoft.NETFramework.CurrentVersion.targets(74,5): message :       ResolveAssemblyReferences;
       C:\Program Files\dotnet\sdk\9.0.304\Microsoft.NETFramework.CurrentVersion.targets(74,5): message :       GenerateBindingRedirects;
       C:\Program Files\dotnet\sdk\9.0.304\Microsoft.NETFramework.CurrentVersion.targets(74,5): message :       GenerateBindingRedirectsUpdateAppConfig;
       C:\Program Files\dotnet\sdk\9.0.304\Microsoft.NETFramework.CurrentVersion.targets(74,5): message :       ResolveComReferences;
       C:\Program Files\dotnet\sdk\9.0.304\Microsoft.NETFramework.CurrentVersion.targets(74,5): message :       AfterResolveReferences
       C:\Program Files\dotnet\sdk\9.0.304\Microsoft.NETFramework.CurrentVersion.targets(74,5): message :     ;
       C:\Program Files\dotnet\sdk\9.0.304\Microsoft.NETFramework.CurrentVersion.targets(74,5): message :       ImplicitlyExpandDesignTimeFacades
       C:\Program Files\dotnet\sdk\9.0.304\Microsoft.NETFramework.CurrentVersion.targets(74,5): message :     " (previous value: "
       C:\Program Files\dotnet\sdk\9.0.304\Microsoft.NETFramework.CurrentVersion.targets(74,5): message :       BeforeResolveReferences;
       C:\Program Files\dotnet\sdk\9.0.304\Microsoft.NETFramework.CurrentVersion.targets(74,5): message :       AssignProjectConfiguration;
       C:\Program Files\dotnet\sdk\9.0.304\Microsoft.NETFramework.CurrentVersion.targets(74,5): message :       ResolveProjectReferences;
       C:\Program Files\dotnet\sdk\9.0.304\Microsoft.NETFramework.CurrentVersion.targets(74,5): message :       FindInvalidProjectReferences;
       C:\Program Files\dotnet\sdk\9.0.304\Microsoft.NETFramework.CurrentVersion.targets(74,5): message :       ResolveNativeReferences;
       C:\Program Files\dotnet\sdk\9.0.304\Microsoft.NETFramework.CurrentVersion.targets(74,5): message :       ResolveAssemblyReferences;
       C:\Program Files\dotnet\sdk\9.0.304\Microsoft.NETFramework.CurrentVersion.targets(74,5): message :       GenerateBindingRedirects;
       C:\Program Files\dotnet\sdk\9.0.304\Microsoft.NETFramework.CurrentVersion.targets(74,5): message :       GenerateBindingRedirectsUpdateAppConfig;
       C:\Program Files\dotnet\sdk\9.0.304\Microsoft.NETFramework.CurrentVersion.targets(74,5): message :       ResolveComReferences;
       C:\Program Files\dotnet\sdk\9.0.304\Microsoft.NETFramework.CurrentVersion.targets(74,5): message :       AfterResolveReferences
       C:\Program Files\dotnet\sdk\9.0.304\Microsoft.NETFramework.CurrentVersion.targets(74,5): message :     ") at C:\Program Files\dotnet\sdk\9.0.304\Microsoft.NETFramework.CurrentVersion.targets (74,5)
       C:\Program Files\dotnet\sdk\9.0.304\Sdks\Microsoft.NET.Sdk\targets\Microsoft.PackageDependencyResolution.targets(29,5): message : Property reassignment: $(ProjectAssetsCacheFile)="c:\AI\7agent2\mod\mnetSevenDaysBridge\src\obj\Release\net48\mnetSevenDaysBridge.assets.cache" (previous value: "obj\Release\net48\mnetSevenDaysBridge.assets.cache") at C:\Program Files\dotnet\sdk\9.0.304\Sdks\Microsoft.NET.Sdk\targets\Microsoft.PackageDependencyResolution.targets (29,5)
       C:\Program Files\dotnet\sdk\9.0.304\Sdks\Microsoft.NET.Sdk\targets\Microsoft.PackageDependencyResolution.targets(80,5): message : Property reassignment: $(ResolveAssemblyReferencesDependsOn)="
       C:\Program Files\dotnet\sdk\9.0.304\Sdks\Microsoft.NET.Sdk\targets\Microsoft.PackageDependencyResolution.targets(80,5): message :       
       C:\Program Files\dotnet\sdk\9.0.304\Sdks\Microsoft.NET.Sdk\targets\Microsoft.PackageDependencyResolution.targets(80,5): message :       ResolveProjectReferences;
       C:\Program Files\dotnet\sdk\9.0.304\Sdks\Microsoft.NET.Sdk\targets\Microsoft.PackageDependencyResolution.targets(80,5): message :       FindInvalidProjectReferences;
       C:\Program Files\dotnet\sdk\9.0.304\Sdks\Microsoft.NET.Sdk\targets\Microsoft.PackageDependencyResolution.targets(80,5): message :       GetFrameworkPaths;
       C:\Program Files\dotnet\sdk\9.0.304\Sdks\Microsoft.NET.Sdk\targets\Microsoft.PackageDependencyResolution.targets(80,5): message :       GetReferenceAssemblyPaths;
       C:\Program Files\dotnet\sdk\9.0.304\Sdks\Microsoft.NET.Sdk\targets\Microsoft.PackageDependencyResolution.targets(80,5): message :       PrepareForBuild;
       C:\Program Files\dotnet\sdk\9.0.304\Sdks\Microsoft.NET.Sdk\targets\Microsoft.PackageDependencyResolution.targets(80,5): message :       ResolveSDKReferences;
       C:\Program Files\dotnet\sdk\9.0.304\Sdks\Microsoft.NET.Sdk\targets\Microsoft.PackageDependencyResolution.targets(80,5): message :       ExpandSDKReferences;
       C:\Program Files\dotnet\sdk\9.0.304\Sdks\Microsoft.NET.Sdk\targets\Microsoft.PackageDependencyResolution.targets(80,5): message :     ;
       C:\Program Files\dotnet\sdk\9.0.304\Sdks\Microsoft.NET.Sdk\targets\Microsoft.PackageDependencyResolution.targets(80,5): message :       ResolvePackageDependenciesForBuild;
       C:\Program Files\dotnet\sdk\9.0.304\Sdks\Microsoft.NET.Sdk\targets\Microsoft.PackageDependencyResolution.targets(80,5): message :       _HandlePackageFileConflicts;
       C:\Program Files\dotnet\sdk\9.0.304\Sdks\Microsoft.NET.Sdk\targets\Microsoft.PackageDependencyResolution.targets(80,5): message :     " (previous value: "
       C:\Program Files\dotnet\sdk\9.0.304\Sdks\Microsoft.NET.Sdk\targets\Microsoft.PackageDependencyResolution.targets(80,5): message :       ResolveProjectReferences;
       C:\Program Files\dotnet\sdk\9.0.304\Sdks\Microsoft.NET.Sdk\targets\Microsoft.PackageDependencyResolution.targets(80,5): message :       FindInvalidProjectReferences;
       C:\Program Files\dotnet\sdk\9.0.304\Sdks\Microsoft.NET.Sdk\targets\Microsoft.PackageDependencyResolution.targets(80,5): message :       GetFrameworkPaths;
       C:\Program Files\dotnet\sdk\9.0.304\Sdks\Microsoft.NET.Sdk\targets\Microsoft.PackageDependencyResolution.targets(80,5): message :       GetReferenceAssemblyPaths;
       C:\Program Files\dotnet\sdk\9.0.304\Sdks\Microsoft.NET.Sdk\targets\Microsoft.PackageDependencyResolution.targets(80,5): message :       PrepareForBuild;
       C:\Program Files\dotnet\sdk\9.0.304\Sdks\Microsoft.NET.Sdk\targets\Microsoft.PackageDependencyResolution.targets(80,5): message :       ResolveSDKReferences;
       C:\Program Files\dotnet\sdk\9.0.304\Sdks\Microsoft.NET.Sdk\targets\Microsoft.PackageDependencyResolution.targets(80,5): message :       ExpandSDKReferences;
       C:\Program Files\dotnet\sdk\9.0.304\Sdks\Microsoft.NET.Sdk\targets\Microsoft.PackageDependencyResolution.targets(80,5): message :     ") at C:\Program Files\dotnet\sdk\9.0.304\Sdks\Microsoft.NET.Sdk\targets\Microsoft.PackageDependencyResolution.targets (80,5)
       C:\Program Files\dotnet\sdk\9.0.304\Sdks\Microsoft.NET.Sdk\targets\Microsoft.PackageDependencyResolution.targets(86,5): message : Property reassignment: $(PrepareResourcesDependsOn)="
       C:\Program Files\dotnet\sdk\9.0.304\Sdks\Microsoft.NET.Sdk\targets\Microsoft.PackageDependencyResolution.targets(86,5): message :       ResolvePackageDependenciesForBuild;
       C:\Program Files\dotnet\sdk\9.0.304\Sdks\Microsoft.NET.Sdk\targets\Microsoft.PackageDependencyResolution.targets(86,5): message :       _HandlePackageFileConflicts;
       C:\Program Files\dotnet\sdk\9.0.304\Sdks\Microsoft.NET.Sdk\targets\Microsoft.PackageDependencyResolution.targets(86,5): message :       
       C:\Program Files\dotnet\sdk\9.0.304\Sdks\Microsoft.NET.Sdk\targets\Microsoft.PackageDependencyResolution.targets(86,5): message :       ;
       C:\Program Files\dotnet\sdk\9.0.304\Sdks\Microsoft.NET.Sdk\targets\Microsoft.PackageDependencyResolution.targets(86,5): message :       PrepareResourceNames;
       C:\Program Files\dotnet\sdk\9.0.304\Sdks\Microsoft.NET.Sdk\targets\Microsoft.PackageDependencyResolution.targets(86,5): message :       ResGen;
       C:\Program Files\dotnet\sdk\9.0.304\Sdks\Microsoft.NET.Sdk\targets\Microsoft.PackageDependencyResolution.targets(86,5): message :       CompileLicxFiles
       C:\Program Files\dotnet\sdk\9.0.304\Sdks\Microsoft.NET.Sdk\targets\Microsoft.PackageDependencyResolution.targets(86,5): message :     
       C:\Program Files\dotnet\sdk\9.0.304\Sdks\Microsoft.NET.Sdk\targets\Microsoft.PackageDependencyResolution.targets(86,5): message :     " (previous value: "
       C:\Program Files\dotnet\sdk\9.0.304\Sdks\Microsoft.NET.Sdk\targets\Microsoft.PackageDependencyResolution.targets(86,5): message :       ;
       C:\Program Files\dotnet\sdk\9.0.304\Sdks\Microsoft.NET.Sdk\targets\Microsoft.PackageDependencyResolution.targets(86,5): message :       PrepareResourceNames;
       C:\Program Files\dotnet\sdk\9.0.304\Sdks\Microsoft.NET.Sdk\targets\Microsoft.PackageDependencyResolution.targets(86,5): message :       ResGen;
       C:\Program Files\dotnet\sdk\9.0.304\Sdks\Microsoft.NET.Sdk\targets\Microsoft.PackageDependencyResolution.targets(86,5): message :       CompileLicxFiles
       C:\Program Files\dotnet\sdk\9.0.304\Sdks\Microsoft.NET.Sdk\targets\Microsoft.PackageDependencyResolution.targets(86,5): message :     ") at C:\Program Files\dotnet\sdk\9.0.304\Sdks\Microsoft.NET.Sdk\targets\Microsoft.PackageDependencyResolution.targets (86,5)
       C:\Program Files\dotnet\sdk\9.0.304\Sdks\Microsoft.NET.Sdk\targets\Microsoft.NET.Sdk.DefaultItems.targets(27,5): message : Property reassignment: $(DefaultItemExcludes)=";..\build\bin\/**;obj\Release\/**;bin\/**" (previous value: ";..\build\bin\/**;obj\Release\/**") at C:\Program Files\dotnet\sdk\9.0.304\Sdks\Microsoft.NET.Sdk\targets\Microsoft.NET.Sdk.DefaultItems.targets (27,5)
       C:\Program Files\dotnet\sdk\9.0.304\Sdks\Microsoft.NET.Sdk\targets\Microsoft.NET.Sdk.DefaultItems.targets(29,5): message : Property reassignment: $(DefaultItemExcludes)=";..\build\bin\/**;obj\Release\/**;bin\/**;obj\/**" (previous value: ";..\build\bin\/**;obj\Release\/**;bin\/**") at C:\Program Files\dotnet\sdk\9.0.304\Sdks\Microsoft.NET.Sdk\targets\Microsoft.NET.Sdk.DefaultItems.targets (29,5)
       C:\Program Files\dotnet\sdk\9.0.304\Sdks\Microsoft.NET.Sdk\targets\Microsoft.NET.Sdk.DefaultItems.targets(32,5): message : Property reassignment: $(DefaultItemExcludes)=";..\build\bin\/**;obj\Release\/**;bin\/**;obj\/**;**/*.user" (previous value: ";..\build\bin\/**;obj\Release\/**;bin\/**;obj\/**") at C:\Program Files\dotnet\sdk\9.0.304\Sdks\Microsoft.NET.Sdk\targets\Microsoft.NET.Sdk.DefaultItems.targets (32,5)
       C:\Program Files\dotnet\sdk\9.0.304\Sdks\Microsoft.NET.Sdk\targets\Microsoft.NET.Sdk.DefaultItems.targets(33,5): message : Property reassignment: $(DefaultItemExcludes)=";..\build\bin\/**;obj\Release\/**;bin\/**;obj\/**;**/*.user;**/*.*proj" (previous value: ";..\build\bin\/**;obj\Release\/**;bin\/**;obj\/**;**/*.user") at C:\Program Files\dotnet\sdk\9.0.304\Sdks\Microsoft.NET.Sdk\targets\Microsoft.NET.Sdk.DefaultItems.targets (33,5)
       C:\Program Files\dotnet\sdk\9.0.304\Sdks\Microsoft.NET.Sdk\targets\Microsoft.NET.Sdk.DefaultItems.targets(34,5): message : Property reassignment: $(DefaultItemExcludes)=";..\build\bin\/**;obj\Release\/**;bin\/**;obj\/**;**/*.user;**/*.*proj;**/*.sln" (previous value: ";..\build\bin\/**;obj\Release\/**;bin\/**;obj\/**;**/*.user;**/*.*proj") at C:\Program Files\dotnet\sdk\9.0.304\Sdks\Microsoft.NET.Sdk\targets\Microsoft.NET.Sdk.DefaultItems.targets (34,5)
       C:\Program Files\dotnet\sdk\9.0.304\Sdks\Microsoft.NET.Sdk\targets\Microsoft.NET.Sdk.DefaultItems.targets(35,5): message : Property reassignment: $(DefaultItemExcludes)=";..\build\bin\/**;obj\Release\/**;bin\/**;obj\/**;**/*.user;**/*.*proj;**/*.sln;**/*.slnx" (previous value: ";..\build\bin\/**;obj\Release\/**;bin\/**;obj\/**;**/*.user;**/*.*proj;**/*.sln") at C:\Program Files\dotnet\sdk\9.0.304\Sdks\Microsoft.NET.Sdk\targets\Microsoft.NET.Sdk.DefaultItems.targets (35,5)
       C:\Program Files\dotnet\sdk\9.0.304\Sdks\Microsoft.NET.Sdk\targets\Microsoft.NET.Sdk.DefaultItems.targets(36,5): message : Property reassignment: $(DefaultItemExcludes)=";..\build\bin\/**;obj\Release\/**;bin\/**;obj\/**;**/*.user;**/*.*proj;**/*.sln;**/*.slnx;**/*.vssscc" (previous value: ";..\build\bin\/**;obj\Release\/**;bin\/**;obj\/**;**/*.user;**/*.*proj;**/*.sln;**/*.slnx") at C:\Program Files\dotnet\sdk\9.0.304\Sdks\Microsoft.NET.Sdk\targets\Microsoft.NET.Sdk.DefaultItems.targets (36,5)
       C:\Program Files\dotnet\sdk\9.0.304\Sdks\Microsoft.NET.Sdk\targets\Microsoft.NET.Sdk.DefaultItems.targets(37,5): message : Property reassignment: $(DefaultItemExcludes)=";..\build\bin\/**;obj\Release\/**;bin\/**;obj\/**;**/*.user;**/*.*proj;**/*.sln;**/*.slnx;**/*.vssscc;**/.DS_Store" (previous value: ";..\build\bin\/**;obj\Release\/**;bin\/**;obj\/**;**/*.user;**/*.*proj;**/*.sln;**/*.slnx;**/*.vssscc") at C:\Program Files\dotnet\sdk\9.0.304\Sdks\Microsoft.NET.Sdk\targets\Microsoft.NET.Sdk.DefaultItems.targets (37,5)
       C:\Program Files\dotnet\sdk\9.0.304\Sdks\Microsoft.NET.Sdk\targets\Microsoft.NET.Sdk.FrameworkReferenceResolution.targets(14,5): message : Property reassignment: $(ResolveAssemblyReferencesDependsOn)="
       C:\Program Files\dotnet\sdk\9.0.304\Sdks\Microsoft.NET.Sdk\targets\Microsoft.NET.Sdk.FrameworkReferenceResolution.targets(14,5): message :       
       C:\Program Files\dotnet\sdk\9.0.304\Sdks\Microsoft.NET.Sdk\targets\Microsoft.NET.Sdk.FrameworkReferenceResolution.targets(14,5): message :       
       C:\Program Files\dotnet\sdk\9.0.304\Sdks\Microsoft.NET.Sdk\targets\Microsoft.NET.Sdk.FrameworkReferenceResolution.targets(14,5): message :       ResolveProjectReferences;
       C:\Program Files\dotnet\sdk\9.0.304\Sdks\Microsoft.NET.Sdk\targets\Microsoft.NET.Sdk.FrameworkReferenceResolution.targets(14,5): message :       FindInvalidProjectReferences;
       C:\Program Files\dotnet\sdk\9.0.304\Sdks\Microsoft.NET.Sdk\targets\Microsoft.NET.Sdk.FrameworkReferenceResolution.targets(14,5): message :       GetFrameworkPaths;
       C:\Program Files\dotnet\sdk\9.0.304\Sdks\Microsoft.NET.Sdk\targets\Microsoft.NET.Sdk.FrameworkReferenceResolution.targets(14,5): message :       GetReferenceAssemblyPaths;
       C:\Program Files\dotnet\sdk\9.0.304\Sdks\Microsoft.NET.Sdk\targets\Microsoft.NET.Sdk.FrameworkReferenceResolution.targets(14,5): message :       PrepareForBuild;
       C:\Program Files\dotnet\sdk\9.0.304\Sdks\Microsoft.NET.Sdk\targets\Microsoft.NET.Sdk.FrameworkReferenceResolution.targets(14,5): message :       ResolveSDKReferences;
       C:\Program Files\dotnet\sdk\9.0.304\Sdks\Microsoft.NET.Sdk\targets\Microsoft.NET.Sdk.FrameworkReferenceResolution.targets(14,5): message :       ExpandSDKReferences;
       C:\Program Files\dotnet\sdk\9.0.304\Sdks\Microsoft.NET.Sdk\targets\Microsoft.NET.Sdk.FrameworkReferenceResolution.targets(14,5): message :     ;
       C:\Program Files\dotnet\sdk\9.0.304\Sdks\Microsoft.NET.Sdk\targets\Microsoft.NET.Sdk.FrameworkReferenceResolution.targets(14,5): message :       ResolvePackageDependenciesForBuild;
       C:\Program Files\dotnet\sdk\9.0.304\Sdks\Microsoft.NET.Sdk\targets\Microsoft.NET.Sdk.FrameworkReferenceResolution.targets(14,5): message :       _HandlePackageFileConflicts;
       C:\Program Files\dotnet\sdk\9.0.304\Sdks\Microsoft.NET.Sdk\targets\Microsoft.NET.Sdk.FrameworkReferenceResolution.targets(14,5): message :     ;
       C:\Program Files\dotnet\sdk\9.0.304\Sdks\Microsoft.NET.Sdk\targets\Microsoft.NET.Sdk.FrameworkReferenceResolution.targets(14,5): message :       ResolveTargetingPackAssets;
       C:\Program Files\dotnet\sdk\9.0.304\Sdks\Microsoft.NET.Sdk\targets\Microsoft.NET.Sdk.FrameworkReferenceResolution.targets(14,5): message :     " (previous value: "
       C:\Program Files\dotnet\sdk\9.0.304\Sdks\Microsoft.NET.Sdk\targets\Microsoft.NET.Sdk.FrameworkReferenceResolution.targets(14,5): message :       
       C:\Program Files\dotnet\sdk\9.0.304\Sdks\Microsoft.NET.Sdk\targets\Microsoft.NET.Sdk.FrameworkReferenceResolution.targets(14,5): message :       ResolveProjectReferences;
       C:\Program Files\dotnet\sdk\9.0.304\Sdks\Microsoft.NET.Sdk\targets\Microsoft.NET.Sdk.FrameworkReferenceResolution.targets(14,5): message :       FindInvalidProjectReferences;
       C:\Program Files\dotnet\sdk\9.0.304\Sdks\Microsoft.NET.Sdk\targets\Microsoft.NET.Sdk.FrameworkReferenceResolution.targets(14,5): message :       GetFrameworkPaths;
       C:\Program Files\dotnet\sdk\9.0.304\Sdks\Microsoft.NET.Sdk\targets\Microsoft.NET.Sdk.FrameworkReferenceResolution.targets(14,5): message :       GetReferenceAssemblyPaths;
       C:\Program Files\dotnet\sdk\9.0.304\Sdks\Microsoft.NET.Sdk\targets\Microsoft.NET.Sdk.FrameworkReferenceResolution.targets(14,5): message :       PrepareForBuild;
       C:\Program Files\dotnet\sdk\9.0.304\Sdks\Microsoft.NET.Sdk\targets\Microsoft.NET.Sdk.FrameworkReferenceResolution.targets(14,5): message :       ResolveSDKReferences;
       C:\Program Files\dotnet\sdk\9.0.304\Sdks\Microsoft.NET.Sdk\targets\Microsoft.NET.Sdk.FrameworkReferenceResolution.targets(14,5): message :       ExpandSDKReferences;
       C:\Program Files\dotnet\sdk\9.0.304\Sdks\Microsoft.NET.Sdk\targets\Microsoft.NET.Sdk.FrameworkReferenceResolution.targets(14,5): message :     ;
       C:\Program Files\dotnet\sdk\9.0.304\Sdks\Microsoft.NET.Sdk\targets\Microsoft.NET.Sdk.FrameworkReferenceResolution.targets(14,5): message :       ResolvePackageDependenciesForBuild;
       C:\Program Files\dotnet\sdk\9.0.304\Sdks\Microsoft.NET.Sdk\targets\Microsoft.NET.Sdk.FrameworkReferenceResolution.targets(14,5): message :       _HandlePackageFileConflicts;
       C:\Program Files\dotnet\sdk\9.0.304\Sdks\Microsoft.NET.Sdk\targets\Microsoft.NET.Sdk.FrameworkReferenceResolution.targets(14,5): message :     ") at C:\Program Files\dotnet\sdk\9.0.304\Sdks\Microsoft.NET.Sdk\targets\Microsoft.NET.Sdk.FrameworkReferenceResolution.targets (14,5)
       C:\Program Files\dotnet\sdk\9.0.304\Sdks\Microsoft.NET.Sdk\targets\Microsoft.NET.Sdk.targets(44,5): message : Property reassignment: $(_GenerateRuntimeConfigurationPropertyInputsCache)="c:\AI\7agent2\mod\mnetSevenDaysBridge\src\obj\Release\net48\mnetSevenDaysBridge.genruntimeconfig.cache" (previous value: "obj\Release\net48\mnetSevenDaysBridge.genruntimeconfig.cache") at C:\Program Files\dotnet\sdk\9.0.304\Sdks\Microsoft.NET.Sdk\targets\Microsoft.NET.Sdk.targets (44,5)
       C:\Program Files\dotnet\sdk\9.0.304\Sdks\Microsoft.NET.Sdk\targets\Microsoft.NET.Sdk.targets(46,5): message : Property reassignment: $(_GeneratePublishDependencyFilePropertyInputsCache)="c:\AI\7agent2\mod\mnetSevenDaysBridge\src\obj\Release\net48\mnetSevenDaysBridge.genpublishdeps.cache" (previous value: "obj\Release\net48\mnetSevenDaysBridge.genpublishdeps.cache") at C:\Program Files\dotnet\sdk\9.0.304\Sdks\Microsoft.NET.Sdk\targets\Microsoft.NET.Sdk.targets (46,5)
       C:\Program Files\dotnet\sdk\9.0.304\Sdks\Microsoft.NET.Sdk\targets\Microsoft.NET.Sdk.targets(48,5): message : Property reassignment: $(_GenerateSingleFileBundlePropertyInputsCache)="c:\AI\7agent2\mod\mnetSevenDaysBridge\src\obj\Release\net48\mnetSevenDaysBridge.genbundle.cache" (previous value: "obj\Release\net48\mnetSevenDaysBridge.genbundle.cache") at C:\Program Files\dotnet\sdk\9.0.304\Sdks\Microsoft.NET.Sdk\targets\Microsoft.NET.Sdk.targets (48,5)
       C:\Program Files\dotnet\sdk\9.0.304\Sdks\Microsoft.NET.Sdk\targets\Microsoft.NET.Sdk.targets(97,5): message : Property reassignment: $(_DefaultUserProfileRuntimeStorePath)="C:\Users\tetsuomorisaki" (previous value: "") at C:\Program Files\dotnet\sdk\9.0.304\Sdks\Microsoft.NET.Sdk\targets\Microsoft.NET.Sdk.targets (97,5)
       C:\Program Files\dotnet\sdk\9.0.304\Sdks\Microsoft.NET.Sdk\targets\Microsoft.NET.Sdk.targets(98,5): message : Property reassignment: $(_DefaultUserProfileRuntimeStorePath)="C:\Users\tetsuomorisaki\.dotnet\store" (previous value: "C:\Users\tetsuomorisaki") at C:\Program Files\dotnet\sdk\9.0.304\Sdks\Microsoft.NET.Sdk\targets\Microsoft.NET.Sdk.targets (98,5)
       C:\Program Files\dotnet\sdk\9.0.304\Sdks\Microsoft.NET.Sdk\targets\Microsoft.NET.Sdk.targets(201,5): message : Property reassignment: $(CoreBuildDependsOn)="
       C:\Program Files\dotnet\sdk\9.0.304\Sdks\Microsoft.NET.Sdk\targets\Microsoft.NET.Sdk.targets(201,5): message :       _CheckForBuildWithNoBuild;
       C:\Program Files\dotnet\sdk\9.0.304\Sdks\Microsoft.NET.Sdk\targets\Microsoft.NET.Sdk.targets(201,5): message :       
       C:\Program Files\dotnet\sdk\9.0.304\Sdks\Microsoft.NET.Sdk\targets\Microsoft.NET.Sdk.targets(201,5): message :       BuildOnlySettings;
       C:\Program Files\dotnet\sdk\9.0.304\Sdks\Microsoft.NET.Sdk\targets\Microsoft.NET.Sdk.targets(201,5): message :       PrepareForBuild;
       C:\Program Files\dotnet\sdk\9.0.304\Sdks\Microsoft.NET.Sdk\targets\Microsoft.NET.Sdk.targets(201,5): message :       PreBuildEvent;
       C:\Program Files\dotnet\sdk\9.0.304\Sdks\Microsoft.NET.Sdk\targets\Microsoft.NET.Sdk.targets(201,5): message :       ResolveReferences;
       C:\Program Files\dotnet\sdk\9.0.304\Sdks\Microsoft.NET.Sdk\targets\Microsoft.NET.Sdk.targets(201,5): message :       PrepareResources;
       C:\Program Files\dotnet\sdk\9.0.304\Sdks\Microsoft.NET.Sdk\targets\Microsoft.NET.Sdk.targets(201,5): message :       ResolveKeySource;
       C:\Program Files\dotnet\sdk\9.0.304\Sdks\Microsoft.NET.Sdk\targets\Microsoft.NET.Sdk.targets(201,5): message :       Compile;
       C:\Program Files\dotnet\sdk\9.0.304\Sdks\Microsoft.NET.Sdk\targets\Microsoft.NET.Sdk.targets(201,5): message :       ExportWindowsMDFile;
       C:\Program Files\dotnet\sdk\9.0.304\Sdks\Microsoft.NET.Sdk\targets\Microsoft.NET.Sdk.targets(201,5): message :       UnmanagedUnregistration;
       C:\Program Files\dotnet\sdk\9.0.304\Sdks\Microsoft.NET.Sdk\targets\Microsoft.NET.Sdk.targets(201,5): message :       GenerateSerializationAssemblies;
       C:\Program Files\dotnet\sdk\9.0.304\Sdks\Microsoft.NET.Sdk\targets\Microsoft.NET.Sdk.targets(201,5): message :       CreateSatelliteAssemblies;
       C:\Program Files\dotnet\sdk\9.0.304\Sdks\Microsoft.NET.Sdk\targets\Microsoft.NET.Sdk.targets(201,5): message :       GenerateManifests;
       C:\Program Files\dotnet\sdk\9.0.304\Sdks\Microsoft.NET.Sdk\targets\Microsoft.NET.Sdk.targets(201,5): message :       GetTargetPath;
       C:\Program Files\dotnet\sdk\9.0.304\Sdks\Microsoft.NET.Sdk\targets\Microsoft.NET.Sdk.targets(201,5): message :       PrepareForRun;
       C:\Program Files\dotnet\sdk\9.0.304\Sdks\Microsoft.NET.Sdk\targets\Microsoft.NET.Sdk.targets(201,5): message :       UnmanagedRegistration;
       C:\Program Files\dotnet\sdk\9.0.304\Sdks\Microsoft.NET.Sdk\targets\Microsoft.NET.Sdk.targets(201,5): message :       IncrementalClean;
       C:\Program Files\dotnet\sdk\9.0.304\Sdks\Microsoft.NET.Sdk\targets\Microsoft.NET.Sdk.targets(201,5): message :       PostBuildEvent
       C:\Program Files\dotnet\sdk\9.0.304\Sdks\Microsoft.NET.Sdk\targets\Microsoft.NET.Sdk.targets(201,5): message :     ;
       C:\Program Files\dotnet\sdk\9.0.304\Sdks\Microsoft.NET.Sdk\targets\Microsoft.NET.Sdk.targets(201,5): message :       GenerateBuildDependencyFile;
       C:\Program Files\dotnet\sdk\9.0.304\Sdks\Microsoft.NET.Sdk\targets\Microsoft.NET.Sdk.targets(201,5): message :       GenerateBuildRuntimeConfigurationFiles
       C:\Program Files\dotnet\sdk\9.0.304\Sdks\Microsoft.NET.Sdk\targets\Microsoft.NET.Sdk.targets(201,5): message :     " (previous value: "
       C:\Program Files\dotnet\sdk\9.0.304\Sdks\Microsoft.NET.Sdk\targets\Microsoft.NET.Sdk.targets(201,5): message :       BuildOnlySettings;
       C:\Program Files\dotnet\sdk\9.0.304\Sdks\Microsoft.NET.Sdk\targets\Microsoft.NET.Sdk.targets(201,5): message :       PrepareForBuild;
       C:\Program Files\dotnet\sdk\9.0.304\Sdks\Microsoft.NET.Sdk\targets\Microsoft.NET.Sdk.targets(201,5): message :       PreBuildEvent;
       C:\Program Files\dotnet\sdk\9.0.304\Sdks\Microsoft.NET.Sdk\targets\Microsoft.NET.Sdk.targets(201,5): message :       ResolveReferences;
       C:\Program Files\dotnet\sdk\9.0.304\Sdks\Microsoft.NET.Sdk\targets\Microsoft.NET.Sdk.targets(201,5): message :       PrepareResources;
       C:\Program Files\dotnet\sdk\9.0.304\Sdks\Microsoft.NET.Sdk\targets\Microsoft.NET.Sdk.targets(201,5): message :       ResolveKeySource;
       C:\Program Files\dotnet\sdk\9.0.304\Sdks\Microsoft.NET.Sdk\targets\Microsoft.NET.Sdk.targets(201,5): message :       Compile;
       C:\Program Files\dotnet\sdk\9.0.304\Sdks\Microsoft.NET.Sdk\targets\Microsoft.NET.Sdk.targets(201,5): message :       ExportWindowsMDFile;
       C:\Program Files\dotnet\sdk\9.0.304\Sdks\Microsoft.NET.Sdk\targets\Microsoft.NET.Sdk.targets(201,5): message :       UnmanagedUnregistration;
       C:\Program Files\dotnet\sdk\9.0.304\Sdks\Microsoft.NET.Sdk\targets\Microsoft.NET.Sdk.targets(201,5): message :       GenerateSerializationAssemblies;
       C:\Program Files\dotnet\sdk\9.0.304\Sdks\Microsoft.NET.Sdk\targets\Microsoft.NET.Sdk.targets(201,5): message :       CreateSatelliteAssemblies;
       C:\Program Files\dotnet\sdk\9.0.304\Sdks\Microsoft.NET.Sdk\targets\Microsoft.NET.Sdk.targets(201,5): message :       GenerateManifests;
       C:\Program Files\dotnet\sdk\9.0.304\Sdks\Microsoft.NET.Sdk\targets\Microsoft.NET.Sdk.targets(201,5): message :       GetTargetPath;
       C:\Program Files\dotnet\sdk\9.0.304\Sdks\Microsoft.NET.Sdk\targets\Microsoft.NET.Sdk.targets(201,5): message :       PrepareForRun;
       C:\Program Files\dotnet\sdk\9.0.304\Sdks\Microsoft.NET.Sdk\targets\Microsoft.NET.Sdk.targets(201,5): message :       UnmanagedRegistration;
       C:\Program Files\dotnet\sdk\9.0.304\Sdks\Microsoft.NET.Sdk\targets\Microsoft.NET.Sdk.targets(201,5): message :       IncrementalClean;
       C:\Program Files\dotnet\sdk\9.0.304\Sdks\Microsoft.NET.Sdk\targets\Microsoft.NET.Sdk.targets(201,5): message :       PostBuildEvent
       C:\Program Files\dotnet\sdk\9.0.304\Sdks\Microsoft.NET.Sdk\targets\Microsoft.NET.Sdk.targets(201,5): message :     ") at C:\Program Files\dotnet\sdk\9.0.304\Sdks\Microsoft.NET.Sdk\targets\Microsoft.NET.Sdk.targets (201,5)
       C:\Program Files\dotnet\sdk\9.0.304\Sdks\Microsoft.NET.Sdk\targets\Microsoft.NET.Sdk.targets(210,5): message : Property reassignment: $(CoreCleanDependsOn)="
       C:\Program Files\dotnet\sdk\9.0.304\Sdks\Microsoft.NET.Sdk\targets\Microsoft.NET.Sdk.targets(210,5): message :       _SdkBeforeClean;
       C:\Program Files\dotnet\sdk\9.0.304\Sdks\Microsoft.NET.Sdk\targets\Microsoft.NET.Sdk.targets(210,5): message :       
       C:\Program Files\dotnet\sdk\9.0.304\Sdks\Microsoft.NET.Sdk\targets\Microsoft.NET.Sdk.targets(210,5): message :     " (previous value: "") at C:\Program Files\dotnet\sdk\9.0.304\Sdks\Microsoft.NET.Sdk\targets\Microsoft.NET.Sdk.targets (210,5)
       C:\Program Files\dotnet\sdk\9.0.304\Sdks\Microsoft.NET.Sdk\targets\Microsoft.NET.Sdk.targets(217,5): message : Property reassignment: $(RebuildDependsOn)="
       C:\Program Files\dotnet\sdk\9.0.304\Sdks\Microsoft.NET.Sdk\targets\Microsoft.NET.Sdk.targets(217,5): message :       _SdkBeforeRebuild;
       C:\Program Files\dotnet\sdk\9.0.304\Sdks\Microsoft.NET.Sdk\targets\Microsoft.NET.Sdk.targets(217,5): message :       
       C:\Program Files\dotnet\sdk\9.0.304\Sdks\Microsoft.NET.Sdk\targets\Microsoft.NET.Sdk.targets(217,5): message :       BeforeRebuild;
       C:\Program Files\dotnet\sdk\9.0.304\Sdks\Microsoft.NET.Sdk\targets\Microsoft.NET.Sdk.targets(217,5): message :       Clean;
       C:\Program Files\dotnet\sdk\9.0.304\Sdks\Microsoft.NET.Sdk\targets\Microsoft.NET.Sdk.targets(217,5): message :       Build;
       C:\Program Files\dotnet\sdk\9.0.304\Sdks\Microsoft.NET.Sdk\targets\Microsoft.NET.Sdk.targets(217,5): message :       AfterRebuild;
       C:\Program Files\dotnet\sdk\9.0.304\Sdks\Microsoft.NET.Sdk\targets\Microsoft.NET.Sdk.targets(217,5): message :     
       C:\Program Files\dotnet\sdk\9.0.304\Sdks\Microsoft.NET.Sdk\targets\Microsoft.NET.Sdk.targets(217,5): message :     " (previous value: "
       C:\Program Files\dotnet\sdk\9.0.304\Sdks\Microsoft.NET.Sdk\targets\Microsoft.NET.Sdk.targets(217,5): message :       BeforeRebuild;
       C:\Program Files\dotnet\sdk\9.0.304\Sdks\Microsoft.NET.Sdk\targets\Microsoft.NET.Sdk.targets(217,5): message :       Clean;
       C:\Program Files\dotnet\sdk\9.0.304\Sdks\Microsoft.NET.Sdk\targets\Microsoft.NET.Sdk.targets(217,5): message :       Build;
       C:\Program Files\dotnet\sdk\9.0.304\Sdks\Microsoft.NET.Sdk\targets\Microsoft.NET.Sdk.targets(217,5): message :       AfterRebuild;
       C:\Program Files\dotnet\sdk\9.0.304\Sdks\Microsoft.NET.Sdk\targets\Microsoft.NET.Sdk.targets(217,5): message :     ") at C:\Program Files\dotnet\sdk\9.0.304\Sdks\Microsoft.NET.Sdk\targets\Microsoft.NET.Sdk.targets (217,5)
       C:\Program Files\dotnet\sdk\9.0.304\Sdks\Microsoft.NET.Sdk\targets\Microsoft.NET.Sdk.targets(784,5): message : Property reassignment: $(CompileDependsOn)="
       C:\Program Files\dotnet\sdk\9.0.304\Sdks\Microsoft.NET.Sdk\targets\Microsoft.NET.Sdk.targets(784,5): message :       
       C:\Program Files\dotnet\sdk\9.0.304\Sdks\Microsoft.NET.Sdk\targets\Microsoft.NET.Sdk.targets(784,5): message :       ResolveReferences;
       C:\Program Files\dotnet\sdk\9.0.304\Sdks\Microsoft.NET.Sdk\targets\Microsoft.NET.Sdk.targets(784,5): message :       ResolveKeySource;
       C:\Program Files\dotnet\sdk\9.0.304\Sdks\Microsoft.NET.Sdk\targets\Microsoft.NET.Sdk.targets(784,5): message :       SetWin32ManifestProperties;
       C:\Program Files\dotnet\sdk\9.0.304\Sdks\Microsoft.NET.Sdk\targets\Microsoft.NET.Sdk.targets(784,5): message :       _SetPreferNativeArm64Win32ManifestProperties;
       C:\Program Files\dotnet\sdk\9.0.304\Sdks\Microsoft.NET.Sdk\targets\Microsoft.NET.Sdk.targets(784,5): message :       FindReferenceAssembliesForReferences;
       C:\Program Files\dotnet\sdk\9.0.304\Sdks\Microsoft.NET.Sdk\targets\Microsoft.NET.Sdk.targets(784,5): message :       _GenerateCompileInputs;
       C:\Program Files\dotnet\sdk\9.0.304\Sdks\Microsoft.NET.Sdk\targets\Microsoft.NET.Sdk.targets(784,5): message :       BeforeCompile;
       C:\Program Files\dotnet\sdk\9.0.304\Sdks\Microsoft.NET.Sdk\targets\Microsoft.NET.Sdk.targets(784,5): message :       _TimeStampBeforeCompile;
       C:\Program Files\dotnet\sdk\9.0.304\Sdks\Microsoft.NET.Sdk\targets\Microsoft.NET.Sdk.targets(784,5): message :       _GenerateCompileDependencyCache;
       C:\Program Files\dotnet\sdk\9.0.304\Sdks\Microsoft.NET.Sdk\targets\Microsoft.NET.Sdk.targets(784,5): message :       CoreCompile;
       C:\Program Files\dotnet\sdk\9.0.304\Sdks\Microsoft.NET.Sdk\targets\Microsoft.NET.Sdk.targets(784,5): message :       _TimeStampAfterCompile;
       C:\Program Files\dotnet\sdk\9.0.304\Sdks\Microsoft.NET.Sdk\targets\Microsoft.NET.Sdk.targets(784,5): message :       AfterCompile;
       C:\Program Files\dotnet\sdk\9.0.304\Sdks\Microsoft.NET.Sdk\targets\Microsoft.NET.Sdk.targets(784,5): message :     ;
       C:\Program Files\dotnet\sdk\9.0.304\Sdks\Microsoft.NET.Sdk\targets\Microsoft.NET.Sdk.targets(784,5): message :       _CreateAppHost;
       C:\Program Files\dotnet\sdk\9.0.304\Sdks\Microsoft.NET.Sdk\targets\Microsoft.NET.Sdk.targets(784,5): message :       _CreateComHost;
       C:\Program Files\dotnet\sdk\9.0.304\Sdks\Microsoft.NET.Sdk\targets\Microsoft.NET.Sdk.targets(784,5): message :       _GetIjwHostPaths;
       C:\Program Files\dotnet\sdk\9.0.304\Sdks\Microsoft.NET.Sdk\targets\Microsoft.NET.Sdk.targets(784,5): message :     " (previous value: "
       C:\Program Files\dotnet\sdk\9.0.304\Sdks\Microsoft.NET.Sdk\targets\Microsoft.NET.Sdk.targets(784,5): message :       ResolveReferences;
       C:\Program Files\dotnet\sdk\9.0.304\Sdks\Microsoft.NET.Sdk\targets\Microsoft.NET.Sdk.targets(784,5): message :       ResolveKeySource;
       C:\Program Files\dotnet\sdk\9.0.304\Sdks\Microsoft.NET.Sdk\targets\Microsoft.NET.Sdk.targets(784,5): message :       SetWin32ManifestProperties;
       C:\Program Files\dotnet\sdk\9.0.304\Sdks\Microsoft.NET.Sdk\targets\Microsoft.NET.Sdk.targets(784,5): message :       _SetPreferNativeArm64Win32ManifestProperties;
       C:\Program Files\dotnet\sdk\9.0.304\Sdks\Microsoft.NET.Sdk\targets\Microsoft.NET.Sdk.targets(784,5): message :       FindReferenceAssembliesForReferences;
       C:\Program Files\dotnet\sdk\9.0.304\Sdks\Microsoft.NET.Sdk\targets\Microsoft.NET.Sdk.targets(784,5): message :       _GenerateCompileInputs;
       C:\Program Files\dotnet\sdk\9.0.304\Sdks\Microsoft.NET.Sdk\targets\Microsoft.NET.Sdk.targets(784,5): message :       BeforeCompile;
       C:\Program Files\dotnet\sdk\9.0.304\Sdks\Microsoft.NET.Sdk\targets\Microsoft.NET.Sdk.targets(784,5): message :       _TimeStampBeforeCompile;
       C:\Program Files\dotnet\sdk\9.0.304\Sdks\Microsoft.NET.Sdk\targets\Microsoft.NET.Sdk.targets(784,5): message :       _GenerateCompileDependencyCache;
       C:\Program Files\dotnet\sdk\9.0.304\Sdks\Microsoft.NET.Sdk\targets\Microsoft.NET.Sdk.targets(784,5): message :       CoreCompile;
       C:\Program Files\dotnet\sdk\9.0.304\Sdks\Microsoft.NET.Sdk\targets\Microsoft.NET.Sdk.targets(784,5): message :       _TimeStampAfterCompile;
       C:\Program Files\dotnet\sdk\9.0.304\Sdks\Microsoft.NET.Sdk\targets\Microsoft.NET.Sdk.targets(784,5): message :       AfterCompile;
       C:\Program Files\dotnet\sdk\9.0.304\Sdks\Microsoft.NET.Sdk\targets\Microsoft.NET.Sdk.targets(784,5): message :     ") at C:\Program Files\dotnet\sdk\9.0.304\Sdks\Microsoft.NET.Sdk\targets\Microsoft.NET.Sdk.targets (784,5)
       C:\Program Files\dotnet\sdk\9.0.304\Sdks\Microsoft.NET.Sdk\targets\Microsoft.NET.Sdk.targets(1184,5): message : Property reassignment: $(CreateSatelliteAssembliesDependsOn)="
       C:\Program Files\dotnet\sdk\9.0.304\Sdks\Microsoft.NET.Sdk\targets\Microsoft.NET.Sdk.targets(1184,5): message :       
       C:\Program Files\dotnet\sdk\9.0.304\Sdks\Microsoft.NET.Sdk\targets\Microsoft.NET.Sdk.targets(1184,5): message :       ;
       C:\Program Files\dotnet\sdk\9.0.304\Sdks\Microsoft.NET.Sdk\targets\Microsoft.NET.Sdk.targets(1184,5): message :       _GenerateSatelliteAssemblyInputs;
       C:\Program Files\dotnet\sdk\9.0.304\Sdks\Microsoft.NET.Sdk\targets\Microsoft.NET.Sdk.targets(1184,5): message :       ComputeIntermediateSatelliteAssemblies;
       C:\Program Files\dotnet\sdk\9.0.304\Sdks\Microsoft.NET.Sdk\targets\Microsoft.NET.Sdk.targets(1184,5): message :       GenerateSatelliteAssemblies
       C:\Program Files\dotnet\sdk\9.0.304\Sdks\Microsoft.NET.Sdk\targets\Microsoft.NET.Sdk.targets(1184,5): message :     ;
       C:\Program Files\dotnet\sdk\9.0.304\Sdks\Microsoft.NET.Sdk\targets\Microsoft.NET.Sdk.targets(1184,5): message :       CoreGenerateSatelliteAssemblies
       C:\Program Files\dotnet\sdk\9.0.304\Sdks\Microsoft.NET.Sdk\targets\Microsoft.NET.Sdk.targets(1184,5): message :     " (previous value: "
       C:\Program Files\dotnet\sdk\9.0.304\Sdks\Microsoft.NET.Sdk\targets\Microsoft.NET.Sdk.targets(1184,5): message :       ;
       C:\Program Files\dotnet\sdk\9.0.304\Sdks\Microsoft.NET.Sdk\targets\Microsoft.NET.Sdk.targets(1184,5): message :       _GenerateSatelliteAssemblyInputs;
       C:\Program Files\dotnet\sdk\9.0.304\Sdks\Microsoft.NET.Sdk\targets\Microsoft.NET.Sdk.targets(1184,5): message :       ComputeIntermediateSatelliteAssemblies;
       C:\Program Files\dotnet\sdk\9.0.304\Sdks\Microsoft.NET.Sdk\targets\Microsoft.NET.Sdk.targets(1184,5): message :       GenerateSatelliteAssemblies
       C:\Program Files\dotnet\sdk\9.0.304\Sdks\Microsoft.NET.Sdk\targets\Microsoft.NET.Sdk.targets(1184,5): message :     ") at C:\Program Files\dotnet\sdk\9.0.304\Sdks\Microsoft.NET.Sdk\targets\Microsoft.NET.Sdk.targets (1184,5)
       C:\Program Files\dotnet\sdk\9.0.304\Sdks\Microsoft.SourceLink.GitLab\build\Microsoft.SourceLink.GitLab.targets(12,5): message : Property reassignment: $(SourceLinkUrlInitializerTargets)=";_InitializeGitHubSourceLinkUrl;_InitializeGitLabSourceLinkUrl" (previous value: ";_InitializeGitHubSourceLinkUrl") at C:\Program Files\dotnet\sdk\9.0.304\Sdks\Microsoft.SourceLink.GitLab\build\Microsoft.SourceLink.GitLab.targets (12,5)
       C:\Program Files\dotnet\sdk\9.0.304\Sdks\Microsoft.SourceLink.GitLab\build\Microsoft.SourceLink.GitLab.targets(13,5): message : Property reassignment: $(SourceControlManagerUrlTranslationTargets)=";TranslateGitHubUrlsInSourceControlInformation;TranslateGitLabUrlsInSourceControlInformation" (previous value: ";TranslateGitHubUrlsInSourceControlInformation") at C:\Program Files\dotnet\sdk\9.0.304\Sdks\Microsoft.SourceLink.GitLab\build\Microsoft.SourceLink.GitLab.targets (13,5)
       C:\Program Files\dotnet\sdk\9.0.304\Sdks\Microsoft.SourceLink.AzureRepos.Git\build\Microsoft.SourceLink.AzureRepos.Git.targets(12,5): message : Property reassignment: $(SourceLinkUrlInitializerTargets)=";_InitializeGitHubSourceLinkUrl;_InitializeGitLabSourceLinkUrl;_InitializeAzureReposGitSourceLinkUrl" (previous value: ";_InitializeGitHubSourceLinkUrl;_InitializeGitLabSourceLinkUrl") at C:\Program Files\dotnet\sdk\9.0.304\Sdks\Microsoft.SourceLink.AzureRepos.Git\build\Microsoft.SourceLink.AzureRepos.Git.targets (12,5)
       C:\Program Files\dotnet\sdk\9.0.304\Sdks\Microsoft.SourceLink.AzureRepos.Git\build\Microsoft.SourceLink.AzureRepos.Git.targets(13,5): message : Property reassignment: $(SourceControlManagerUrlTranslationTargets)=";TranslateGitHubUrlsInSourceControlInformation;TranslateGitLabUrlsInSourceControlInformation;TranslateAzureReposGitUrlsInSourceControlInformation" (previous value: ";TranslateGitHubUrlsInSourceControlInformation;TranslateGitLabUrlsInSourceControlInformation") at C:\Program Files\dotnet\sdk\9.0.304\Sdks\Microsoft.SourceLink.AzureRepos.Git\build\Microsoft.SourceLink.AzureRepos.Git.targets (13,5)
       C:\Program Files\dotnet\sdk\9.0.304\Sdks\Microsoft.SourceLink.Bitbucket.Git\build\Microsoft.SourceLink.Bitbucket.Git.targets(12,5): message : Property reassignment: $(SourceLinkUrlInitializerTargets)=";_InitializeGitHubSourceLinkUrl;_InitializeGitLabSourceLinkUrl;_InitializeAzureReposGitSourceLinkUrl;_InitializeBitbucketGitSourceLinkUrl" (previous value: ";_InitializeGitHubSourceLinkUrl;_InitializeGitLabSourceLinkUrl;_InitializeAzureReposGitSourceLinkUrl") at C:\Program Files\dotnet\sdk\9.0.304\Sdks\Microsoft.SourceLink.Bitbucket.Git\build\Microsoft.SourceLink.Bitbucket.Git.targets (12,5)
       C:\Program Files\dotnet\sdk\9.0.304\Sdks\Microsoft.SourceLink.Bitbucket.Git\build\Microsoft.SourceLink.Bitbucket.Git.targets(13,5): message : Property reassignment: $(SourceControlManagerUrlTranslationTargets)=";TranslateGitHubUrlsInSourceControlInformation;TranslateGitLabUrlsInSourceControlInformation;TranslateAzureReposGitUrlsInSourceControlInformation;TranslateBitbucketGitUrlsInSourceControlInformation" (previous value: ";TranslateGitHubUrlsInSourceControlInformation;TranslateGitLabUrlsInSourceControlInformation;TranslateAzureReposGitUrlsInSourceControlInformation") at C:\Program Files\dotnet\sdk\9.0.304\Sdks\Microsoft.SourceLink.Bitbucket.Git\build\Microsoft.SourceLink.Bitbucket.Git.targets (13,5)
       C:\Program Files\dotnet\sdk\9.0.304\Sdks\Microsoft.NET.Sdk\targets\Microsoft.NET.DesignerSupport.targets(21,5): message : Property reassignment: $(DesignerRuntimeImplementationProjectOutputGroupDependsOn)="
       C:\Program Files\dotnet\sdk\9.0.304\Sdks\Microsoft.NET.Sdk\targets\Microsoft.NET.DesignerSupport.targets(21,5): message :       
       C:\Program Files\dotnet\sdk\9.0.304\Sdks\Microsoft.NET.Sdk\targets\Microsoft.NET.DesignerSupport.targets(21,5): message :       ;
       C:\Program Files\dotnet\sdk\9.0.304\Sdks\Microsoft.NET.Sdk\targets\Microsoft.NET.DesignerSupport.targets(21,5): message :       
       C:\Program Files\dotnet\sdk\9.0.304\Sdks\Microsoft.NET.Sdk\targets\Microsoft.NET.DesignerSupport.targets(21,5): message :       ;
       C:\Program Files\dotnet\sdk\9.0.304\Sdks\Microsoft.NET.Sdk\targets\Microsoft.NET.DesignerSupport.targets(21,5): message :       BuildOnlySettings;
       C:\Program Files\dotnet\sdk\9.0.304\Sdks\Microsoft.NET.Sdk\targets\Microsoft.NET.DesignerSupport.targets(21,5): message :       PrepareForBuild;
       C:\Program Files\dotnet\sdk\9.0.304\Sdks\Microsoft.NET.Sdk\targets\Microsoft.NET.DesignerSupport.targets(21,5): message :       AssignTargetPaths;
       C:\Program Files\dotnet\sdk\9.0.304\Sdks\Microsoft.NET.Sdk\targets\Microsoft.NET.DesignerSupport.targets(21,5): message :       ResolveReferences
       C:\Program Files\dotnet\sdk\9.0.304\Sdks\Microsoft.NET.Sdk\targets\Microsoft.NET.DesignerSupport.targets(21,5): message :     
       C:\Program Files\dotnet\sdk\9.0.304\Sdks\Microsoft.NET.Sdk\targets\Microsoft.NET.DesignerSupport.targets(21,5): message :     ;
       C:\Program Files\dotnet\sdk\9.0.304\Sdks\Microsoft.NET.Sdk\targets\Microsoft.NET.DesignerSupport.targets(21,5): message :       _GenerateDesignerDepsFile;
       C:\Program Files\dotnet\sdk\9.0.304\Sdks\Microsoft.NET.Sdk\targets\Microsoft.NET.DesignerSupport.targets(21,5): message :       _GenerateDesignerRuntimeConfigFile;
       C:\Program Files\dotnet\sdk\9.0.304\Sdks\Microsoft.NET.Sdk\targets\Microsoft.NET.DesignerSupport.targets(21,5): message :       GetCopyToOutputDirectoryItems;
       C:\Program Files\dotnet\sdk\9.0.304\Sdks\Microsoft.NET.Sdk\targets\Microsoft.NET.DesignerSupport.targets(21,5): message :       _GatherDesignerShadowCopyFiles;
       C:\Program Files\dotnet\sdk\9.0.304\Sdks\Microsoft.NET.Sdk\targets\Microsoft.NET.DesignerSupport.targets(21,5): message :     " (previous value: "
       C:\Program Files\dotnet\sdk\9.0.304\Sdks\Microsoft.NET.Sdk\targets\Microsoft.NET.DesignerSupport.targets(21,5): message :       ;
       C:\Program Files\dotnet\sdk\9.0.304\Sdks\Microsoft.NET.Sdk\targets\Microsoft.NET.DesignerSupport.targets(21,5): message :       
       C:\Program Files\dotnet\sdk\9.0.304\Sdks\Microsoft.NET.Sdk\targets\Microsoft.NET.DesignerSupport.targets(21,5): message :       ;
       C:\Program Files\dotnet\sdk\9.0.304\Sdks\Microsoft.NET.Sdk\targets\Microsoft.NET.DesignerSupport.targets(21,5): message :       BuildOnlySettings;
       C:\Program Files\dotnet\sdk\9.0.304\Sdks\Microsoft.NET.Sdk\targets\Microsoft.NET.DesignerSupport.targets(21,5): message :       PrepareForBuild;
       C:\Program Files\dotnet\sdk\9.0.304\Sdks\Microsoft.NET.Sdk\targets\Microsoft.NET.DesignerSupport.targets(21,5): message :       AssignTargetPaths;
       C:\Program Files\dotnet\sdk\9.0.304\Sdks\Microsoft.NET.Sdk\targets\Microsoft.NET.DesignerSupport.targets(21,5): message :       ResolveReferences
       C:\Program Files\dotnet\sdk\9.0.304\Sdks\Microsoft.NET.Sdk\targets\Microsoft.NET.DesignerSupport.targets(21,5): message :     
       C:\Program Files\dotnet\sdk\9.0.304\Sdks\Microsoft.NET.Sdk\targets\Microsoft.NET.DesignerSupport.targets(21,5): message :     ") at C:\Program Files\dotnet\sdk\9.0.304\Sdks\Microsoft.NET.Sdk\targets\Microsoft.NET.DesignerSupport.targets (21,5)
       C:\Program Files\dotnet\sdk\9.0.304\Sdks\Microsoft.NET.Sdk\targets\Microsoft.NET.PackTool.targets(68,5): message : Property reassignment: $(_GenerateToolsSettingsFileCacheFile)="c:\AI\7agent2\mod\mnetSevenDaysBridge\src\obj\Release\net48\mnetSevenDaysBridge.toolssettingsinput.cache" (previous value: "obj\Release\net48\mnetSevenDaysBridge.toolssettingsinput.cache") at C:\Program Files\dotnet\sdk\9.0.304\Sdks\Microsoft.NET.Sdk\targets\Microsoft.NET.PackTool.targets (68,5)
       C:\Program Files\dotnet\sdk\9.0.304\Sdks\Microsoft.NET.Sdk\targets\Microsoft.NET.PackTool.targets(137,5): message : Property reassignment: $(_ShimInputCacheFile)="c:\AI\7agent2\mod\mnetSevenDaysBridge\src\obj\Release\net48\mnetSevenDaysBridge.shiminput.cache" (previous value: "obj\Release\net48\mnetSevenDaysBridge.shiminput.cache") at C:\Program Files\dotnet\sdk\9.0.304\Sdks\Microsoft.NET.Sdk\targets\Microsoft.NET.PackTool.targets (137,5)
       C:\Program Files\dotnet\sdk\9.0.304\Sdks\Microsoft.NET.Sdk\targets\Microsoft.NET.PackTool.targets(139,5): message : Property reassignment: $(_ShimCreatedSentinelFile)="c:\AI\7agent2\mod\mnetSevenDaysBridge\src\obj\Release\net48\mnetSevenDaysBridge.shimcreated.sentinel" (previous value: "obj\Release\net48\mnetSevenDaysBridge.shimcreated.sentinel") at C:\Program Files\dotnet\sdk\9.0.304\Sdks\Microsoft.NET.Sdk\targets\Microsoft.NET.PackTool.targets (139,5)
       C:\Program Files\dotnet\sdk\9.0.304\Sdks\Microsoft.NET.Sdk\targets\Microsoft.NET.Sdk.CSharp.targets(31,5): message : Property reassignment: $(DefineConstants)="TRACE;RELEASE" (previous value: "TRACE") at C:\Program Files\dotnet\sdk\9.0.304\Sdks\Microsoft.NET.Sdk\targets\Microsoft.NET.Sdk.CSharp.targets (31,5)
       C:\Program Files\dotnet\sdk\9.0.304\Sdks\Microsoft.NET.Sdk\targets\Microsoft.NET.Sdk.CSharp.targets(34,5): message : Property reassignment: $(DefineConstants)="TRACE;RELEASE;NETFRAMEWORK;NET48;" (previous value: "TRACE;RELEASE") at C:\Program Files\dotnet\sdk\9.0.304\Sdks\Microsoft.NET.Sdk\targets\Microsoft.NET.Sdk.CSharp.targets (34,5)
       C:\Program Files\dotnet\sdk\9.0.304\Sdks\Microsoft.NET.Sdk\targets\Microsoft.NET.Windows.targets(44,5): message : Property reassignment: $(SupportedOSPlatformVersion)="7.0" (previous value: "") at C:\Program Files\dotnet\sdk\9.0.304\Sdks\Microsoft.NET.Sdk\targets\Microsoft.NET.Windows.targets (44,5)
       C:\Program Files\dotnet\sdk\9.0.304\Sdks\Microsoft.NET.Sdk\targets\Microsoft.NET.Windows.targets(45,5): message : Property reassignment: $(TargetPlatformMinVersion)="7.0" (previous value: "") at C:\Program Files\dotnet\sdk\9.0.304\Sdks\Microsoft.NET.Sdk\targets\Microsoft.NET.Windows.targets (45,5)
       C:\Program Files\dotnet\sdk\9.0.304\Sdks\NuGet.Build.Tasks.Pack\build\NuGet.Build.Tasks.Pack.targets(34,5): message : Property reassignment: $(PackageDescription)="Package Description" (previous value: "") at C:\Program Files\dotnet\sdk\9.0.304\Sdks\NuGet.Build.Tasks.Pack\build\NuGet.Build.Tasks.Pack.targets (34,5)
       C:\Program Files\dotnet\sdk\9.0.304\Sdks\NuGet.Build.Tasks.Pack\build\NuGet.Build.Tasks.Pack.targets(59,5): message : Property reassignment: $(GenerateNuspecDependsOn)="Build;_LoadPackInputItems; _GetTargetFrameworksOutput; _WalkEachTargetPerFramework; _GetPackageFiles; " (previous value: "_LoadPackInputItems; _GetTargetFrameworksOutput; _WalkEachTargetPerFramework; _GetPackageFiles; ") at C:\Program Files\dotnet\sdk\9.0.304\Sdks\NuGet.Build.Tasks.Pack\build\NuGet.Build.Tasks.Pack.targets (59,5)
       C:\Program Files\dotnet\sdk\9.0.304\Sdks\Microsoft.NET.Sdk\Sdk\Sdk.targets(60,5): message : Property reassignment: $(_IsNotSetContainersTargetsDir)="true" (previous value: "false") at C:\Program Files\dotnet\sdk\9.0.304\Sdks\Microsoft.NET.Sdk\Sdk\Sdk.targets (60,5)
       C:\Program Files\dotnet\sdk\9.0.304\Containers\build\Microsoft.NET.Build.Containers.targets(5,5): message : Property reassignment: $(_IsSDKContainerAllowedVersion)="true" (previous value: "false") at C:\Program Files\dotnet\sdk\9.0.304\Containers\build\Microsoft.NET.Build.Containers.targets (5,5)
       Overriding target "GetFrameworkPaths" in project "C:\Program Files\dotnet\sdk\9.0.304\Microsoft.Common.CurrentVersion.targets" with target "GetFrameworkPaths" from project "C:\Program Files\dotnet\sdk\9.0.304\Microsoft.NETFramework.CurrentVersion.targets".
       Overriding target "ResolveFrameworkReferences" in project "C:\Program Files\dotnet\sdk\9.0.304\Microsoft.Common.CurrentVersion.targets" with target "ResolveFrameworkReferences" from project "C:\Program Files\dotnet\sdk\9.0.304\Sdks\Microsoft.NET.Sdk\targets\Microsoft.NET.Sdk.FrameworkReferenceResolution.targets".
       Overriding target "Run" in project "C:\Program Files\dotnet\sdk\9.0.304\Microsoft.Common.CurrentVersion.targets" with target "Run" from project "C:\Program Files\dotnet\sdk\9.0.304\Sdks\Microsoft.NET.Sdk\targets\Microsoft.NET.Sdk.targets".
       Overriding target "GenerateSupportedTargetFrameworkAlias" in project "C:\Program Files\dotnet\sdk\9.0.304\Microsoft.Common.CurrentVersion.targets" with target "GenerateSupportedTargetFrameworkAlias" from project "C:\Program Files\dotnet\sdk\9.0.304\Sdks\Microsoft.NET.Sdk\targets\Microsoft.NET.Sdk.targets".
       Overriding target "DesignerRuntimeImplementationProjectOutputGroup" in project "C:\Program Files\dotnet\sdk\9.0.304\Microsoft.Common.CurrentVersion.targets" with target "DesignerRuntimeImplementationProjectOutputGroup" from project "C:\Program Files\dotnet\sdk\9.0.304\Sdks\Microsoft.NET.Sdk\targets\Microsoft.NET.DesignerSupport.targets".
       Overriding target "Publish" in project "C:\Program Files\dotnet\sdk\9.0.304\Microsoft.Common.CurrentVersion.targets" with target "Publish" from project "C:\Program Files\dotnet\sdk\9.0.304\Sdks\Microsoft.NET.Sdk\targets\Microsoft.NET.Publish.targets".
       Overriding target "ResolveReadyToRunCompilers" in project "C:\Program Files\dotnet\sdk\9.0.304\Sdks\Microsoft.NET.Sdk\targets\Microsoft.NET.CrossGen.targets" with target "ResolveReadyToRunCompilers" from project "C:\Program Files\dotnet\sdk\9.0.304\Sdks\Microsoft.NET.Sdk\targets\Microsoft.NET.Publish.targets".
       Overriding target "GetCopyToPublishDirectoryItems" in project "C:\Program Files\dotnet\sdk\9.0.304\Microsoft.Common.CurrentVersion.targets" with target "GetCopyToPublishDirectoryItems" from project "C:\Program Files\dotnet\sdk\9.0.304\Sdks\Microsoft.NET.Sdk\targets\Microsoft.NET.Publish.targets".
   1:7>Project "c:\AI\7agent2\mod\mnetSevenDaysBridge\src\mnetSevenDaysBridge.csproj" on node 1 (default targets).
   1:7>Target "_CheckForUnsupportedTargetFramework" skipped, due to false condition; ('$(_UnsupportedTargetFrameworkError)' == 'true') was evaluated as ('' == 'true').
   1:7>Target "_CollectTargetFrameworkForTelemetry" in file "C:\Program Files\dotnet\sdk\9.0.304\Sdks\Microsoft.NET.Sdk\targets\Microsoft.NET.TargetFrameworkInference.targets" from project "c:\AI\7agent2\mod\mnetSevenDaysBridge\src\mnetSevenDaysBridge.csproj" (target "_CheckForInvalidConfigurationAndPlatform" depends on it):
       Using "AllowEmptyTelemetry" task from assembly "C:\Program Files\dotnet\sdk\9.0.304\Sdks\Microsoft.NET.Sdk\targets\..\tools\net9.0\Microsoft.NET.Build.Tasks.dll".
       Task "AllowEmptyTelemetry"
       Done executing task "AllowEmptyTelemetry".
   1:7>Done building target "_CollectTargetFrameworkForTelemetry" in project "mnetSevenDaysBridge.csproj".
       Target "_CheckForUnsupportedTargetPlatformIdentifier" skipped, due to false condition; ('$(TargetPlatformIdentifier)' != '' and '$(TargetFrameworkIdentifier)' == '.NETCoreApp' and $([MSBuild]::VersionGreaterThanOrEquals($(TargetFrameworkVersion), 5.0)) And ('$(DesignTimeBuild)' != 'true' Or '@(MissingWorkloadPack)' == '')) was evaluated as ('Windows' != '' and '.NETFramework' == '.NETCoreApp' and False And ('' != 'true' Or '' == '')).
       Target "_CheckForMissingWorkload" skipped, due to false condition; ('@(MissingWorkloadPack)' != '' And '$(DesignTimeBuild)' != 'true') was evaluated as ('' != '' And '' != 'true').
       Target "_CheckForUnsupportedNETCoreVersion" skipped, due to false condition; ('$(TargetFrameworkIdentifier)' == '.NETCoreApp' And '$(NETCoreAppMaximumVersion)' != '') was evaluated as ('.NETFramework' == '.NETCoreApp' And '9.0' != '').
       Target "_CheckForEolTargetFrameworks" skipped, due to false condition; ('@(_EolNetCoreTargetFrameworkVersions->AnyHaveMetadataValue('Identity', '$(_TargetFrameworkVersionWithoutV)'))' and '$(TargetFrameworkIdentifier)' == '.NETCoreApp' and '$(CheckEolTargetFramework)' == 'true') was evaluated as ('false' and '.NETFramework' == '.NETCoreApp' and '' == 'true').
       Target "_CheckForEolWorkloads" skipped, due to false condition; ('@(EolWorkload)' != '' and '$(CheckEolWorkloads)' == 'true') was evaluated as ('' != '' and 'true' == 'true').
       Target "_CheckForNotRecommendedNETStandardVersion" skipped, due to false condition; ('$(TargetFrameworkIdentifier)' == '.NETStandard' and $([MSBuild]::VersionLessThan($(TargetFrameworkVersion), '2.0'))) was evaluated as ('.NETFramework' == '.NETStandard' and False).
   1:7>Target "_CheckForUnsupportedCppNETCoreVersion" in file "C:\Program Files\dotnet\sdk\9.0.304\Sdks\Microsoft.NET.Sdk\targets\Microsoft.NET.TargetFrameworkInference.targets" from project "c:\AI\7agent2\mod\mnetSevenDaysBridge\src\mnetSevenDaysBridge.csproj" (target "_CheckForInvalidConfigurationAndPlatform" depends on it):
       Task "NETSdkError" skipped, due to false condition; ('$(TargetFrameworkIdentifier)' == '.NETCoreApp' and '$(_TargetFrameworkVersionWithoutV)' < '3.1' and ('$(Language)' == 'C++' and '$(_EnablePackageReferencesInVCProjects)' != 'true')) was evaluated as ('.NETFramework' == '.NETCoreApp' and '4.8' < '3.1' and ('C#' == 'C++' and '' != 'true')).
   1:7>Done building target "_CheckForUnsupportedCppNETCoreVersion" in project "mnetSevenDaysBridge.csproj".
       Target "_CheckForUnsupportedNETStandardVersion" skipped, due to false condition; ('$(TargetFrameworkIdentifier)' == '.NETStandard' And '$(NETStandardMaximumVersion)' != '') was evaluated as ('.NETFramework' == '.NETStandard' And '' != '').
   1:7>Target "_CheckForUnsupportedTargetFrameworkAndFeatureCombination" in file "C:\Program Files\dotnet\sdk\9.0.304\Sdks\Microsoft.NET.Sdk\targets\Microsoft.NET.TargetFrameworkInference.targets" from project "c:\AI\7agent2\mod\mnetSevenDaysBridge\src\mnetSevenDaysBridge.csproj" (target "_CheckForInvalidConfigurationAndPlatform" depends on it):
       Task "NETSdkError" skipped, due to false condition; ('$(UsingNETSdkDefaults)' != 'true') was evaluated as ('true' != 'true').
   1:7>Done building target "_CheckForUnsupportedTargetFrameworkAndFeatureCombination" in project "mnetSevenDaysBridge.csproj".
       Target "_CheckForSupportedOSPlatformVersionHigherThanTargetPlatformVersion" skipped, due to false condition; ('$(TargetPlatformVersion)' != '' and '$(TargetFrameworkIdentifier)' == '.NETCoreApp' and $([MSBuild]::VersionGreaterThanOrEquals($(TargetFrameworkVersion), 5.0))) was evaluated as ('7.0' != '' and '.NETFramework' == '.NETCoreApp' and False).
       Target "_CheckForInvalidTargetPlatformVersion" skipped, due to false condition; ('$(TargetPlatformVersion)' != '' and '$(TargetFrameworkIdentifier)' == '.NETCoreApp' and $([MSBuild]::VersionGreaterThanOrEquals($(TargetFrameworkVersion), 5.0)) and ('$(Language)' != 'C++' or '$(_EnablePackageReferencesInVCProjects)' == 'true')) was evaluated as ('7.0' != '' and '.NETFramework' == '.NETCoreApp' and False and ('C#' != 'C++' or '' == 'true')).
   1:7>Target "_CheckForUnsupportedArtifactsPath" in file "C:\Program Files\dotnet\sdk\9.0.304\Sdks\Microsoft.NET.Sdk\targets\Microsoft.NET.DefaultOutputPaths.targets" from project "c:\AI\7agent2\mod\mnetSevenDaysBridge\src\mnetSevenDaysBridge.csproj" (target "_CheckForInvalidConfigurationAndPlatform" depends on it):
       Task "NetSdkError" skipped, due to false condition; ('$(UseArtifactsOutput)' == 'true' and '$(_ArtifactsPathSetEarly)' != 'true') was evaluated as ('' == 'true' and '' != 'true').
       Task "NetSdkError" skipped, due to false condition; ('$(_ArtifactsPathLocationType)' == 'ProjectFolder') was evaluated as ('' == 'ProjectFolder').
   1:7>Done building target "_CheckForUnsupportedArtifactsPath" in project "mnetSevenDaysBridge.csproj".
       Target "_CheckForMissingWorkload" skipped, due to false condition; ('@(MissingWorkloadPack)' != '' And '$(DesignTimeBuild)' != 'true') was evaluated as ('' != '' And '' != 'true').
       Target "_CheckForUnsupportedAppHostUsage" skipped, due to false condition; ('$(TargetFrameworkIdentifier)' == '.NETCoreApp' and '$(HasRuntimeOutput)' == 'true') was evaluated as ('.NETFramework' == '.NETCoreApp' and '' == 'true').
       Target "_CheckForUnsupportedHostingUsage" skipped, due to false condition; ('$(TargetFrameworkIdentifier)' == '.NETCoreApp') was evaluated as ('.NETFramework' == '.NETCoreApp').
       Target "_CheckAndUnsetUnsupportedPrefer32Bit" skipped, due to false condition; ('$(TargetFrameworkIdentifier)' == '.NETCoreApp' and '$(_TargetFrameworkVersionWithoutV)' >= '7.0') was evaluated as ('.NETFramework' == '.NETCoreApp' and '4.8' >= '7.0').
       Target "_CheckAndUnsetUnsupportedPreferNativeArm64" skipped, due to false condition; ('$(TargetFrameworkIdentifier)' == '.NETCoreApp' and '$(PreferNativeArm64)' == 'true') was evaluated as ('.NETFramework' == '.NETCoreApp' and 'false' == 'true').
       Target "_CheckForMismatchingPlatform" skipped, due to false condition; ('$(RuntimeIdentifier)' != '' and '$(PlatformTarget)' != '') was evaluated as ('' != '' and '' != '').
   1:7>Target "_CheckForLanguageAndFeatureCombinationSupport" in file "C:\Program Files\dotnet\sdk\9.0.304\Sdks\Microsoft.NET.Sdk\targets\Microsoft.NET.RuntimeIdentifierInference.targets" from project "c:\AI\7agent2\mod\mnetSevenDaysBridge\src\mnetSevenDaysBridge.csproj" (target "_CheckForInvalidConfigurationAndPlatform" depends on it):
       Task "NETSdkError" skipped, due to false condition; (('$(Language)' == 'C++' and '$(_EnablePackageReferencesInVCProjects)' != 'true') and $(OutputType) != 'library' and '$(TargetFrameworkIdentifier)' == '.NETCoreApp') was evaluated as (('C#' == 'C++' and '' != 'true') and Library != 'library' and '.NETFramework' == '.NETCoreApp').
       Task "NETSdkError" skipped, due to false condition; (('$(Language)' == 'C++' and '$(_EnablePackageReferencesInVCProjects)' != 'true') and $(EnableComHosting) == 'true') was evaluated as (('C#' == 'C++' and '' != 'true') and  == 'true').
       Task "NETSdkError" skipped, due to false condition; (('$(Language)' == 'C++' and '$(_EnablePackageReferencesInVCProjects)' != 'true') and $(SelfContained) == 'true') was evaluated as (('C#' == 'C++' and '' != 'true') and  == 'true').
   1:7>Done building target "_CheckForLanguageAndFeatureCombinationSupport" in project "mnetSevenDaysBridge.csproj".
       Target "_CheckForNETCoreSdkIsPreview" skipped, due to false condition; ( '$(_NETCoreSdkIsPreview)' == 'true' AND '$(SuppressNETCoreSdkPreviewMessage)' != 'true' ) was evaluated as ( 'false' == 'true' AND '' != 'true' ).
   1:7>Target "_GetProjectJsonPath" in file "C:\Program Files\dotnet\sdk\9.0.304\NuGet.targets" from project "c:\AI\7agent2\mod\mnetSevenDaysBridge\src\mnetSevenDaysBridge.csproj" (target "_GetRestoreProjectStyle" depends on it):
       Task "GetRestoreProjectJsonPathTask" skipped, due to false condition; ( '$(RestoreProjectStyle)' == 'ProjectJson' OR '$(RestoreProjectStyle)' == '' ) was evaluated as ( 'PackageReference' == 'ProjectJson' OR 'PackageReference' == '' ).
   1:7>Done building target "_GetProjectJsonPath" in project "mnetSevenDaysBridge.csproj".
       Target "_CheckForUnsupportedTargetPlatformIdentifier" skipped, due to false condition; ('$(TargetPlatformIdentifier)' != '' and '$(TargetFrameworkIdentifier)' == '.NETCoreApp' and $([MSBuild]::VersionGreaterThanOrEquals($(TargetFrameworkVersion), 5.0)) And ('$(DesignTimeBuild)' != 'true' Or '@(MissingWorkloadPack)' == '')) was evaluated as ('Windows' != '' and '.NETFramework' == '.NETCoreApp' and False And ('' != 'true' Or '' == '')).
       Target "_CheckForMissingWorkload" skipped, due to false condition; ('@(MissingWorkloadPack)' != '' And '$(DesignTimeBuild)' != 'true') was evaluated as ('' != '' And '' != 'true').
       Target "_CheckForUnsupportedNETCoreVersion" skipped, due to false condition; ('$(TargetFrameworkIdentifier)' == '.NETCoreApp' And '$(NETCoreAppMaximumVersion)' != '') was evaluated as ('.NETFramework' == '.NETCoreApp' And '9.0' != '').
       Target "_CheckForEolTargetFrameworks" skipped, due to false condition; ('@(_EolNetCoreTargetFrameworkVersions->AnyHaveMetadataValue('Identity', '$(_TargetFrameworkVersionWithoutV)'))' and '$(TargetFrameworkIdentifier)' == '.NETCoreApp' and '$(CheckEolTargetFramework)' == 'true') was evaluated as ('false' and '.NETFramework' == '.NETCoreApp' and '' == 'true').
       Target "_CheckForEolWorkloads" skipped, due to false condition; ('@(EolWorkload)' != '' and '$(CheckEolWorkloads)' == 'true') was evaluated as ('' != '' and 'true' == 'true').
       Target "_CheckForNotRecommendedNETStandardVersion" skipped, due to false condition; ('$(TargetFrameworkIdentifier)' == '.NETStandard' and $([MSBuild]::VersionLessThan($(TargetFrameworkVersion), '2.0'))) was evaluated as ('.NETFramework' == '.NETStandard' and False).
       Target "_CheckForUnsupportedNETStandardVersion" skipped, due to false condition; ('$(TargetFrameworkIdentifier)' == '.NETStandard' And '$(NETStandardMaximumVersion)' != '') was evaluated as ('.NETFramework' == '.NETStandard' And '' != '').
       Target "ApplyImplicitVersions" skipped, due to false condition; ('@(PackageReference)' != '') was evaluated as ('' != '').
   1:7>Target "IncludeTargetingPackReference" in file "C:\Program Files\dotnet\sdk\9.0.304\Sdks\Microsoft.NET.Sdk\targets\Microsoft.NET.Sdk.FrameworkReferenceResolution.targets" from project "c:\AI\7agent2\mod\mnetSevenDaysBridge\src\mnetSevenDaysBridge.csproj" (target "CheckForImplicitPackageReferenceOverrides" depends on it):
       Task "GetReferenceAssemblyPaths"
       Done executing task "GetReferenceAssemblyPaths".
   1:7>Done building target "IncludeTargetingPackReference" in project "mnetSevenDaysBridge.csproj".
   1:7>Target "CheckForImplicitPackageReferenceOverrides" in file "C:\Program Files\dotnet\sdk\9.0.304\Sdks\Microsoft.NET.Sdk\targets\Microsoft.NET.Sdk.DefaultItems.Shared.targets" from project "c:\AI\7agent2\mod\mnetSevenDaysBridge\src\mnetSevenDaysBridge.csproj" (target "CollectPackageReferences" depends on it):
       Using "CheckForImplicitPackageReferenceOverrides" task from assembly "C:\Program Files\dotnet\sdk\9.0.304\Sdks\Microsoft.NET.Sdk\targets\..\tools\net9.0\Microsoft.NET.Build.Tasks.dll".
       Task "CheckForImplicitPackageReferenceOverrides"
       Done executing task "CheckForImplicitPackageReferenceOverrides".
   1:7>Done building target "CheckForImplicitPackageReferenceOverrides" in project "mnetSevenDaysBridge.csproj".
       Target "ProcessFrameworkReferences" skipped, due to false condition; ('@(FrameworkReference)' != '' Or '$(_RequiresILLinkPack)' == 'true') was evaluated as ('' != '' Or '' == 'true').
       Target "_NormalizeTargetPlatformVersion" skipped, due to false condition; ('$(TargetPlatformVersion)' != '' and '$(TargetFrameworkIdentifier)' == '.NETCoreApp' and $([MSBuild]::VersionGreaterThanOrEquals($(TargetFrameworkVersion), 5.0)) and ('$(Language)' != 'C++' or '$(_EnablePackageReferencesInVCProjects)' == 'true')) was evaluated as ('7.0' != '' and '.NETFramework' == '.NETCoreApp' and False and ('C#' != 'C++' or '' == 'true')).
       Target "ApplyImplicitVersions" skipped, due to false condition; ('@(PackageReference)' != '') was evaluated as ('' != '').
   1:7>Target "_ComputeToolPackInputsToProcessFrameworkReferences" in file "C:\Program Files\dotnet\sdk\9.0.304\Sdks\Microsoft.NET.Sdk\targets\Microsoft.NET.Publish.targets" from project "c:\AI\7agent2\mod\mnetSevenDaysBridge\src\mnetSevenDaysBridge.csproj" (target "ProcessFrameworkReferences" depends on it):
   1:7>Done building target "_ComputeToolPackInputsToProcessFrameworkReferences" in project "mnetSevenDaysBridge.csproj".
       Target "IncludeTargetingPackReference" skipped. Previously built successfully.
       Target "_CheckMicrosoftNetCompilersToolsetFrameworkPackageReference" skipped, due to false condition; ('$(MSBuildRuntimeType)' == 'Full') was evaluated as ('Core' == 'Full').
   1:7>Target "_CheckForObsoleteDotNetCliToolReferences" in file "C:\Program Files\dotnet\sdk\9.0.304\Sdks\Microsoft.NET.Sdk\targets\Microsoft.NET.ObsoleteReferences.targets" from project "c:\AI\7agent2\mod\mnetSevenDaysBridge\src\mnetSevenDaysBridge.csproj" (target "CollectPackageReferences" depends on it):
       Task "NETSdkWarning" skipped, due to false condition; ( '%(_ReferenceToObsoleteDotNetCliTool.Identity)' != '' ) was evaluated as ( '' != '' ).
   1:7>Done building target "_CheckForObsoleteDotNetCliToolReferences" in project "mnetSevenDaysBridge.csproj".
   1:7>Target "CollectPackageReferences" in file "C:\Program Files\dotnet\sdk\9.0.304\NuGet.targets" from project "c:\AI\7agent2\mod\mnetSevenDaysBridge\src\mnetSevenDaysBridge.csproj" (target "_GetRestoreProjectStyle" depends on it):
       Using "CheckForDuplicateNuGetItemsTask" task from assembly "C:\Program Files\dotnet\sdk\9.0.304\NuGet.Build.Tasks.dll".
       Task "CheckForDuplicateNuGetItemsTask"
       Done executing task "CheckForDuplicateNuGetItemsTask".
   1:7>Done building target "CollectPackageReferences" in project "mnetSevenDaysBridge.csproj".
   1:7>Target "_GetRestoreProjectStyle" in file "C:\Program Files\dotnet\sdk\9.0.304\NuGet.targets" from project "c:\AI\7agent2\mod\mnetSevenDaysBridge\src\mnetSevenDaysBridge.csproj" (target "EnableIntermediateOutputPathMismatchWarning" depends on it):
       Using "GetRestoreProjectStyleTask" task from assembly "C:\Program Files\dotnet\sdk\9.0.304\NuGet.Build.Tasks.dll".
       Task "GetRestoreProjectStyleTask"
       Done executing task "GetRestoreProjectStyleTask".
   1:7>Done building target "_GetRestoreProjectStyle" in project "mnetSevenDaysBridge.csproj".
   1:7>Target "EnableIntermediateOutputPathMismatchWarning" in file "C:\Program Files\dotnet\sdk\9.0.304\NuGet.targets" from project "c:\AI\7agent2\mod\mnetSevenDaysBridge\src\mnetSevenDaysBridge.csproj" (target "_CheckForInvalidConfigurationAndPlatform" depends on it):
   1:7>Done building target "EnableIntermediateOutputPathMismatchWarning" in project "mnetSevenDaysBridge.csproj".
       Target "ApplyImplicitVersions" skipped, due to false condition; ('@(PackageReference)' != '') was evaluated as ('' != '').
       Target "CheckForImplicitPackageReferenceOverrides" skipped. Previously built successfully.
   1:7>Target "CheckForDuplicateItems" in file "C:\Program Files\dotnet\sdk\9.0.304\Sdks\Microsoft.NET.Sdk\targets\Microsoft.NET.Sdk.DefaultItems.Shared.targets" from project "c:\AI\7agent2\mod\mnetSevenDaysBridge\src\mnetSevenDaysBridge.csproj" (target "_CheckForInvalidConfigurationAndPlatform" depends on it):
       Using "CheckForDuplicateItems" task from assembly "C:\Program Files\dotnet\sdk\9.0.304\Sdks\Microsoft.NET.Sdk\targets\..\tools\net9.0\Microsoft.NET.Build.Tasks.dll".
       Task "CheckForDuplicateItems"
       Done executing task "CheckForDuplicateItems".
       Task "CheckForDuplicateItems"
       Done executing task "CheckForDuplicateItems".
       Task "CheckForDuplicateItems"
       Done executing task "CheckForDuplicateItems".
   1:7>Done building target "CheckForDuplicateItems" in project "mnetSevenDaysBridge.csproj".
       Target "WarnForExplicitVersions" skipped, due to false condition; ('@(SdkBuildWarning)' != '') was evaluated as ('' != '').
       Target "_CheckForFailedSDKResolution" skipped, due to false condition; ('$(SdkResolverHonoredGlobalJson)' == 'false') was evaluated as ('' == 'false').
       Target "_WarnWhenUsingNET9AndVSPriorTo1712" skipped, due to false condition; ($([MSBuild]::VersionLessThan($(MSBuildVersion), '17.12.0')) and '$(TargetFrameworkIdentifier)' == '.NETCoreApp' and $([MSBuild]::VersionGreaterThanOrEquals($(_TargetFrameworkVersionWithoutV), '9.0'))) was evaluated as (False and '.NETFramework' == '.NETCoreApp' and False).
       Target "_CheckForInvalidWindowsDesktopTargetingConfiguration" skipped, due to false condition; ('$(TargetFrameworkIdentifier)' == '.NETCoreApp' and $([MSBuild]::VersionGreaterThanOrEquals($(_TargetFrameworkVersionWithoutV), '5.0')) and ('$(UseWindowsForms)' == 'true' or '$(UseWPF)' == 'true')) was evaluated as ('.NETFramework' == '.NETCoreApp' and False and ('' == 'true' or '' == 'true')).
       Target "_CheckForUnnecessaryWindowsDesktopSDK" skipped, due to false condition; ('$(TargetFrameworkIdentifier)' == '.NETCoreApp' and $([MSBuild]::VersionGreaterThanOrEquals($(_TargetFrameworkVersionWithoutV), '5.0')) and '$(_MicrosoftWindowsDesktopSdkImported)' == 'true' and '$(TargetFrameworks)' == '') was evaluated as ('.NETFramework' == '.NETCoreApp' and False and '' == 'true' and '' == '').
       Target "ProcessFrameworkReferences" skipped, due to false condition; ('@(FrameworkReference)' != '' Or '$(_RequiresILLinkPack)' == 'true') was evaluated as ('' != '' Or 'false' == 'true').
       Target "_NormalizeTargetPlatformVersion" skipped, due to false condition; ('$(TargetPlatformVersion)' != '' and '$(TargetFrameworkIdentifier)' == '.NETCoreApp' and $([MSBuild]::VersionGreaterThanOrEquals($(TargetFrameworkVersion), 5.0)) and ('$(Language)' != 'C++' or '$(_EnablePackageReferencesInVCProjects)' == 'true')) was evaluated as ('7.0' != '' and '.NETFramework' == '.NETCoreApp' and False and ('C#' != 'C++' or '' == 'true')).
       Target "ApplyImplicitVersions" skipped, due to false condition; ('@(PackageReference)' != '') was evaluated as ('' != '').
       Target "IncludeTargetingPackReference" skipped. Previously built successfully.
   1:7>Target "_CheckForInvalidConfigurationAndPlatform" in file "C:\Program Files\dotnet\sdk\9.0.304\Microsoft.Common.CurrentVersion.targets" from project "c:\AI\7agent2\mod\mnetSevenDaysBridge\src\mnetSevenDaysBridge.csproj" (target "BeforeBuild" depends on it):
       Task "MSBuildInternalMessage" skipped, due to false condition; ('$(_InvalidConfigurationMessageSeverity)' != '') was evaluated as ('' != '').
       Task "Message"
         Configuration=Release
       Done executing task "Message".
       Task "Message"
         Platform=AnyCPU
       Done executing task "Message".
       Task "MSBuildInternalMessage" skipped, due to false condition; ('$(OutDir)' != '' and !HasTrailingSlash('$(OutDir)')) was evaluated as ('..\build\bin\net48\' != '' and !HasTrailingSlash('..\build\bin\net48\')).
       Task "MSBuildInternalMessage" skipped, due to false condition; ('$(IntermediateOutputPath)' != '' and !HasTrailingSlash('$(IntermediateOutputPath)')) was evaluated as ('obj\Release\net48\' != '' and !HasTrailingSlash('obj\Release\net48\')).
       Task "MSBuildInternalMessage" skipped, due to false condition; ('$(BaseIntermediateOutputPath)' != '' and !HasTrailingSlash('$(BaseIntermediateOutputPath)')) was evaluated as ('obj\' != '' and !HasTrailingSlash('obj\')).
       Task "MSBuildInternalMessage" skipped, due to false condition; ( '$(Prefer32Bit)' == 'true' and '$(PreferNativeArm64)' == 'true' ) was evaluated as ( 'false' == 'true' and 'false' == 'true' ).
       Task "MSBuildInternalMessage" skipped, due to false condition; ( '$(NoWin32Manifest)' == 'true' and '$(PreferNativeArm64)' == 'true' ) was evaluated as ( '' == 'true' and 'false' == 'true' ).
       Task "MSBuildInternalMessage" skipped, due to false condition; ( '$(PreferNativeArm64)' == 'true' and '$(Platform)' != 'AnyCPU' ) was evaluated as ( 'false' == 'true' and 'AnyCPU' != 'AnyCPU' ).
       Task "MSBuildInternalMessage" skipped, due to false condition; ( '$(_InitialMSBuildProjectExtensionsPath)' != '' And '$(MSBuildProjectExtensionsPath)' != '$(_InitialMSBuildProjectExtensionsPath)' ) was evaluated as ( 'c:\AI\7agent2\mod\mnetSevenDaysBridge\src\obj\' != '' And 'c:\AI\7agent2\mod\mnetSevenDaysBridge\src\obj\' != 'c:\AI\7agent2\mod\mnetSevenDaysBridge\src\obj\' ).
       Task "MSBuildInternalMessage" skipped, due to false condition; ( '$(EnableBaseIntermediateOutputPathMismatchWarning)' == 'true' And '$(_InitialBaseIntermediateOutputPath)' != '$(BaseIntermediateOutputPath)' And '$(BaseIntermediateOutputPath)' != '$(MSBuildProjectExtensionsPath)' ) was evaluated as ( 'true' == 'true' And 'obj\' != 'obj\' And 'obj\' != 'c:\AI\7agent2\mod\mnetSevenDaysBridge\src\obj\' ).
   1:7>Done building target "_CheckForInvalidConfigurationAndPlatform" in project "mnetSevenDaysBridge.csproj".
   1:7>Target "ValidateCommandLineProperties" in file "C:\Program Files\dotnet\sdk\9.0.304\Sdks\Microsoft.NET.Sdk\targets\Microsoft.NET.Sdk.targets" from project "c:\AI\7agent2\mod\mnetSevenDaysBridge\src\mnetSevenDaysBridge.csproj" (target "BeforeBuild" depends on it):
   1:7>Done building target "ValidateCommandLineProperties" in project "mnetSevenDaysBridge.csproj".
   1:7>Target "BeforeBuild" in file "C:\Program Files\dotnet\sdk\9.0.304\Microsoft.Common.CurrentVersion.targets" from project "c:\AI\7agent2\mod\mnetSevenDaysBridge\src\mnetSevenDaysBridge.csproj" (target "Build" depends on it):
   1:7>Done building target "BeforeBuild" in project "mnetSevenDaysBridge.csproj".
       Target "_CheckForBuildWithNoBuild" skipped, due to false condition; ('$(NoBuild)' == 'true' and '$(GeneratePackageOnBuild)' != 'true') was evaluated as ('' == 'true' and 'false' != 'true').
   1:7>Target "BuildOnlySettings" in file "C:\Program Files\dotnet\sdk\9.0.304\Microsoft.Common.CurrentVersion.targets" from project "c:\AI\7agent2\mod\mnetSevenDaysBridge\src\mnetSevenDaysBridge.csproj" (target "CoreBuild" depends on it):
       C:\Program Files\dotnet\sdk\9.0.304\Microsoft.Common.CurrentVersion.targets(1168,7): message : Property reassignment: $(BuildingProject)="true" (previous value: "false") at C:\Program Files\dotnet\sdk\9.0.304\Microsoft.Common.CurrentVersion.targets (1168,7) [c:\AI\7agent2\mod\mnetSevenDaysBridge\src\mnetSevenDaysBridge.csproj]
   1:7>Done building target "BuildOnlySettings" in project "mnetSevenDaysBridge.csproj".
       Target "_CheckForUnsupportedTargetFramework" skipped, due to false condition; ('$(_UnsupportedTargetFrameworkError)' == 'true') was evaluated as ('' == 'true').
       Target "_CheckForUnsupportedTargetPlatformIdentifier" skipped, due to false condition; ('$(TargetPlatformIdentifier)' != '' and '$(TargetFrameworkIdentifier)' == '.NETCoreApp' and $([MSBuild]::VersionGreaterThanOrEquals($(TargetFrameworkVersion), 5.0)) And ('$(DesignTimeBuild)' != 'true' Or '@(MissingWorkloadPack)' == '')) was evaluated as ('Windows' != '' and '.NETFramework' == '.NETCoreApp' and False And ('' != 'true' Or '' == '')).
       Target "_CheckForMissingWorkload" skipped, due to false condition; ('@(MissingWorkloadPack)' != '' And '$(DesignTimeBuild)' != 'true') was evaluated as ('' != '' And '' != 'true').
   1:7>Target "GetFrameworkPaths" in file "C:\Program Files\dotnet\sdk\9.0.304\Microsoft.NETFramework.CurrentVersion.targets" from project "c:\AI\7agent2\mod\mnetSevenDaysBridge\src\mnetSevenDaysBridge.csproj" (target "PrepareForBuild" depends on it):
   1:7>Done building target "GetFrameworkPaths" in project "mnetSevenDaysBridge.csproj".
       Target "GetFrameworkPaths" skipped. Previously built successfully.
       Target "_CheckForUnsupportedTargetFramework" skipped, due to false condition; ('$(_UnsupportedTargetFrameworkError)' == 'true') was evaluated as ('' == 'true').
       Target "_CheckForUnsupportedTargetPlatformIdentifier" skipped, due to false condition; ('$(TargetPlatformIdentifier)' != '' and '$(TargetFrameworkIdentifier)' == '.NETCoreApp' and $([MSBuild]::VersionGreaterThanOrEquals($(TargetFrameworkVersion), 5.0)) And ('$(DesignTimeBuild)' != 'true' Or '@(MissingWorkloadPack)' == '')) was evaluated as ('Windows' != '' and '.NETFramework' == '.NETCoreApp' and False And ('' != 'true' Or '' == '')).
       Target "_CheckForMissingWorkload" skipped, due to false condition; ('@(MissingWorkloadPack)' != '' And '$(DesignTimeBuild)' != 'true') was evaluated as ('' != '' And '' != 'true').
   1:7>Target "GetReferenceAssemblyPaths" in file "C:\Program Files\dotnet\sdk\9.0.304\Microsoft.Common.CurrentVersion.targets" from project "c:\AI\7agent2\mod\mnetSevenDaysBridge\src\mnetSevenDaysBridge.csproj" (target "PrepareForBuild" depends on it):
       C:\Program Files\dotnet\sdk\9.0.304\Microsoft.Common.CurrentVersion.targets(1255,7): message : Property reassignment: $(TargetFrameworkDirectory)="" (previous value: "v4.0.30319") at C:\Program Files\dotnet\sdk\9.0.304\Microsoft.Common.CurrentVersion.targets (1255,7) [c:\AI\7agent2\mod\mnetSevenDaysBridge\src\mnetSevenDaysBridge.csproj]
       Task "GetReferenceAssemblyPaths"
       C:\Program Files\dotnet\sdk\9.0.304\Microsoft.Common.CurrentVersion.targets(1267,7): message : Property reassignment: $(_FullFrameworkReferenceAssemblyPaths)="C:\Program Files %28x86%29\Reference Assemblies\Microsoft\Framework\.NETFramework\v4.8\" (previous value: "C:\Program Files (x86)\Reference Assemblies\Microsoft\Framework\.NETFramework\v4.8\") at C:\Program Files\dotnet\sdk\9.0.304\Microsoft.Common.CurrentVersion.targets (1267,7) [c:\AI\7agent2\mod\mnetSevenDaysBridge\src\mnetSevenDaysBridge.csproj]
       Done executing task "GetReferenceAssemblyPaths".
       C:\Program Files\dotnet\sdk\9.0.304\Microsoft.Common.CurrentVersion.targets(1272,7): message : Property reassignment: $(TargetFrameworkDirectory)="C:\Program Files %28x86%29\Reference Assemblies\Microsoft\Framework\.NETFramework\v4.8\;;" (previous value: "v4.0.30319") at C:\Program Files\dotnet\sdk\9.0.304\Microsoft.Common.CurrentVersion.targets (1272,7) [c:\AI\7agent2\mod\mnetSevenDaysBridge\src\mnetSevenDaysBridge.csproj]
       C:\Program Files\dotnet\sdk\9.0.304\Microsoft.Common.CurrentVersion.targets(1293,7): message : Property reassignment: $(TargetFrameworkDirectory)="C:\Program Files %28x86%29\Reference Assemblies\Microsoft\Framework\.NETFramework\v4.8\;;;C:\Program Files %28x86%29\Reference Assemblies\Microsoft\Framework\.NETFramework\v4.8\Facades\" (previous value: "v4.0.30319") at C:\Program Files\dotnet\sdk\9.0.304\Microsoft.Common.CurrentVersion.targets (1293,7) [c:\AI\7agent2\mod\mnetSevenDaysBridge\src\mnetSevenDaysBridge.csproj]
   1:7>Done building target "GetReferenceAssemblyPaths" in project "mnetSevenDaysBridge.csproj".
       Target "AssignLinkMetadata" skipped, due to false condition; ( '$(SynthesizeLinkMetadata)' == 'true' ) was evaluated as ( '' == 'true' ).
       Target "_VerifyPackReleaseConfigurations" skipped, due to false condition; ('$(_IsPacking)' == 'true' and '$(DOTNET_CLI_DISABLE_PUBLISH_AND_PACK_RELEASE)' != 'true' and '$(DOTNET_CLI_LAZY_PUBLISH_AND_PACK_RELEASE_FOR_SOLUTIONS)' == 'true') was evaluated as ('' == 'true' and '' != 'true' and '' == 'true').
   1:7>Target "PrepareForBuild" in file "C:\Program Files\dotnet\sdk\9.0.304\Microsoft.Common.CurrentVersion.targets" from project "c:\AI\7agent2\mod\mnetSevenDaysBridge\src\mnetSevenDaysBridge.csproj" (target "CoreBuild" depends on it):
       Using "FindAppConfigFile" task from assembly "Microsoft.Build.Tasks.Core, Version=15.1.0.0, Culture=neutral, PublicKeyToken=b03f5f7f11d50a3a".
       Task "FindAppConfigFile"
       Done executing task "FindAppConfigFile".
       Using "MakeDir" task from assembly "Microsoft.Build.Tasks.Core, Version=15.1.0.0, Culture=neutral, PublicKeyToken=b03f5f7f11d50a3a".
       Task "MakeDir"
       Done executing task "MakeDir".
   1:7>Done building target "PrepareForBuild" in project "mnetSevenDaysBridge.csproj".
       Target "GenerateTargetPlatformDefineConstants" skipped, due to false condition; ( '$(DisableImplicitFrameworkDefines)' != 'true' and '$(TargetPlatformIdentifier)' != '' and '$(TargetFrameworkIdentifier)' == '.NETCoreApp' and $([MSBuild]::VersionGreaterThanOrEquals($(TargetFrameworkVersion), 5.0)) ) was evaluated as ( '' != 'true' and 'Windows' != '' and '.NETFramework' == '.NETCoreApp' and False ).
   1:7>Target "GenerateNETCompatibleDefineConstants" in file "C:\Program Files\dotnet\sdk\9.0.304\Sdks\Microsoft.NET.Sdk\targets\Microsoft.NET.Sdk.BeforeCommon.targets" from project "c:\AI\7agent2\mod\mnetSevenDaysBridge\src\mnetSevenDaysBridge.csproj" (target "AddImplicitDefineConstants" depends on it):
   1:7>Done building target "GenerateNETCompatibleDefineConstants" in project "mnetSevenDaysBridge.csproj".
       Target "GeneratePlatformCompatibleDefineConstants" skipped, due to false condition; ( '$(DisableImplicitFrameworkDefines)' != 'true' and '$(TargetPlatformIdentifier)' != '' and '$(TargetFrameworkIdentifier)' == '.NETCoreApp' and $([MSBuild]::VersionGreaterThanOrEquals($(TargetFrameworkVersion), 5.0)) ) was evaluated as ( '' != 'true' and 'Windows' != '' and '.NETFramework' == '.NETCoreApp' and False ).
       Target "_DisableDiagnosticTracing" skipped, due to false condition; ('$(DisableDiagnosticTracing)' == 'true') was evaluated as ('' == 'true').
   1:7>Target "AddImplicitDefineConstants" in file "C:\Program Files\dotnet\sdk\9.0.304\Sdks\Microsoft.NET.Sdk\targets\Microsoft.NET.Sdk.BeforeCommon.targets" from project "c:\AI\7agent2\mod\mnetSevenDaysBridge\src\mnetSevenDaysBridge.csproj" (target "CoreBuild" depends on it):
       C:\Program Files\dotnet\sdk\9.0.304\Sdks\Microsoft.NET.Sdk\targets\Microsoft.NET.Sdk.BeforeCommon.targets(267,7): message : Property reassignment: $(DefineConstants)="TRACE;RELEASE;NETFRAMEWORK;NET48;;NET20_OR_GREATER;NET30_OR_GREATER;NET35_OR_GREATER;NET40_OR_GREATER;NET45_OR_GREATER;NET451_OR_GREATER;NET452_OR_GREATER;NET46_OR_GREATER;NET461_OR_GREATER;NET462_OR_GREATER;NET47_OR_GREATER;NET471_OR_GREATER;NET472_OR_GREATER;NET48_OR_GREATER" (previous value: "TRACE;RELEASE;NETFRAMEWORK;NET48;") at C:\Program Files\dotnet\sdk\9.0.304\Sdks\Microsoft.NET.Sdk\targets\Microsoft.NET.Sdk.BeforeCommon.targets (267,7) [c:\AI\7agent2\mod\mnetSevenDaysBridge\src\mnetSevenDaysBridge.csproj]
   1:7>Done building target "AddImplicitDefineConstants" in project "mnetSevenDaysBridge.csproj".
       Target "GenerateGlobalUsings" skipped, due to false condition; (@(Using->Count()) != 0) was evaluated as (0 != 0).
       Target "PreBuildEvent" skipped, due to false condition; ('$(PreBuildEvent)'!='') was evaluated as (''!='').
       Target "_BlockWinMDsOnUnsupportedTFMs" skipped, due to false condition; ('$(TargetFrameworkIdentifier)' == '.NETCoreApp' and $([MSBuild]::VersionGreaterThanOrEquals($(TargetFrameworkVersion), '5.0'))) was evaluated as ('.NETFramework' == '.NETCoreApp' and False).
   1:7>Target "BeforeResolveReferences" in file "C:\Program Files\dotnet\sdk\9.0.304\Microsoft.Common.CurrentVersion.targets" from project "c:\AI\7agent2\mod\mnetSevenDaysBridge\src\mnetSevenDaysBridge.csproj" (target "ResolveReferences" depends on it):
   1:7>Done building target "BeforeResolveReferences" in project "mnetSevenDaysBridge.csproj".
       Target "AssignProjectConfiguration" skipped, due to false condition; ('$(CurrentSolutionConfigurationContents)' != '' or '@(ProjectReference)'!='') was evaluated as ('' != '' or ''!='').
   1:7>Target "IgnoreJavaScriptOutputAssembly" in file "C:\Program Files\dotnet\sdk\9.0.304\Microsoft.Common.CurrentVersion.targets" from project "c:\AI\7agent2\mod\mnetSevenDaysBridge\src\mnetSevenDaysBridge.csproj" (target "AssignProjectConfiguration" depends on it):
   1:7>Done building target "IgnoreJavaScriptOutputAssembly" in project "mnetSevenDaysBridge.csproj".
       Target "ProcessFrameworkReferences" skipped, due to false condition; ('@(FrameworkReference)' != '' Or '$(_RequiresILLinkPack)' == 'true') was evaluated as ('' != '' Or 'false' == 'true').
       Target "_NormalizeTargetPlatformVersion" skipped, due to false condition; ('$(TargetPlatformVersion)' != '' and '$(TargetFrameworkIdentifier)' == '.NETCoreApp' and $([MSBuild]::VersionGreaterThanOrEquals($(TargetFrameworkVersion), 5.0)) and ('$(Language)' != 'C++' or '$(_EnablePackageReferencesInVCProjects)' == 'true')) was evaluated as ('7.0' != '' and '.NETFramework' == '.NETCoreApp' and False and ('C#' != 'C++' or '' == 'true')).
       Target "ApplyImplicitVersions" skipped, due to false condition; ('@(PackageReference)' != '') was evaluated as ('' != '').
   1:7>Target "_DefaultMicrosoftNETPlatformLibrary" in file "C:\Program Files\dotnet\sdk\9.0.304\Sdks\Microsoft.NET.Sdk\targets\Microsoft.NET.Sdk.Shared.targets" from project "c:\AI\7agent2\mod\mnetSevenDaysBridge\src\mnetSevenDaysBridge.csproj" (target "ResolvePackageAssets" depends on it):
   1:7>Done building target "_DefaultMicrosoftNETPlatformLibrary" in project "mnetSevenDaysBridge.csproj".
   1:7>Target "_ComputePackageReferencePublish" in file "C:\Program Files\dotnet\sdk\9.0.304\Sdks\Microsoft.NET.Sdk\targets\Microsoft.NET.Sdk.Shared.targets" from project "c:\AI\7agent2\mod\mnetSevenDaysBridge\src\mnetSevenDaysBridge.csproj" (target "ResolvePackageAssets" depends on it):
   1:7>Done building target "_ComputePackageReferencePublish" in project "mnetSevenDaysBridge.csproj".
       Target "_ResolveCompilerVersion" skipped, due to false condition; ('$(CompilerApiVersion)' == '' And
                            ('$(Language)' == 'C#' Or '$(Language)' == 'VB') And
                            Exists('$(RoslynTargetsPath)\Microsoft.Build.Tasks.CodeAnalysis.dll')) was evaluated as ('roslyn4.14' == '' And
                            ('C#' == 'C#' Or 'C#' == 'VB') And
                            Exists('C:\Program Files\dotnet\sdk\9.0.304\Roslyn\Microsoft.Build.Tasks.CodeAnalysis.dll')).
   1:7>Target "ResolvePackageAssets" in file "C:\Program Files\dotnet\sdk\9.0.304\Sdks\Microsoft.NET.Sdk\targets\Microsoft.PackageDependencyResolution.targets" from project "c:\AI\7agent2\mod\mnetSevenDaysBridge\src\mnetSevenDaysBridge.csproj" (target "ResolveLockFileReferences" depends on it):
       Using "ResolvePackageAssets" task from assembly "C:\Program Files\dotnet\sdk\9.0.304\Sdks\Microsoft.NET.Sdk\targets\..\tools\net9.0\Microsoft.NET.Build.Tasks.dll".
       Task "ResolvePackageAssets"
       Done executing task "ResolvePackageAssets".
   1:7>Done building target "ResolvePackageAssets" in project "mnetSevenDaysBridge.csproj".
       Target "AdjustDefaultPlatformTargetForNetFrameworkExeWithNoNativeCopyLocalItems" skipped, due to false condition; ('$(_UsingDefaultPlatformTarget)' == 'true' and
                            '$(_UsingDefaultRuntimeIdentifier)' == 'true') was evaluated as ('true' == 'true' and
                            '' == 'true').
       Target "_CheckForTransitiveWindowsDesktopDependencies" skipped, due to false condition; ('$(TargetFrameworkIdentifier)' == '.NETCoreApp' and $([MSBuild]::VersionGreaterThanOrEquals($(_TargetFrameworkVersionWithoutV), '5.0')) and '$(TargetPlatformIdentifier)' != 'Windows' and '@(TransitiveFrameworkReference)' != '') was evaluated as ('.NETFramework' == '.NETCoreApp' and False and 'Windows' != 'Windows' and '' != '').
       Target "AddTransitiveFrameworkReferences" skipped, due to false condition; ('@(TransitiveFrameworkReference)' != '') was evaluated as ('' != '').
       Target "_CheckForTransitiveWindowsSDKFullDependencies" skipped, due to false condition; ( '$(TargetFrameworkIdentifier)' == '.NETCoreApp'
                             and '$(TargetPlatformIdentifier)' == 'Windows'
                             and '@(TransitiveFrameworkReference)' != ''
                             and '$(UseUwp)' != 'true' ) was evaluated as ( '.NETFramework' == '.NETCoreApp'
                             and 'Windows' == 'Windows'
                             and '' != ''
                             and '' != 'true' ).
       Target "_CheckForInvalidTfmForWindowsSDKXamlDependencies" skipped, due to false condition; ( !('$(TargetFrameworkIdentifier)' == '.NETCoreApp' and $([MSBuild]::VersionGreaterThanOrEquals($(TargetFrameworkVersion), '8.0')) and '$(TargetPlatformIdentifier)' == 'Windows')
                             and '$(UseUwp)' == 'true' ) was evaluated as ( !('.NETFramework' == '.NETCoreApp' and False and 'Windows' == 'Windows')
                             and '' == 'true' ).
   1:7>Target "ResolveLockFileReferences" in file "C:\Program Files\dotnet\sdk\9.0.304\Sdks\Microsoft.NET.Sdk\targets\Microsoft.PackageDependencyResolution.targets" from project "c:\AI\7agent2\mod\mnetSevenDaysBridge\src\mnetSevenDaysBridge.csproj" (target "ResolvePackageDependenciesForBuild" depends on it):
       Using "JoinItems" task from assembly "C:\Program Files\dotnet\sdk\9.0.304\Sdks\Microsoft.NET.Sdk\targets\..\tools\net9.0\Microsoft.NET.Build.Tasks.dll".
       Task "JoinItems"
       Done executing task "JoinItems".
   1:7>Done building target "ResolveLockFileReferences" in project "mnetSevenDaysBridge.csproj".
       Target "ResolvePackageAssets" skipped. Previously built successfully.
   1:7>Target "ResolveLockFileAnalyzers" in file "C:\Program Files\dotnet\sdk\9.0.304\Sdks\Microsoft.NET.Sdk\targets\Microsoft.PackageDependencyResolution.targets" from project "c:\AI\7agent2\mod\mnetSevenDaysBridge\src\mnetSevenDaysBridge.csproj" (target "ResolvePackageDependenciesForBuild" depends on it):
   1:7>Done building target "ResolveLockFileAnalyzers" in project "mnetSevenDaysBridge.csproj".
       Target "ResolvePackageAssets" skipped. Previously built successfully.
       Target "RunProduceContentAssets" skipped, due to false condition; ('@(_ContentFilesToPreprocess)' != '' and '$(_CleaningWithoutRebuilding)' != 'true') was evaluated as ('' != '' and '' != 'true').
   1:7>Target "ResolveLockFileCopyLocalFiles" in file "C:\Program Files\dotnet\sdk\9.0.304\Sdks\Microsoft.NET.Sdk\targets\Microsoft.PackageDependencyResolution.targets" from project "c:\AI\7agent2\mod\mnetSevenDaysBridge\src\mnetSevenDaysBridge.csproj" (target "ResolvePackageDependenciesForBuild" depends on it):
   1:7>Done building target "ResolveLockFileCopyLocalFiles" in project "mnetSevenDaysBridge.csproj".
       Target "ResolveRuntimePackAssets" skipped, due to false condition; ('@(RuntimePack)' != '') was evaluated as ('' != '').
       Target "RunProduceContentAssets" skipped, due to false condition; ('@(_ContentFilesToPreprocess)' != '' and '$(_CleaningWithoutRebuilding)' != 'true') was evaluated as ('' != '' and '' != 'true').
       Target "ResolvePackageAssets" skipped. Previously built successfully.
   1:7>Target "IncludeTransitiveProjectReferences" in file "C:\Program Files\dotnet\sdk\9.0.304\Sdks\Microsoft.NET.Sdk\targets\Microsoft.PackageDependencyResolution.targets" from project "c:\AI\7agent2\mod\mnetSevenDaysBridge\src\mnetSevenDaysBridge.csproj" (target "ResolvePackageDependenciesForBuild" depends on it):
   1:7>Done building target "IncludeTransitiveProjectReferences" in project "mnetSevenDaysBridge.csproj".
   1:7>Target "ResolvePackageDependenciesForBuild" in file "C:\Program Files\dotnet\sdk\9.0.304\Sdks\Microsoft.NET.Sdk\targets\Microsoft.PackageDependencyResolution.targets" from project "c:\AI\7agent2\mod\mnetSevenDaysBridge\src\mnetSevenDaysBridge.csproj" (target "AssignProjectConfiguration" depends on it):
   1:7>Done building target "ResolvePackageDependenciesForBuild" in project "mnetSevenDaysBridge.csproj".
       Target "AssignProjectConfiguration" skipped, due to false condition; ('$(CurrentSolutionConfigurationContents)' != '' or '@(ProjectReference)'!='') was evaluated as ('' != '' or ''!='').
   1:7>Target "_SplitProjectReferencesByFileExistence" in file "C:\Program Files\dotnet\sdk\9.0.304\Microsoft.Common.CurrentVersion.targets" from project "c:\AI\7agent2\mod\mnetSevenDaysBridge\src\mnetSevenDaysBridge.csproj" (target "PrepareProjectReferences" depends on it):
       Task "ResolveNonMSBuildProjectOutput" skipped, due to false condition; ('$(BuildingInsideVisualStudio)'=='true' and '@(ProjectReferenceWithConfiguration)'!='') was evaluated as (''=='true' and ''!='').
   1:7>Done building target "_SplitProjectReferencesByFileExistence" in project "mnetSevenDaysBridge.csproj".
   1:7>Target "_AddOutputPathToGlobalPropertiesToRemove" in file "C:\Program Files\dotnet\sdk\9.0.304\Microsoft.Common.CurrentVersion.targets" from project "c:\AI\7agent2\mod\mnetSevenDaysBridge\src\mnetSevenDaysBridge.csproj" (target "_GetProjectReferenceTargetFrameworkProperties" depends on it):
   1:7>Done building target "_AddOutputPathToGlobalPropertiesToRemove" in project "mnetSevenDaysBridge.csproj".
   1:7>Target "_GetProjectReferenceTargetFrameworkProperties" in file "C:\Program Files\dotnet\sdk\9.0.304\Microsoft.Common.CurrentVersion.targets" from project "c:\AI\7agent2\mod\mnetSevenDaysBridge\src\mnetSevenDaysBridge.csproj" (target "PrepareProjectReferences" depends on it):
       Task "MSBuild"
       Done executing task "MSBuild".
       Task "MSBuild" skipped, due to false condition; ('%(_MSBuildProjectReferenceExistent.SkipGetTargetFrameworkProperties)' != 'true' and '$(EnableDynamicPlatformResolution)' == 'true') was evaluated as ('' != 'true' and '' == 'true').
       Task "GetReferenceNearestTargetFrameworkTask" skipped, due to false condition; ('@(_ProjectReferenceTargetFrameworkPossibilities)' != '' and '$(ReferringTargetFrameworkForProjectReferences)' != ''
                                                               And '$(GetReferenceNearestTargetFrameworkTaskSupportsTargetPlatformParameter)' == 'true' and '%(_ProjectReferenceTargetFrameworkPossibilities.IsVcxOrNativeProj)' != 'true') was evaluated as ('' != '' and '.NETFramework,Version=v4.8' != ''
                                                               And 'true' == 'true' and '' != 'true').
       Task "GetReferenceNearestTargetFrameworkTask" skipped, due to false condition; ('@(_ProjectReferenceTargetFrameworkPossibilities)' != '' and '$(ReferringTargetFrameworkForProjectReferences)' != ''
                                                               And '$(GetReferenceNearestTargetFrameworkTaskSupportsTargetPlatformParameter)' != 'true' and '%(_ProjectReferenceTargetFrameworkPossibilities.IsVcxOrNativeProj)' != 'true') was evaluated as ('' != '' and '.NETFramework,Version=v4.8' != ''
                                                               And 'true' != 'true' and '' != 'true').
       Using "SetRidAgnosticValueForProjects" task from assembly "Microsoft.Build.Tasks.Core, Version=15.1.0.0, Culture=neutral, PublicKeyToken=b03f5f7f11d50a3a".
       Task "SetRidAgnosticValueForProjects"
       Done executing task "SetRidAgnosticValueForProjects".
   1:7>Done building target "_GetProjectReferenceTargetFrameworkProperties" in project "mnetSevenDaysBridge.csproj".
   1:7>Target "ValidateExecutableReferences" in file "C:\Program Files\dotnet\sdk\9.0.304\Sdks\Microsoft.NET.Sdk\targets\Microsoft.NET.Sdk.targets" from project "c:\AI\7agent2\mod\mnetSevenDaysBridge\src\mnetSevenDaysBridge.csproj" (target "PrepareProjectReferences" depends on it):
       Using "ValidateExecutableReferences" task from assembly "C:\Program Files\dotnet\sdk\9.0.304\Sdks\Microsoft.NET.Sdk\targets\..\tools\net9.0\Microsoft.NET.Build.Tasks.dll".
       Task "ValidateExecutableReferences"
       Done executing task "ValidateExecutableReferences".
   1:7>Done building target "ValidateExecutableReferences" in project "mnetSevenDaysBridge.csproj".
       Target "_GetProjectReferencePlatformProperties" skipped, due to false condition; ('$(EnableDynamicPlatformResolution)' == 'true'
                            and '@(_MSBuildProjectReferenceExistent)' != '') was evaluated as ('' == 'true'
                            and '' != '').
   1:7>Target "PrepareProjectReferences" in file "C:\Program Files\dotnet\sdk\9.0.304\Microsoft.Common.CurrentVersion.targets" from project "c:\AI\7agent2\mod\mnetSevenDaysBridge\src\mnetSevenDaysBridge.csproj" (target "ResolveProjectReferences" depends on it):
   1:7>Done building target "PrepareProjectReferences" in project "mnetSevenDaysBridge.csproj".
   1:7>Target "ResolveProjectReferences" in file "C:\Program Files\dotnet\sdk\9.0.304\Microsoft.Common.CurrentVersion.targets" from project "c:\AI\7agent2\mod\mnetSevenDaysBridge\src\mnetSevenDaysBridge.csproj" (target "ResolveReferences" depends on it):
       Task "MSBuild" skipped, due to false condition; ('%(_MSBuildProjectReferenceExistent.BuildReference)' == 'true' and '@(ProjectReferenceWithConfiguration)' != '' and ('$(BuildingInsideVisualStudio)' == 'true' or '$(BuildProjectReferences)' != 'true') and '$(VisualStudioVersion)' != '10.0' and '@(_MSBuildProjectReferenceExistent)' != '') was evaluated as ('' == 'true' and '' != '' and ('' == 'true' or 'true' != 'true') and '17.0' != '10.0' and '' != '').
       Task "MSBuild" skipped, due to false condition; ('%(_MSBuildProjectReferenceExistent.BuildReference)' == 'true' and '@(ProjectReferenceWithConfiguration)' != '' and '$(BuildingInsideVisualStudio)' != 'true' and '$(BuildProjectReferences)' == 'true' and '@(_MSBuildProjectReferenceExistent)' != '') was evaluated as ('' == 'true' and '' != '' and '' != 'true' and 'true' == 'true' and '' != '').
       Task "MSBuild" skipped, due to false condition; ('%(_MSBuildProjectReferenceExistent.BuildReference)' == 'true' and '@(ProjectReferenceWithConfiguration)' != '' and '$(BuildingProject)' == 'true' and '@(_MSBuildProjectReferenceExistent)' != '') was evaluated as ('' == 'true' and '' != '' and 'true' == 'true' and '' != '').
       Task "MSBuildInternalMessage" skipped, due to false condition; ('$(_NonExistentProjectReferenceSeverity)' != '') was evaluated as ('' != '').
   1:7>Done building target "ResolveProjectReferences" in project "mnetSevenDaysBridge.csproj".
   1:7>Target "RemoveManagedWinRTComponentWinMDReferences" in file "C:\Program Files\dotnet\sdk\9.0.304\Sdks\Microsoft.NET.Sdk\targets\Microsoft.NET.Windows.targets" from project "c:\AI\7agent2\mod\mnetSevenDaysBridge\src\mnetSevenDaysBridge.csproj" (target "ResolveReferences" depends on it):
   1:7>Done building target "RemoveManagedWinRTComponentWinMDReferences" in project "mnetSevenDaysBridge.csproj".
       Target "AddWinRTComponentImplementationReference" skipped, due to false condition; ('@(ManagedWinRTComponentImplementations)' != '') was evaluated as ('' != '').
       Target "FindInvalidProjectReferences" skipped, due to false condition; ('$(FindInvalidProjectReferences)' == 'true') was evaluated as ('' == 'true').
       Target "ResolveNativeReferences" skipped, due to false condition; ('@(NativeReference)'!='') was evaluated as (''!='').
       Target "ResolveProjectReferences" skipped. Previously built successfully.
       Target "FindInvalidProjectReferences" skipped, due to false condition; ('$(FindInvalidProjectReferences)' == 'true') was evaluated as ('' == 'true').
       Target "GetFrameworkPaths" skipped. Previously built successfully.
       Target "GetReferenceAssemblyPaths" skipped. Previously built successfully.
       Target "PrepareForBuild" skipped. Previously built successfully.
       Target "GetInstalledSDKLocations" skipped, due to false condition; ('@(SDKReference)' != '') was evaluated as ('' != '').
   1:7>Target "ResolveSDKReferences" in file "C:\Program Files\dotnet\sdk\9.0.304\Microsoft.Common.CurrentVersion.targets" from project "c:\AI\7agent2\mod\mnetSevenDaysBridge\src\mnetSevenDaysBridge.csproj" (target "ResolveAssemblyReferences" depends on it):
       Task "ResolveSDKReference" skipped, due to false condition; ('@(SDKReference)'!='') was evaluated as (''!='').
   1:7>Done building target "ResolveSDKReferences" in project "mnetSevenDaysBridge.csproj".
       Target "ResolveSDKReferences" skipped. Previously built successfully.
   1:7>Target "ExpandSDKReferences" in file "C:\Program Files\dotnet\sdk\9.0.304\Microsoft.Common.CurrentVersion.targets" from project "c:\AI\7agent2\mod\mnetSevenDaysBridge\src\mnetSevenDaysBridge.csproj" (target "ResolveAssemblyReferences" depends on it):
       Task "GetSDKReferenceFiles" skipped, due to false condition; ('@(ResolvedSDKReference)'!='') was evaluated as (''!='').
   1:7>Done building target "ExpandSDKReferences" in project "mnetSevenDaysBridge.csproj".
       Target "ResolvePackageDependenciesForBuild" skipped. Previously built successfully.
       Target "GetFrameworkPaths" skipped. Previously built successfully.
       Target "GetReferenceAssemblyPaths" skipped. Previously built successfully.
       Target "ResolveTargetingPackAssets" skipped, due to false condition; ('@(FrameworkReference)' != '') was evaluated as ('' != '').
       Target "ResolveOffByDefaultAnalyzers" skipped, due to false condition; ('@(FrameworkReference)' != '') was evaluated as ('' != '').
   1:7>Target "ImplicitlyExpandNETStandardFacades" in file "C:\Program Files\dotnet\sdk\9.0.304\Microsoft\Microsoft.NET.Build.Extensions\Microsoft.NET.Build.Extensions.NETFramework.targets" from project "c:\AI\7agent2\mod\mnetSevenDaysBridge\src\mnetSevenDaysBridge.csproj" (target "_HandlePackageFileConflicts" depends on it):
       Task "GetDependsOnNETStandard" skipped, due to false condition; ('$(_RunGetDependsOnNETStandard)' == 'true') was evaluated as ('' == 'true').
       Task "NETBuildExtensionsError" skipped, due to false condition; ('$(DependsOnNETStandard)' == 'true' AND '$(NETStandardInbox)' != 'true' AND '$(_UsingOldSDK)' == 'true') was evaluated as ('' == 'true' AND 'true' != 'true' AND '' == 'true').
       Task "AddFacadesToReferences" skipped, due to false condition; ('@(_NETStandardLibraryNETFrameworkLib)' != '') was evaluated as ('' != '').
   1:7>Done building target "ImplicitlyExpandNETStandardFacades" in project "mnetSevenDaysBridge.csproj".
   1:7>Target "_HandlePackageFileConflicts" in file "C:\Program Files\dotnet\sdk\9.0.304\Sdks\Microsoft.NET.Sdk\targets\Microsoft.NET.ConflictResolution.targets" from project "c:\AI\7agent2\mod\mnetSevenDaysBridge\src\mnetSevenDaysBridge.csproj" (target "ResolveAssemblyReferences" depends on it):
       Using "ResolvePackageFileConflicts" task from assembly "C:\Program Files\dotnet\sdk\9.0.304\Sdks\Microsoft.NET.Sdk\targets\..\tools\net9.0\Microsoft.NET.Build.Tasks.dll".
       Task "ResolvePackageFileConflicts"
       Done executing task "ResolvePackageFileConflicts".
   1:7>Done building target "_HandlePackageFileConflicts" in project "mnetSevenDaysBridge.csproj".
       Target "ResolveTargetingPackAssets" skipped, due to false condition; ('@(FrameworkReference)' != '') was evaluated as ('' != '').
       Target "ResolveOffByDefaultAnalyzers" skipped, due to false condition; ('@(FrameworkReference)' != '') was evaluated as ('' != '').
       Target "ImplicitlyExpandNETStandardFacades" skipped. Previously built successfully.
   1:7>Target "ResolveAssemblyReferences" in file "C:\Program Files\dotnet\sdk\9.0.304\Microsoft.Common.CurrentVersion.targets" from project "c:\AI\7agent2\mod\mnetSevenDaysBridge\src\mnetSevenDaysBridge.csproj" (target "ResolveReferences" depends on it):
       Using "ResolveAssemblyReference" task from assembly "Microsoft.Build.Tasks.Core, Version=15.1.0.0, Culture=neutral, PublicKeyToken=b03f5f7f11d50a3a".
       Task "ResolveAssemblyReference"
         TargetFrameworkMoniker:
             .NETFramework,Version=v4.8
         TargetFrameworkMonikerDisplayName:
             .NET Framework 4.8
         TargetedRuntimeVersion:
             v
         Assemblies:
             Assembly-CSharp
                 Private = 'false'
                 HintPath = 'C:\Program Files (x86)\Steam\steamapps\common\7 Days To Die_V1.3\7DaysToDie_Data\Managed\Assembly-CSharp.dll'
             Assembly-CSharp-firstpass
                 Private = 'false'
                 HintPath = 'C:\Program Files (x86)\Steam\steamapps\common\7 Days To Die_V1.3\7DaysToDie_Data\Managed\Assembly-CSharp-firstpass.dll'
             0Harmony
                 Private = 'false'
                 HintPath = 'C:\Program Files (x86)\Steam\steamapps\common\7 Days To Die_V1.3\7DaysToDie_Data\Managed\..\..\Mods\0_TFP_Harmony\0Harmony.dll'
             InControl
                 Private = 'false'
                 HintPath = 'C:\Program Files (x86)\Steam\steamapps\common\7 Days To Die_V1.3\7DaysToDie_Data\Managed\InControl.dll'
             LogLibrary
                 Private = 'false'
                 HintPath = 'C:\Program Files (x86)\Steam\steamapps\common\7 Days To Die_V1.3\7DaysToDie_Data\Managed\LogLibrary.dll'
             UnityEngine
                 Private = 'false'
                 HintPath = 'C:\Program Files (x86)\Steam\steamapps\common\7 Days To Die_V1.3\7DaysToDie_Data\Managed\UnityEngine.dll'
             UnityEngine.CoreModule
                 Private = 'false'
                 HintPath = 'C:\Program Files (x86)\Steam\steamapps\common\7 Days To Die_V1.3\7DaysToDie_Data\Managed\UnityEngine.CoreModule.dll'
             UnityEngine.PhysicsModule
                 Private = 'false'
                 HintPath = 'C:\Program Files (x86)\Steam\steamapps\common\7 Days To Die_V1.3\7DaysToDie_Data\Managed\UnityEngine.PhysicsModule.dll'
             System
             System.Data
             System.Drawing
             System.Xml
             System.Core
             System.Runtime.Serialization
             System.Xml.Linq
             System.Numerics
             System.IO.Compression.FileSystem
         AssemblyFiles:
             C:\Program Files (x86)\Reference Assemblies\Microsoft\Framework\.NETFramework\v4.8\mscorlib.dll
         CandidateAssemblyFiles:
         TargetFrameworkDirectories:
             C:\Program Files (x86)\Reference Assemblies\Microsoft\Framework\.NETFramework\v4.8\,C:\Program Files (x86)\Reference Assemblies\Microsoft\Framework\.NETFramework\v4.8\Facades\
         NonCultureResourceDirectories:
             
         InstalledAssemblyTables:
         IgnoreInstalledAssemblyTable:
             False
         SearchPaths:
             {CandidateAssemblyFiles}
             {HintPathFromItem}
             {TargetFrameworkDirectory}
             {RawFileName}
         AllowedAssemblyExtensions:
             .winmd
             .dll
             .exe
         AllowedRelatedFileExtensions:
             .pdb
             .xml
             .pri
             .dll.config
             .exe.config
         AppConfigFile:
             
         AutoUnify:
             True
         EnableCustomCulture:
             False
         CopyLocalDependenciesWhenParentReferenceInGac:
             True
         FindDependencies:
             True
         TargetProcessorArchitecture:
             msil
         StateFile:
             obj\Release\net48\mnetSevenDaysBridge.csproj.AssemblyReference.cache
         InstalledAssemblySubsetTables:
         IgnoreInstalledAssemblySubsetTable:
             False
         TargetFrameworkSubsets:
         FullTargetFrameworkSubsetNames:
             Full
         ProfileName:
             
         FullFrameworkFolders:
             C:\Program Files (x86)\Reference Assemblies\Microsoft\Framework\.NETFramework\v4.8\
         LatestTargetFrameworkDirectories:
         ProfileTablesLocation:
         Unified primary reference "mscorlib, Version=4.0.0.0, Culture=neutral, PublicKeyToken=b77a5c561934e089".
             Using this version instead of original version "2.0.0.0" in "C:\Program Files (x86)\Steam\steamapps\common\7 Days To Die_V1.3\7DaysToDie_Data\Managed\GameSparksRT.dll" because there is a more recent version of this framework file.
             Using this version instead of original version "2.0.0.0" in "C:\Program Files (x86)\Steam\steamapps\common\7 Days To Die_V1.3\7DaysToDie_Data\Managed\GameSparks.Api.dll" because there is a more recent version of this framework file.
             Using this version instead of original version "2.0.0.0" in "C:\Program Files (x86)\Steam\steamapps\common\7 Days To Die_V1.3\7DaysToDie_Data\Managed\Noemax.GZip.dll" because there is a more recent version of this framework file.
             Using this version instead of original version "2.0.0.0" in "C:\Program Files (x86)\Steam\steamapps\common\7 Days To Die_V1.3\7DaysToDie_Data\Managed\libnoise.dll" because there is a more recent version of this framework file.
             Using this version instead of original version "2.0.0.0" in "C:\Program Files (x86)\Steam\steamapps\common\7 Days To Die_V1.3\7DaysToDie_Data\Managed\zxing.unity.dll" because there is a more recent version of this framework file.
             Using this version instead of original version "2.0.0.0" in "C:\Program Files (x86)\Steam\steamapps\common\7 Days To Die_V1.3\7DaysToDie_Data\Managed\GameSparks.dll" because there is a more recent version of this framework file.
             Using this version instead of original version "2.0.0.0" in "C:\Program Files (x86)\Steam\steamapps\common\7 Days To Die_V1.3\7DaysToDie_Data\Managed\BouncyCastle_GameSparks.dll" because there is a more recent version of this framework file.
             Using this version instead of original version "2.0.0.0" in "C:\Program Files (x86)\Steam\steamapps\common\7 Days To Die_V1.3\7DaysToDie_Data\Managed\Pathfinding.Ionic.Zip.Reduced.dll" because there is a more recent version of this framework file.
             Using this version instead of original version "2.0.0.0" in "C:\Program Files (x86)\Steam\steamapps\common\7 Days To Die_V1.3\7DaysToDie_Data\Managed\Pathfinding.ClipperLib.dll" because there is a more recent version of this framework file.
             Using this version instead of original version "2.0.0.0" in "C:\Program Files (x86)\Steam\steamapps\common\7 Days To Die_V1.3\7DaysToDie_Data\Managed\Pathfinding.Poly2Tri.dll" because there is a more recent version of this framework file.
             Using this version instead of original version "2.0.0.0" in "C:\Program Files (x86)\Steam\steamapps\common\7 Days To Die_V1.3\7DaysToDie_Data\Managed\Antlr3.Runtime.dll" because there is a more recent version of this framework file.
             Resolved file path is "C:\Program Files (x86)\Reference Assemblies\Microsoft\Framework\.NETFramework\v4.8\mscorlib.dll".
             Reference found at search path location "C:\Program Files (x86)\Reference Assemblies\Microsoft\Framework\.NETFramework\v4.8\mscorlib.dll".
             This reference is not "CopyLocal" because it's a prerequisite file.
         Primary reference "Assembly-CSharp, Version=0.0.0.0, Culture=neutral, PublicKeyToken=null".
             Resolved file path is "C:\Program Files (x86)\Steam\steamapps\common\7 Days To Die_V1.3\7DaysToDie_Data\Managed\Assembly-CSharp.dll".
             Reference found at search path location "{HintPathFromItem}".
             This reference is not "CopyLocal" because at least one source item had "Private" set to "false" and no source items had "Private" set to "true".
         Primary reference "Assembly-CSharp-firstpass, Version=0.0.0.0, Culture=neutral, PublicKeyToken=null".
             Resolved file path is "C:\Program Files (x86)\Steam\steamapps\common\7 Days To Die_V1.3\7DaysToDie_Data\Managed\Assembly-CSharp-firstpass.dll".
             Reference found at search path location "{HintPathFromItem}".
             This reference is not "CopyLocal" because at least one source item had "Private" set to "false" and no source items had "Private" set to "true".
         Primary reference "0Harmony, Version=2.13.0.0, Culture=neutral, PublicKeyToken=null".
             Resolved file path is "C:\Program Files (x86)\Steam\steamapps\common\7 Days To Die_V1.3\Mods\0_TFP_Harmony\0Harmony.dll".
             Reference found at search path location "{HintPathFromItem}".
             This reference is not "CopyLocal" because at least one source item had "Private" set to "false" and no source items had "Private" set to "true".
         Primary reference "InControl, Version=0.0.0.0, Culture=neutral, PublicKeyToken=null".
             Resolved file path is "C:\Program Files (x86)\Steam\steamapps\common\7 Days To Die_V1.3\7DaysToDie_Data\Managed\InControl.dll".
             Reference found at search path location "{HintPathFromItem}".
             This reference is not "CopyLocal" because at least one source item had "Private" set to "false" and no source items had "Private" set to "true".
         Primary reference "LogLibrary, Version=0.0.0.0, Culture=neutral, PublicKeyToken=null".
             Resolved file path is "C:\Program Files (x86)\Steam\steamapps\common\7 Days To Die_V1.3\7DaysToDie_Data\Managed\LogLibrary.dll".
             Reference found at search path location "{HintPathFromItem}".
             This reference is not "CopyLocal" because at least one source item had "Private" set to "false" and no source items had "Private" set to "true".
         Primary reference "UnityEngine, Version=0.0.0.0, Culture=neutral, PublicKeyToken=null".
             Resolved file path is "C:\Program Files (x86)\Steam\steamapps\common\7 Days To Die_V1.3\7DaysToDie_Data\Managed\UnityEngine.dll".
             Reference found at search path location "{HintPathFromItem}".
             This reference is not "CopyLocal" because at least one source item had "Private" set to "false" and no source items had "Private" set to "true".
         Primary reference "UnityEngine.CoreModule, Version=0.0.0.0, Culture=neutral, PublicKeyToken=null".
             Resolved file path is "C:\Program Files (x86)\Steam\steamapps\common\7 Days To Die_V1.3\7DaysToDie_Data\Managed\UnityEngine.CoreModule.dll".
             Reference found at search path location "{HintPathFromItem}".
             This reference is not "CopyLocal" because at least one source item had "Private" set to "false" and no source items had "Private" set to "true".
         Primary reference "UnityEngine.PhysicsModule, Version=0.0.0.0, Culture=neutral, PublicKeyToken=null".
             Resolved file path is "C:\Program Files (x86)\Steam\steamapps\common\7 Days To Die_V1.3\7DaysToDie_Data\Managed\UnityEngine.PhysicsModule.dll".
             Reference found at search path location "{HintPathFromItem}".
             This reference is not "CopyLocal" because at least one source item had "Private" set to "false" and no source items had "Private" set to "true".
         Unified primary reference "System, Version=4.0.0.0, Culture=neutral, PublicKeyToken=b77a5c561934e089".
             Using this version instead of original version "2.0.0.0" in "C:\Program Files (x86)\Steam\steamapps\common\7 Days To Die_V1.3\7DaysToDie_Data\Managed\GameSparksRT.dll" because there is a more recent version of this framework file.
             Using this version instead of original version "2.0.0.0" in "C:\Program Files (x86)\Steam\steamapps\common\7 Days To Die_V1.3\7DaysToDie_Data\Managed\GameSparks.Api.dll" because there is a more recent version of this framework file.
             Using this version instead of original version "2.0.0.0" in "C:\Program Files (x86)\Steam\steamapps\common\7 Days To Die_V1.3\7DaysToDie_Data\Managed\Noemax.GZip.dll" because there is a more recent version of this framework file.
             Using this version instead of original version "2.0.0.0" in "C:\Program Files (x86)\Steam\steamapps\common\7 Days To Die_V1.3\7DaysToDie_Data\Managed\zxing.unity.dll" because there is a more recent version of this framework file.
             Using this version instead of original version "2.0.0.0" in "C:\Program Files (x86)\Steam\steamapps\common\7 Days To Die_V1.3\7DaysToDie_Data\Managed\GameSparks.dll" because there is a more recent version of this framework file.
             Using this version instead of original version "2.0.0.0" in "C:\Program Files (x86)\Steam\steamapps\common\7 Days To Die_V1.3\7DaysToDie_Data\Managed\Pathfinding.Ionic.Zip.Reduced.dll" because there is a more recent version of this framework file.
             Using this version instead of original version "2.0.0.0" in "C:\Program Files (x86)\Steam\steamapps\common\7 Days To Die_V1.3\7DaysToDie_Data\Managed\Antlr3.Runtime.dll" because there is a more recent version of this framework file.
             Resolved file path is "C:\Program Files (x86)\Reference Assemblies\Microsoft\Framework\.NETFramework\v4.8\System.dll".
             Reference found at search path location "{TargetFrameworkDirectory}".
                 For SearchPath "{TargetFrameworkDirectory}".
                 Considered "C:\Program Files (x86)\Reference Assemblies\Microsoft\Framework\.NETFramework\v4.8\System.winmd", but it didn't exist.
             This reference is not "CopyLocal" because it's a prerequisite file.
         Primary reference "System.Data, Version=4.0.0.0, Culture=neutral, PublicKeyToken=b77a5c561934e089".
             Resolved file path is "C:\Program Files (x86)\Reference Assemblies\Microsoft\Framework\.NETFramework\v4.8\System.Data.dll".
             Reference found at search path location "{TargetFrameworkDirectory}".
                 For SearchPath "{TargetFrameworkDirectory}".
                 Considered "C:\Program Files (x86)\Reference Assemblies\Microsoft\Framework\.NETFramework\v4.8\System.Data.winmd", but it didn't exist.
             This reference is not "CopyLocal" because it's a prerequisite file.
         Primary reference "System.Drawing, Version=4.0.0.0, Culture=neutral, PublicKeyToken=b03f5f7f11d50a3a".
             Resolved file path is "C:\Program Files (x86)\Reference Assemblies\Microsoft\Framework\.NETFramework\v4.8\System.Drawing.dll".
             Reference found at search path location "{TargetFrameworkDirectory}".
                 For SearchPath "{TargetFrameworkDirectory}".
                 Considered "C:\Program Files (x86)\Reference Assemblies\Microsoft\Framework\.NETFramework\v4.8\System.Drawing.winmd", but it didn't exist.
             This reference is not "CopyLocal" because it's a prerequisite file.
         Primary reference "System.Xml, Version=4.0.0.0, Culture=neutral, PublicKeyToken=b77a5c561934e089".
             Resolved file path is "C:\Program Files (x86)\Reference Assemblies\Microsoft\Framework\.NETFramework\v4.8\System.Xml.dll".
             Reference found at search path location "{TargetFrameworkDirectory}".
                 For SearchPath "{TargetFrameworkDirectory}".
                 Considered "C:\Program Files (x86)\Reference Assemblies\Microsoft\Framework\.NETFramework\v4.8\System.Xml.winmd", but it didn't exist.
             This reference is not "CopyLocal" because it's a prerequisite file.
         Unified primary reference "System.Core, Version=4.0.0.0, Culture=neutral, PublicKeyToken=b77a5c561934e089".
             Using this version instead of original version "3.5.0.0" in "C:\Program Files (x86)\Steam\steamapps\common\7 Days To Die_V1.3\7DaysToDie_Data\Managed\GameSparksRT.dll" because there is a more recent version of this framework file.
             Using this version instead of original version "3.5.0.0" in "C:\Program Files (x86)\Steam\steamapps\common\7 Days To Die_V1.3\7DaysToDie_Data\Managed\GameSparks.Api.dll" because there is a more recent version of this framework file.
             Using this version instead of original version "3.5.0.0" in "C:\Program Files (x86)\Steam\steamapps\common\7 Days To Die_V1.3\7DaysToDie_Data\Managed\zxing.unity.dll" because there is a more recent version of this framework file.
             Using this version instead of original version "3.5.0.0" in "C:\Program Files (x86)\Steam\steamapps\common\7 Days To Die_V1.3\7DaysToDie_Data\Managed\GameSparks.dll" because there is a more recent version of this framework file.
             Resolved file path is "C:\Program Files (x86)\Reference Assemblies\Microsoft\Framework\.NETFramework\v4.8\System.Core.dll".
             Reference found at search path location "{TargetFrameworkDirectory}".
                 For SearchPath "{TargetFrameworkDirectory}".
                 Considered "C:\Program Files (x86)\Reference Assemblies\Microsoft\Framework\.NETFramework\v4.8\System.Core.winmd", but it didn't exist.
             This reference is not "CopyLocal" because it's a prerequisite file.
         Primary reference "System.Runtime.Serialization, Version=4.0.0.0, Culture=neutral, PublicKeyToken=b77a5c561934e089".
             Resolved file path is "C:\Program Files (x86)\Reference Assemblies\Microsoft\Framework\.NETFramework\v4.8\System.Runtime.Serialization.dll".
             Reference found at search path location "{TargetFrameworkDirectory}".
                 For SearchPath "{TargetFrameworkDirectory}".
                 Considered "C:\Program Files (x86)\Reference Assemblies\Microsoft\Framework\.NETFramework\v4.8\System.Runtime.Serialization.winmd", but it didn't exist.
             This reference is not "CopyLocal" because it's a prerequisite file.
         Primary reference "System.Xml.Linq, Version=4.0.0.0, Culture=neutral, PublicKeyToken=b77a5c561934e089".
             Resolved file path is "C:\Program Files (x86)\Reference Assemblies\Microsoft\Framework\.NETFramework\v4.8\System.Xml.Linq.dll".
             Reference found at search path location "{TargetFrameworkDirectory}".
                 For SearchPath "{TargetFrameworkDirectory}".
                 Considered "C:\Program Files (x86)\Reference Assemblies\Microsoft\Framework\.NETFramework\v4.8\System.Xml.Linq.winmd", but it didn't exist.
             This reference is not "CopyLocal" because it's a prerequisite file.
         Primary reference "System.Numerics, Version=4.0.0.0, Culture=neutral, PublicKeyToken=b77a5c561934e089".
             Resolved file path is "C:\Program Files (x86)\Reference Assemblies\Microsoft\Framework\.NETFramework\v4.8\System.Numerics.dll".
             Reference found at search path location "{TargetFrameworkDirectory}".
                 For SearchPath "{TargetFrameworkDirectory}".
                 Considered "C:\Program Files (x86)\Reference Assemblies\Microsoft\Framework\.NETFramework\v4.8\System.Numerics.winmd", but it didn't exist.
             This reference is not "CopyLocal" because it's a prerequisite file.
         Primary reference "System.IO.Compression.FileSystem, Version=4.0.0.0, Culture=neutral, PublicKeyToken=b77a5c561934e089".
             Resolved file path is "C:\Program Files (x86)\Reference Assemblies\Microsoft\Framework\.NETFramework\v4.8\System.IO.Compression.FileSystem.dll".
             Reference found at search path location "{TargetFrameworkDirectory}".
                 For SearchPath "{TargetFrameworkDirectory}".
                 Considered "C:\Program Files (x86)\Reference Assemblies\Microsoft\Framework\.NETFramework\v4.8\System.IO.Compression.FileSystem.winmd", but it didn't exist.
             This reference is not "CopyLocal" because it's a prerequisite file.
         Dependency "UnityEngine.AnimationModule, Version=0.0.0.0, Culture=neutral, PublicKeyToken=null".
             Resolved file path is "C:\Program Files (x86)\Steam\steamapps\common\7 Days To Die_V1.3\7DaysToDie_Data\Managed\UnityEngine.AnimationModule.dll".
             Reference found at search path location "C:\Program Files (x86)\Steam\steamapps\common\7 Days To Die_V1.3\7DaysToDie_Data\Managed".
                 For SearchPath "C:\Program Files (x86)\Steam\steamapps\common\7 Days To Die_V1.3\7DaysToDie_Data\Managed" (added by referencing assembly "C:\Program Files (x86)\Steam\steamapps\common\7 Days To Die_V1.3\7DaysToDie_Data\Managed\Assembly-CSharp.dll").
                 Considered "C:\Program Files (x86)\Steam\steamapps\common\7 Days To Die_V1.3\7DaysToDie_Data\Managed\UnityEngine.AnimationModule.winmd", but it didn't exist.
             Required by "Assembly-CSharp".
             Required by "UnityEngine".
             Required by "InControl".
             This reference is not "CopyLocal" because at least one source item had "Private" set to "false" and no source items had "Private" set to "true".
         Dependency "UnityEngine.ParticleSystemModule, Version=0.0.0.0, Culture=neutral, PublicKeyToken=null".
             Resolved file path is "C:\Program Files (x86)\Steam\steamapps\common\7 Days To Die_V1.3\7DaysToDie_Data\Managed\UnityEngine.ParticleSystemModule.dll".
             Reference found at search path location "C:\Program Files (x86)\Steam\steamapps\common\7 Days To Die_V1.3\7DaysToDie_Data\Managed".
                 For SearchPath "C:\Program Files (x86)\Steam\steamapps\common\7 Days To Die_V1.3\7DaysToDie_Data\Managed" (added by referencing assembly "C:\Program Files (x86)\Steam\steamapps\common\7 Days To Die_V1.3\7DaysToDie_Data\Managed\Assembly-CSharp.dll").
                 Considered "C:\Program Files (x86)\Steam\steamapps\common\7 Days To Die_V1.3\7DaysToDie_Data\Managed\UnityEngine.ParticleSystemModule.winmd", but it didn't exist.
             Required by "Assembly-CSharp".
             Required by "UnityEngine".
             This reference is not "CopyLocal" because at least one source item had "Private" set to "false" and no source items had "Private" set to "true".
         Dependency "GameSparksRT, Version=1.0.7174.19707, Culture=neutral, PublicKeyToken=null".
             Resolved file path is "C:\Program Files (x86)\Steam\steamapps\common\7 Days To Die_V1.3\7DaysToDie_Data\Managed\GameSparksRT.dll".
             Reference found at search path location "C:\Program Files (x86)\Steam\steamapps\common\7 Days To Die_V1.3\7DaysToDie_Data\Managed".
                 For SearchPath "C:\Program Files (x86)\Steam\steamapps\common\7 Days To Die_V1.3\7DaysToDie_Data\Managed" (added by referencing assembly "C:\Program Files (x86)\Steam\steamapps\common\7 Days To Die_V1.3\7DaysToDie_Data\Managed\Assembly-CSharp.dll").
                 Considered "C:\Program Files (x86)\Steam\steamapps\common\7 Days To Die_V1.3\7DaysToDie_Data\Managed\GameSparksRT.winmd", but it didn't exist.
             Required by "Assembly-CSharp".
             This reference is not "CopyLocal" because at least one source item had "Private" set to "false" and no source items had "Private" set to "true".
             The ImageRuntimeVersion for this reference is "v2.0.50727".
         Dependency "GameSparks.Api, Version=3.0.0.0, Culture=neutral, PublicKeyToken=null".
             Resolved file path is "C:\Program Files (x86)\Steam\steamapps\common\7 Days To Die_V1.3\7DaysToDie_Data\Managed\GameSparks.Api.dll".
             Reference found at search path location "C:\Program Files (x86)\Steam\steamapps\common\7 Days To Die_V1.3\7DaysToDie_Data\Managed".
                 For SearchPath "C:\Program Files (x86)\Steam\steamapps\common\7 Days To Die_V1.3\7DaysToDie_Data\Managed" (added by referencing assembly "C:\Program Files (x86)\Steam\steamapps\common\7 Days To Die_V1.3\7DaysToDie_Data\Managed\Assembly-CSharp.dll").
                 Considered "C:\Program Files (x86)\Steam\steamapps\common\7 Days To Die_V1.3\7DaysToDie_Data\Managed\GameSparks.Api.winmd", but it didn't exist.
             Required by "Assembly-CSharp".
             This reference is not "CopyLocal" because at least one source item had "Private" set to "false" and no source items had "Private" set to "true".
             The ImageRuntimeVersion for this reference is "v2.0.50727".
         Dependency "NGUI, Version=0.0.0.0, Culture=neutral, PublicKeyToken=null".
             Resolved file path is "C:\Program Files (x86)\Steam\steamapps\common\7 Days To Die_V1.3\7DaysToDie_Data\Managed\NGUI.dll".
             Reference found at search path location "C:\Program Files (x86)\Steam\steamapps\common\7 Days To Die_V1.3\7DaysToDie_Data\Managed".
                 For SearchPath "C:\Program Files (x86)\Steam\steamapps\common\7 Days To Die_V1.3\7DaysToDie_Data\Managed" (added by referencing assembly "C:\Program Files (x86)\Steam\steamapps\common\7 Days To Die_V1.3\7DaysToDie_Data\Managed\Assembly-CSharp.dll").
                 Considered "C:\Program Files (x86)\Steam\steamapps\common\7 Days To Die_V1.3\7DaysToDie_Data\Managed\NGUI.winmd", but it didn't exist.
             Required by "Assembly-CSharp".
             This reference is not "CopyLocal" because at least one source item had "Private" set to "false" and no source items had "Private" set to "true".
         Dependency "UnityEngine.TerrainModule, Version=0.0.0.0, Culture=neutral, PublicKeyToken=null".
             Resolved file path is "C:\Program Files (x86)\Steam\steamapps\common\7 Days To Die_V1.3\7DaysToDie_Data\Managed\UnityEngine.TerrainModule.dll".
             Reference found at search path location "C:\Program Files (x86)\Steam\steamapps\common\7 Days To Die_V1.3\7DaysToDie_Data\Managed".
                 For SearchPath "C:\Program Files (x86)\Steam\steamapps\common\7 Days To Die_V1.3\7DaysToDie_Data\Managed" (added by referencing assembly "C:\Program Files (x86)\Steam\steamapps\common\7 Days To Die_V1.3\7DaysToDie_Data\Managed\Assembly-CSharp.dll").
                 Considered "C:\Program Files (x86)\Steam\steamapps\common\7 Days To Die_V1.3\7DaysToDie_Data\Managed\UnityEngine.TerrainModule.winmd", but it didn't exist.
             Required by "Assembly-CSharp".
             Required by "UnityEngine".
             This reference is not "CopyLocal" because at least one source item had "Private" set to "false" and no source items had "Private" set to "true".
         Dependency "UnityEngine.AudioModule, Version=0.0.0.0, Culture=neutral, PublicKeyToken=null".
             Resolved file path is "C:\Program Files (x86)\Steam\steamapps\common\7 Days To Die_V1.3\7DaysToDie_Data\Managed\UnityEngine.AudioModule.dll".
             Reference found at search path location "C:\Program Files (x86)\Steam\steamapps\common\7 Days To Die_V1.3\7DaysToDie_Data\Managed".
                 For SearchPath "C:\Program Files (x86)\Steam\steamapps\common\7 Days To Die_V1.3\7DaysToDie_Data\Managed" (added by referencing assembly "C:\Program Files (x86)\Steam\steamapps\common\7 Days To Die_V1.3\7DaysToDie_Data\Managed\Assembly-CSharp.dll").
                 Considered "C:\Program Files (x86)\Steam\steamapps\common\7 Days To Die_V1.3\7DaysToDie_Data\Managed\UnityEngine.AudioModule.winmd", but it didn't exist.
             Required by "Assembly-CSharp".
             Required by "UnityEngine".
             This reference is not "CopyLocal" because at least one source item had "Private" set to "false" and no source items had "Private" set to "true".
         Dependency "UnityEngine.UnityWebRequestModule, Version=0.0.0.0, Culture=neutral, PublicKeyToken=null".
             Resolved file path is "C:\Program Files (x86)\Steam\steamapps\common\7 Days To Die_V1.3\7DaysToDie_Data\Managed\UnityEngine.UnityWebRequestModule.dll".
             Reference found at search path location "C:\Program Files (x86)\Steam\steamapps\common\7 Days To Die_V1.3\7DaysToDie_Data\Managed".
                 For SearchPath "C:\Program Files (x86)\Steam\steamapps\common\7 Days To Die_V1.3\7DaysToDie_Data\Managed" (added by referencing assembly "C:\Program Files (x86)\Steam\steamapps\common\7 Days To Die_V1.3\7DaysToDie_Data\Managed\Assembly-CSharp.dll").
                 Considered "C:\Program Files (x86)\Steam\steamapps\common\7 Days To Die_V1.3\7DaysToDie_Data\Managed\UnityEngine.UnityWebRequestModule.winmd", but it didn't exist.
             Required by "Assembly-CSharp".
             Required by "UnityEngine".
             This reference is not "CopyLocal" because at least one source item had "Private" set to "false" and no source items had "Private" set to "true".
         Dependency "Unity.Postprocessing.Runtime, Version=0.0.0.0, Culture=neutral, PublicKeyToken=null".
             Resolved file path is "C:\Program Files (x86)\Steam\steamapps\common\7 Days To Die_V1.3\7DaysToDie_Data\Managed\Unity.Postprocessing.Runtime.dll".
             Reference found at search path location "C:\Program Files (x86)\Steam\steamapps\common\7 Days To Die_V1.3\7DaysToDie_Data\Managed".
                 For SearchPath "C:\Program Files (x86)\Steam\steamapps\common\7 Days To Die_V1.3\7DaysToDie_Data\Managed" (added by referencing assembly "C:\Program Files (x86)\Steam\steamapps\common\7 Days To Die_V1.3\7DaysToDie_Data\Managed\Assembly-CSharp.dll").
                 Considered "C:\Program Files (x86)\Steam\steamapps\common\7 Days To Die_V1.3\7DaysToDie_Data\Managed\Unity.Postprocessing.Runtime.winmd", but it didn't exist.
             Required by "Assembly-CSharp".
             This reference is not "CopyLocal" because at least one source item had "Private" set to "false" and no source items had "Private" set to "true".
         Dependency "UnityEngine.UI, Version=1.0.0.0, Culture=neutral, PublicKeyToken=null".
             Resolved file path is "C:\Program Files (x86)\Steam\steamapps\common\7 Days To Die_V1.3\7DaysToDie_Data\Managed\UnityEngine.UI.dll".
             Reference found at search path location "C:\Program Files (x86)\Steam\steamapps\common\7 Days To Die_V1.3\7DaysToDie_Data\Managed".
                 For SearchPath "C:\Program Files (x86)\Steam\steamapps\common\7 Days To Die_V1.3\7DaysToDie_Data\Managed" (added by referencing assembly "C:\Program Files (x86)\Steam\steamapps\common\7 Days To Die_V1.3\7DaysToDie_Data\Managed\Assembly-CSharp.dll").
                 Considered "C:\Program Files (x86)\Steam\steamapps\common\7 Days To Die_V1.3\7DaysToDie_Data\Managed\UnityEngine.UI.winmd", but it didn't exist.
             Required by "Assembly-CSharp".
             Required by "InControl".
             This reference is not "CopyLocal" because at least one source item had "Private" set to "false" and no source items had "Private" set to "true".
         Dependency "Unity.Animation.Rigging, Version=0.0.0.0, Culture=neutral, PublicKeyToken=null".
             Resolved file path is "C:\Program Files (x86)\Steam\steamapps\common\7 Days To Die_V1.3\7DaysToDie_Data\Managed\Unity.Animation.Rigging.dll".
             Reference found at search path location "C:\Program Files (x86)\Steam\steamapps\common\7 Days To Die_V1.3\7DaysToDie_Data\Managed".
                 For SearchPath "C:\Program Files (x86)\Steam\steamapps\common\7 Days To Die_V1.3\7DaysToDie_Data\Managed" (added by referencing assembly "C:\Program Files (x86)\Steam\steamapps\common\7 Days To Die_V1.3\7DaysToDie_Data\Managed\Assembly-CSharp.dll").
                 Considered "C:\Program Files (x86)\Steam\steamapps\common\7 Days To Die_V1.3\7DaysToDie_Data\Managed\Unity.Animation.Rigging.winmd", but it didn't exist.
             Required by "Assembly-CSharp".
             This reference is not "CopyLocal" because at least one source item had "Private" set to "false" and no source items had "Private" set to "true".
         Dependency "UnityEngine.TextRenderingModule, Version=0.0.0.0, Culture=neutral, PublicKeyToken=null".
             Resolved file path is "C:\Program Files (x86)\Steam\steamapps\common\7 Days To Die_V1.3\7DaysToDie_Data\Managed\UnityEngine.TextRenderingModule.dll".
             Reference found at search path location "C:\Program Files (x86)\Steam\steamapps\common\7 Days To Die_V1.3\7DaysToDie_Data\Managed".
                 For SearchPath "C:\Program Files (x86)\Steam\steamapps\common\7 Days To Die_V1.3\7DaysToDie_Data\Managed" (added by referencing assembly "C:\Program Files (x86)\Steam\steamapps\common\7 Days To Die_V1.3\7DaysToDie_Data\Managed\Assembly-CSharp.dll").
                 Considered "C:\Program Files (x86)\Steam\steamapps\common\7 Days To Die_V1.3\7DaysToDie_Data\Managed\UnityEngine.TextRenderingModule.winmd", but it didn't exist.
             Required by "Assembly-CSharp".
             Required by "InControl".
             Required by "UnityEngine".
             This reference is not "CopyLocal" because at least one source item had "Private" set to "false" and no source items had "Private" set to "true".
         Dependency "UnityEngine.IMGUIModule, Version=0.0.0.0, Culture=neutral, PublicKeyToken=null".
             Resolved file path is "C:\Program Files (x86)\Steam\steamapps\common\7 Days To Die_V1.3\7DaysToDie_Data\Managed\UnityEngine.IMGUIModule.dll".
             Reference found at search path location "C:\Program Files (x86)\Steam\steamapps\common\7 Days To Die_V1.3\7DaysToDie_Data\Managed".
                 For SearchPath "C:\Program Files (x86)\Steam\steamapps\common\7 Days To Die_V1.3\7DaysToDie_Data\Managed" (added by referencing assembly "C:\Program Files (x86)\Steam\steamapps\common\7 Days To Die_V1.3\7DaysToDie_Data\Managed\Assembly-CSharp.dll").
                 Considered "C:\Program Files (x86)\Steam\steamapps\common\7 Days To Die_V1.3\7DaysToDie_Data\Managed\UnityEngine.IMGUIModule.winmd", but it didn't exist.
             Required by "Assembly-CSharp".
             Required by "InControl".
             Required by "UnityEngine".
             This reference is not "CopyLocal" because at least one source item had "Private" set to "false" and no source items had "Private" set to "true".
         Dependency "HBAO.Runtime, Version=0.0.0.0, Culture=neutral, PublicKeyToken=null".
             Resolved file path is "C:\Program Files (x86)\Steam\steamapps\common\7 Days To Die_V1.3\7DaysToDie_Data\Managed\HBAO.Runtime.dll".
             Reference found at search path location "C:\Program Files (x86)\Steam\steamapps\common\7 Days To Die_V1.3\7DaysToDie_Data\Managed".
                 For SearchPath "C:\Program Files (x86)\Steam\steamapps\common\7 Days To Die_V1.3\7DaysToDie_Data\Managed" (added by referencing assembly "C:\Program Files (x86)\Steam\steamapps\common\7 Days To Die_V1.3\7DaysToDie_Data\Managed\Assembly-CSharp.dll").
                 Considered "C:\Program Files (x86)\Steam\steamapps\common\7 Days To Die_V1.3\7DaysToDie_Data\Managed\HBAO.Runtime.winmd", but it didn't exist.
             Required by "Assembly-CSharp".
             This reference is not "CopyLocal" because at least one source item had "Private" set to "false" and no source items had "Private" set to "true".
         Unified Dependency "System.Windows.Forms, Version=4.0.0.0, Culture=neutral, PublicKeyToken=b77a5c561934e089".
             Using this version instead of original version "2.0.0.0" in "C:\Program Files (x86)\Steam\steamapps\common\7 Days To Die_V1.3\7DaysToDie_Data\Managed\Assembly-CSharp.dll" because there is a more recent version of this framework file.
             Using this version instead of original version "2.0.0.0" in "C:\Program Files (x86)\Steam\steamapps\common\7 Days To Die_V1.3\7DaysToDie_Data\Managed\Assembly-CSharp-firstpass.dll" because there is a more recent version of this framework file.
             Resolved file path is "C:\Program Files (x86)\Reference Assemblies\Microsoft\Framework\.NETFramework\v4.8\System.Windows.Forms.dll".
             Reference found at search path location "{TargetFrameworkDirectory}".
                 For SearchPath "C:\Program Files (x86)\Steam\steamapps\common\7 Days To Die_V1.3\7DaysToDie_Data\Managed" (added by referencing assembly "C:\Program Files (x86)\Steam\steamapps\common\7 Days To Die_V1.3\7DaysToDie_Data\Managed\Assembly-CSharp.dll").
                 Considered "C:\Program Files (x86)\Steam\steamapps\common\7 Days To Die_V1.3\7DaysToDie_Data\Managed\System.Windows.Forms.winmd", but it didn't exist.
                 Considered "C:\Program Files (x86)\Steam\steamapps\common\7 Days To Die_V1.3\7DaysToDie_Data\Managed\System.Windows.Forms.dll",
         			but its name "System.Windows.Forms, Version=2.0.0.0, Culture=neutral, PublicKeyToken=b77a5c561934e089"
         			didn't match the expected name "System.Windows.Forms, Version=4.0.0.0, Culture=neutral, PublicKeyToken=b77a5c561934e089".
                 Considered "C:\Program Files (x86)\Steam\steamapps\common\7 Days To Die_V1.3\7DaysToDie_Data\Managed\System.Windows.Forms.exe", but it didn't exist.
                 For SearchPath "{TargetFrameworkDirectory}".
                 Considered "C:\Program Files (x86)\Reference Assemblies\Microsoft\Framework\.NETFramework\v4.8\System.Windows.Forms.winmd", but it didn't exist.
             Required by "Assembly-CSharp".
             Required by "Assembly-CSharp-firstpass".
             This reference is not "CopyLocal" because at least one source item had "Private" set to "false" and no source items had "Private" set to "true".
         Dependency "Noemax.GZip, Version=17.269.5336.0, Culture=neutral, PublicKeyToken=4c0defa954f97f18".
             Resolved file path is "C:\Program Files (x86)\Steam\steamapps\common\7 Days To Die_V1.3\7DaysToDie_Data\Managed\Noemax.GZip.dll".
             Reference found at search path location "C:\Program Files (x86)\Steam\steamapps\common\7 Days To Die_V1.3\7DaysToDie_Data\Managed".
                 For SearchPath "C:\Program Files (x86)\Steam\steamapps\common\7 Days To Die_V1.3\7DaysToDie_Data\Managed" (added by referencing assembly "C:\Program Files (x86)\Steam\steamapps\common\7 Days To Die_V1.3\7DaysToDie_Data\Managed\Assembly-CSharp.dll").
                 Considered "C:\Program Files (x86)\Steam\steamapps\common\7 Days To Die_V1.3\7DaysToDie_Data\Managed\Noemax.GZip.winmd", but it didn't exist.
             Required by "Assembly-CSharp".
             This reference is not "CopyLocal" because at least one source item had "Private" set to "false" and no source items had "Private" set to "true".
             The ImageRuntimeVersion for this reference is "v2.0.50727".
         Dependency "UnityEngine.VehiclesModule, Version=0.0.0.0, Culture=neutral, PublicKeyToken=null".
             Resolved file path is "C:\Program Files (x86)\Steam\steamapps\common\7 Days To Die_V1.3\7DaysToDie_Data\Managed\UnityEngine.VehiclesModule.dll".
             Reference found at search path location "C:\Program Files (x86)\Steam\steamapps\common\7 Days To Die_V1.3\7DaysToDie_Data\Managed".
                 For SearchPath "C:\Program Files (x86)\Steam\steamapps\common\7 Days To Die_V1.3\7DaysToDie_Data\Managed" (added by referencing assembly "C:\Program Files (x86)\Steam\steamapps\common\7 Days To Die_V1.3\7DaysToDie_Data\Managed\Assembly-CSharp.dll").
                 Considered "C:\Program Files (x86)\Steam\steamapps\common\7 Days To Die_V1.3\7DaysToDie_Data\Managed\UnityEngine.VehiclesModule.winmd", but it didn't exist.
             Required by "Assembly-CSharp".
             Required by "UnityEngine".
             This reference is not "CopyLocal" because at least one source item had "Private" set to "false" and no source items had "Private" set to "true".
         Dependency "UnityEngine.ClothModule, Version=0.0.0.0, Culture=neutral, PublicKeyToken=null".
             Resolved file path is "C:\Program Files (x86)\Steam\steamapps\common\7 Days To Die_V1.3\7DaysToDie_Data\Managed\UnityEngine.ClothModule.dll".
             Reference found at search path location "C:\Program Files (x86)\Steam\steamapps\common\7 Days To Die_V1.3\7DaysToDie_Data\Managed".
                 For SearchPath "C:\Program Files (x86)\Steam\steamapps\common\7 Days To Die_V1.3\7DaysToDie_Data\Managed" (added by referencing assembly "C:\Program Files (x86)\Steam\steamapps\common\7 Days To Die_V1.3\7DaysToDie_Data\Managed\Assembly-CSharp.dll").
                 Considered "C:\Program Files (x86)\Steam\steamapps\common\7 Days To Die_V1.3\7DaysToDie_Data\Managed\UnityEngine.ClothModule.winmd", but it didn't exist.
             Required by "Assembly-CSharp".
             Required by "UnityEngine".
             This reference is not "CopyLocal" because at least one source item had "Private" set to "false" and no source items had "Private" set to "true".
         Dependency "AstarPathfindingProject, Version=0.0.0.0, Culture=neutral, PublicKeyToken=null".
             Resolved file path is "C:\Program Files (x86)\Steam\steamapps\common\7 Days To Die_V1.3\7DaysToDie_Data\Managed\AstarPathfindingProject.dll".
             Reference found at search path location "C:\Program Files (x86)\Steam\steamapps\common\7 Days To Die_V1.3\7DaysToDie_Data\Managed".
                 For SearchPath "C:\Program Files (x86)\Steam\steamapps\common\7 Days To Die_V1.3\7DaysToDie_Data\Managed" (added by referencing assembly "C:\Program Files (x86)\Steam\steamapps\common\7 Days To Die_V1.3\7DaysToDie_Data\Managed\Assembly-CSharp.dll").
                 Considered "C:\Program Files (x86)\Steam\steamapps\common\7 Days To Die_V1.3\7DaysToDie_Data\Managed\AstarPathfindingProject.winmd", but it didn't exist.
             Required by "Assembly-CSharp".
             This reference is not "CopyLocal" because at least one source item had "Private" set to "false" and no source items had "Private" set to "true".
         Dependency "Unity.Addressables, Version=0.0.0.0, Culture=neutral, PublicKeyToken=null".
             Resolved file path is "C:\Program Files (x86)\Steam\steamapps\common\7 Days To Die_V1.3\7DaysToDie_Data\Managed\Unity.Addressables.dll".
             Reference found at search path location "C:\Program Files (x86)\Steam\steamapps\common\7 Days To Die_V1.3\7DaysToDie_Data\Managed".
                 For SearchPath "C:\Program Files (x86)\Steam\steamapps\common\7 Days To Die_V1.3\7DaysToDie_Data\Managed" (added by referencing assembly "C:\Program Files (x86)\Steam\steamapps\common\7 Days To Die_V1.3\7DaysToDie_Data\Managed\Assembly-CSharp.dll").
                 Considered "C:\Program Files (x86)\Steam\steamapps\common\7 Days To Die_V1.3\7DaysToDie_Data\Managed\Unity.Addressables.winmd", but it didn't exist.
             Required by "Assembly-CSharp".
             This reference is not "CopyLocal" because at least one source item had "Private" set to "false" and no source items had "Private" set to "true".
         Dependency "Unity.Profiling.Core, Version=0.0.0.0, Culture=neutral, PublicKeyToken=null".
             Resolved file path is "C:\Program Files (x86)\Steam\steamapps\common\7 Days To Die_V1.3\7DaysToDie_Data\Managed\Unity.Profiling.Core.dll".
             Reference found at search path location "C:\Program Files (x86)\Steam\steamapps\common\7 Days To Die_V1.3\7DaysToDie_Data\Managed".
                 For SearchPath "C:\Program Files (x86)\Steam\steamapps\common\7 Days To Die_V1.3\7DaysToDie_Data\Managed" (added by referencing assembly "C:\Program Files (x86)\Steam\steamapps\common\7 Days To Die_V1.3\7DaysToDie_Data\Managed\Assembly-CSharp.dll").
                 Considered "C:\Program Files (x86)\Steam\steamapps\common\7 Days To Die_V1.3\7DaysToDie_Data\Managed\Unity.Profiling.Core.winmd", but it didn't exist.
             Required by "Assembly-CSharp".
             This reference is not "CopyLocal" because at least one source item had "Private" set to "false" and no source items had "Private" set to "true".
         Dependency "libnoise, Version=1.0.0.0, Culture=neutral, PublicKeyToken=null".
             Resolved file path is "C:\Program Files (x86)\Steam\steamapps\common\7 Days To Die_V1.3\7DaysToDie_Data\Managed\libnoise.dll".
             Reference found at search path location "C:\Program Files (x86)\Steam\steamapps\common\7 Days To Die_V1.3\7DaysToDie_Data\Managed".
                 For SearchPath "C:\Program Files (x86)\Steam\steamapps\common\7 Days To Die_V1.3\7DaysToDie_Data\Managed" (added by referencing assembly "C:\Program Files (x86)\Steam\steamapps\common\7 Days To Die_V1.3\7DaysToDie_Data\Managed\Assembly-CSharp.dll").
                 Considered "C:\Program Files (x86)\Steam\steamapps\common\7 Days To Die_V1.3\7DaysToDie_Data\Managed\libnoise.winmd", but it didn't exist.
             Required by "Assembly-CSharp".
             This reference is not "CopyLocal" because at least one source item had "Private" set to "false" and no source items had "Private" set to "true".
             The ImageRuntimeVersion for this reference is "v2.0.50727".
         Dependency "Unity.Collections, Version=0.0.0.0, Culture=neutral, PublicKeyToken=null".
             Resolved file path is "C:\Program Files (x86)\Steam\steamapps\common\7 Days To Die_V1.3\7DaysToDie_Data\Managed\Unity.Collections.dll".
             Reference found at search path location "C:\Program Files (x86)\Steam\steamapps\common\7 Days To Die_V1.3\7DaysToDie_Data\Managed".
                 For SearchPath "C:\Program Files (x86)\Steam\steamapps\common\7 Days To Die_V1.3\7DaysToDie_Data\Managed" (added by referencing assembly "C:\Program Files (x86)\Steam\steamapps\common\7 Days To Die_V1.3\7DaysToDie_Data\Managed\Assembly-CSharp.dll").
                 Considered "C:\Program Files (x86)\Steam\steamapps\common\7 Days To Die_V1.3\7DaysToDie_Data\Managed\Unity.Collections.winmd", but it didn't exist.
             Required by "Assembly-CSharp".
             This reference is not "CopyLocal" because at least one source item had "Private" set to "false" and no source items had "Private" set to "true".
         Dependency "Unity.Mathematics, Version=1.0.0.0, Culture=neutral, PublicKeyToken=null".
             Resolved file path is "C:\Program Files (x86)\Steam\steamapps\common\7 Days To Die_V1.3\7DaysToDie_Data\Managed\Unity.Mathematics.dll".
             Reference found at search path location "C:\Program Files (x86)\Steam\steamapps\common\7 Days To Die_V1.3\7DaysToDie_Data\Managed".
                 For SearchPath "C:\Program Files (x86)\Steam\steamapps\common\7 Days To Die_V1.3\7DaysToDie_Data\Managed" (added by referencing assembly "C:\Program Files (x86)\Steam\steamapps\common\7 Days To Die_V1.3\7DaysToDie_Data\Managed\Assembly-CSharp.dll").
                 Considered "C:\Program Files (x86)\Steam\steamapps\common\7 Days To Die_V1.3\7DaysToDie_Data\Managed\Unity.Mathematics.winmd", but it didn't exist.
             Required by "Assembly-CSharp".
             This reference is not "CopyLocal" because at least one source item had "Private" set to "false" and no source items had "Private" set to "true".
         Dependency "Unity.Burst, Version=0.0.0.0, Culture=neutral, PublicKeyToken=null".
             Resolved file path is "C:\Program Files (x86)\Steam\steamapps\common\7 Days To Die_V1.3\7DaysToDie_Data\Managed\Unity.Burst.dll".
             Reference found at search path location "C:\Program Files (x86)\Steam\steamapps\common\7 Days To Die_V1.3\7DaysToDie_Data\Managed".
                 For SearchPath "C:\Program Files (x86)\Steam\steamapps\common\7 Days To Die_V1.3\7DaysToDie_Data\Managed" (added by referencing assembly "C:\Program Files (x86)\Steam\steamapps\common\7 Days To Die_V1.3\7DaysToDie_Data\Managed\Assembly-CSharp.dll").
                 Considered "C:\Program Files (x86)\Steam\steamapps\common\7 Days To Die_V1.3\7DaysToDie_Data\Managed\Unity.Burst.winmd", but it didn't exist.
             Required by "Assembly-CSharp".
             This reference is not "CopyLocal" because at least one source item had "Private" set to "false" and no source items had "Private" set to "true".
         Dependency "Backtrace.Unity, Version=0.0.0.0, Culture=neutral, PublicKeyToken=null".
             Resolved file path is "C:\Program Files (x86)\Steam\steamapps\common\7 Days To Die_V1.3\7DaysToDie_Data\Managed\Backtrace.Unity.dll".
             Reference found at search path location "C:\Program Files (x86)\Steam\steamapps\common\7 Days To Die_V1.3\7DaysToDie_Data\Managed".
                 For SearchPath "C:\Program Files (x86)\Steam\steamapps\common\7 Days To Die_V1.3\7DaysToDie_Data\Managed" (added by referencing assembly "C:\Program Files (x86)\Steam\steamapps\common\7 Days To Die_V1.3\7DaysToDie_Data\Managed\Assembly-CSharp.dll").
                 Considered "C:\Program Files (x86)\Steam\steamapps\common\7 Days To Die_V1.3\7DaysToDie_Data\Managed\Backtrace.Unity.winmd", but it didn't exist.
             Required by "Assembly-CSharp".
             This reference is not "CopyLocal" because at least one source item had "Private" set to "false" and no source items had "Private" set to "true".
         Dependency "UnityEngine.VideoModule, Version=0.0.0.0, Culture=neutral, PublicKeyToken=null".
             Resolved file path is "C:\Program Files (x86)\Steam\steamapps\common\7 Days To Die_V1.3\7DaysToDie_Data\Managed\UnityEngine.VideoModule.dll".
             Reference found at search path location "C:\Program Files (x86)\Steam\steamapps\common\7 Days To Die_V1.3\7DaysToDie_Data\Managed".
                 For SearchPath "C:\Program Files (x86)\Steam\steamapps\common\7 Days To Die_V1.3\7DaysToDie_Data\Managed" (added by referencing assembly "C:\Program Files (x86)\Steam\steamapps\common\7 Days To Die_V1.3\7DaysToDie_Data\Managed\Assembly-CSharp.dll").
                 Considered "C:\Program Files (x86)\Steam\steamapps\common\7 Days To Die_V1.3\7DaysToDie_Data\Managed\UnityEngine.VideoModule.winmd", but it didn't exist.
             Required by "Assembly-CSharp".
             Required by "UnityEngine".
             This reference is not "CopyLocal" because at least one source item had "Private" set to "false" and no source items had "Private" set to "true".
         Dependency "NCalc, Version=0.0.0.0, Culture=neutral, PublicKeyToken=null".
             Resolved file path is "C:\Program Files (x86)\Steam\steamapps\common\7 Days To Die_V1.3\7DaysToDie_Data\Managed\NCalc.dll".
             Reference found at search path location "C:\Program Files (x86)\Steam\steamapps\common\7 Days To Die_V1.3\7DaysToDie_Data\Managed".
                 For SearchPath "C:\Program Files (x86)\Steam\steamapps\common\7 Days To Die_V1.3\7DaysToDie_Data\Managed" (added by referencing assembly "C:\Program Files (x86)\Steam\steamapps\common\7 Days To Die_V1.3\7DaysToDie_Data\Managed\Assembly-CSharp.dll").
                 Considered "C:\Program Files (x86)\Steam\steamapps\common\7 Days To Die_V1.3\7DaysToDie_Data\Managed\NCalc.winmd", but it didn't exist.
             Required by "Assembly-CSharp".
             This reference is not "CopyLocal" because at least one source item had "Private" set to "false" and no source items had "Private" set to "true".
         Dependency "EOS, Version=0.0.0.0, Culture=neutral, PublicKeyToken=null".
             Resolved file path is "C:\Program Files (x86)\Steam\steamapps\common\7 Days To Die_V1.3\7DaysToDie_Data\Managed\EOS.dll".
             Reference found at search path location "C:\Program Files (x86)\Steam\steamapps\common\7 Days To Die_V1.3\7DaysToDie_Data\Managed".
                 For SearchPath "C:\Program Files (x86)\Steam\steamapps\common\7 Days To Die_V1.3\7DaysToDie_Data\Managed" (added by referencing assembly "C:\Program Files (x86)\Steam\steamapps\common\7 Days To Die_V1.3\7DaysToDie_Data\Managed\Assembly-CSharp.dll").
                 Considered "C:\Program Files (x86)\Steam\steamapps\common\7 Days To Die_V1.3\7DaysToDie_Data\Managed\EOS.winmd", but it didn't exist.
             Required by "Assembly-CSharp".
             This reference is not "CopyLocal" because at least one source item had "Private" set to "false" and no source items had "Private" set to "true".
         Dependency "Unity.TextMeshPro, Version=0.0.0.0, Culture=neutral, PublicKeyToken=null".
             Resolved file path is "C:\Program Files (x86)\Steam\steamapps\common\7 Days To Die_V1.3\7DaysToDie_Data\Managed\Unity.TextMeshPro.dll".
             Reference found at search path location "C:\Program Files (x86)\Steam\steamapps\common\7 Days To Die_V1.3\7DaysToDie_Data\Managed".
                 For SearchPath "C:\Program Files (x86)\Steam\steamapps\common\7 Days To Die_V1.3\7DaysToDie_Data\Managed" (added by referencing assembly "C:\Program Files (x86)\Steam\steamapps\common\7 Days To Die_V1.3\7DaysToDie_Data\Managed\Assembly-CSharp.dll").
                 Considered "C:\Program Files (x86)\Steam\steamapps\common\7 Days To Die_V1.3\7DaysToDie_Data\Managed\Unity.TextMeshPro.winmd", but it didn't exist.
             Required by "Assembly-CSharp".
             This reference is not "CopyLocal" because at least one source item had "Private" set to "false" and no source items had "Private" set to "true".
         Dependency "UnityEngine.UIModule, Version=0.0.0.0, Culture=neutral, PublicKeyToken=null".
             Resolved file path is "C:\Program Files (x86)\Steam\steamapps\common\7 Days To Die_V1.3\7DaysToDie_Data\Managed\UnityEngine.UIModule.dll".
             Reference found at search path location "C:\Program Files (x86)\Steam\steamapps\common\7 Days To Die_V1.3\7DaysToDie_Data\Managed".
                 For SearchPath "C:\Program Files (x86)\Steam\steamapps\common\7 Days To Die_V1.3\7DaysToDie_Data\Managed" (added by referencing assembly "C:\Program Files (x86)\Steam\steamapps\common\7 Days To Die_V1.3\7DaysToDie_Data\Managed\Assembly-CSharp.dll").
                 Considered "C:\Program Files (x86)\Steam\steamapps\common\7 Days To Die_V1.3\7DaysToDie_Data\Managed\UnityEngine.UIModule.winmd", but it didn't exist.
             Required by "Assembly-CSharp".
             Required by "UnityEngine".
             Required by "InControl".
             This reference is not "CopyLocal" because at least one source item had "Private" set to "false" and no source items had "Private" set to "true".
         Dependency "Unity.ResourceManager, Version=0.0.0.0, Culture=neutral, PublicKeyToken=null".
             Resolved file path is "C:\Program Files (x86)\Steam\steamapps\common\7 Days To Die_V1.3\7DaysToDie_Data\Managed\Unity.ResourceManager.dll".
             Reference found at search path location "C:\Program Files (x86)\Steam\steamapps\common\7 Days To Die_V1.3\7DaysToDie_Data\Managed".
                 For SearchPath "C:\Program Files (x86)\Steam\steamapps\common\7 Days To Die_V1.3\7DaysToDie_Data\Managed" (added by referencing assembly "C:\Program Files (x86)\Steam\steamapps\common\7 Days To Die_V1.3\7DaysToDie_Data\Managed\Assembly-CSharp.dll").
                 Considered "C:\Program Files (x86)\Steam\steamapps\common\7 Days To Die_V1.3\7DaysToDie_Data\Managed\Unity.ResourceManager.winmd", but it didn't exist.
             Required by "Assembly-CSharp".
             This reference is not "CopyLocal" because at least one source item had "Private" set to "false" and no source items had "Private" set to "true".
         Dependency "UnityEngine.AssetBundleModule, Version=0.0.0.0, Culture=neutral, PublicKeyToken=null".
             Resolved file path is "C:\Program Files (x86)\Steam\steamapps\common\7 Days To Die_V1.3\7DaysToDie_Data\Managed\UnityEngine.AssetBundleModule.dll".
             Reference found at search path location "C:\Program Files (x86)\Steam\steamapps\common\7 Days To Die_V1.3\7DaysToDie_Data\Managed".
                 For SearchPath "C:\Program Files (x86)\Steam\steamapps\common\7 Days To Die_V1.3\7DaysToDie_Data\Managed" (added by referencing assembly "C:\Program Files (x86)\Steam\steamapps\common\7 Days To Die_V1.3\7DaysToDie_Data\Managed\Assembly-CSharp.dll").
                 Considered "C:\Program Files (x86)\Steam\steamapps\common\7 Days To Die_V1.3\7DaysToDie_Data\Managed\UnityEngine.AssetBundleModule.winmd", but it didn't exist.
             Required by "Assembly-CSharp".
             Required by "UnityEngine".
             This reference is not "CopyLocal" because at least one source item had "Private" set to "false" and no source items had "Private" set to "true".
         Dependency "FidelityFX.FSR, Version=0.0.0.0, Culture=neutral, PublicKeyToken=null".
             Resolved file path is "C:\Program Files (x86)\Steam\steamapps\common\7 Days To Die_V1.3\7DaysToDie_Data\Managed\FidelityFX.FSR.dll".
             Reference found at search path location "C:\Program Files (x86)\Steam\steamapps\common\7 Days To Die_V1.3\7DaysToDie_Data\Managed".
                 For SearchPath "C:\Program Files (x86)\Steam\steamapps\common\7 Days To Die_V1.3\7DaysToDie_Data\Managed" (added by referencing assembly "C:\Program Files (x86)\Steam\steamapps\common\7 Days To Die_V1.3\7DaysToDie_Data\Managed\Assembly-CSharp.dll").
                 Considered "C:\Program Files (x86)\Steam\steamapps\common\7 Days To Die_V1.3\7DaysToDie_Data\Managed\FidelityFX.FSR.winmd", but it didn't exist.
             Required by "Assembly-CSharp".
             This reference is not "CopyLocal" because at least one source item had "Private" set to "false" and no source items had "Private" set to "true".
         Dependency "ScreenSpaceReflections, Version=0.0.0.0, Culture=neutral, PublicKeyToken=null".
             Resolved file path is "C:\Program Files (x86)\Steam\steamapps\common\7 Days To Die_V1.3\7DaysToDie_Data\Managed\ScreenSpaceReflections.dll".
             Reference found at search path location "C:\Program Files (x86)\Steam\steamapps\common\7 Days To Die_V1.3\7DaysToDie_Data\Managed".
                 For SearchPath "C:\Program Files (x86)\Steam\steamapps\common\7 Days To Die_V1.3\7DaysToDie_Data\Managed" (added by referencing assembly "C:\Program Files (x86)\Steam\steamapps\common\7 Days To Die_V1.3\7DaysToDie_Data\Managed\Assembly-CSharp.dll").
                 Considered "C:\Program Files (x86)\Steam\steamapps\common\7 Days To Die_V1.3\7DaysToDie_Data\Managed\ScreenSpaceReflections.winmd", but it didn't exist.
             Required by "Assembly-CSharp".
             This reference is not "CopyLocal" because at least one source item had "Private" set to "false" and no source items had "Private" set to "true".
         Dependency "UnityEngine.WindModule, Version=0.0.0.0, Culture=neutral, PublicKeyToken=null".
             Resolved file path is "C:\Program Files (x86)\Steam\steamapps\common\7 Days To Die_V1.3\7DaysToDie_Data\Managed\UnityEngine.WindModule.dll".
             Reference found at search path location "C:\Program Files (x86)\Steam\steamapps\common\7 Days To Die_V1.3\7DaysToDie_Data\Managed".
                 For SearchPath "C:\Program Files (x86)\Steam\steamapps\common\7 Days To Die_V1.3\7DaysToDie_Data\Managed" (added by referencing assembly "C:\Program Files (x86)\Steam\steamapps\common\7 Days To Die_V1.3\7DaysToDie_Data\Managed\Assembly-CSharp.dll").
                 Considered "C:\Program Files (x86)\Steam\steamapps\common\7 Days To Die_V1.3\7DaysToDie_Data\Managed\UnityEngine.WindModule.winmd", but it didn't exist.
             Required by "Assembly-CSharp".
             Required by "UnityEngine".
             This reference is not "CopyLocal" because at least one source item had "Private" set to "false" and no source items had "Private" set to "true".
         Unified Dependency "System.IO.Compression, Version=4.2.0.0, Culture=neutral, PublicKeyToken=b77a5c561934e089".
             Using this version instead of original version "4.0.0.0" in "C:\Program Files (x86)\Steam\steamapps\common\7 Days To Die_V1.3\7DaysToDie_Data\Managed\netstandard.dll" because there is a more recent version of this framework file.
             Resolved file path is "C:\Program Files (x86)\Reference Assemblies\Microsoft\Framework\.NETFramework\v4.8\System.IO.Compression.dll".
             Reference found at search path location "{TargetFrameworkDirectory}".
                 For SearchPath "C:\Program Files (x86)\Steam\steamapps\common\7 Days To Die_V1.3\7DaysToDie_Data\Managed" (added by referencing assembly "C:\Program Files (x86)\Steam\steamapps\common\7 Days To Die_V1.3\7DaysToDie_Data\Managed\Assembly-CSharp.dll").
                 Considered "C:\Program Files (x86)\Steam\steamapps\common\7 Days To Die_V1.3\7DaysToDie_Data\Managed\System.IO.Compression.winmd", but it didn't exist.
                 Considered "C:\Program Files (x86)\Steam\steamapps\common\7 Days To Die_V1.3\7DaysToDie_Data\Managed\System.IO.Compression.dll",
         			but its name "System.IO.Compression, Version=4.0.0.0, Culture=neutral, PublicKeyToken=b77a5c561934e089"
         			didn't match the expected name "System.IO.Compression, Version=4.2.0.0, Culture=neutral, PublicKeyToken=b77a5c561934e089".
                 Considered "C:\Program Files (x86)\Steam\steamapps\common\7 Days To Die_V1.3\7DaysToDie_Data\Managed\System.IO.Compression.exe", but it didn't exist.
                 For SearchPath "{TargetFrameworkDirectory}".
                 Considered "C:\Program Files (x86)\Reference Assemblies\Microsoft\Framework\.NETFramework\v4.8\System.IO.Compression.winmd", but it didn't exist.
             Required by "Assembly-CSharp".
             Required by "UnityEngine".
             Required by "UnityEngine.CoreModule".
             Required by "Assembly-CSharp-firstpass".
             Required by "InControl".
             Required by "LogLibrary".
             Required by "UnityEngine.PhysicsModule".
             This reference is not "CopyLocal" because at least one source item had "Private" set to "false" and no source items had "Private" set to "true".
         Dependency "MemoryPack, Version=0.0.0.0, Culture=neutral, PublicKeyToken=null".
             Resolved file path is "C:\Program Files (x86)\Steam\steamapps\common\7 Days To Die_V1.3\7DaysToDie_Data\Managed\MemoryPack.dll".
             Reference found at search path location "C:\Program Files (x86)\Steam\steamapps\common\7 Days To Die_V1.3\7DaysToDie_Data\Managed".
                 For SearchPath "C:\Program Files (x86)\Steam\steamapps\common\7 Days To Die_V1.3\7DaysToDie_Data\Managed" (added by referencing assembly "C:\Program Files (x86)\Steam\steamapps\common\7 Days To Die_V1.3\7DaysToDie_Data\Managed\Assembly-CSharp.dll").
                 Considered "C:\Program Files (x86)\Steam\steamapps\common\7 Days To Die_V1.3\7DaysToDie_Data\Managed\MemoryPack.winmd", but it didn't exist.
             Required by "Assembly-CSharp".
             This reference is not "CopyLocal" because at least one source item had "Private" set to "false" and no source items had "Private" set to "true".
         Dependency "Newtonsoft.Json, Version=13.0.0.0, Culture=neutral, PublicKeyToken=30ad4fe6b2a6aeed".
             Resolved file path is "C:\Program Files (x86)\Steam\steamapps\common\7 Days To Die_V1.3\7DaysToDie_Data\Managed\Newtonsoft.Json.dll".
             Reference found at search path location "C:\Program Files (x86)\Steam\steamapps\common\7 Days To Die_V1.3\7DaysToDie_Data\Managed".
                 For SearchPath "C:\Program Files (x86)\Steam\steamapps\common\7 Days To Die_V1.3\7DaysToDie_Data\Managed" (added by referencing assembly "C:\Program Files (x86)\Steam\steamapps\common\7 Days To Die_V1.3\7DaysToDie_Data\Managed\Assembly-CSharp.dll").
                 Considered "C:\Program Files (x86)\Steam\steamapps\common\7 Days To Die_V1.3\7DaysToDie_Data\Managed\Newtonsoft.Json.winmd", but it didn't exist.
             Required by "Assembly-CSharp".
             This reference is not "CopyLocal" because at least one source item had "Private" set to "false" and no source items had "Private" set to "true".
         Dependency "zxing.unity, Version=0.15.0.0, Culture=neutral, PublicKeyToken=null".
             Resolved file path is "C:\Program Files (x86)\Steam\steamapps\common\7 Days To Die_V1.3\7DaysToDie_Data\Managed\zxing.unity.dll".
             Reference found at search path location "C:\Program Files (x86)\Steam\steamapps\common\7 Days To Die_V1.3\7DaysToDie_Data\Managed".
                 For SearchPath "C:\Program Files (x86)\Steam\steamapps\common\7 Days To Die_V1.3\7DaysToDie_Data\Managed" (added by referencing assembly "C:\Program Files (x86)\Steam\steamapps\common\7 Days To Die_V1.3\7DaysToDie_Data\Managed\Assembly-CSharp.dll").
                 Considered "C:\Program Files (x86)\Steam\steamapps\common\7 Days To Die_V1.3\7DaysToDie_Data\Managed\zxing.unity.winmd", but it didn't exist.
             Required by "Assembly-CSharp".
             This reference is not "CopyLocal" because at least one source item had "Private" set to "false" and no source items had "Private" set to "true".
             The ImageRuntimeVersion for this reference is "v2.0.50727".
         Dependency "Unity.Microsoft.GDK, Version=0.0.0.0, Culture=neutral, PublicKeyToken=null".
             Resolved file path is "C:\Program Files (x86)\Steam\steamapps\common\7 Days To Die_V1.3\7DaysToDie_Data\Managed\Unity.Microsoft.GDK.dll".
             Reference found at search path location "C:\Program Files (x86)\Steam\steamapps\common\7 Days To Die_V1.3\7DaysToDie_Data\Managed".
                 For SearchPath "C:\Program Files (x86)\Steam\steamapps\common\7 Days To Die_V1.3\7DaysToDie_Data\Managed" (added by referencing assembly "C:\Program Files (x86)\Steam\steamapps\common\7 Days To Die_V1.3\7DaysToDie_Data\Managed\Assembly-CSharp.dll").
                 Considered "C:\Program Files (x86)\Steam\steamapps\common\7 Days To Die_V1.3\7DaysToDie_Data\Managed\Unity.Microsoft.GDK.winmd", but it didn't exist.
             Required by "Assembly-CSharp".
             This reference is not "CopyLocal" because at least one source item had "Private" set to "false" and no source items had "Private" set to "true".
         Dependency "com.rlabrecque.steamworks.net, Version=0.0.0.0, Culture=neutral, PublicKeyToken=null".
             Resolved file path is "C:\Program Files (x86)\Steam\steamapps\common\7 Days To Die_V1.3\7DaysToDie_Data\Managed\com.rlabrecque.steamworks.net.dll".
             Reference found at search path location "C:\Program Files (x86)\Steam\steamapps\common\7 Days To Die_V1.3\7DaysToDie_Data\Managed".
                 For SearchPath "C:\Program Files (x86)\Steam\steamapps\common\7 Days To Die_V1.3\7DaysToDie_Data\Managed" (added by referencing assembly "C:\Program Files (x86)\Steam\steamapps\common\7 Days To Die_V1.3\7DaysToDie_Data\Managed\Assembly-CSharp.dll").
                 Considered "C:\Program Files (x86)\Steam\steamapps\common\7 Days To Die_V1.3\7DaysToDie_Data\Managed\com.rlabrecque.steamworks.net.winmd", but it didn't exist.
             Required by "Assembly-CSharp".
             This reference is not "CopyLocal" because at least one source item had "Private" set to "false" and no source items had "Private" set to "true".
         Dependency "GameSparks, Version=3.0.0.0, Culture=neutral, PublicKeyToken=null".
             Resolved file path is "C:\Program Files (x86)\Steam\steamapps\common\7 Days To Die_V1.3\7DaysToDie_Data\Managed\GameSparks.dll".
             Reference found at search path location "C:\Program Files (x86)\Steam\steamapps\common\7 Days To Die_V1.3\7DaysToDie_Data\Managed".
                 For SearchPath "C:\Program Files (x86)\Steam\steamapps\common\7 Days To Die_V1.3\7DaysToDie_Data\Managed" (added by referencing assembly "C:\Program Files (x86)\Steam\steamapps\common\7 Days To Die_V1.3\7DaysToDie_Data\Managed\Assembly-CSharp.dll").
                 Considered "C:\Program Files (x86)\Steam\steamapps\common\7 Days To Die_V1.3\7DaysToDie_Data\Managed\GameSparks.winmd", but it didn't exist.
             Required by "Assembly-CSharp".
             This reference is not "CopyLocal" because at least one source item had "Private" set to "false" and no source items had "Private" set to "true".
             The ImageRuntimeVersion for this reference is "v2.0.50727".
         Dependency "UnityEngine.InputLegacyModule, Version=0.0.0.0, Culture=neutral, PublicKeyToken=null".
             Resolved file path is "C:\Program Files (x86)\Steam\steamapps\common\7 Days To Die_V1.3\7DaysToDie_Data\Managed\UnityEngine.InputLegacyModule.dll".
             Reference found at search path location "C:\Program Files (x86)\Steam\steamapps\common\7 Days To Die_V1.3\7DaysToDie_Data\Managed".
                 For SearchPath "C:\Program Files (x86)\Steam\steamapps\common\7 Days To Die_V1.3\7DaysToDie_Data\Managed" (added by referencing assembly "C:\Program Files (x86)\Steam\steamapps\common\7 Days To Die_V1.3\7DaysToDie_Data\Managed\Assembly-CSharp.dll").
                 Considered "C:\Program Files (x86)\Steam\steamapps\common\7 Days To Die_V1.3\7DaysToDie_Data\Managed\UnityEngine.InputLegacyModule.winmd", but it didn't exist.
             Required by "Assembly-CSharp".
             Required by "Assembly-CSharp-firstpass".
             Required by "InControl".
             Required by "UnityEngine".
             This reference is not "CopyLocal" because at least one source item had "Private" set to "false" and no source items had "Private" set to "true".
         Dependency "UnityEngine.ImageConversionModule, Version=0.0.0.0, Culture=neutral, PublicKeyToken=null".
             Resolved file path is "C:\Program Files (x86)\Steam\steamapps\common\7 Days To Die_V1.3\7DaysToDie_Data\Managed\UnityEngine.ImageConversionModule.dll".
             Reference found at search path location "C:\Program Files (x86)\Steam\steamapps\common\7 Days To Die_V1.3\7DaysToDie_Data\Managed".
                 For SearchPath "C:\Program Files (x86)\Steam\steamapps\common\7 Days To Die_V1.3\7DaysToDie_Data\Managed" (added by referencing assembly "C:\Program Files (x86)\Steam\steamapps\common\7 Days To Die_V1.3\7DaysToDie_Data\Managed\Assembly-CSharp.dll").
                 Considered "C:\Program Files (x86)\Steam\steamapps\common\7 Days To Die_V1.3\7DaysToDie_Data\Managed\UnityEngine.ImageConversionModule.winmd", but it didn't exist.
             Required by "Assembly-CSharp".
             Required by "UnityEngine".
             This reference is not "CopyLocal" because at least one source item had "Private" set to "false" and no source items had "Private" set to "true".
         Dependency "UnityEngine.StreamingModule, Version=0.0.0.0, Culture=neutral, PublicKeyToken=null".
             Resolved file path is "C:\Program Files (x86)\Steam\steamapps\common\7 Days To Die_V1.3\7DaysToDie_Data\Managed\UnityEngine.StreamingModule.dll".
             Reference found at search path location "C:\Program Files (x86)\Steam\steamapps\common\7 Days To Die_V1.3\7DaysToDie_Data\Managed".
                 For SearchPath "C:\Program Files (x86)\Steam\steamapps\common\7 Days To Die_V1.3\7DaysToDie_Data\Managed" (added by referencing assembly "C:\Program Files (x86)\Steam\steamapps\common\7 Days To Die_V1.3\7DaysToDie_Data\Managed\Assembly-CSharp.dll").
                 Considered "C:\Program Files (x86)\Steam\steamapps\common\7 Days To Die_V1.3\7DaysToDie_Data\Managed\UnityEngine.StreamingModule.winmd", but it didn't exist.
             Required by "Assembly-CSharp".
             Required by "UnityEngine".
             This reference is not "CopyLocal" because at least one source item had "Private" set to "false" and no source items had "Private" set to "true".
         Dependency "UnityEngine.UnityWebRequestTextureModule, Version=0.0.0.0, Culture=neutral, PublicKeyToken=null".
             Resolved file path is "C:\Program Files (x86)\Steam\steamapps\common\7 Days To Die_V1.3\7DaysToDie_Data\Managed\UnityEngine.UnityWebRequestTextureModule.dll".
             Reference found at search path location "C:\Program Files (x86)\Steam\steamapps\common\7 Days To Die_V1.3\7DaysToDie_Data\Managed".
                 For SearchPath "C:\Program Files (x86)\Steam\steamapps\common\7 Days To Die_V1.3\7DaysToDie_Data\Managed" (added by referencing assembly "C:\Program Files (x86)\Steam\steamapps\common\7 Days To Die_V1.3\7DaysToDie_Data\Managed\Assembly-CSharp.dll").
                 Considered "C:\Program Files (x86)\Steam\steamapps\common\7 Days To Die_V1.3\7DaysToDie_Data\Managed\UnityEngine.UnityWebRequestTextureModule.winmd", but it didn't exist.
             Required by "Assembly-CSharp".
             Required by "UnityEngine".
             This reference is not "CopyLocal" because at least one source item had "Private" set to "false" and no source items had "Private" set to "true".
         Dependency "UnityEngine.JSONSerializeModule, Version=0.0.0.0, Culture=neutral, PublicKeyToken=null".
             Resolved file path is "C:\Program Files (x86)\Steam\steamapps\common\7 Days To Die_V1.3\7DaysToDie_Data\Managed\UnityEngine.JSONSerializeModule.dll".
             Reference found at search path location "C:\Program Files (x86)\Steam\steamapps\common\7 Days To Die_V1.3\7DaysToDie_Data\Managed".
                 For SearchPath "C:\Program Files (x86)\Steam\steamapps\common\7 Days To Die_V1.3\7DaysToDie_Data\Managed" (added by referencing assembly "C:\Program Files (x86)\Steam\steamapps\common\7 Days To Die_V1.3\7DaysToDie_Data\Managed\Assembly-CSharp.dll").
                 Considered "C:\Program Files (x86)\Steam\steamapps\common\7 Days To Die_V1.3\7DaysToDie_Data\Managed\UnityEngine.JSONSerializeModule.winmd", but it didn't exist.
             Required by "Assembly-CSharp".
             Required by "Assembly-CSharp-firstpass".
             Required by "UnityEngine".
             Required by "InControl".
             This reference is not "CopyLocal" because at least one source item had "Private" set to "false" and no source items had "Private" set to "true".
         Dependency "enum2int, Version=0.0.0.0, Culture=neutral, PublicKeyToken=null".
             Resolved file path is "C:\Program Files (x86)\Steam\steamapps\common\7 Days To Die_V1.3\7DaysToDie_Data\Managed\enum2int.dll".
             Reference found at search path location "C:\Program Files (x86)\Steam\steamapps\common\7 Days To Die_V1.3\7DaysToDie_Data\Managed".
                 For SearchPath "C:\Program Files (x86)\Steam\steamapps\common\7 Days To Die_V1.3\7DaysToDie_Data\Managed" (added by referencing assembly "C:\Program Files (x86)\Steam\steamapps\common\7 Days To Die_V1.3\7DaysToDie_Data\Managed\Assembly-CSharp.dll").
                 Considered "C:\Program Files (x86)\Steam\steamapps\common\7 Days To Die_V1.3\7DaysToDie_Data\Managed\enum2int.winmd", but it didn't exist.
             Required by "Assembly-CSharp".
             This reference is not "CopyLocal" because at least one source item had "Private" set to "false" and no source items had "Private" set to "true".
             The ImageRuntimeVersion for this reference is "v2.0.50727".
         Dependency "UnityEngine.UnityWebRequestAudioModule, Version=0.0.0.0, Culture=neutral, PublicKeyToken=null".
             Resolved file path is "C:\Program Files (x86)\Steam\steamapps\common\7 Days To Die_V1.3\7DaysToDie_Data\Managed\UnityEngine.UnityWebRequestAudioModule.dll".
             Reference found at search path location "C:\Program Files (x86)\Steam\steamapps\common\7 Days To Die_V1.3\7DaysToDie_Data\Managed".
                 For SearchPath "C:\Program Files (x86)\Steam\steamapps\common\7 Days To Die_V1.3\7DaysToDie_Data\Managed" (added by referencing assembly "C:\Program Files (x86)\Steam\steamapps\common\7 Days To Die_V1.3\7DaysToDie_Data\Managed\Assembly-CSharp.dll").
                 Considered "C:\Program Files (x86)\Steam\steamapps\common\7 Days To Die_V1.3\7DaysToDie_Data\Managed\UnityEngine.UnityWebRequestAudioModule.winmd", but it didn't exist.
             Required by "Assembly-CSharp".
             Required by "UnityEngine".
             This reference is not "CopyLocal" because at least one source item had "Private" set to "false" and no source items had "Private" set to "true".
         Unified Dependency "netstandard, Version=2.1.0.0, Culture=neutral, PublicKeyToken=cc7b13ffcd2ddd51".
             Using this version instead of original version "2.0.0.0" in "C:\Program Files (x86)\Steam\steamapps\common\7 Days To Die_V1.3\7DaysToDie_Data\Managed\Newtonsoft.Json.dll" because AutoUnify is 'true'.
             Resolved file path is "C:\Program Files (x86)\Steam\steamapps\common\7 Days To Die_V1.3\7DaysToDie_Data\Managed\netstandard.dll".
             Reference found at search path location "C:\Program Files (x86)\Steam\steamapps\common\7 Days To Die_V1.3\7DaysToDie_Data\Managed".
                 For SearchPath "C:\Program Files (x86)\Steam\steamapps\common\7 Days To Die_V1.3\7DaysToDie_Data\Managed" (added by referencing assembly "C:\Program Files (x86)\Steam\steamapps\common\7 Days To Die_V1.3\7DaysToDie_Data\Managed\Assembly-CSharp.dll").
                 Considered "C:\Program Files (x86)\Steam\steamapps\common\7 Days To Die_V1.3\7DaysToDie_Data\Managed\netstandard.winmd", but it didn't exist.
             Required by "Assembly-CSharp".
             Required by "UnityEngine".
             Required by "UnityEngine.CoreModule".
             Required by "Assembly-CSharp-firstpass".
             Required by "InControl".
             Required by "LogLibrary".
             Required by "UnityEngine.PhysicsModule".
             This reference is not "CopyLocal" because at least one source item had "Private" set to "false" and no source items had "Private" set to "true".
         Dependency "Mono.Cecil, Version=0.11.5.0, Culture=neutral, PublicKeyToken=50cebf1cceb9d05e".
             Resolved file path is "C:\Program Files (x86)\Steam\steamapps\common\7 Days To Die_V1.3\Mods\0_TFP_Harmony\Mono.Cecil.dll".
             Reference found at search path location "C:\Program Files (x86)\Steam\steamapps\common\7 Days To Die_V1.3\Mods\0_TFP_Harmony".
                 For SearchPath "C:\Program Files (x86)\Steam\steamapps\common\7 Days To Die_V1.3\Mods\0_TFP_Harmony" (added by referencing assembly "C:\Program Files (x86)\Steam\steamapps\common\7 Days To Die_V1.3\Mods\0_TFP_Harmony\0Harmony.dll").
                 Considered "C:\Program Files (x86)\Steam\steamapps\common\7 Days To Die_V1.3\Mods\0_TFP_Harmony\Mono.Cecil.winmd", but it didn't exist.
             Required by "0Harmony".
             This reference is not "CopyLocal" because at least one source item had "Private" set to "false" and no source items had "Private" set to "true".
         Dependency "MonoMod.Backports, Version=1.1.2.0, Culture=neutral, PublicKeyToken=null".
             Resolved file path is "C:\Program Files (x86)\Steam\steamapps\common\7 Days To Die_V1.3\Mods\0_TFP_Harmony\MonoMod.Backports.dll".
             Reference found at search path location "C:\Program Files (x86)\Steam\steamapps\common\7 Days To Die_V1.3\Mods\0_TFP_Harmony".
                 For SearchPath "C:\Program Files (x86)\Steam\steamapps\common\7 Days To Die_V1.3\Mods\0_TFP_Harmony" (added by referencing assembly "C:\Program Files (x86)\Steam\steamapps\common\7 Days To Die_V1.3\Mods\0_TFP_Harmony\0Harmony.dll").
                 Considered "C:\Program Files (x86)\Steam\steamapps\common\7 Days To Die_V1.3\Mods\0_TFP_Harmony\MonoMod.Backports.winmd", but it didn't exist.
             Required by "0Harmony".
             This reference is not "CopyLocal" because at least one source item had "Private" set to "false" and no source items had "Private" set to "true".
         Dependency "MonoMod.Utils, Version=25.0.6.0, Culture=neutral, PublicKeyToken=null".
             Resolved file path is "C:\Program Files (x86)\Steam\steamapps\common\7 Days To Die_V1.3\Mods\0_TFP_Harmony\MonoMod.Utils.dll".
             Reference found at search path location "C:\Program Files (x86)\Steam\steamapps\common\7 Days To Die_V1.3\Mods\0_TFP_Harmony".
                 For SearchPath "C:\Program Files (x86)\Steam\steamapps\common\7 Days To Die_V1.3\Mods\0_TFP_Harmony" (added by referencing assembly "C:\Program Files (x86)\Steam\steamapps\common\7 Days To Die_V1.3\Mods\0_TFP_Harmony\0Harmony.dll").
                 Considered "C:\Program Files (x86)\Steam\steamapps\common\7 Days To Die_V1.3\Mods\0_TFP_Harmony\MonoMod.Utils.winmd", but it didn't exist.
             Required by "0Harmony".
             This reference is not "CopyLocal" because at least one source item had "Private" set to "false" and no source items had "Private" set to "true".
         Dependency "MonoMod.RuntimeDetour, Version=25.1.2.0, Culture=neutral, PublicKeyToken=null".
             Resolved file path is "C:\Program Files (x86)\Steam\steamapps\common\7 Days To Die_V1.3\Mods\0_TFP_Harmony\MonoMod.RuntimeDetour.dll".
             Reference found at search path location "C:\Program Files (x86)\Steam\steamapps\common\7 Days To Die_V1.3\Mods\0_TFP_Harmony".
                 For SearchPath "C:\Program Files (x86)\Steam\steamapps\common\7 Days To Die_V1.3\Mods\0_TFP_Harmony" (added by referencing assembly "C:\Program Files (x86)\Steam\steamapps\common\7 Days To Die_V1.3\Mods\0_TFP_Harmony\0Harmony.dll").
                 Considered "C:\Program Files (x86)\Steam\steamapps\common\7 Days To Die_V1.3\Mods\0_TFP_Harmony\MonoMod.RuntimeDetour.winmd", but it didn't exist.
             Required by "0Harmony".
             This reference is not "CopyLocal" because at least one source item had "Private" set to "false" and no source items had "Private" set to "true".
         Dependency "System.ValueTuple, Version=4.0.3.0, Culture=neutral, PublicKeyToken=cc7b13ffcd2ddd51".
             Resolved file path is "C:\Program Files (x86)\Steam\steamapps\common\7 Days To Die_V1.3\Mods\0_TFP_Harmony\System.ValueTuple.dll".
             Reference found at search path location "C:\Program Files (x86)\Steam\steamapps\common\7 Days To Die_V1.3\Mods\0_TFP_Harmony".
                 For SearchPath "C:\Program Files (x86)\Steam\steamapps\common\7 Days To Die_V1.3\Mods\0_TFP_Harmony" (added by referencing assembly "C:\Program Files (x86)\Steam\steamapps\common\7 Days To Die_V1.3\Mods\0_TFP_Harmony\0Harmony.dll").
                 Considered "C:\Program Files (x86)\Steam\steamapps\common\7 Days To Die_V1.3\Mods\0_TFP_Harmony\System.ValueTuple.winmd", but it didn't exist.
             Required by "0Harmony".
             This reference is not "CopyLocal" because at least one source item had "Private" set to "false" and no source items had "Private" set to "true".
         Dependency "MonoMod.Core, Version=1.1.2.0, Culture=neutral, PublicKeyToken=null".
             Resolved file path is "C:\Program Files (x86)\Steam\steamapps\common\7 Days To Die_V1.3\Mods\0_TFP_Harmony\MonoMod.Core.dll".
             Reference found at search path location "C:\Program Files (x86)\Steam\steamapps\common\7 Days To Die_V1.3\Mods\0_TFP_Harmony".
                 For SearchPath "C:\Program Files (x86)\Steam\steamapps\common\7 Days To Die_V1.3\Mods\0_TFP_Harmony" (added by referencing assembly "C:\Program Files (x86)\Steam\steamapps\common\7 Days To Die_V1.3\Mods\0_TFP_Harmony\0Harmony.dll").
                 Considered "C:\Program Files (x86)\Steam\steamapps\common\7 Days To Die_V1.3\Mods\0_TFP_Harmony\MonoMod.Core.winmd", but it didn't exist.
             Required by "0Harmony".
             This reference is not "CopyLocal" because at least one source item had "Private" set to "false" and no source items had "Private" set to "true".
         Dependency "Mono.Cecil.Mdb, Version=0.11.5.0, Culture=neutral, PublicKeyToken=50cebf1cceb9d05e".
             Resolved file path is "C:\Program Files (x86)\Steam\steamapps\common\7 Days To Die_V1.3\Mods\0_TFP_Harmony\Mono.Cecil.Mdb.dll".
             Reference found at search path location "C:\Program Files (x86)\Steam\steamapps\common\7 Days To Die_V1.3\Mods\0_TFP_Harmony".
                 For SearchPath "C:\Program Files (x86)\Steam\steamapps\common\7 Days To Die_V1.3\Mods\0_TFP_Harmony" (added by referencing assembly "C:\Program Files (x86)\Steam\steamapps\common\7 Days To Die_V1.3\Mods\0_TFP_Harmony\0Harmony.dll").
                 Considered "C:\Program Files (x86)\Steam\steamapps\common\7 Days To Die_V1.3\Mods\0_TFP_Harmony\Mono.Cecil.Mdb.winmd", but it didn't exist.
             Required by "0Harmony".
             This reference is not "CopyLocal" because at least one source item had "Private" set to "false" and no source items had "Private" set to "true".
         Dependency "Mono.Cecil.Pdb, Version=0.11.5.0, Culture=neutral, PublicKeyToken=50cebf1cceb9d05e".
             Resolved file path is "C:\Program Files (x86)\Steam\steamapps\common\7 Days To Die_V1.3\Mods\0_TFP_Harmony\Mono.Cecil.Pdb.dll".
             Reference found at search path location "C:\Program Files (x86)\Steam\steamapps\common\7 Days To Die_V1.3\Mods\0_TFP_Harmony".
                 For SearchPath "C:\Program Files (x86)\Steam\steamapps\common\7 Days To Die_V1.3\Mods\0_TFP_Harmony" (added by referencing assembly "C:\Program Files (x86)\Steam\steamapps\common\7 Days To Die_V1.3\Mods\0_TFP_Harmony\0Harmony.dll").
                 Considered "C:\Program Files (x86)\Steam\steamapps\common\7 Days To Die_V1.3\Mods\0_TFP_Harmony\Mono.Cecil.Pdb.winmd", but it didn't exist.
             Required by "0Harmony".
             This reference is not "CopyLocal" because at least one source item had "Private" set to "false" and no source items had "Private" set to "true".
         Dependency "Mono.Cecil.Rocks, Version=0.11.5.0, Culture=neutral, PublicKeyToken=50cebf1cceb9d05e".
             Resolved file path is "C:\Program Files (x86)\Steam\steamapps\common\7 Days To Die_V1.3\Mods\0_TFP_Harmony\Mono.Cecil.Rocks.dll".
             Reference found at search path location "C:\Program Files (x86)\Steam\steamapps\common\7 Days To Die_V1.3\Mods\0_TFP_Harmony".
                 For SearchPath "C:\Program Files (x86)\Steam\steamapps\common\7 Days To Die_V1.3\Mods\0_TFP_Harmony" (added by referencing assembly "C:\Program Files (x86)\Steam\steamapps\common\7 Days To Die_V1.3\Mods\0_TFP_Harmony\0Harmony.dll").
                 Considered "C:\Program Files (x86)\Steam\steamapps\common\7 Days To Die_V1.3\Mods\0_TFP_Harmony\Mono.Cecil.Rocks.winmd", but it didn't exist.
             Required by "0Harmony".
             This reference is not "CopyLocal" because at least one source item had "Private" set to "false" and no source items had "Private" set to "true".
         Dependency "UnityEngine.DSPGraphModule, Version=0.0.0.0, Culture=neutral, PublicKeyToken=null".
             Resolved file path is "C:\Program Files (x86)\Steam\steamapps\common\7 Days To Die_V1.3\7DaysToDie_Data\Managed\UnityEngine.DSPGraphModule.dll".
             Reference found at search path location "C:\Program Files (x86)\Steam\steamapps\common\7 Days To Die_V1.3\7DaysToDie_Data\Managed".
                 For SearchPath "C:\Program Files (x86)\Steam\steamapps\common\7 Days To Die_V1.3\7DaysToDie_Data\Managed" (added by referencing assembly "C:\Program Files (x86)\Steam\steamapps\common\7 Days To Die_V1.3\7DaysToDie_Data\Managed\UnityEngine.dll").
                 Considered "C:\Program Files (x86)\Steam\steamapps\common\7 Days To Die_V1.3\7DaysToDie_Data\Managed\UnityEngine.DSPGraphModule.winmd", but it didn't exist.
             Required by "UnityEngine".
             Required by "Assembly-CSharp".
             This reference is not "CopyLocal" because at least one source item had "Private" set to "false" and no source items had "Private" set to "true".
         Dependency "UnityEngine.UnityCurlModule, Version=0.0.0.0, Culture=neutral, PublicKeyToken=null".
             Resolved file path is "C:\Program Files (x86)\Steam\steamapps\common\7 Days To Die_V1.3\7DaysToDie_Data\Managed\UnityEngine.UnityCurlModule.dll".
             Reference found at search path location "C:\Program Files (x86)\Steam\steamapps\common\7 Days To Die_V1.3\7DaysToDie_Data\Managed".
                 For SearchPath "C:\Program Files (x86)\Steam\steamapps\common\7 Days To Die_V1.3\7DaysToDie_Data\Managed" (added by referencing assembly "C:\Program Files (x86)\Steam\steamapps\common\7 Days To Die_V1.3\7DaysToDie_Data\Managed\UnityEngine.dll").
                 Considered "C:\Program Files (x86)\Steam\steamapps\common\7 Days To Die_V1.3\7DaysToDie_Data\Managed\UnityEngine.UnityCurlModule.winmd", but it didn't exist.
             Required by "UnityEngine".
             Required by "Assembly-CSharp".
             This reference is not "CopyLocal" because at least one source item had "Private" set to "false" and no source items had "Private" set to "true".
         Dependency "UnityEngine.ContentLoadModule, Version=0.0.0.0, Culture=neutral, PublicKeyToken=null".
             Resolved file path is "C:\Program Files (x86)\Steam\steamapps\common\7 Days To Die_V1.3\7DaysToDie_Data\Managed\UnityEngine.ContentLoadModule.dll".
             Reference found at search path location "C:\Program Files (x86)\Steam\steamapps\common\7 Days To Die_V1.3\7DaysToDie_Data\Managed".
                 For SearchPath "C:\Program Files (x86)\Steam\steamapps\common\7 Days To Die_V1.3\7DaysToDie_Data\Managed" (added by referencing assembly "C:\Program Files (x86)\Steam\steamapps\common\7 Days To Die_V1.3\7DaysToDie_Data\Managed\UnityEngine.dll").
                 Considered "C:\Program Files (x86)\Steam\steamapps\common\7 Days To Die_V1.3\7DaysToDie_Data\Managed\UnityEngine.ContentLoadModule.winmd", but it didn't exist.
             Required by "UnityEngine".
             Required by "Assembly-CSharp".
             This reference is not "CopyLocal" because at least one source item had "Private" set to "false" and no source items had "Private" set to "true".
         Dependency "UnityEngine.PropertiesModule, Version=0.0.0.0, Culture=neutral, PublicKeyToken=null".
             Resolved file path is "C:\Program Files (x86)\Steam\steamapps\common\7 Days To Die_V1.3\7DaysToDie_Data\Managed\UnityEngine.PropertiesModule.dll".
             Reference found at search path location "C:\Program Files (x86)\Steam\steamapps\common\7 Days To Die_V1.3\7DaysToDie_Data\Managed".
                 For SearchPath "C:\Program Files (x86)\Steam\steamapps\common\7 Days To Die_V1.3\7DaysToDie_Data\Managed" (added by referencing assembly "C:\Program Files (x86)\Steam\steamapps\common\7 Days To Die_V1.3\7DaysToDie_Data\Managed\UnityEngine.dll").
                 Considered "C:\Program Files (x86)\Steam\steamapps\common\7 Days To Die_V1.3\7DaysToDie_Data\Managed\UnityEngine.PropertiesModule.winmd", but it didn't exist.
             Required by "UnityEngine".
             Required by "Assembly-CSharp".
             This reference is not "CopyLocal" because at least one source item had "Private" set to "false" and no source items had "Private" set to "true".
         Dependency "UnityEngine.TLSModule, Version=0.0.0.0, Culture=neutral, PublicKeyToken=null".
             Resolved file path is "C:\Program Files (x86)\Steam\steamapps\common\7 Days To Die_V1.3\7DaysToDie_Data\Managed\UnityEngine.TLSModule.dll".
             Reference found at search path location "C:\Program Files (x86)\Steam\steamapps\common\7 Days To Die_V1.3\7DaysToDie_Data\Managed".
                 For SearchPath "C:\Program Files (x86)\Steam\steamapps\common\7 Days To Die_V1.3\7DaysToDie_Data\Managed" (added by referencing assembly "C:\Program Files (x86)\Steam\steamapps\common\7 Days To Die_V1.3\7DaysToDie_Data\Managed\UnityEngine.dll").
                 Considered "C:\Program Files (x86)\Steam\steamapps\common\7 Days To Die_V1.3\7DaysToDie_Data\Managed\UnityEngine.TLSModule.winmd", but it didn't exist.
             Required by "UnityEngine".
             Required by "Assembly-CSharp".
             This reference is not "CopyLocal" because at least one source item had "Private" set to "false" and no source items had "Private" set to "true".
         Dependency "UnityEngine.AndroidJNIModule, Version=0.0.0.0, Culture=neutral, PublicKeyToken=null".
             Resolved file path is "C:\Program Files (x86)\Steam\steamapps\common\7 Days To Die_V1.3\7DaysToDie_Data\Managed\UnityEngine.AndroidJNIModule.dll".
             Reference found at search path location "C:\Program Files (x86)\Steam\steamapps\common\7 Days To Die_V1.3\7DaysToDie_Data\Managed".
                 For SearchPath "C:\Program Files (x86)\Steam\steamapps\common\7 Days To Die_V1.3\7DaysToDie_Data\Managed" (added by referencing assembly "C:\Program Files (x86)\Steam\steamapps\common\7 Days To Die_V1.3\7DaysToDie_Data\Managed\UnityEngine.dll").
                 Considered "C:\Program Files (x86)\Steam\steamapps\common\7 Days To Die_V1.3\7DaysToDie_Data\Managed\UnityEngine.AndroidJNIModule.winmd", but it didn't exist.
             Required by "UnityEngine".
             Required by "Assembly-CSharp".
             This reference is not "CopyLocal" because at least one source item had "Private" set to "false" and no source items had "Private" set to "true".
         Dependency "UnityEngine.AccessibilityModule, Version=0.0.0.0, Culture=neutral, PublicKeyToken=null".
             Resolved file path is "C:\Program Files (x86)\Steam\steamapps\common\7 Days To Die_V1.3\7DaysToDie_Data\Managed\UnityEngine.AccessibilityModule.dll".
             Reference found at search path location "C:\Program Files (x86)\Steam\steamapps\common\7 Days To Die_V1.3\7DaysToDie_Data\Managed".
                 For SearchPath "C:\Program Files (x86)\Steam\steamapps\common\7 Days To Die_V1.3\7DaysToDie_Data\Managed" (added by referencing assembly "C:\Program Files (x86)\Steam\steamapps\common\7 Days To Die_V1.3\7DaysToDie_Data\Managed\UnityEngine.dll").
                 Considered "C:\Program Files (x86)\Steam\steamapps\common\7 Days To Die_V1.3\7DaysToDie_Data\Managed\UnityEngine.AccessibilityModule.winmd", but it didn't exist.
             Required by "UnityEngine".
             Required by "Assembly-CSharp".
             This reference is not "CopyLocal" because at least one source item had "Private" set to "false" and no source items had "Private" set to "true".
         Dependency "UnityEngine.UnityConnectModule, Version=0.0.0.0, Culture=neutral, PublicKeyToken=null".
             Resolved file path is "C:\Program Files (x86)\Steam\steamapps\common\7 Days To Die_V1.3\7DaysToDie_Data\Managed\UnityEngine.UnityConnectModule.dll".
             Reference found at search path location "C:\Program Files (x86)\Steam\steamapps\common\7 Days To Die_V1.3\7DaysToDie_Data\Managed".
                 For SearchPath "C:\Program Files (x86)\Steam\steamapps\common\7 Days To Die_V1.3\7DaysToDie_Data\Managed" (added by referencing assembly "C:\Program Files (x86)\Steam\steamapps\common\7 Days To Die_V1.3\7DaysToDie_Data\Managed\UnityEngine.dll").
                 Considered "C:\Program Files (x86)\Steam\steamapps\common\7 Days To Die_V1.3\7DaysToDie_Data\Managed\UnityEngine.UnityConnectModule.winmd", but it didn't exist.
             Required by "UnityEngine".
             Required by "Assembly-CSharp".
             This reference is not "CopyLocal" because at least one source item had "Private" set to "false" and no source items had "Private" set to "true".
         Dependency "UnityEngine.AIModule, Version=0.0.0.0, Culture=neutral, PublicKeyToken=null".
             Resolved file path is "C:\Program Files (x86)\Steam\steamapps\common\7 Days To Die_V1.3\7DaysToDie_Data\Managed\UnityEngine.AIModule.dll".
             Reference found at search path location "C:\Program Files (x86)\Steam\steamapps\common\7 Days To Die_V1.3\7DaysToDie_Data\Managed".
                 For SearchPath "C:\Program Files (x86)\Steam\steamapps\common\7 Days To Die_V1.3\7DaysToDie_Data\Managed" (added by referencing assembly "C:\Program Files (x86)\Steam\steamapps\common\7 Days To Die_V1.3\7DaysToDie_Data\Managed\UnityEngine.dll").
                 Considered "C:\Program Files (x86)\Steam\steamapps\common\7 Days To Die_V1.3\7DaysToDie_Data\Managed\UnityEngine.AIModule.winmd", but it didn't exist.
             Required by "UnityEngine".
             Required by "Assembly-CSharp".
             This reference is not "CopyLocal" because at least one source item had "Private" set to "false" and no source items had "Private" set to "true".
         Dependency "UnityEngine.UnityAnalyticsModule, Version=0.0.0.0, Culture=neutral, PublicKeyToken=null".
             Resolved file path is "C:\Program Files (x86)\Steam\steamapps\common\7 Days To Die_V1.3\7DaysToDie_Data\Managed\UnityEngine.UnityAnalyticsModule.dll".
             Reference found at search path location "C:\Program Files (x86)\Steam\steamapps\common\7 Days To Die_V1.3\7DaysToDie_Data\Managed".
                 For SearchPath "C:\Program Files (x86)\Steam\steamapps\common\7 Days To Die_V1.3\7DaysToDie_Data\Managed" (added by referencing assembly "C:\Program Files (x86)\Steam\steamapps\common\7 Days To Die_V1.3\7DaysToDie_Data\Managed\UnityEngine.dll").
                 Considered "C:\Program Files (x86)\Steam\steamapps\common\7 Days To Die_V1.3\7DaysToDie_Data\Managed\UnityEngine.UnityAnalyticsModule.winmd", but it didn't exist.
             Required by "UnityEngine".
             Required by "Assembly-CSharp".
             This reference is not "CopyLocal" because at least one source item had "Private" set to "false" and no source items had "Private" set to "true".
         Dependency "UnityEngine.UnityAnalyticsCommonModule, Version=0.0.0.0, Culture=neutral, PublicKeyToken=null".
             Resolved file path is "C:\Program Files (x86)\Steam\steamapps\common\7 Days To Die_V1.3\7DaysToDie_Data\Managed\UnityEngine.UnityAnalyticsCommonModule.dll".
             Reference found at search path location "C:\Program Files (x86)\Steam\steamapps\common\7 Days To Die_V1.3\7DaysToDie_Data\Managed".
                 For SearchPath "C:\Program Files (x86)\Steam\steamapps\common\7 Days To Die_V1.3\7DaysToDie_Data\Managed" (added by referencing assembly "C:\Program Files (x86)\Steam\steamapps\common\7 Days To Die_V1.3\7DaysToDie_Data\Managed\UnityEngine.dll").
                 Considered "C:\Program Files (x86)\Steam\steamapps\common\7 Days To Die_V1.3\7DaysToDie_Data\Managed\UnityEngine.UnityAnalyticsCommonModule.winmd", but it didn't exist.
             Required by "UnityEngine".
             Required by "Assembly-CSharp".
             This reference is not "CopyLocal" because at least one source item had "Private" set to "false" and no source items had "Private" set to "true".
         Dependency "UnityEngine.PerformanceReportingModule, Version=0.0.0.0, Culture=neutral, PublicKeyToken=null".
             Resolved file path is "C:\Program Files (x86)\Steam\steamapps\common\7 Days To Die_V1.3\7DaysToDie_Data\Managed\UnityEngine.PerformanceReportingModule.dll".
             Reference found at search path location "C:\Program Files (x86)\Steam\steamapps\common\7 Days To Die_V1.3\7DaysToDie_Data\Managed".
                 For SearchPath "C:\Program Files (x86)\Steam\steamapps\common\7 Days To Die_V1.3\7DaysToDie_Data\Managed" (added by referencing assembly "C:\Program Files (x86)\Steam\steamapps\common\7 Days To Die_V1.3\7DaysToDie_Data\Managed\UnityEngine.dll").
                 Considered "C:\Program Files (x86)\Steam\steamapps\common\7 Days To Die_V1.3\7DaysToDie_Data\Managed\UnityEngine.PerformanceReportingModule.winmd", but it didn't exist.
             Required by "UnityEngine".
             Required by "Assembly-CSharp".
             This reference is not "CopyLocal" because at least one source item had "Private" set to "false" and no source items had "Private" set to "true".
         Dependency "UnityEngine.Physics2DModule, Version=0.0.0.0, Culture=neutral, PublicKeyToken=null".
             Resolved file path is "C:\Program Files (x86)\Steam\steamapps\common\7 Days To Die_V1.3\7DaysToDie_Data\Managed\UnityEngine.Physics2DModule.dll".
             Reference found at search path location "C:\Program Files (x86)\Steam\steamapps\common\7 Days To Die_V1.3\7DaysToDie_Data\Managed".
                 For SearchPath "C:\Program Files (x86)\Steam\steamapps\common\7 Days To Die_V1.3\7DaysToDie_Data\Managed" (added by referencing assembly "C:\Program Files (x86)\Steam\steamapps\common\7 Days To Die_V1.3\7DaysToDie_Data\Managed\UnityEngine.dll").
                 Considered "C:\Program Files (x86)\Steam\steamapps\common\7 Days To Die_V1.3\7DaysToDie_Data\Managed\UnityEngine.Physics2DModule.winmd", but it didn't exist.
             Required by "UnityEngine".
             Required by "Assembly-CSharp".
             Required by "InControl".
             This reference is not "CopyLocal" because at least one source item had "Private" set to "false" and no source items had "Private" set to "true".
         Dependency "UnityEngine.SharedInternalsModule, Version=0.0.0.0, Culture=neutral, PublicKeyToken=null".
             Resolved file path is "C:\Program Files (x86)\Steam\steamapps\common\7 Days To Die_V1.3\7DaysToDie_Data\Managed\UnityEngine.SharedInternalsModule.dll".
             Reference found at search path location "C:\Program Files (x86)\Steam\steamapps\common\7 Days To Die_V1.3\7DaysToDie_Data\Managed".
                 For SearchPath "C:\Program Files (x86)\Steam\steamapps\common\7 Days To Die_V1.3\7DaysToDie_Data\Managed" (added by referencing assembly "C:\Program Files (x86)\Steam\steamapps\common\7 Days To Die_V1.3\7DaysToDie_Data\Managed\UnityEngine.dll").
                 Considered "C:\Program Files (x86)\Steam\steamapps\common\7 Days To Die_V1.3\7DaysToDie_Data\Managed\UnityEngine.SharedInternalsModule.winmd", but it didn't exist.
             Required by "UnityEngine".
             Required by "UnityEngine.CoreModule".
             Required by "Assembly-CSharp".
             Required by "Assembly-CSharp-firstpass".
             Required by "InControl".
             Required by "LogLibrary".
             Required by "UnityEngine.PhysicsModule".
             This reference is not "CopyLocal" because at least one source item had "Private" set to "false" and no source items had "Private" set to "true".
         Dependency "UnityEngine.ClusterInputModule, Version=0.0.0.0, Culture=neutral, PublicKeyToken=null".
             Resolved file path is "C:\Program Files (x86)\Steam\steamapps\common\7 Days To Die_V1.3\7DaysToDie_Data\Managed\UnityEngine.ClusterInputModule.dll".
             Reference found at search path location "C:\Program Files (x86)\Steam\steamapps\common\7 Days To Die_V1.3\7DaysToDie_Data\Managed".
                 For SearchPath "C:\Program Files (x86)\Steam\steamapps\common\7 Days To Die_V1.3\7DaysToDie_Data\Managed" (added by referencing assembly "C:\Program Files (x86)\Steam\steamapps\common\7 Days To Die_V1.3\7DaysToDie_Data\Managed\UnityEngine.dll").
                 Considered "C:\Program Files (x86)\Steam\steamapps\common\7 Days To Die_V1.3\7DaysToDie_Data\Managed\UnityEngine.ClusterInputModule.winmd", but it didn't exist.
             Required by "UnityEngine".
             Required by "Assembly-CSharp".
             This reference is not "CopyLocal" because at least one source item had "Private" set to "false" and no source items had "Private" set to "true".
         Dependency "UnityEngine.ClusterRendererModule, Version=0.0.0.0, Culture=neutral, PublicKeyToken=null".
             Resolved file path is "C:\Program Files (x86)\Steam\steamapps\common\7 Days To Die_V1.3\7DaysToDie_Data\Managed\UnityEngine.ClusterRendererModule.dll".
             Reference found at search path location "C:\Program Files (x86)\Steam\steamapps\common\7 Days To Die_V1.3\7DaysToDie_Data\Managed".
                 For SearchPath "C:\Program Files (x86)\Steam\steamapps\common\7 Days To Die_V1.3\7DaysToDie_Data\Managed" (added by referencing assembly "C:\Program Files (x86)\Steam\steamapps\common\7 Days To Die_V1.3\7DaysToDie_Data\Managed\UnityEngine.dll").
                 Considered "C:\Program Files (x86)\Steam\steamapps\common\7 Days To Die_V1.3\7DaysToDie_Data\Managed\UnityEngine.ClusterRendererModule.winmd", but it didn't exist.
             Required by "UnityEngine".
             Required by "Assembly-CSharp".
             This reference is not "CopyLocal" because at least one source item had "Private" set to "false" and no source items had "Private" set to "true".
         Dependency "UnityEngine.CrashReportingModule, Version=0.0.0.0, Culture=neutral, PublicKeyToken=null".
             Resolved file path is "C:\Program Files (x86)\Steam\steamapps\common\7 Days To Die_V1.3\7DaysToDie_Data\Managed\UnityEngine.CrashReportingModule.dll".
             Reference found at search path location "C:\Program Files (x86)\Steam\steamapps\common\7 Days To Die_V1.3\7DaysToDie_Data\Managed".
                 For SearchPath "C:\Program Files (x86)\Steam\steamapps\common\7 Days To Die_V1.3\7DaysToDie_Data\Managed" (added by referencing assembly "C:\Program Files (x86)\Steam\steamapps\common\7 Days To Die_V1.3\7DaysToDie_Data\Managed\UnityEngine.dll").
                 Considered "C:\Program Files (x86)\Steam\steamapps\common\7 Days To Die_V1.3\7DaysToDie_Data\Managed\UnityEngine.CrashReportingModule.winmd", but it didn't exist.
             Required by "UnityEngine".
             Required by "Assembly-CSharp".
             This reference is not "CopyLocal" because at least one source item had "Private" set to "false" and no source items had "Private" set to "true".
         Dependency "UnityEngine.TilemapModule, Version=0.0.0.0, Culture=neutral, PublicKeyToken=null".
             Resolved file path is "C:\Program Files (x86)\Steam\steamapps\common\7 Days To Die_V1.3\7DaysToDie_Data\Managed\UnityEngine.TilemapModule.dll".
             Reference found at search path location "C:\Program Files (x86)\Steam\steamapps\common\7 Days To Die_V1.3\7DaysToDie_Data\Managed".
                 For SearchPath "C:\Program Files (x86)\Steam\steamapps\common\7 Days To Die_V1.3\7DaysToDie_Data\Managed" (added by referencing assembly "C:\Program Files (x86)\Steam\steamapps\common\7 Days To Die_V1.3\7DaysToDie_Data\Managed\UnityEngine.dll").
                 Considered "C:\Program Files (x86)\Steam\steamapps\common\7 Days To Die_V1.3\7DaysToDie_Data\Managed\UnityEngine.TilemapModule.winmd", but it didn't exist.
             Required by "UnityEngine".
             Required by "Assembly-CSharp".
             Required by "InControl".
             This reference is not "CopyLocal" because at least one source item had "Private" set to "false" and no source items had "Private" set to "true".
         Dependency "UnityEngine.VFXModule, Version=0.0.0.0, Culture=neutral, PublicKeyToken=null".
             Resolved file path is "C:\Program Files (x86)\Steam\steamapps\common\7 Days To Die_V1.3\7DaysToDie_Data\Managed\UnityEngine.VFXModule.dll".
             Reference found at search path location "C:\Program Files (x86)\Steam\steamapps\common\7 Days To Die_V1.3\7DaysToDie_Data\Managed".
                 For SearchPath "C:\Program Files (x86)\Steam\steamapps\common\7 Days To Die_V1.3\7DaysToDie_Data\Managed" (added by referencing assembly "C:\Program Files (x86)\Steam\steamapps\common\7 Days To Die_V1.3\7DaysToDie_Data\Managed\UnityEngine.dll").
                 Considered "C:\Program Files (x86)\Steam\steamapps\common\7 Days To Die_V1.3\7DaysToDie_Data\Managed\UnityEngine.VFXModule.winmd", but it didn't exist.
             Required by "UnityEngine".
             Required by "Assembly-CSharp".
             This reference is not "CopyLocal" because at least one source item had "Private" set to "false" and no source items had "Private" set to "true".
         Dependency "UnityEngine.VRModule, Version=0.0.0.0, Culture=neutral, PublicKeyToken=null".
             Resolved file path is "C:\Program Files (x86)\Steam\steamapps\common\7 Days To Die_V1.3\7DaysToDie_Data\Managed\UnityEngine.VRModule.dll".
             Reference found at search path location "C:\Program Files (x86)\Steam\steamapps\common\7 Days To Die_V1.3\7DaysToDie_Data\Managed".
                 For SearchPath "C:\Program Files (x86)\Steam\steamapps\common\7 Days To Die_V1.3\7DaysToDie_Data\Managed" (added by referencing assembly "C:\Program Files (x86)\Steam\steamapps\common\7 Days To Die_V1.3\7DaysToDie_Data\Managed\UnityEngine.dll").
                 Considered "C:\Program Files (x86)\Steam\steamapps\common\7 Days To Die_V1.3\7DaysToDie_Data\Managed\UnityEngine.VRModule.winmd", but it didn't exist.
             Required by "UnityEngine".
             Required by "Assembly-CSharp".
             This reference is not "CopyLocal" because at least one source item had "Private" set to "false" and no source items had "Private" set to "true".
         Dependency "UnityEngine.GridModule, Version=0.0.0.0, Culture=neutral, PublicKeyToken=null".
             Resolved file path is "C:\Program Files (x86)\Steam\steamapps\common\7 Days To Die_V1.3\7DaysToDie_Data\Managed\UnityEngine.GridModule.dll".
             Reference found at search path location "C:\Program Files (x86)\Steam\steamapps\common\7 Days To Die_V1.3\7DaysToDie_Data\Managed".
                 For SearchPath "C:\Program Files (x86)\Steam\steamapps\common\7 Days To Die_V1.3\7DaysToDie_Data\Managed" (added by referencing assembly "C:\Program Files (x86)\Steam\steamapps\common\7 Days To Die_V1.3\7DaysToDie_Data\Managed\UnityEngine.dll").
                 Considered "C:\Program Files (x86)\Steam\steamapps\common\7 Days To Die_V1.3\7DaysToDie_Data\Managed\UnityEngine.GridModule.winmd", but it didn't exist.
             Required by "UnityEngine".
             Required by "Assembly-CSharp".
             Required by "InControl".
             This reference is not "CopyLocal" because at least one source item had "Private" set to "false" and no source items had "Private" set to "true".
         Dependency "UnityEngine.SubsystemsModule, Version=0.0.0.0, Culture=neutral, PublicKeyToken=null".
             Resolved file path is "C:\Program Files (x86)\Steam\steamapps\common\7 Days To Die_V1.3\7DaysToDie_Data\Managed\UnityEngine.SubsystemsModule.dll".
             Reference found at search path location "C:\Program Files (x86)\Steam\steamapps\common\7 Days To Die_V1.3\7DaysToDie_Data\Managed".
                 For SearchPath "C:\Program Files (x86)\Steam\steamapps\common\7 Days To Die_V1.3\7DaysToDie_Data\Managed" (added by referencing assembly "C:\Program Files (x86)\Steam\steamapps\common\7 Days To Die_V1.3\7DaysToDie_Data\Managed\UnityEngine.dll").
                 Considered "C:\Program Files (x86)\Steam\steamapps\common\7 Days To Die_V1.3\7DaysToDie_Data\Managed\UnityEngine.SubsystemsModule.winmd", but it didn't exist.
             Required by "UnityEngine".
             Required by "Assembly-CSharp".
             This reference is not "CopyLocal" because at least one source item had "Private" set to "false" and no source items had "Private" set to "true".
         Dependency "UnityEngine.LocalizationModule, Version=0.0.0.0, Culture=neutral, PublicKeyToken=null".
             Resolved file path is "C:\Program Files (x86)\Steam\steamapps\common\7 Days To Die_V1.3\7DaysToDie_Data\Managed\UnityEngine.LocalizationModule.dll".
             Reference found at search path location "C:\Program Files (x86)\Steam\steamapps\common\7 Days To Die_V1.3\7DaysToDie_Data\Managed".
                 For SearchPath "C:\Program Files (x86)\Steam\steamapps\common\7 Days To Die_V1.3\7DaysToDie_Data\Managed" (added by referencing assembly "C:\Program Files (x86)\Steam\steamapps\common\7 Days To Die_V1.3\7DaysToDie_Data\Managed\UnityEngine.dll").
                 Considered "C:\Program Files (x86)\Steam\steamapps\common\7 Days To Die_V1.3\7DaysToDie_Data\Managed\UnityEngine.LocalizationModule.winmd", but it didn't exist.
             Required by "UnityEngine".
             Required by "Assembly-CSharp".
             This reference is not "CopyLocal" because at least one source item had "Private" set to "false" and no source items had "Private" set to "true".
         Dependency "UnityEngine.UnityWebRequestAssetBundleModule, Version=0.0.0.0, Culture=neutral, PublicKeyToken=null".
             Resolved file path is "C:\Program Files (x86)\Steam\steamapps\common\7 Days To Die_V1.3\7DaysToDie_Data\Managed\UnityEngine.UnityWebRequestAssetBundleModule.dll".
             Reference found at search path location "C:\Program Files (x86)\Steam\steamapps\common\7 Days To Die_V1.3\7DaysToDie_Data\Managed".
                 For SearchPath "C:\Program Files (x86)\Steam\steamapps\common\7 Days To Die_V1.3\7DaysToDie_Data\Managed" (added by referencing assembly "C:\Program Files (x86)\Steam\steamapps\common\7 Days To Die_V1.3\7DaysToDie_Data\Managed\UnityEngine.dll").
                 Considered "C:\Program Files (x86)\Steam\steamapps\common\7 Days To Die_V1.3\7DaysToDie_Data\Managed\UnityEngine.UnityWebRequestAssetBundleModule.winmd", but it didn't exist.
             Required by "UnityEngine".
             Required by "Assembly-CSharp".
             This reference is not "CopyLocal" because at least one source item had "Private" set to "false" and no source items had "Private" set to "true".
         Dependency "UnityEngine.UnityWebRequestWWWModule, Version=0.0.0.0, Culture=neutral, PublicKeyToken=null".
             Resolved file path is "C:\Program Files (x86)\Steam\steamapps\common\7 Days To Die_V1.3\7DaysToDie_Data\Managed\UnityEngine.UnityWebRequestWWWModule.dll".
             Reference found at search path location "C:\Program Files (x86)\Steam\steamapps\common\7 Days To Die_V1.3\7DaysToDie_Data\Managed".
                 For SearchPath "C:\Program Files (x86)\Steam\steamapps\common\7 Days To Die_V1.3\7DaysToDie_Data\Managed" (added by referencing assembly "C:\Program Files (x86)\Steam\steamapps\common\7 Days To Die_V1.3\7DaysToDie_Data\Managed\UnityEngine.dll").
                 Considered "C:\Program Files (x86)\Steam\steamapps\common\7 Days To Die_V1.3\7DaysToDie_Data\Managed\UnityEngine.UnityWebRequestWWWModule.winmd", but it didn't exist.
             Required by "UnityEngine".
             Required by "Assembly-CSharp".
             This reference is not "CopyLocal" because at least one source item had "Private" set to "false" and no source items had "Private" set to "true".
         Dependency "UnityEngine.NVIDIAModule, Version=0.0.0.0, Culture=neutral, PublicKeyToken=null".
             Resolved file path is "C:\Program Files (x86)\Steam\steamapps\common\7 Days To Die_V1.3\7DaysToDie_Data\Managed\UnityEngine.NVIDIAModule.dll".
             Reference found at search path location "C:\Program Files (x86)\Steam\steamapps\common\7 Days To Die_V1.3\7DaysToDie_Data\Managed".
                 For SearchPath "C:\Program Files (x86)\Steam\steamapps\common\7 Days To Die_V1.3\7DaysToDie_Data\Managed" (added by referencing assembly "C:\Program Files (x86)\Steam\steamapps\common\7 Days To Die_V1.3\7DaysToDie_Data\Managed\UnityEngine.dll").
                 Considered "C:\Program Files (x86)\Steam\steamapps\common\7 Days To Die_V1.3\7DaysToDie_Data\Managed\UnityEngine.NVIDIAModule.winmd", but it didn't exist.
             Required by "UnityEngine".
             Required by "Assembly-CSharp".
             This reference is not "CopyLocal" because at least one source item had "Private" set to "false" and no source items had "Private" set to "true".
         Dependency "UnityEngine.DirectorModule, Version=0.0.0.0, Culture=neutral, PublicKeyToken=null".
             Resolved file path is "C:\Program Files (x86)\Steam\steamapps\common\7 Days To Die_V1.3\7DaysToDie_Data\Managed\UnityEngine.DirectorModule.dll".
             Reference found at search path location "C:\Program Files (x86)\Steam\steamapps\common\7 Days To Die_V1.3\7DaysToDie_Data\Managed".
                 For SearchPath "C:\Program Files (x86)\Steam\steamapps\common\7 Days To Die_V1.3\7DaysToDie_Data\Managed" (added by referencing assembly "C:\Program Files (x86)\Steam\steamapps\common\7 Days To Die_V1.3\7DaysToDie_Data\Managed\UnityEngine.dll").
                 Considered "C:\Program Files (x86)\Steam\steamapps\common\7 Days To Die_V1.3\7DaysToDie_Data\Managed\UnityEngine.DirectorModule.winmd", but it didn't exist.
             Required by "UnityEngine".
             Required by "Assembly-CSharp".
             This reference is not "CopyLocal" because at least one source item had "Private" set to "false" and no source items had "Private" set to "true".
         Dependency "UnityEngine.VirtualTexturingModule, Version=0.0.0.0, Culture=neutral, PublicKeyToken=null".
             Resolved file path is "C:\Program Files (x86)\Steam\steamapps\common\7 Days To Die_V1.3\7DaysToDie_Data\Managed\UnityEngine.VirtualTexturingModule.dll".
             Reference found at search path location "C:\Program Files (x86)\Steam\steamapps\common\7 Days To Die_V1.3\7DaysToDie_Data\Managed".
                 For SearchPath "C:\Program Files (x86)\Steam\steamapps\common\7 Days To Die_V1.3\7DaysToDie_Data\Managed" (added by referencing assembly "C:\Program Files (x86)\Steam\steamapps\common\7 Days To Die_V1.3\7DaysToDie_Data\Managed\UnityEngine.dll").
                 Considered "C:\Program Files (x86)\Steam\steamapps\common\7 Days To Die_V1.3\7DaysToDie_Data\Managed\UnityEngine.VirtualTexturingModule.winmd", but it didn't exist.
             Required by "UnityEngine".
             Required by "Assembly-CSharp".
             This reference is not "CopyLocal" because at least one source item had "Private" set to "false" and no source items had "Private" set to "true".
         Dependency "UnityEngine.ScreenCaptureModule, Version=0.0.0.0, Culture=neutral, PublicKeyToken=null".
             Resolved file path is "C:\Program Files (x86)\Steam\steamapps\common\7 Days To Die_V1.3\7DaysToDie_Data\Managed\UnityEngine.ScreenCaptureModule.dll".
             Reference found at search path location "C:\Program Files (x86)\Steam\steamapps\common\7 Days To Die_V1.3\7DaysToDie_Data\Managed".
                 For SearchPath "C:\Program Files (x86)\Steam\steamapps\common\7 Days To Die_V1.3\7DaysToDie_Data\Managed" (added by referencing assembly "C:\Program Files (x86)\Steam\steamapps\common\7 Days To Die_V1.3\7DaysToDie_Data\Managed\UnityEngine.dll").
                 Considered "C:\Program Files (x86)\Steam\steamapps\common\7 Days To Die_V1.3\7DaysToDie_Data\Managed\UnityEngine.ScreenCaptureModule.winmd", but it didn't exist.
             Required by "UnityEngine".
             Required by "Assembly-CSharp".
             This reference is not "CopyLocal" because at least one source item had "Private" set to "false" and no source items had "Private" set to "true".
         Dependency "UnityEngine.GameCenterModule, Version=0.0.0.0, Culture=neutral, PublicKeyToken=null".
             Resolved file path is "C:\Program Files (x86)\Steam\steamapps\common\7 Days To Die_V1.3\7DaysToDie_Data\Managed\UnityEngine.GameCenterModule.dll".
             Reference found at search path location "C:\Program Files (x86)\Steam\steamapps\common\7 Days To Die_V1.3\7DaysToDie_Data\Managed".
                 For SearchPath "C:\Program Files (x86)\Steam\steamapps\common\7 Days To Die_V1.3\7DaysToDie_Data\Managed" (added by referencing assembly "C:\Program Files (x86)\Steam\steamapps\common\7 Days To Die_V1.3\7DaysToDie_Data\Managed\UnityEngine.dll").
                 Considered "C:\Program Files (x86)\Steam\steamapps\common\7 Days To Die_V1.3\7DaysToDie_Data\Managed\UnityEngine.GameCenterModule.winmd", but it didn't exist.
             Required by "UnityEngine".
             Required by "Assembly-CSharp".
             This reference is not "CopyLocal" because at least one source item had "Private" set to "false" and no source items had "Private" set to "true".
         Dependency "UnityEngine.SpriteMaskModule, Version=0.0.0.0, Culture=neutral, PublicKeyToken=null".
             Resolved file path is "C:\Program Files (x86)\Steam\steamapps\common\7 Days To Die_V1.3\7DaysToDie_Data\Managed\UnityEngine.SpriteMaskModule.dll".
             Reference found at search path location "C:\Program Files (x86)\Steam\steamapps\common\7 Days To Die_V1.3\7DaysToDie_Data\Managed".
                 For SearchPath "C:\Program Files (x86)\Steam\steamapps\common\7 Days To Die_V1.3\7DaysToDie_Data\Managed" (added by referencing assembly "C:\Program Files (x86)\Steam\steamapps\common\7 Days To Die_V1.3\7DaysToDie_Data\Managed\UnityEngine.dll").
                 Considered "C:\Program Files (x86)\Steam\steamapps\common\7 Days To Die_V1.3\7DaysToDie_Data\Managed\UnityEngine.SpriteMaskModule.winmd", but it didn't exist.
             Required by "UnityEngine".
             Required by "Assembly-CSharp".
             This reference is not "CopyLocal" because at least one source item had "Private" set to "false" and no source items had "Private" set to "true".
         Dependency "UnityEngine.TerrainPhysicsModule, Version=0.0.0.0, Culture=neutral, PublicKeyToken=null".
             Resolved file path is "C:\Program Files (x86)\Steam\steamapps\common\7 Days To Die_V1.3\7DaysToDie_Data\Managed\UnityEngine.TerrainPhysicsModule.dll".
             Reference found at search path location "C:\Program Files (x86)\Steam\steamapps\common\7 Days To Die_V1.3\7DaysToDie_Data\Managed".
                 For SearchPath "C:\Program Files (x86)\Steam\steamapps\common\7 Days To Die_V1.3\7DaysToDie_Data\Managed" (added by referencing assembly "C:\Program Files (x86)\Steam\steamapps\common\7 Days To Die_V1.3\7DaysToDie_Data\Managed\UnityEngine.dll").
                 Considered "C:\Program Files (x86)\Steam\steamapps\common\7 Days To Die_V1.3\7DaysToDie_Data\Managed\UnityEngine.TerrainPhysicsModule.winmd", but it didn't exist.
             Required by "UnityEngine".
             Required by "Assembly-CSharp".
             This reference is not "CopyLocal" because at least one source item had "Private" set to "false" and no source items had "Private" set to "true".
         Dependency "UnityEngine.TextCoreFontEngineModule, Version=0.0.0.0, Culture=neutral, PublicKeyToken=null".
             Resolved file path is "C:\Program Files (x86)\Steam\steamapps\common\7 Days To Die_V1.3\7DaysToDie_Data\Managed\UnityEngine.TextCoreFontEngineModule.dll".
             Reference found at search path location "C:\Program Files (x86)\Steam\steamapps\common\7 Days To Die_V1.3\7DaysToDie_Data\Managed".
                 For SearchPath "C:\Program Files (x86)\Steam\steamapps\common\7 Days To Die_V1.3\7DaysToDie_Data\Managed" (added by referencing assembly "C:\Program Files (x86)\Steam\steamapps\common\7 Days To Die_V1.3\7DaysToDie_Data\Managed\UnityEngine.dll").
                 Considered "C:\Program Files (x86)\Steam\steamapps\common\7 Days To Die_V1.3\7DaysToDie_Data\Managed\UnityEngine.TextCoreFontEngineModule.winmd", but it didn't exist.
             Required by "UnityEngine".
             Required by "Assembly-CSharp".
             Required by "InControl".
             This reference is not "CopyLocal" because at least one source item had "Private" set to "false" and no source items had "Private" set to "true".
         Dependency "UnityEngine.TextCoreTextEngineModule, Version=0.0.0.0, Culture=neutral, PublicKeyToken=null".
             Resolved file path is "C:\Program Files (x86)\Steam\steamapps\common\7 Days To Die_V1.3\7DaysToDie_Data\Managed\UnityEngine.TextCoreTextEngineModule.dll".
             Reference found at search path location "C:\Program Files (x86)\Steam\steamapps\common\7 Days To Die_V1.3\7DaysToDie_Data\Managed".
                 For SearchPath "C:\Program Files (x86)\Steam\steamapps\common\7 Days To Die_V1.3\7DaysToDie_Data\Managed" (added by referencing assembly "C:\Program Files (x86)\Steam\steamapps\common\7 Days To Die_V1.3\7DaysToDie_Data\Managed\UnityEngine.dll").
                 Considered "C:\Program Files (x86)\Steam\steamapps\common\7 Days To Die_V1.3\7DaysToDie_Data\Managed\UnityEngine.TextCoreTextEngineModule.winmd", but it didn't exist.
             Required by "UnityEngine".
             Required by "Assembly-CSharp".
             Required by "InControl".
             This reference is not "CopyLocal" because at least one source item had "Private" set to "false" and no source items had "Private" set to "true".
         Dependency "UnityEngine.SpriteShapeModule, Version=0.0.0.0, Culture=neutral, PublicKeyToken=null".
             Resolved file path is "C:\Program Files (x86)\Steam\steamapps\common\7 Days To Die_V1.3\7DaysToDie_Data\Managed\UnityEngine.SpriteShapeModule.dll".
             Reference found at search path location "C:\Program Files (x86)\Steam\steamapps\common\7 Days To Die_V1.3\7DaysToDie_Data\Managed".
                 For SearchPath "C:\Program Files (x86)\Steam\steamapps\common\7 Days To Die_V1.3\7DaysToDie_Data\Managed" (added by referencing assembly "C:\Program Files (x86)\Steam\steamapps\common\7 Days To Die_V1.3\7DaysToDie_Data\Managed\UnityEngine.dll").
                 Considered "C:\Program Files (x86)\Steam\steamapps\common\7 Days To Die_V1.3\7DaysToDie_Data\Managed\UnityEngine.SpriteShapeModule.winmd", but it didn't exist.
             Required by "UnityEngine".
             Required by "Assembly-CSharp".
             Required by "InControl".
             This reference is not "CopyLocal" because at least one source item had "Private" set to "false" and no source items had "Private" set to "true".
         Dependency "UnityEngine.UIElementsModule, Version=0.0.0.0, Culture=neutral, PublicKeyToken=null".
             Resolved file path is "C:\Program Files (x86)\Steam\steamapps\common\7 Days To Die_V1.3\7DaysToDie_Data\Managed\UnityEngine.UIElementsModule.dll".
             Reference found at search path location "C:\Program Files (x86)\Steam\steamapps\common\7 Days To Die_V1.3\7DaysToDie_Data\Managed".
                 For SearchPath "C:\Program Files (x86)\Steam\steamapps\common\7 Days To Die_V1.3\7DaysToDie_Data\Managed" (added by referencing assembly "C:\Program Files (x86)\Steam\steamapps\common\7 Days To Die_V1.3\7DaysToDie_Data\Managed\UnityEngine.dll").
                 Considered "C:\Program Files (x86)\Steam\steamapps\common\7 Days To Die_V1.3\7DaysToDie_Data\Managed\UnityEngine.UIElementsModule.winmd", but it didn't exist.
             Required by "UnityEngine".
             Required by "Assembly-CSharp".
             Required by "InControl".
             This reference is not "CopyLocal" because at least one source item had "Private" set to "false" and no source items had "Private" set to "true".
         Dependency "UnityEngine.XRModule, Version=0.0.0.0, Culture=neutral, PublicKeyToken=null".
             Resolved file path is "C:\Program Files (x86)\Steam\steamapps\common\7 Days To Die_V1.3\7DaysToDie_Data\Managed\UnityEngine.XRModule.dll".
             Reference found at search path location "C:\Program Files (x86)\Steam\steamapps\common\7 Days To Die_V1.3\7DaysToDie_Data\Managed".
                 For SearchPath "C:\Program Files (x86)\Steam\steamapps\common\7 Days To Die_V1.3\7DaysToDie_Data\Managed" (added by referencing assembly "C:\Program Files (x86)\Steam\steamapps\common\7 Days To Die_V1.3\7DaysToDie_Data\Managed\UnityEngine.dll").
                 Considered "C:\Program Files (x86)\Steam\steamapps\common\7 Days To Die_V1.3\7DaysToDie_Data\Managed\UnityEngine.XRModule.winmd", but it didn't exist.
             Required by "UnityEngine".
             Required by "Assembly-CSharp".
             This reference is not "CopyLocal" because at least one source item had "Private" set to "false" and no source items had "Private" set to "true".
         Dependency "UnityEngine.ARModule, Version=0.0.0.0, Culture=neutral, PublicKeyToken=null".
             Resolved file path is "C:\Program Files (x86)\Steam\steamapps\common\7 Days To Die_V1.3\7DaysToDie_Data\Managed\UnityEngine.ARModule.dll".
             Reference found at search path location "C:\Program Files (x86)\Steam\steamapps\common\7 Days To Die_V1.3\7DaysToDie_Data\Managed".
                 For SearchPath "C:\Program Files (x86)\Steam\steamapps\common\7 Days To Die_V1.3\7DaysToDie_Data\Managed" (added by referencing assembly "C:\Program Files (x86)\Steam\steamapps\common\7 Days To Die_V1.3\7DaysToDie_Data\Managed\UnityEngine.dll").
                 Considered "C:\Program Files (x86)\Steam\steamapps\common\7 Days To Die_V1.3\7DaysToDie_Data\Managed\UnityEngine.ARModule.winmd", but it didn't exist.
             Required by "UnityEngine".
             Required by "Assembly-CSharp".
             This reference is not "CopyLocal" because at least one source item had "Private" set to "false" and no source items had "Private" set to "true".
         Dependency "UnityEngine.InputModule, Version=0.0.0.0, Culture=neutral, PublicKeyToken=null".
             Resolved file path is "C:\Program Files (x86)\Steam\steamapps\common\7 Days To Die_V1.3\7DaysToDie_Data\Managed\UnityEngine.InputModule.dll".
             Reference found at search path location "C:\Program Files (x86)\Steam\steamapps\common\7 Days To Die_V1.3\7DaysToDie_Data\Managed".
                 For SearchPath "C:\Program Files (x86)\Steam\steamapps\common\7 Days To Die_V1.3\7DaysToDie_Data\Managed" (added by referencing assembly "C:\Program Files (x86)\Steam\steamapps\common\7 Days To Die_V1.3\7DaysToDie_Data\Managed\UnityEngine.dll").
                 Considered "C:\Program Files (x86)\Steam\steamapps\common\7 Days To Die_V1.3\7DaysToDie_Data\Managed\UnityEngine.InputModule.winmd", but it didn't exist.
             Required by "UnityEngine".
             Required by "Assembly-CSharp".
             This reference is not "CopyLocal" because at least one source item had "Private" set to "false" and no source items had "Private" set to "true".
         Dependency "BouncyCastle_GameSparks, Version=1.8.1.0, Culture=neutral, PublicKeyToken=0e99375e54769942".
             Resolved file path is "C:\Program Files (x86)\Steam\steamapps\common\7 Days To Die_V1.3\7DaysToDie_Data\Managed\BouncyCastle_GameSparks.dll".
             Reference found at search path location "C:\Program Files (x86)\Steam\steamapps\common\7 Days To Die_V1.3\7DaysToDie_Data\Managed".
                 For SearchPath "C:\Program Files (x86)\Steam\steamapps\common\7 Days To Die_V1.3\7DaysToDie_Data\Managed" (added by referencing assembly "C:\Program Files (x86)\Steam\steamapps\common\7 Days To Die_V1.3\7DaysToDie_Data\Managed\GameSparksRT.dll").
                 Considered "C:\Program Files (x86)\Steam\steamapps\common\7 Days To Die_V1.3\7DaysToDie_Data\Managed\BouncyCastle_GameSparks.winmd", but it didn't exist.
             Required by "Assembly-CSharp".
             This reference is not "CopyLocal" because at least one source item had "Private" set to "false" and no source items had "Private" set to "true".
             The ImageRuntimeVersion for this reference is "v2.0.50727".
         Dependency "Pathfinding.Ionic.Zip.Reduced, Version=1.9.1.9000, Culture=neutral, PublicKeyToken=null".
             Resolved file path is "C:\Program Files (x86)\Steam\steamapps\common\7 Days To Die_V1.3\7DaysToDie_Data\Managed\Pathfinding.Ionic.Zip.Reduced.dll".
             Reference found at search path location "C:\Program Files (x86)\Steam\steamapps\common\7 Days To Die_V1.3\7DaysToDie_Data\Managed".
                 For SearchPath "C:\Program Files (x86)\Steam\steamapps\common\7 Days To Die_V1.3\7DaysToDie_Data\Managed" (added by referencing assembly "C:\Program Files (x86)\Steam\steamapps\common\7 Days To Die_V1.3\7DaysToDie_Data\Managed\AstarPathfindingProject.dll").
                 Considered "C:\Program Files (x86)\Steam\steamapps\common\7 Days To Die_V1.3\7DaysToDie_Data\Managed\Pathfinding.Ionic.Zip.Reduced.winmd", but it didn't exist.
             Required by "Assembly-CSharp".
             This reference is not "CopyLocal" because at least one source item had "Private" set to "false" and no source items had "Private" set to "true".
             The ImageRuntimeVersion for this reference is "v2.0.50727".
         Dependency "Pathfinding.ClipperLib, Version=1.0.0.0, Culture=neutral, PublicKeyToken=null".
             Resolved file path is "C:\Program Files (x86)\Steam\steamapps\common\7 Days To Die_V1.3\7DaysToDie_Data\Managed\Pathfinding.ClipperLib.dll".
             Reference found at search path location "C:\Program Files (x86)\Steam\steamapps\common\7 Days To Die_V1.3\7DaysToDie_Data\Managed".
                 For SearchPath "C:\Program Files (x86)\Steam\steamapps\common\7 Days To Die_V1.3\7DaysToDie_Data\Managed" (added by referencing assembly "C:\Program Files (x86)\Steam\steamapps\common\7 Days To Die_V1.3\7DaysToDie_Data\Managed\AstarPathfindingProject.dll").
                 Considered "C:\Program Files (x86)\Steam\steamapps\common\7 Days To Die_V1.3\7DaysToDie_Data\Managed\Pathfinding.ClipperLib.winmd", but it didn't exist.
             Required by "Assembly-CSharp".
             This reference is not "CopyLocal" because at least one source item had "Private" set to "false" and no source items had "Private" set to "true".
             The ImageRuntimeVersion for this reference is "v2.0.50727".
         Dependency "Pathfinding.Poly2Tri, Version=1.0.0.0, Culture=neutral, PublicKeyToken=null".
             Resolved file path is "C:\Program Files (x86)\Steam\steamapps\common\7 Days To Die_V1.3\7DaysToDie_Data\Managed\Pathfinding.Poly2Tri.dll".
             Reference found at search path location "C:\Program Files (x86)\Steam\steamapps\common\7 Days To Die_V1.3\7DaysToDie_Data\Managed".
                 For SearchPath "C:\Program Files (x86)\Steam\steamapps\common\7 Days To Die_V1.3\7DaysToDie_Data\Managed" (added by referencing assembly "C:\Program Files (x86)\Steam\steamapps\common\7 Days To Die_V1.3\7DaysToDie_Data\Managed\AstarPathfindingProject.dll").
                 Considered "C:\Program Files (x86)\Steam\steamapps\common\7 Days To Die_V1.3\7DaysToDie_Data\Managed\Pathfinding.Poly2Tri.winmd", but it didn't exist.
             Required by "Assembly-CSharp".
             This reference is not "CopyLocal" because at least one source item had "Private" set to "false" and no source items had "Private" set to "true".
             The ImageRuntimeVersion for this reference is "v2.0.50727".
         Dependency "Unity.Collections.LowLevel.ILSupport, Version=0.0.0.0, Culture=neutral, PublicKeyToken=null".
             Resolved file path is "C:\Program Files (x86)\Steam\steamapps\common\7 Days To Die_V1.3\7DaysToDie_Data\Managed\Unity.Collections.LowLevel.ILSupport.dll".
             Reference found at search path location "C:\Program Files (x86)\Steam\steamapps\common\7 Days To Die_V1.3\7DaysToDie_Data\Managed".
                 For SearchPath "C:\Program Files (x86)\Steam\steamapps\common\7 Days To Die_V1.3\7DaysToDie_Data\Managed" (added by referencing assembly "C:\Program Files (x86)\Steam\steamapps\common\7 Days To Die_V1.3\7DaysToDie_Data\Managed\Unity.Collections.dll").
                 Considered "C:\Program Files (x86)\Steam\steamapps\common\7 Days To Die_V1.3\7DaysToDie_Data\Managed\Unity.Collections.LowLevel.ILSupport.winmd", but it didn't exist.
             Required by "Assembly-CSharp".
             This reference is not "CopyLocal" because at least one source item had "Private" set to "false" and no source items had "Private" set to "true".
         Dependency "Unity.Burst.Unsafe, Version=4.0.5.0, Culture=neutral, PublicKeyToken=null".
             Resolved file path is "C:\Program Files (x86)\Steam\steamapps\common\7 Days To Die_V1.3\7DaysToDie_Data\Managed\Unity.Burst.Unsafe.dll".
             Reference found at search path location "C:\Program Files (x86)\Steam\steamapps\common\7 Days To Die_V1.3\7DaysToDie_Data\Managed".
                 For SearchPath "C:\Program Files (x86)\Steam\steamapps\common\7 Days To Die_V1.3\7DaysToDie_Data\Managed" (added by referencing assembly "C:\Program Files (x86)\Steam\steamapps\common\7 Days To Die_V1.3\7DaysToDie_Data\Managed\Unity.Burst.dll").
                 Considered "C:\Program Files (x86)\Steam\steamapps\common\7 Days To Die_V1.3\7DaysToDie_Data\Managed\Unity.Burst.Unsafe.winmd", but it didn't exist.
             Required by "Assembly-CSharp".
             This reference is not "CopyLocal" because at least one source item had "Private" set to "false" and no source items had "Private" set to "true".
         Dependency "Antlr3.Runtime, Version=3.5.0.2, Culture=neutral, PublicKeyToken=eb42632606e9261f".
             Resolved file path is "C:\Program Files (x86)\Steam\steamapps\common\7 Days To Die_V1.3\7DaysToDie_Data\Managed\Antlr3.Runtime.dll".
             Reference found at search path location "C:\Program Files (x86)\Steam\steamapps\common\7 Days To Die_V1.3\7DaysToDie_Data\Managed".
                 For SearchPath "C:\Program Files (x86)\Steam\steamapps\common\7 Days To Die_V1.3\7DaysToDie_Data\Managed" (added by referencing assembly "C:\Program Files (x86)\Steam\steamapps\common\7 Days To Die_V1.3\7DaysToDie_Data\Managed\NCalc.dll").
                 Considered "C:\Program Files (x86)\Steam\steamapps\common\7 Days To Die_V1.3\7DaysToDie_Data\Managed\Antlr3.Runtime.winmd", but it didn't exist.
             Required by "Assembly-CSharp".
             This reference is not "CopyLocal" because at least one source item had "Private" set to "false" and no source items had "Private" set to "true".
             The ImageRuntimeVersion for this reference is "v2.0.50727".
         Dependency "System.Runtime.CompilerServices.Unsafe, Version=6.0.0.0, Culture=neutral, PublicKeyToken=b03f5f7f11d50a3a".
             Resolved file path is "C:\Program Files (x86)\Steam\steamapps\common\7 Days To Die_V1.3\7DaysToDie_Data\Managed\System.Runtime.CompilerServices.Unsafe.dll".
             Reference found at search path location "C:\Program Files (x86)\Steam\steamapps\common\7 Days To Die_V1.3\7DaysToDie_Data\Managed".
                 For SearchPath "C:\Program Files (x86)\Steam\steamapps\common\7 Days To Die_V1.3\7DaysToDie_Data\Managed" (added by referencing assembly "C:\Program Files (x86)\Steam\steamapps\common\7 Days To Die_V1.3\7DaysToDie_Data\Managed\MemoryPack.dll").
                 Considered "C:\Program Files (x86)\Steam\steamapps\common\7 Days To Die_V1.3\7DaysToDie_Data\Managed\System.Runtime.CompilerServices.Unsafe.winmd", but it didn't exist.
             Required by "Assembly-CSharp".
             This reference is not "CopyLocal" because at least one source item had "Private" set to "false" and no source items had "Private" set to "true".
         Dependency "mscorlib, Version=0.0.0.0, Culture=neutral, PublicKeyToken=null".
             Could not resolve this reference. Could not locate the assembly "mscorlib, Version=0.0.0.0, Culture=neutral, PublicKeyToken=null". Check to make sure the assembly exists on disk. If this reference is required by your code, you may get compilation errors.
                 For SearchPath "C:\Program Files (x86)\Steam\steamapps\common\7 Days To Die_V1.3\7DaysToDie_Data\Managed" (added by referencing assembly "C:\Program Files (x86)\Steam\steamapps\common\7 Days To Die_V1.3\7DaysToDie_Data\Managed\enum2int.dll").
                 Considered "C:\Program Files (x86)\Steam\steamapps\common\7 Days To Die_V1.3\7DaysToDie_Data\Managed\mscorlib.winmd", but it didn't exist.
                 Considered "C:\Program Files (x86)\Steam\steamapps\common\7 Days To Die_V1.3\7DaysToDie_Data\Managed\mscorlib.dll",
         			but its name "mscorlib, Version=4.0.0.0, Culture=neutral, PublicKeyToken=b77a5c561934e089"
         			didn't match the expected name "mscorlib, Version=0.0.0.0, Culture=neutral, PublicKeyToken=null".
                 Considered "C:\Program Files (x86)\Steam\steamapps\common\7 Days To Die_V1.3\7DaysToDie_Data\Managed\mscorlib.exe", but it didn't exist.
                 For SearchPath "{TargetFrameworkDirectory}".
                 Considered "C:\Program Files (x86)\Reference Assemblies\Microsoft\Framework\.NETFramework\v4.8\mscorlib.winmd", but it didn't exist.
                 Considered "C:\Program Files (x86)\Reference Assemblies\Microsoft\Framework\.NETFramework\v4.8\mscorlib.dll",
         			but its name "mscorlib, Version=4.0.0.0, Culture=neutral, PublicKeyToken=b77a5c561934e089"
         			didn't match the expected name "mscorlib, Version=0.0.0.0, Culture=neutral, PublicKeyToken=null".
                 Considered "C:\Program Files (x86)\Reference Assemblies\Microsoft\Framework\.NETFramework\v4.8\mscorlib.exe", but it didn't exist.
                 Considered "C:\Program Files (x86)\Reference Assemblies\Microsoft\Framework\.NETFramework\v4.8\Facades\mscorlib.winmd", but it didn't exist.
                 Considered "C:\Program Files (x86)\Reference Assemblies\Microsoft\Framework\.NETFramework\v4.8\Facades\mscorlib.dll", but it didn't exist.
                 Considered "C:\Program Files (x86)\Reference Assemblies\Microsoft\Framework\.NETFramework\v4.8\Facades\mscorlib.exe", but it didn't exist.
             Required by "Assembly-CSharp".
         Dependency "System.Data.DataSetExtensions, Version=4.0.0.0, Culture=neutral, PublicKeyToken=b77a5c561934e089".
             Resolved file path is "C:\Program Files (x86)\Steam\steamapps\common\7 Days To Die_V1.3\7DaysToDie_Data\Managed\System.Data.DataSetExtensions.dll".
             Reference found at search path location "C:\Program Files (x86)\Steam\steamapps\common\7 Days To Die_V1.3\7DaysToDie_Data\Managed".
                 For SearchPath "C:\Program Files (x86)\Steam\steamapps\common\7 Days To Die_V1.3\7DaysToDie_Data\Managed" (added by referencing assembly "C:\Program Files (x86)\Steam\steamapps\common\7 Days To Die_V1.3\7DaysToDie_Data\Managed\netstandard.dll").
                 Considered "C:\Program Files (x86)\Steam\steamapps\common\7 Days To Die_V1.3\7DaysToDie_Data\Managed\System.Data.DataSetExtensions.winmd", but it didn't exist.
             Required by "Assembly-CSharp".
             Required by "UnityEngine".
             Required by "UnityEngine.CoreModule".
             Required by "Assembly-CSharp-firstpass".
             Required by "InControl".
             Required by "LogLibrary".
             Required by "UnityEngine.PhysicsModule".
             This reference is not "CopyLocal" because at least one source item had "Private" set to "false" and no source items had "Private" set to "true".
         Dependency "System.ComponentModel.Composition, Version=4.0.0.0, Culture=neutral, PublicKeyToken=b77a5c561934e089".
             Resolved file path is "C:\Program Files (x86)\Steam\steamapps\common\7 Days To Die_V1.3\7DaysToDie_Data\Managed\System.ComponentModel.Composition.dll".
             Reference found at search path location "C:\Program Files (x86)\Steam\steamapps\common\7 Days To Die_V1.3\7DaysToDie_Data\Managed".
                 For SearchPath "C:\Program Files (x86)\Steam\steamapps\common\7 Days To Die_V1.3\7DaysToDie_Data\Managed" (added by referencing assembly "C:\Program Files (x86)\Steam\steamapps\common\7 Days To Die_V1.3\7DaysToDie_Data\Managed\netstandard.dll").
                 Considered "C:\Program Files (x86)\Steam\steamapps\common\7 Days To Die_V1.3\7DaysToDie_Data\Managed\System.ComponentModel.Composition.winmd", but it didn't exist.
             Required by "Assembly-CSharp".
             Required by "UnityEngine".
             Required by "UnityEngine.CoreModule".
             Required by "Assembly-CSharp-firstpass".
             Required by "InControl".
             Required by "LogLibrary".
             Required by "UnityEngine.PhysicsModule".
             This reference is not "CopyLocal" because at least one source item had "Private" set to "false" and no source items had "Private" set to "true".
         Unified Dependency "System.Net.Http, Version=4.2.0.0, Culture=neutral, PublicKeyToken=b03f5f7f11d50a3a".
             Using this version instead of original version "4.0.0.0" in "C:\Program Files (x86)\Steam\steamapps\common\7 Days To Die_V1.3\7DaysToDie_Data\Managed\netstandard.dll" because there is a more recent version of this framework file.
             Resolved file path is "C:\Program Files (x86)\Reference Assemblies\Microsoft\Framework\.NETFramework\v4.8\System.Net.Http.dll".
             Reference found at search path location "{TargetFrameworkDirectory}".
                 For SearchPath "C:\Program Files (x86)\Steam\steamapps\common\7 Days To Die_V1.3\7DaysToDie_Data\Managed" (added by referencing assembly "C:\Program Files (x86)\Steam\steamapps\common\7 Days To Die_V1.3\7DaysToDie_Data\Managed\netstandard.dll").
                 Considered "C:\Program Files (x86)\Steam\steamapps\common\7 Days To Die_V1.3\7DaysToDie_Data\Managed\System.Net.Http.winmd", but it didn't exist.
                 Considered "C:\Program Files (x86)\Steam\steamapps\common\7 Days To Die_V1.3\7DaysToDie_Data\Managed\System.Net.Http.dll",
         			but its name "System.Net.Http, Version=4.0.0.0, Culture=neutral, PublicKeyToken=b03f5f7f11d50a3a"
         			didn't match the expected name "System.Net.Http, Version=4.2.0.0, Culture=neutral, PublicKeyToken=b03f5f7f11d50a3a".
                 Considered "C:\Program Files (x86)\Steam\steamapps\common\7 Days To Die_V1.3\7DaysToDie_Data\Managed\System.Net.Http.exe", but it didn't exist.
                 For SearchPath "{TargetFrameworkDirectory}".
                 Considered "C:\Program Files (x86)\Reference Assemblies\Microsoft\Framework\.NETFramework\v4.8\System.Net.Http.winmd", but it didn't exist.
             Required by "Assembly-CSharp".
             Required by "UnityEngine".
             Required by "UnityEngine.CoreModule".
             Required by "Assembly-CSharp-firstpass".
             Required by "InControl".
             Required by "LogLibrary".
             Required by "UnityEngine.PhysicsModule".
             This reference is not "CopyLocal" because at least one source item had "Private" set to "false" and no source items had "Private" set to "true".
         Dependency "System.Transactions, Version=4.0.0.0, Culture=neutral, PublicKeyToken=b77a5c561934e089".
             Resolved file path is "C:\Program Files (x86)\Steam\steamapps\common\7 Days To Die_V1.3\7DaysToDie_Data\Managed\System.Transactions.dll".
             Reference found at search path location "C:\Program Files (x86)\Steam\steamapps\common\7 Days To Die_V1.3\7DaysToDie_Data\Managed".
                 For SearchPath "C:\Program Files (x86)\Steam\steamapps\common\7 Days To Die_V1.3\7DaysToDie_Data\Managed" (added by referencing assembly "C:\Program Files (x86)\Steam\steamapps\common\7 Days To Die_V1.3\7DaysToDie_Data\Managed\netstandard.dll").
                 Considered "C:\Program Files (x86)\Steam\steamapps\common\7 Days To Die_V1.3\7DaysToDie_Data\Managed\System.Transactions.winmd", but it didn't exist.
             Required by "Assembly-CSharp".
             Required by "UnityEngine".
             Required by "UnityEngine.CoreModule".
             Required by "Assembly-CSharp-firstpass".
             Required by "InControl".
             Required by "LogLibrary".
             Required by "UnityEngine.PhysicsModule".
             This reference is not "CopyLocal" because at least one source item had "Private" set to "false" and no source items had "Private" set to "true".
         Dependency "MonoMod.ILHelpers, Version=1.1.0.0, Culture=neutral, PublicKeyToken=null".
             Resolved file path is "C:\Program Files (x86)\Steam\steamapps\common\7 Days To Die_V1.3\Mods\0_TFP_Harmony\MonoMod.ILHelpers.dll".
             Reference found at search path location "C:\Program Files (x86)\Steam\steamapps\common\7 Days To Die_V1.3\Mods\0_TFP_Harmony".
                 For SearchPath "C:\Program Files (x86)\Steam\steamapps\common\7 Days To Die_V1.3\Mods\0_TFP_Harmony" (added by referencing assembly "C:\Program Files (x86)\Steam\steamapps\common\7 Days To Die_V1.3\Mods\0_TFP_Harmony\MonoMod.Backports.dll").
                 Considered "C:\Program Files (x86)\Steam\steamapps\common\7 Days To Die_V1.3\Mods\0_TFP_Harmony\MonoMod.ILHelpers.winmd", but it didn't exist.
             Required by "0Harmony".
             This reference is not "CopyLocal" because at least one source item had "Private" set to "false" and no source items had "Private" set to "true".
         Dependency "MonoMod.Iced, Version=1.17.0.0, Culture=neutral, PublicKeyToken=null".
             Resolved file path is "C:\Program Files (x86)\Steam\steamapps\common\7 Days To Die_V1.3\Mods\0_TFP_Harmony\MonoMod.Iced.dll".
             Reference found at search path location "C:\Program Files (x86)\Steam\steamapps\common\7 Days To Die_V1.3\Mods\0_TFP_Harmony".
                 For SearchPath "C:\Program Files (x86)\Steam\steamapps\common\7 Days To Die_V1.3\Mods\0_TFP_Harmony" (added by referencing assembly "C:\Program Files (x86)\Steam\steamapps\common\7 Days To Die_V1.3\Mods\0_TFP_Harmony\MonoMod.Core.dll").
                 Considered "C:\Program Files (x86)\Steam\steamapps\common\7 Days To Die_V1.3\Mods\0_TFP_Harmony\MonoMod.Iced.winmd", but it didn't exist.
             Required by "0Harmony".
             This reference is not "CopyLocal" because at least one source item had "Private" set to "false" and no source items had "Private" set to "true".
         Unified Dependency "System.Runtime, Version=6.0.0.0, Culture=neutral, PublicKeyToken=b03f5f7f11d50a3a".
             Using this version instead of original version "4.0.0.0" in "C:\Program Files (x86)\Steam\steamapps\common\7 Days To Die_V1.3\7DaysToDie_Data\Managed\Unity.Burst.Unsafe.dll" because AutoUnify is 'true'.
             Could not resolve this reference. Could not locate the assembly "System.Runtime, Version=6.0.0.0, Culture=neutral, PublicKeyToken=b03f5f7f11d50a3a". Check to make sure the assembly exists on disk. If this reference is required by your code, you may get compilation errors.
                 For SearchPath "C:\Program Files (x86)\Steam\steamapps\common\7 Days To Die_V1.3\7DaysToDie_Data\Managed" (added by referencing assembly "C:\Program Files (x86)\Steam\steamapps\common\7 Days To Die_V1.3\7DaysToDie_Data\Managed\Unity.Burst.Unsafe.dll").
                 Considered "C:\Program Files (x86)\Steam\steamapps\common\7 Days To Die_V1.3\7DaysToDie_Data\Managed\System.Runtime.winmd", but it didn't exist.
                 Considered "C:\Program Files (x86)\Steam\steamapps\common\7 Days To Die_V1.3\7DaysToDie_Data\Managed\System.Runtime.dll",
         			but its name "System.Runtime, Version=4.1.0.0, Culture=neutral, PublicKeyToken=b03f5f7f11d50a3a"
         			didn't match the expected name "System.Runtime, Version=6.0.0.0, Culture=neutral, PublicKeyToken=b03f5f7f11d50a3a".
                 Considered "C:\Program Files (x86)\Steam\steamapps\common\7 Days To Die_V1.3\7DaysToDie_Data\Managed\System.Runtime.exe", but it didn't exist.
                 Considered "C:\Program Files (x86)\Steam\steamapps\common\7 Days To Die_V1.3\7DaysToDie_Data\Managed\System.Runtime.winmd", but it didn't exist.
                 Considered "C:\Program Files (x86)\Steam\steamapps\common\7 Days To Die_V1.3\7DaysToDie_Data\Managed\System.Runtime.dll",
         			but its name "System.Runtime, Version=4.1.0.0, Culture=neutral, PublicKeyToken=b03f5f7f11d50a3a"
         			didn't match the expected name "System.Runtime, Version=6.0.0.0, Culture=neutral, PublicKeyToken=b03f5f7f11d50a3a".
                 Considered "C:\Program Files (x86)\Steam\steamapps\common\7 Days To Die_V1.3\7DaysToDie_Data\Managed\System.Runtime.exe", but it didn't exist.
                 For SearchPath "{TargetFrameworkDirectory}".
                 Considered "C:\Program Files (x86)\Reference Assemblies\Microsoft\Framework\.NETFramework\v4.8\System.Runtime.winmd", but it didn't exist.
                 Considered "C:\Program Files (x86)\Reference Assemblies\Microsoft\Framework\.NETFramework\v4.8\System.Runtime.dll", but it didn't exist.
                 Considered "C:\Program Files (x86)\Reference Assemblies\Microsoft\Framework\.NETFramework\v4.8\System.Runtime.exe", but it didn't exist.
                 Considered "C:\Program Files (x86)\Reference Assemblies\Microsoft\Framework\.NETFramework\v4.8\Facades\System.Runtime.winmd", but it didn't exist.
                 Considered "C:\Program Files (x86)\Reference Assemblies\Microsoft\Framework\.NETFramework\v4.8\Facades\System.Runtime.dll",
         			but its name "System.Runtime, Version=4.1.2.0, Culture=neutral, PublicKeyToken=b03f5f7f11d50a3a"
         			didn't match the expected name "System.Runtime, Version=6.0.0.0, Culture=neutral, PublicKeyToken=b03f5f7f11d50a3a".
                 Considered "C:\Program Files (x86)\Reference Assemblies\Microsoft\Framework\.NETFramework\v4.8\Facades\System.Runtime.exe", but it didn't exist.
             Required by "Assembly-CSharp".
         Dependency "MonoMod.Backports, Version=0.0.0.0, Culture=neutral, PublicKeyToken=null".
             Could not resolve this reference. Could not locate the assembly "MonoMod.Backports, Version=0.0.0.0, Culture=neutral, PublicKeyToken=null". Check to make sure the assembly exists on disk. If this reference is required by your code, you may get compilation errors.
                 For SearchPath "C:\Program Files (x86)\Steam\steamapps\common\7 Days To Die_V1.3\Mods\0_TFP_Harmony" (added by referencing assembly "C:\Program Files (x86)\Steam\steamapps\common\7 Days To Die_V1.3\Mods\0_TFP_Harmony\MonoMod.ILHelpers.dll").
                 Considered "C:\Program Files (x86)\Steam\steamapps\common\7 Days To Die_V1.3\Mods\0_TFP_Harmony\MonoMod.Backports.winmd", but it didn't exist.
                 Considered "C:\Program Files (x86)\Steam\steamapps\common\7 Days To Die_V1.3\Mods\0_TFP_Harmony\MonoMod.Backports.dll",
         			but its name "MonoMod.Backports, Version=1.1.2.0, Culture=neutral, PublicKeyToken=null"
         			didn't match the expected name "MonoMod.Backports, Version=0.0.0.0, Culture=neutral, PublicKeyToken=null".
                 Considered "C:\Program Files (x86)\Steam\steamapps\common\7 Days To Die_V1.3\Mods\0_TFP_Harmony\MonoMod.Backports.exe", but it didn't exist.
                 For SearchPath "{TargetFrameworkDirectory}".
                 Considered "C:\Program Files (x86)\Reference Assemblies\Microsoft\Framework\.NETFramework\v4.8\MonoMod.Backports.winmd", but it didn't exist.
                 Considered "C:\Program Files (x86)\Reference Assemblies\Microsoft\Framework\.NETFramework\v4.8\MonoMod.Backports.dll", but it didn't exist.
                 Considered "C:\Program Files (x86)\Reference Assemblies\Microsoft\Framework\.NETFramework\v4.8\MonoMod.Backports.exe", but it didn't exist.
                 Considered "C:\Program Files (x86)\Reference Assemblies\Microsoft\Framework\.NETFramework\v4.8\Facades\MonoMod.Backports.winmd", but it didn't exist.
                 Considered "C:\Program Files (x86)\Reference Assemblies\Microsoft\Framework\.NETFramework\v4.8\Facades\MonoMod.Backports.dll", but it didn't exist.
                 Considered "C:\Program Files (x86)\Reference Assemblies\Microsoft\Framework\.NETFramework\v4.8\Facades\MonoMod.Backports.exe", but it didn't exist.
             Required by "0Harmony".
         There was a conflict between "mscorlib, Version=4.0.0.0, Culture=neutral, PublicKeyToken=b77a5c561934e089" and "mscorlib, Version=0.0.0.0, Culture=neutral, PublicKeyToken=null".
             "mscorlib, Version=4.0.0.0, Culture=neutral, PublicKeyToken=b77a5c561934e089" was chosen because it was primary and "mscorlib, Version=0.0.0.0, Culture=neutral, PublicKeyToken=null" was not.
             References which depend on "mscorlib, Version=4.0.0.0, Culture=neutral, PublicKeyToken=b77a5c561934e089" [C:\Program Files (x86)\Reference Assemblies\Microsoft\Framework\.NETFramework\v4.8\mscorlib.dll].
                 C:\Program Files (x86)\Reference Assemblies\Microsoft\Framework\.NETFramework\v4.8\mscorlib.dll
                   Project file item includes which caused reference "C:\Program Files (x86)\Reference Assemblies\Microsoft\Framework\.NETFramework\v4.8\mscorlib.dll".
                     C:\Program Files (x86)\Reference Assemblies\Microsoft\Framework\.NETFramework\v4.8\mscorlib.dll
                     Assembly-CSharp
                     Assembly-CSharp-firstpass
                     0Harmony
                     InControl
                     LogLibrary
                     UnityEngine
                     UnityEngine.CoreModule
                     UnityEngine.PhysicsModule
                 C:\Program Files (x86)\Steam\steamapps\common\7 Days To Die_V1.3\7DaysToDie_Data\Managed\Assembly-CSharp.dll
                   Project file item includes which caused reference "C:\Program Files (x86)\Steam\steamapps\common\7 Days To Die_V1.3\7DaysToDie_Data\Managed\Assembly-CSharp.dll".
                     Assembly-CSharp
                 C:\Program Files (x86)\Steam\steamapps\common\7 Days To Die_V1.3\7DaysToDie_Data\Managed\Assembly-CSharp-firstpass.dll
                   Project file item includes which caused reference "C:\Program Files (x86)\Steam\steamapps\common\7 Days To Die_V1.3\7DaysToDie_Data\Managed\Assembly-CSharp-firstpass.dll".
                     Assembly-CSharp-firstpass
                     Assembly-CSharp
                 C:\Program Files (x86)\Steam\steamapps\common\7 Days To Die_V1.3\Mods\0_TFP_Harmony\0Harmony.dll
                   Project file item includes which caused reference "C:\Program Files (x86)\Steam\steamapps\common\7 Days To Die_V1.3\Mods\0_TFP_Harmony\0Harmony.dll".
                     0Harmony
                 C:\Program Files (x86)\Steam\steamapps\common\7 Days To Die_V1.3\7DaysToDie_Data\Managed\InControl.dll
                   Project file item includes which caused reference "C:\Program Files (x86)\Steam\steamapps\common\7 Days To Die_V1.3\7DaysToDie_Data\Managed\InControl.dll".
                     InControl
                     Assembly-CSharp
                 C:\Program Files (x86)\Steam\steamapps\common\7 Days To Die_V1.3\7DaysToDie_Data\Managed\LogLibrary.dll
                   Project file item includes which caused reference "C:\Program Files (x86)\Steam\steamapps\common\7 Days To Die_V1.3\7DaysToDie_Data\Managed\LogLibrary.dll".
                     LogLibrary
                     Assembly-CSharp
                     Assembly-CSharp-firstpass
                 C:\Program Files (x86)\Steam\steamapps\common\7 Days To Die_V1.3\7DaysToDie_Data\Managed\GameSparksRT.dll
                   Project file item includes which caused reference "C:\Program Files (x86)\Steam\steamapps\common\7 Days To Die_V1.3\7DaysToDie_Data\Managed\GameSparksRT.dll".
                     Assembly-CSharp
                 C:\Program Files (x86)\Steam\steamapps\common\7 Days To Die_V1.3\7DaysToDie_Data\Managed\GameSparks.Api.dll
                   Project file item includes which caused reference "C:\Program Files (x86)\Steam\steamapps\common\7 Days To Die_V1.3\7DaysToDie_Data\Managed\GameSparks.Api.dll".
                     Assembly-CSharp
                 C:\Program Files (x86)\Steam\steamapps\common\7 Days To Die_V1.3\7DaysToDie_Data\Managed\NGUI.dll
                   Project file item includes which caused reference "C:\Program Files (x86)\Steam\steamapps\common\7 Days To Die_V1.3\7DaysToDie_Data\Managed\NGUI.dll".
                     Assembly-CSharp
                 C:\Program Files (x86)\Steam\steamapps\common\7 Days To Die_V1.3\7DaysToDie_Data\Managed\Unity.Postprocessing.Runtime.dll
                   Project file item includes which caused reference "C:\Program Files (x86)\Steam\steamapps\common\7 Days To Die_V1.3\7DaysToDie_Data\Managed\Unity.Postprocessing.Runtime.dll".
                     Assembly-CSharp
                 C:\Program Files (x86)\Steam\steamapps\common\7 Days To Die_V1.3\7DaysToDie_Data\Managed\UnityEngine.UI.dll
                   Project file item includes which caused reference "C:\Program Files (x86)\Steam\steamapps\common\7 Days To Die_V1.3\7DaysToDie_Data\Managed\UnityEngine.UI.dll".
                     Assembly-CSharp
                     InControl
                 C:\Program Files (x86)\Steam\steamapps\common\7 Days To Die_V1.3\7DaysToDie_Data\Managed\Unity.Animation.Rigging.dll
                   Project file item includes which caused reference "C:\Program Files (x86)\Steam\steamapps\common\7 Days To Die_V1.3\7DaysToDie_Data\Managed\Unity.Animation.Rigging.dll".
                     Assembly-CSharp
                 C:\Program Files (x86)\Steam\steamapps\common\7 Days To Die_V1.3\7DaysToDie_Data\Managed\HBAO.Runtime.dll
                   Project file item includes which caused reference "C:\Program Files (x86)\Steam\steamapps\common\7 Days To Die_V1.3\7DaysToDie_Data\Managed\HBAO.Runtime.dll".
                     Assembly-CSharp
                 C:\Program Files (x86)\Steam\steamapps\common\7 Days To Die_V1.3\7DaysToDie_Data\Managed\Noemax.GZip.dll
                   Project file item includes which caused reference "C:\Program Files (x86)\Steam\steamapps\common\7 Days To Die_V1.3\7DaysToDie_Data\Managed\Noemax.GZip.dll".
                     Assembly-CSharp
                 C:\Program Files (x86)\Steam\steamapps\common\7 Days To Die_V1.3\7DaysToDie_Data\Managed\AstarPathfindingProject.dll
                   Project file item includes which caused reference "C:\Program Files (x86)\Steam\steamapps\common\7 Days To Die_V1.3\7DaysToDie_Data\Managed\AstarPathfindingProject.dll".
                     Assembly-CSharp
                 C:\Program Files (x86)\Steam\steamapps\common\7 Days To Die_V1.3\7DaysToDie_Data\Managed\Unity.Addressables.dll
                   Project file item includes which caused reference "C:\Program Files (x86)\Steam\steamapps\common\7 Days To Die_V1.3\7DaysToDie_Data\Managed\Unity.Addressables.dll".
                     Assembly-CSharp
                 C:\Program Files (x86)\Steam\steamapps\common\7 Days To Die_V1.3\7DaysToDie_Data\Managed\Unity.Profiling.Core.dll
                   Project file item includes which caused reference "C:\Program Files (x86)\Steam\steamapps\common\7 Days To Die_V1.3\7DaysToDie_Data\Managed\Unity.Profiling.Core.dll".
                     Assembly-CSharp
                 C:\Program Files (x86)\Steam\steamapps\common\7 Days To Die_V1.3\7DaysToDie_Data\Managed\libnoise.dll
                   Project file item includes which caused reference "C:\Program Files (x86)\Steam\steamapps\common\7 Days To Die_V1.3\7DaysToDie_Data\Managed\libnoise.dll".
                     Assembly-CSharp
                 C:\Program Files (x86)\Steam\steamapps\common\7 Days To Die_V1.3\7DaysToDie_Data\Managed\Unity.Collections.dll
                   Project file item includes which caused reference "C:\Program Files (x86)\Steam\steamapps\common\7 Days To Die_V1.3\7DaysToDie_Data\Managed\Unity.Collections.dll".
                     Assembly-CSharp
                 C:\Program Files (x86)\Steam\steamapps\common\7 Days To Die_V1.3\7DaysToDie_Data\Managed\Unity.Mathematics.dll
                   Project file item includes which caused reference "C:\Program Files (x86)\Steam\steamapps\common\7 Days To Die_V1.3\7DaysToDie_Data\Managed\Unity.Mathematics.dll".
                     Assembly-CSharp
                 C:\Program Files (x86)\Steam\steamapps\common\7 Days To Die_V1.3\7DaysToDie_Data\Managed\Unity.Burst.dll
                   Project file item includes which caused reference "C:\Program Files (x86)\Steam\steamapps\common\7 Days To Die_V1.3\7DaysToDie_Data\Managed\Unity.Burst.dll".
                     Assembly-CSharp
                 C:\Program Files (x86)\Steam\steamapps\common\7 Days To Die_V1.3\7DaysToDie_Data\Managed\Backtrace.Unity.dll
                   Project file item includes which caused reference "C:\Program Files (x86)\Steam\steamapps\common\7 Days To Die_V1.3\7DaysToDie_Data\Managed\Backtrace.Unity.dll".
                     Assembly-CSharp
                 C:\Program Files (x86)\Steam\steamapps\common\7 Days To Die_V1.3\7DaysToDie_Data\Managed\NCalc.dll
                   Project file item includes which caused reference "C:\Program Files (x86)\Steam\steamapps\common\7 Days To Die_V1.3\7DaysToDie_Data\Managed\NCalc.dll".
                     Assembly-CSharp
                 C:\Program Files (x86)\Steam\steamapps\common\7 Days To Die_V1.3\7DaysToDie_Data\Managed\EOS.dll
                   Project file item includes which caused reference "C:\Program Files (x86)\Steam\steamapps\common\7 Days To Die_V1.3\7DaysToDie_Data\Managed\EOS.dll".
                     Assembly-CSharp
                 C:\Program Files (x86)\Steam\steamapps\common\7 Days To Die_V1.3\7DaysToDie_Data\Managed\Unity.TextMeshPro.dll
                   Project file item includes which caused reference "C:\Program Files (x86)\Steam\steamapps\common\7 Days To Die_V1.3\7DaysToDie_Data\Managed\Unity.TextMeshPro.dll".
                     Assembly-CSharp
                 C:\Program Files (x86)\Steam\steamapps\common\7 Days To Die_V1.3\7DaysToDie_Data\Managed\Unity.ResourceManager.dll
                   Project file item includes which caused reference "C:\Program Files (x86)\Steam\steamapps\common\7 Days To Die_V1.3\7DaysToDie_Data\Managed\Unity.ResourceManager.dll".
                     Assembly-CSharp
                 C:\Program Files (x86)\Steam\steamapps\common\7 Days To Die_V1.3\7DaysToDie_Data\Managed\FidelityFX.FSR.dll
                   Project file item includes which caused reference "C:\Program Files (x86)\Steam\steamapps\common\7 Days To Die_V1.3\7DaysToDie_Data\Managed\FidelityFX.FSR.dll".
                     Assembly-CSharp
                 C:\Program Files (x86)\Steam\steamapps\common\7 Days To Die_V1.3\7DaysToDie_Data\Managed\ScreenSpaceReflections.dll
                   Project file item includes which caused reference "C:\Program Files (x86)\Steam\steamapps\common\7 Days To Die_V1.3\7DaysToDie_Data\Managed\ScreenSpaceReflections.dll".
                     Assembly-CSharp
                 C:\Program Files (x86)\Steam\steamapps\common\7 Days To Die_V1.3\7DaysToDie_Data\Managed\MemoryPack.dll
                   Project file item includes which caused reference "C:\Program Files (x86)\Steam\steamapps\common\7 Days To Die_V1.3\7DaysToDie_Data\Managed\MemoryPack.dll".
                     Assembly-CSharp
                 C:\Program Files (x86)\Steam\steamapps\common\7 Days To Die_V1.3\7DaysToDie_Data\Managed\zxing.unity.dll
                   Project file item includes which caused reference "C:\Program Files (x86)\Steam\steamapps\common\7 Days To Die_V1.3\7DaysToDie_Data\Managed\zxing.unity.dll".
                     Assembly-CSharp
                 C:\Program Files (x86)\Steam\steamapps\common\7 Days To Die_V1.3\7DaysToDie_Data\Managed\Unity.Microsoft.GDK.dll
                   Project file item includes which caused reference "C:\Program Files (x86)\Steam\steamapps\common\7 Days To Die_V1.3\7DaysToDie_Data\Managed\Unity.Microsoft.GDK.dll".
                     Assembly-CSharp
                 C:\Program Files (x86)\Steam\steamapps\common\7 Days To Die_V1.3\7DaysToDie_Data\Managed\com.rlabrecque.steamworks.net.dll
                   Project file item includes which caused reference "C:\Program Files (x86)\Steam\steamapps\common\7 Days To Die_V1.3\7DaysToDie_Data\Managed\com.rlabrecque.steamworks.net.dll".
                     Assembly-CSharp
                 C:\Program Files (x86)\Steam\steamapps\common\7 Days To Die_V1.3\7DaysToDie_Data\Managed\GameSparks.dll
                   Project file item includes which caused reference "C:\Program Files (x86)\Steam\steamapps\common\7 Days To Die_V1.3\7DaysToDie_Data\Managed\GameSparks.dll".
                     Assembly-CSharp
                 C:\Program Files (x86)\Steam\steamapps\common\7 Days To Die_V1.3\7DaysToDie_Data\Managed\netstandard.dll
                   Project file item includes which caused reference "C:\Program Files (x86)\Steam\steamapps\common\7 Days To Die_V1.3\7DaysToDie_Data\Managed\netstandard.dll".
                     Assembly-CSharp
                     UnityEngine
                     UnityEngine.CoreModule
                     Assembly-CSharp-firstpass
                     InControl
                     LogLibrary
                     UnityEngine.PhysicsModule
                 C:\Program Files (x86)\Steam\steamapps\common\7 Days To Die_V1.3\Mods\0_TFP_Harmony\Mono.Cecil.dll
                   Project file item includes which caused reference "C:\Program Files (x86)\Steam\steamapps\common\7 Days To Die_V1.3\Mods\0_TFP_Harmony\Mono.Cecil.dll".
                     0Harmony
                 C:\Program Files (x86)\Steam\steamapps\common\7 Days To Die_V1.3\Mods\0_TFP_Harmony\MonoMod.Backports.dll
                   Project file item includes which caused reference "C:\Program Files (x86)\Steam\steamapps\common\7 Days To Die_V1.3\Mods\0_TFP_Harmony\MonoMod.Backports.dll".
                     0Harmony
                 C:\Program Files (x86)\Steam\steamapps\common\7 Days To Die_V1.3\Mods\0_TFP_Harmony\MonoMod.Utils.dll
                   Project file item includes which caused reference "C:\Program Files (x86)\Steam\steamapps\common\7 Days To Die_V1.3\Mods\0_TFP_Harmony\MonoMod.Utils.dll".
                     0Harmony
                 C:\Program Files (x86)\Steam\steamapps\common\7 Days To Die_V1.3\Mods\0_TFP_Harmony\MonoMod.RuntimeDetour.dll
                   Project file item includes which caused reference "C:\Program Files (x86)\Steam\steamapps\common\7 Days To Die_V1.3\Mods\0_TFP_Harmony\MonoMod.RuntimeDetour.dll".
                     0Harmony
                 C:\Program Files (x86)\Steam\steamapps\common\7 Days To Die_V1.3\Mods\0_TFP_Harmony\System.ValueTuple.dll
                   Project file item includes which caused reference "C:\Program Files (x86)\Steam\steamapps\common\7 Days To Die_V1.3\Mods\0_TFP_Harmony\System.ValueTuple.dll".
                     0Harmony
                 C:\Program Files (x86)\Steam\steamapps\common\7 Days To Die_V1.3\Mods\0_TFP_Harmony\MonoMod.Core.dll
                   Project file item includes which caused reference "C:\Program Files (x86)\Steam\steamapps\common\7 Days To Die_V1.3\Mods\0_TFP_Harmony\MonoMod.Core.dll".
                     0Harmony
                 C:\Program Files (x86)\Steam\steamapps\common\7 Days To Die_V1.3\Mods\0_TFP_Harmony\Mono.Cecil.Mdb.dll
                   Project file item includes which caused reference "C:\Program Files (x86)\Steam\steamapps\common\7 Days To Die_V1.3\Mods\0_TFP_Harmony\Mono.Cecil.Mdb.dll".
                     0Harmony
                 C:\Program Files (x86)\Steam\steamapps\common\7 Days To Die_V1.3\Mods\0_TFP_Harmony\Mono.Cecil.Pdb.dll
                   Project file item includes which caused reference "C:\Program Files (x86)\Steam\steamapps\common\7 Days To Die_V1.3\Mods\0_TFP_Harmony\Mono.Cecil.Pdb.dll".
                     0Harmony
                 C:\Program Files (x86)\Steam\steamapps\common\7 Days To Die_V1.3\Mods\0_TFP_Harmony\Mono.Cecil.Rocks.dll
                   Project file item includes which caused reference "C:\Program Files (x86)\Steam\steamapps\common\7 Days To Die_V1.3\Mods\0_TFP_Harmony\Mono.Cecil.Rocks.dll".
                     0Harmony
                 C:\Program Files (x86)\Steam\steamapps\common\7 Days To Die_V1.3\7DaysToDie_Data\Managed\BouncyCastle_GameSparks.dll
                   Project file item includes which caused reference "C:\Program Files (x86)\Steam\steamapps\common\7 Days To Die_V1.3\7DaysToDie_Data\Managed\BouncyCastle_GameSparks.dll".
                     Assembly-CSharp
                 C:\Program Files (x86)\Steam\steamapps\common\7 Days To Die_V1.3\7DaysToDie_Data\Managed\Pathfinding.Ionic.Zip.Reduced.dll
                   Project file item includes which caused reference "C:\Program Files (x86)\Steam\steamapps\common\7 Days To Die_V1.3\7DaysToDie_Data\Managed\Pathfinding.Ionic.Zip.Reduced.dll".
                     Assembly-CSharp
                 C:\Program Files (x86)\Steam\steamapps\common\7 Days To Die_V1.3\7DaysToDie_Data\Managed\Pathfinding.ClipperLib.dll
                   Project file item includes which caused reference "C:\Program Files (x86)\Steam\steamapps\common\7 Days To Die_V1.3\7DaysToDie_Data\Managed\Pathfinding.ClipperLib.dll".
                     Assembly-CSharp
                 C:\Program Files (x86)\Steam\steamapps\common\7 Days To Die_V1.3\7DaysToDie_Data\Managed\Pathfinding.Poly2Tri.dll
                   Project file item includes which caused reference "C:\Program Files (x86)\Steam\steamapps\common\7 Days To Die_V1.3\7DaysToDie_Data\Managed\Pathfinding.Poly2Tri.dll".
                     Assembly-CSharp
                 C:\Program Files (x86)\Steam\steamapps\common\7 Days To Die_V1.3\7DaysToDie_Data\Managed\Antlr3.Runtime.dll
                   Project file item includes which caused reference "C:\Program Files (x86)\Steam\steamapps\common\7 Days To Die_V1.3\7DaysToDie_Data\Managed\Antlr3.Runtime.dll".
                     Assembly-CSharp
                 C:\Program Files (x86)\Steam\steamapps\common\7 Days To Die_V1.3\Mods\0_TFP_Harmony\MonoMod.ILHelpers.dll
                   Project file item includes which caused reference "C:\Program Files (x86)\Steam\steamapps\common\7 Days To Die_V1.3\Mods\0_TFP_Harmony\MonoMod.ILHelpers.dll".
                     0Harmony
                 C:\Program Files (x86)\Steam\steamapps\common\7 Days To Die_V1.3\Mods\0_TFP_Harmony\MonoMod.Iced.dll
                   Project file item includes which caused reference "C:\Program Files (x86)\Steam\steamapps\common\7 Days To Die_V1.3\Mods\0_TFP_Harmony\MonoMod.Iced.dll".
                     0Harmony
             References which depend on or have been unified to "mscorlib, Version=0.0.0.0, Culture=neutral, PublicKeyToken=null" [].
                 C:\Program Files (x86)\Steam\steamapps\common\7 Days To Die_V1.3\7DaysToDie_Data\Managed\enum2int.dll
                   Project file item includes which caused reference "C:\Program Files (x86)\Steam\steamapps\common\7 Days To Die_V1.3\7DaysToDie_Data\Managed\enum2int.dll".
                     Assembly-CSharp
         There was a conflict between "MonoMod.Backports, Version=1.1.2.0, Culture=neutral, PublicKeyToken=null" and "MonoMod.Backports, Version=0.0.0.0, Culture=neutral, PublicKeyToken=null".
             "MonoMod.Backports, Version=1.1.2.0, Culture=neutral, PublicKeyToken=null" was chosen because it had a higher version.
             References which depend on "MonoMod.Backports, Version=1.1.2.0, Culture=neutral, PublicKeyToken=null" [C:\Program Files (x86)\Steam\steamapps\common\7 Days To Die_V1.3\Mods\0_TFP_Harmony\MonoMod.Backports.dll].
                 C:\Program Files (x86)\Steam\steamapps\common\7 Days To Die_V1.3\Mods\0_TFP_Harmony\0Harmony.dll
                   Project file item includes which caused reference "C:\Program Files (x86)\Steam\steamapps\common\7 Days To Die_V1.3\Mods\0_TFP_Harmony\0Harmony.dll".
                     0Harmony
                 C:\Program Files (x86)\Steam\steamapps\common\7 Days To Die_V1.3\Mods\0_TFP_Harmony\MonoMod.Utils.dll
                   Project file item includes which caused reference "C:\Program Files (x86)\Steam\steamapps\common\7 Days To Die_V1.3\Mods\0_TFP_Harmony\MonoMod.Utils.dll".
                     0Harmony
                 C:\Program Files (x86)\Steam\steamapps\common\7 Days To Die_V1.3\Mods\0_TFP_Harmony\MonoMod.RuntimeDetour.dll
                   Project file item includes which caused reference "C:\Program Files (x86)\Steam\steamapps\common\7 Days To Die_V1.3\Mods\0_TFP_Harmony\MonoMod.RuntimeDetour.dll".
                     0Harmony
                 C:\Program Files (x86)\Steam\steamapps\common\7 Days To Die_V1.3\Mods\0_TFP_Harmony\MonoMod.Core.dll
                   Project file item includes which caused reference "C:\Program Files (x86)\Steam\steamapps\common\7 Days To Die_V1.3\Mods\0_TFP_Harmony\MonoMod.Core.dll".
                     0Harmony
                 C:\Program Files (x86)\Steam\steamapps\common\7 Days To Die_V1.3\Mods\0_TFP_Harmony\MonoMod.Iced.dll
                   Project file item includes which caused reference "C:\Program Files (x86)\Steam\steamapps\common\7 Days To Die_V1.3\Mods\0_TFP_Harmony\MonoMod.Iced.dll".
                     0Harmony
             References which depend on or have been unified to "MonoMod.Backports, Version=0.0.0.0, Culture=neutral, PublicKeyToken=null" [].
                 C:\Program Files (x86)\Steam\steamapps\common\7 Days To Die_V1.3\Mods\0_TFP_Harmony\MonoMod.ILHelpers.dll
                   Project file item includes which caused reference "C:\Program Files (x86)\Steam\steamapps\common\7 Days To Die_V1.3\Mods\0_TFP_Harmony\MonoMod.ILHelpers.dll".
                     0Harmony
       Done executing task "ResolveAssemblyReference".
   1:7>Done building target "ResolveAssemblyReferences" in project "mnetSevenDaysBridge.csproj".
   1:7>Target "_ErrorOnUnresolvedWindowsSDKAssemblyConflict" in file "C:\Program Files\dotnet\sdk\9.0.304\Sdks\Microsoft.NET.Sdk\targets\Microsoft.NET.Windows.targets" from project "c:\AI\7agent2\mod\mnetSevenDaysBridge\src\mnetSevenDaysBridge.csproj" (target "ResolveReferences" depends on it):
       Task "NETSdkError" skipped, due to false condition; (@(_WindowsSDKUnresolvedRef) != '') was evaluated as ( != '').
   1:7>Done building target "_ErrorOnUnresolvedWindowsSDKAssemblyConflict" in project "mnetSevenDaysBridge.csproj".
       Target "GenerateBindingRedirects" skipped, due to false condition; ('$(AutoGenerateBindingRedirects)' == 'true' and '$(GenerateBindingRedirectsOutputType)' == 'true' and '@(SuggestedBindingRedirects)' != '' and '$(DesignTimeBuild)' != 'true' and '$(BuildingProject)' == 'true') was evaluated as ('true' == 'true' and '' == 'true' and 'netstandard, Culture=neutral, PublicKeyToken=cc7b13ffcd2ddd51;System.Runtime, Culture=neutral, PublicKeyToken=b03f5f7f11d50a3a' != '' and '' != 'true' and 'true' == 'true').
       Target "ResolveAssemblyReferences" skipped. Previously built successfully.
   1:7>Target "_RemoveZipFileSuggestedRedirect" in file "C:\Program Files\dotnet\sdk\9.0.304\Microsoft\Microsoft.NET.Build.Extensions\Microsoft.NET.Build.Extensions.NETFramework.targets" from project "c:\AI\7agent2\mod\mnetSevenDaysBridge\src\mnetSevenDaysBridge.csproj" (target "GenerateBindingRedirects" depends on it):
   1:7>Done building target "_RemoveZipFileSuggestedRedirect" in project "mnetSevenDaysBridge.csproj".
       Target "GenerateSupportedRuntime" skipped, due to false condition; ('$(GenerateSupportedRuntime)' != 'false' and '$(TargetFrameworkIdentifier)' == '.NETFramework' and '$(HasRuntimeOutput)' == 'true') was evaluated as ('' != 'false' and '.NETFramework' == '.NETFramework' and '' == 'true').
       Target "GenerateBindingRedirectsUpdateAppConfig" skipped, due to false condition; ('$(AutoGenerateBindingRedirects)' == 'true' and '$(GenerateBindingRedirectsOutputType)' == 'true') was evaluated as ('true' == 'true' and '' == 'true').
       Target "ResolveComReferences" skipped, due to false condition; ('@(COMReference)'!='' or '@(COMFileReference)'!='') was evaluated as (''!='' or ''!='').
   1:7>Target "AfterResolveReferences" in file "C:\Program Files\dotnet\sdk\9.0.304\Microsoft.Common.CurrentVersion.targets" from project "c:\AI\7agent2\mod\mnetSevenDaysBridge\src\mnetSevenDaysBridge.csproj" (target "ResolveReferences" depends on it):
   1:7>Done building target "AfterResolveReferences" in project "mnetSevenDaysBridge.csproj".
       Target "GetReferenceAssemblyPaths" skipped. Previously built successfully.
   1:7>Target "ImplicitlyExpandDesignTimeFacades" in file "C:\Program Files\dotnet\sdk\9.0.304\Microsoft.NETFramework.CurrentVersion.targets" from project "c:\AI\7agent2\mod\mnetSevenDaysBridge\src\mnetSevenDaysBridge.csproj" (target "ResolveReferences" depends on it):
   1:7>Done building target "ImplicitlyExpandDesignTimeFacades" in project "mnetSevenDaysBridge.csproj".
   1:7>Target "ResolveReferences" in file "C:\Program Files\dotnet\sdk\9.0.304\Microsoft.Common.CurrentVersion.targets" from project "c:\AI\7agent2\mod\mnetSevenDaysBridge\src\mnetSevenDaysBridge.csproj" (target "CoreBuild" depends on it):
   1:7>Done building target "ResolveReferences" in project "mnetSevenDaysBridge.csproj".
       Target "ResolvePackageDependenciesForBuild" skipped. Previously built successfully.
       Target "_HandlePackageFileConflicts" skipped. Previously built successfully.
   1:7>Target "CopyAdditionalFiles" in file "C:\Program Files\dotnet\sdk\9.0.304\Roslyn\Microsoft.Managed.Core.targets" from project "c:\AI\7agent2\mod\mnetSevenDaysBridge\src\mnetSevenDaysBridge.csproj" (target "AssignTargetPaths" depends on it):
   1:7>Done building target "CopyAdditionalFiles" in project "mnetSevenDaysBridge.csproj".
       Target "_ComputeNETCoreBuildOutputFiles" skipped, due to false condition; ('$(ComputeNETCoreBuildOutputFiles)' == 'true') was evaluated as ('' == 'true').
   1:7>Target "AssignTargetPaths" in file "C:\Program Files\dotnet\sdk\9.0.304\Microsoft.Common.CurrentVersion.targets" from project "c:\AI\7agent2\mod\mnetSevenDaysBridge\src\mnetSevenDaysBridge.csproj" (target "PrepareResourceNames" depends on it):
       Using "AssignTargetPath" task from assembly "Microsoft.Build.Tasks.Core, Version=15.1.0.0, Culture=neutral, PublicKeyToken=b03f5f7f11d50a3a".
       Task "AssignTargetPath"
       Done executing task "AssignTargetPath".
       Task "AssignTargetPath"
       Done executing task "AssignTargetPath".
       Task "AssignTargetPath"
       Done executing task "AssignTargetPath".
       Task "AssignTargetPath"
       Done executing task "AssignTargetPath".
       Task "AssignTargetPath" skipped, due to false condition; ('@(_DeploymentBaseManifestWithTargetPath)'=='' and '%(None.Extension)'=='.manifest') was evaluated as (''=='' and ''=='.manifest').
   1:7>Done building target "AssignTargetPaths" in project "mnetSevenDaysBridge.csproj".
       Target "AssignTargetPaths" skipped. Previously built successfully.
   1:7>Target "SplitResourcesByCulture" in file "C:\Program Files\dotnet\sdk\9.0.304\Microsoft.Common.CurrentVersion.targets" from project "c:\AI\7agent2\mod\mnetSevenDaysBridge\src\mnetSevenDaysBridge.csproj" (target "PrepareResourceNames" depends on it):
       Task "MSBuildInternalMessage" skipped, due to false condition; ('@(ResxWithNoCulture)'!='') was evaluated as (''!='').
       Task "MSBuildInternalMessage" skipped, due to false condition; ('@(ResxWithCulture)'!='') was evaluated as (''!='').
       Task "MSBuildInternalMessage" skipped, due to false condition; ('@(NonResxWithCulture)'!='') was evaluated as (''!='').
       Task "MSBuildInternalMessage" skipped, due to false condition; ('@(NonResxWithNoCulture)'!='') was evaluated as (''!='').
       Using "AssignCulture" task from assembly "Microsoft.Build.Tasks.Core, Version=15.1.0.0, Culture=neutral, PublicKeyToken=b03f5f7f11d50a3a".
       Task "AssignCulture"
       Done executing task "AssignCulture".
   1:7>Done building target "SplitResourcesByCulture" in project "mnetSevenDaysBridge.csproj".
       Target "CreateManifestResourceNames" skipped, due to false condition; ('@(EmbeddedResource)' != '') was evaluated as ('' != '').
   1:7>Target "CreateCustomManifestResourceNames" in file "C:\Program Files\dotnet\sdk\9.0.304\Microsoft.Common.CurrentVersion.targets" from project "c:\AI\7agent2\mod\mnetSevenDaysBridge\src\mnetSevenDaysBridge.csproj" (target "PrepareResourceNames" depends on it):
   1:7>Done building target "CreateCustomManifestResourceNames" in project "mnetSevenDaysBridge.csproj".
   1:7>Target "PrepareResourceNames" in file "C:\Program Files\dotnet\sdk\9.0.304\Microsoft.Common.CurrentVersion.targets" from project "c:\AI\7agent2\mod\mnetSevenDaysBridge\src\mnetSevenDaysBridge.csproj" (target "PrepareResources" depends on it):
   1:7>Done building target "PrepareResourceNames" in project "mnetSevenDaysBridge.csproj".
       Target "ResolveAssemblyReferences" skipped. Previously built successfully.
       Target "SplitResourcesByCulture" skipped. Previously built successfully.
   1:7>Target "BeforeResGen" in file "C:\Program Files\dotnet\sdk\9.0.304\Microsoft.Common.CurrentVersion.targets" from project "c:\AI\7agent2\mod\mnetSevenDaysBridge\src\mnetSevenDaysBridge.csproj" (target "ResGen" depends on it):
   1:7>Done building target "BeforeResGen" in project "mnetSevenDaysBridge.csproj".
       Target "ResolveReferences" skipped. Previously built successfully.
   1:7>Target "FindReferenceAssembliesForReferences" in file "C:\Program Files\dotnet\sdk\9.0.304\Microsoft.Common.CurrentVersion.targets" from project "c:\AI\7agent2\mod\mnetSevenDaysBridge\src\mnetSevenDaysBridge.csproj" (target "CoreResGen" depends on it):
   1:7>Done building target "FindReferenceAssembliesForReferences" in project "mnetSevenDaysBridge.csproj".
   1:7>Target "CoreResGen" in file "C:\Program Files\dotnet\sdk\9.0.304\Microsoft.Common.CurrentVersion.targets" from project "c:\AI\7agent2\mod\mnetSevenDaysBridge\src\mnetSevenDaysBridge.csproj" (target "ResGen" depends on it):
       Task "GenerateResource" skipped, due to false condition; ('%(EmbeddedResource.Type)' == 'Resx' and '%(EmbeddedResource.GenerateResource)' != 'false' and '$(GenerateResourceMSBuildRuntime)' != 'CLR2') was evaluated as ('' == 'Resx' and '' != 'false' and 'CurrentRuntime' != 'CLR2').
       Task "GenerateResource" skipped, due to false condition; ('%(EmbeddedResource.Type)' == 'Resx' and '%(EmbeddedResource.GenerateResource)' != 'false' and '$(GenerateResourceMSBuildRuntime)' == 'CLR2') was evaluated as ('' == 'Resx' and '' != 'false' and 'CurrentRuntime' == 'CLR2').
   1:7>Done building target "CoreResGen" in project "mnetSevenDaysBridge.csproj".
   1:7>Target "AfterResGen" in file "C:\Program Files\dotnet\sdk\9.0.304\Microsoft.Common.CurrentVersion.targets" from project "c:\AI\7agent2\mod\mnetSevenDaysBridge\src\mnetSevenDaysBridge.csproj" (target "ResGen" depends on it):
   1:7>Done building target "AfterResGen" in project "mnetSevenDaysBridge.csproj".
   1:7>Target "ResGen" in file "C:\Program Files\dotnet\sdk\9.0.304\Microsoft.Common.CurrentVersion.targets" from project "c:\AI\7agent2\mod\mnetSevenDaysBridge\src\mnetSevenDaysBridge.csproj" (target "PrepareResources" depends on it):
   1:7>Done building target "ResGen" in project "mnetSevenDaysBridge.csproj".
       Target "CompileLicxFiles" skipped, due to false condition; ('@(_LicxFile)'!='') was evaluated as (''!='').
   1:7>Target "PrepareResources" in file "C:\Program Files\dotnet\sdk\9.0.304\Microsoft.Common.CurrentVersion.targets" from project "c:\AI\7agent2\mod\mnetSevenDaysBridge\src\mnetSevenDaysBridge.csproj" (target "CoreBuild" depends on it):
   1:7>Done building target "PrepareResources" in project "mnetSevenDaysBridge.csproj".
       Target "ResolveKeySource" skipped, due to false condition; ($(SignManifests) == 'true' or $(SignAssembly) == 'true') was evaluated as ( == 'true' or false == 'true').
       Target "ResolveReferences" skipped. Previously built successfully.
       Target "ResolveKeySource" skipped, due to false condition; ($(SignManifests) == 'true' or $(SignAssembly) == 'true') was evaluated as ( == 'true' or false == 'true').
       Target "ResolveComReferences" skipped, due to false condition; ('@(COMReference)'!='' or '@(COMFileReference)'!='') was evaluated as (''!='' or ''!='').
       Target "ResolveNativeReferences" skipped, due to false condition; ('@(NativeReference)'!='') was evaluated as (''!='').
       Target "_SetExternalWin32ManifestProperties" skipped, due to false condition; ('$(GenerateClickOnceManifests)'=='true' or '@(NativeReference)'!='' or '@(ResolvedIsolatedComModules)'!='') was evaluated as (''=='true' or ''!='' or ''!='').
   1:7>Target "_SetEmbeddedWin32ManifestProperties" in file "C:\Program Files\dotnet\sdk\9.0.304\Microsoft.Common.CurrentVersion.targets" from project "c:\AI\7agent2\mod\mnetSevenDaysBridge\src\mnetSevenDaysBridge.csproj" (target "SetWin32ManifestProperties" depends on it):
       Using "GetFrameworkPath" task from assembly "Microsoft.Build.Tasks.Core, Version=15.1.0.0, Culture=neutral, PublicKeyToken=b03f5f7f11d50a3a".
       Task "GetFrameworkPath"
       Done executing task "GetFrameworkPath".
   1:7>Done building target "_SetEmbeddedWin32ManifestProperties" in project "mnetSevenDaysBridge.csproj".
   1:7>Target "SetWin32ManifestProperties" in file "C:\Program Files\dotnet\sdk\9.0.304\Microsoft.Common.CurrentVersion.targets" from project "c:\AI\7agent2\mod\mnetSevenDaysBridge\src\mnetSevenDaysBridge.csproj" (target "Compile" depends on it):
   1:7>Done building target "SetWin32ManifestProperties" in project "mnetSevenDaysBridge.csproj".
       Target "_SetPreferNativeArm64Win32ManifestProperties" skipped, due to false condition; ( '$(PreferNativeArm64)'=='true' and '$(NoWin32Manifest)'!='true') was evaluated as ( 'false'=='true' and ''!='true').
       Target "FindReferenceAssembliesForReferences" skipped. Previously built successfully.
   1:7>Target "_GenerateCompileInputs" in file "C:\Program Files\dotnet\sdk\9.0.304\Microsoft.Common.CurrentVersion.targets" from project "c:\AI\7agent2\mod\mnetSevenDaysBridge\src\mnetSevenDaysBridge.csproj" (target "Compile" depends on it):
       Task "MSBuildInternalMessage" skipped, due to false condition; ('@(ManifestResourceWithNoCulture)'!='' and '%(ManifestResourceWithNoCulture.EmittedForCompatibilityOnly)'=='') was evaluated as (''!='' and ''=='').
       Task "MSBuildInternalMessage" skipped, due to false condition; ('@(ManifestNonResxWithNoCultureOnDisk)'!='' and '%(ManifestNonResxWithNoCultureOnDisk.EmittedForCompatibilityOnly)'=='') was evaluated as (''!='' and ''=='').
   1:7>Done building target "_GenerateCompileInputs" in project "mnetSevenDaysBridge.csproj".
       Target "PrepareForBuild" skipped. Previously built successfully.
   1:7>Target "GenerateMSBuildEditorConfigFileShouldRun" in file "C:\Program Files\dotnet\sdk\9.0.304\Roslyn\Microsoft.Managed.Core.targets" from project "c:\AI\7agent2\mod\mnetSevenDaysBridge\src\mnetSevenDaysBridge.csproj" (target "GenerateMSBuildEditorConfigFile" depends on it):
   1:7>Done building target "GenerateMSBuildEditorConfigFileShouldRun" in project "mnetSevenDaysBridge.csproj".
   1:7>Target "AddGlobalAnalyzerConfigForPackage_MicrosoftCodeAnalysisCSharpCodeStyle" in file "C:\Program Files\dotnet\sdk\9.0.304\Sdks\Microsoft.NET.Sdk\codestyle\cs\build\Microsoft.CodeAnalysis.CSharp.CodeStyle.targets" from project "c:\AI\7agent2\mod\mnetSevenDaysBridge\src\mnetSevenDaysBridge.csproj" (target "GenerateMSBuildEditorConfigFileCore" depends on it):
   1:7>Done building target "AddGlobalAnalyzerConfigForPackage_MicrosoftCodeAnalysisCSharpCodeStyle" in project "mnetSevenDaysBridge.csproj".
   1:7>Target "GenerateMSBuildEditorConfigFileCore" in file "C:\Program Files\dotnet\sdk\9.0.304\Roslyn\Microsoft.Managed.Core.targets" from project "c:\AI\7agent2\mod\mnetSevenDaysBridge\src\mnetSevenDaysBridge.csproj" (target "GenerateMSBuildEditorConfigFile" depends on it):
       Building target "GenerateMSBuildEditorConfigFileCore" completely.
       No input files were specified.
       Using "GenerateMSBuildEditorConfig" task from assembly "C:\Program Files\dotnet\sdk\9.0.304\Roslyn\Microsoft.Build.Tasks.CodeAnalysis.dll".
       Task "GenerateMSBuildEditorConfig"
       Done executing task "GenerateMSBuildEditorConfig".
   1:7>Done building target "GenerateMSBuildEditorConfigFileCore" in project "mnetSevenDaysBridge.csproj".
   1:7>Target "GenerateMSBuildEditorConfigFile" in file "C:\Program Files\dotnet\sdk\9.0.304\Roslyn\Microsoft.Managed.Core.targets" from project "c:\AI\7agent2\mod\mnetSevenDaysBridge\src\mnetSevenDaysBridge.csproj" (target "BeforeCompile" depends on it):
   1:7>Done building target "GenerateMSBuildEditorConfigFile" in project "mnetSevenDaysBridge.csproj".
       Target "PrepareForBuild" skipped. Previously built successfully.
       Target "GetReferenceAssemblyPaths" skipped. Previously built successfully.
   1:7>Target "_SetTargetFrameworkMonikerAttribute" in file "C:\Program Files\dotnet\sdk\9.0.304\Microsoft.CSharp.CurrentVersion.targets" from project "c:\AI\7agent2\mod\mnetSevenDaysBridge\src\mnetSevenDaysBridge.csproj" (target "GenerateTargetFrameworkMonikerAttribute" depends on it):
   1:7>Done building target "_SetTargetFrameworkMonikerAttribute" in project "mnetSevenDaysBridge.csproj".
   1:7>Target "GenerateTargetFrameworkMonikerAttribute" in file "C:\Program Files\dotnet\sdk\9.0.304\Microsoft.Common.CurrentVersion.targets" from project "c:\AI\7agent2\mod\mnetSevenDaysBridge\src\mnetSevenDaysBridge.csproj" (target "BeforeCompile" depends on it):
       Skipping target "GenerateTargetFrameworkMonikerAttribute" because all output files are up-to-date with respect to the input files.
       Input files: C:\Program Files\dotnet\sdk\9.0.304\Microsoft.Common.targets
       Output files: obj\Release\net48\.NETFramework,Version=v4.8.AssemblyAttributes.cs
   1:7>Done building target "GenerateTargetFrameworkMonikerAttribute" in project "mnetSevenDaysBridge.csproj".
       Target "GenerateAdditionalSources" skipped, due to false condition; ('@(AssemblyAttributes)' != '' and '$(GenerateAdditionalSources)' == 'true') was evaluated as ('' != '' and '' == 'true').
       Target "GenerateAssemblyInfo" skipped, due to false condition; ('$(GenerateAssemblyInfo)' == 'true') was evaluated as ('false' == 'true').
       Target "GenerateGlobalUsings" skipped, due to false condition; (@(Using->Count()) != 0) was evaluated as (0 != 0).
   1:7>Target "BeforeCompile" in file "C:\Program Files\dotnet\sdk\9.0.304\Microsoft.Common.CurrentVersion.targets" from project "c:\AI\7agent2\mod\mnetSevenDaysBridge\src\mnetSevenDaysBridge.csproj" (target "Compile" depends on it):
   1:7>Done building target "BeforeCompile" in project "mnetSevenDaysBridge.csproj".
       Target "_TimeStampBeforeCompile" skipped, due to false condition; ('$(RunPostBuildEvent)'=='OnOutputUpdated' or ('$(RegisterForComInterop)'=='true' and '$(OutputType)'=='library')) was evaluated as (''=='OnOutputUpdated' or (''=='true' and 'Library'=='library')).
       Target "ResolveAssemblyReferences" skipped. Previously built successfully.
       Target "_GenerateCompileInputs" skipped. Previously built successfully.
   1:7>Target "_GenerateCompileDependencyCache" in file "C:\Program Files\dotnet\sdk\9.0.304\Microsoft.Common.CurrentVersion.targets" from project "c:\AI\7agent2\mod\mnetSevenDaysBridge\src\mnetSevenDaysBridge.csproj" (target "Compile" depends on it):
       Using "Hash" task from assembly "Microsoft.Build.Tasks.Core, Version=15.1.0.0, Culture=neutral, PublicKeyToken=b03f5f7f11d50a3a".
       Task "Hash"
       Done executing task "Hash".
       Using "WriteLinesToFile" task from assembly "Microsoft.Build.Tasks.Core, Version=15.1.0.0, Culture=neutral, PublicKeyToken=b03f5f7f11d50a3a".
       Task "WriteLinesToFile"
         Skipping write to file "obj\Release\net48\mnetSevenDaysBridge.csproj.CoreCompileInputs.cache" because content would not change.
       Done executing task "WriteLinesToFile".
   1:7>Done building target "_GenerateCompileDependencyCache" in project "mnetSevenDaysBridge.csproj".
       Target "_ComputeNonExistentFileProperty" skipped, due to false condition; (('$(BuildingInsideVisualStudio)' == 'true') and ('$(BuildingOutOfProcess)' != 'true') and (('$(BuildingProject)' == 'false') or ('$(UseHostCompilerIfAvailable)' == 'true'))) was evaluated as (('' == 'true') and ('' != 'true') and (('true' == 'false') or ('true' == 'true'))).
       Target "ResolveCodeAnalysisRuleSet" skipped, due to false condition; ('$(CodeAnalysisRuleSet)' != '') was evaluated as ('' != '').
       Target "ShimReferencePathsWhenCommonTargetsDoesNotUnderstandReferenceAssemblies" skipped, due to false condition; ('@(ReferencePathWithRefAssemblies)' == '') was evaluated as ('C:\Program Files (x86)\Steam\steamapps\common\7 Days To Die_V1.3\Mods\0_TFP_Harmony\0Harmony.dll;C:\Program Files (x86)\Steam\steamapps\common\7 Days To Die_V1.3\7DaysToDie_Data\Managed\Assembly-CSharp-firstpass.dll;C:\Program Files (x86)\Steam\steamapps\common\7 Days To Die_V1.3\7DaysToDie_Data\Managed\Assembly-CSharp.dll;...' == '').
   1:7>Target "_BeforeVBCSCoreCompile" in file "C:\Program Files\dotnet\sdk\9.0.304\Roslyn\Microsoft.Managed.Core.targets" from project "c:\AI\7agent2\mod\mnetSevenDaysBridge\src\mnetSevenDaysBridge.csproj" (target "CoreCompile" depends on it):
   1:7>Done building target "_BeforeVBCSCoreCompile" in project "mnetSevenDaysBridge.csproj".
       Target "AdjustDefaultPlatformTargetForNetFrameworkExeWithNoNativeCopyLocalItems" skipped, due to false condition; ('$(_UsingDefaultPlatformTarget)' == 'true' and
                            '$(_UsingDefaultRuntimeIdentifier)' == 'true') was evaluated as ('true' == 'true' and
                            '' == 'true').
       Target "_DisableDiagnosticTracing" skipped, due to false condition; ('$(DisableDiagnosticTracing)' == 'true') was evaluated as ('' == 'true').
       Target "ShimReferencePathsWhenCommonTargetsDoesNotUnderstandReferenceAssemblies" skipped, due to false condition; ('@(ReferencePathWithRefAssemblies)' == '') was evaluated as ('C:\Program Files (x86)\Steam\steamapps\common\7 Days To Die_V1.3\Mods\0_TFP_Harmony\0Harmony.dll;C:\Program Files (x86)\Steam\steamapps\common\7 Days To Die_V1.3\7DaysToDie_Data\Managed\Assembly-CSharp-firstpass.dll;C:\Program Files (x86)\Steam\steamapps\common\7 Days To Die_V1.3\7DaysToDie_Data\Managed\Assembly-CSharp.dll;...' == '').
   1:7>Target "_ComputeSkipAnalyzers" in file "C:\Program Files\dotnet\sdk\9.0.304\Roslyn\Microsoft.Managed.Core.targets" from project "c:\AI\7agent2\mod\mnetSevenDaysBridge\src\mnetSevenDaysBridge.csproj" (target "CoreCompile" depends on it):
       Task "ShowMessageForImplicitlySkipAnalyzers" skipped, due to false condition; ('$(_ImplicitlySkipAnalyzers)' == 'true') was evaluated as ('' == 'true').
   1:7>Done building target "_ComputeSkipAnalyzers" in project "mnetSevenDaysBridge.csproj".
       Target "_SetPathMapFromSourceRoots" skipped, due to false condition; ('$(DeterministicSourcePaths)' == 'true') was evaluated as ('' == 'true').
       Target "CreateCompilerGeneratedFilesOutputPath" skipped, due to false condition; ('$(EmitCompilerGeneratedFiles)' == 'true' and !('$(DesignTimeBuild)' == 'true' OR '$(BuildingProject)' != 'true')) was evaluated as ('false' == 'true' and !('' == 'true' OR 'true' != 'true')).
       Target "_CheckMicrosoftNetSdkCompilersToolsetPackageExists" skipped, due to false condition; ('$(_NeedToDownloadMicrosoftNetSdkCompilersToolsetPackage)' == 'true' and '$(DesignTimeBuild)' != 'true') was evaluated as ('' == 'true' and '' != 'true').
       Target "_SetEmbeddedFilesFromSourceControlManagerUntrackedFiles" skipped, due to false condition; ('$(EmbedUntrackedSources)' == 'true' and '$(EmbedAllSources)' != 'true' and '$(DebugType)' != 'none' and '$(EnableSourceControlManagerQueries)' == 'true' and '$(DesignTimeBuild)' != 'true') was evaluated as ('' == 'true' and '' != 'true' and 'portable' != 'none' and 'true' == 'true' and '' != 'true').
   1:7>Target "InitializeSourceControlInformationFromSourceControlManager" in file "C:\Program Files\dotnet\sdk\9.0.304\Sdks\Microsoft.Build.Tasks.Git\build\Microsoft.Build.Tasks.Git.targets" from project "c:\AI\7agent2\mod\mnetSevenDaysBridge\src\mnetSevenDaysBridge.csproj" (target "_InitializeSourceControlInformationFromSourceControlManager" depends on it):
       Using "Microsoft.Build.Tasks.Git.LocateRepository" task from assembly "C:\Program Files\dotnet\sdk\9.0.304\Sdks\Microsoft.Build.Tasks.Git\build\..\tools\net\Microsoft.Build.Tasks.Git.dll".
       Task "Microsoft.Build.Tasks.Git.LocateRepository"
         SourceLink: Repository instance not found in cache: '*:c:\AI\7agent2\.git'
       Done executing task "Microsoft.Build.Tasks.Git.LocateRepository".
   1:7>Done building target "InitializeSourceControlInformationFromSourceControlManager" in project "mnetSevenDaysBridge.csproj".
   1:7>Target "_SourceLinkHasSingleProvider" in file "C:\Program Files\dotnet\sdk\9.0.304\Sdks\Microsoft.SourceLink.Common\build\InitializeSourceControlInformation.targets" from project "c:\AI\7agent2\mod\mnetSevenDaysBridge\src\mnetSevenDaysBridge.csproj" (target "_InitializeSourceControlInformationFromSourceControlManager" depends on it):
       Assembly loaded during TaskRun: Microsoft.SourceLink.Common, Version=9.0.11.11701, Culture=neutral, PublicKeyToken=31bf3856ad364e35 (location: C:\Program Files\dotnet\sdk\9.0.304\Sdks\Microsoft.SourceLink.Common\tools\net\Microsoft.SourceLink.Common.dll, MVID: e7b93933-92ac-4eda-8ab8-a1e1c543bfb2, AssemblyLoadContext: MSBuild plugin C:\Program Files\dotnet\sdk\9.0.304\Sdks\Microsoft.SourceLink.Common\tools\net\Microsoft.SourceLink.Common.dll)
       Using "Microsoft.SourceLink.Common.SourceLinkHasSingleProvider" task from assembly "C:\Program Files\dotnet\sdk\9.0.304\Sdks\Microsoft.SourceLink.Common\build\..\tools\net\Microsoft.SourceLink.Common.dll".
       Task "Microsoft.SourceLink.Common.SourceLinkHasSingleProvider"
       Done executing task "Microsoft.SourceLink.Common.SourceLinkHasSingleProvider".
   1:7>Done building target "_SourceLinkHasSingleProvider" in project "mnetSevenDaysBridge.csproj".
   1:7>Target "TranslateGitHubUrlsInSourceControlInformation" in file "C:\Program Files\dotnet\sdk\9.0.304\Sdks\Microsoft.SourceLink.GitHub\build\Microsoft.SourceLink.GitHub.targets" from project "c:\AI\7agent2\mod\mnetSevenDaysBridge\src\mnetSevenDaysBridge.csproj" (target "_InitializeSourceControlInformationFromSourceControlManager" depends on it):
       Assembly loaded during TaskRun: Microsoft.SourceLink.GitHub, Version=9.0.11.11701, Culture=neutral, PublicKeyToken=31bf3856ad364e35 (location: C:\Program Files\dotnet\sdk\9.0.304\Sdks\Microsoft.SourceLink.GitHub\tools\net\Microsoft.SourceLink.GitHub.dll, MVID: de6eb21e-3e60-4c55-84da-db4085852056, AssemblyLoadContext: MSBuild plugin C:\Program Files\dotnet\sdk\9.0.304\Sdks\Microsoft.SourceLink.GitHub\tools\net\Microsoft.SourceLink.GitHub.dll)
       Using "Microsoft.SourceLink.GitHub.TranslateRepositoryUrls" task from assembly "C:\Program Files\dotnet\sdk\9.0.304\Sdks\Microsoft.SourceLink.GitHub\build\..\tools\net\Microsoft.SourceLink.GitHub.dll".
       Task "Microsoft.SourceLink.GitHub.TranslateRepositoryUrls"
       Done executing task "Microsoft.SourceLink.GitHub.TranslateRepositoryUrls".
   1:7>Done building target "TranslateGitHubUrlsInSourceControlInformation" in project "mnetSevenDaysBridge.csproj".
   1:7>Target "TranslateGitLabUrlsInSourceControlInformation" in file "C:\Program Files\dotnet\sdk\9.0.304\Sdks\Microsoft.SourceLink.GitLab\build\Microsoft.SourceLink.GitLab.targets" from project "c:\AI\7agent2\mod\mnetSevenDaysBridge\src\mnetSevenDaysBridge.csproj" (target "_InitializeSourceControlInformationFromSourceControlManager" depends on it):
       Assembly loaded during TaskRun: Microsoft.SourceLink.GitLab, Version=9.0.11.11701, Culture=neutral, PublicKeyToken=31bf3856ad364e35 (location: C:\Program Files\dotnet\sdk\9.0.304\Sdks\Microsoft.SourceLink.GitLab\tools\net\Microsoft.SourceLink.GitLab.dll, MVID: ccdddc0a-7879-4673-a23d-bd877ae513a4, AssemblyLoadContext: MSBuild plugin C:\Program Files\dotnet\sdk\9.0.304\Sdks\Microsoft.SourceLink.GitLab\tools\net\Microsoft.SourceLink.GitLab.dll)
       Using "Microsoft.SourceLink.GitLab.TranslateRepositoryUrls" task from assembly "C:\Program Files\dotnet\sdk\9.0.304\Sdks\Microsoft.SourceLink.GitLab\build\..\tools\net\Microsoft.SourceLink.GitLab.dll".
       Task "Microsoft.SourceLink.GitLab.TranslateRepositoryUrls"
       Done executing task "Microsoft.SourceLink.GitLab.TranslateRepositoryUrls".
   1:7>Done building target "TranslateGitLabUrlsInSourceControlInformation" in project "mnetSevenDaysBridge.csproj".
   1:7>Target "TranslateAzureReposGitUrlsInSourceControlInformation" in file "C:\Program Files\dotnet\sdk\9.0.304\Sdks\Microsoft.SourceLink.AzureRepos.Git\build\Microsoft.SourceLink.AzureRepos.Git.targets" from project "c:\AI\7agent2\mod\mnetSevenDaysBridge\src\mnetSevenDaysBridge.csproj" (target "_InitializeSourceControlInformationFromSourceControlManager" depends on it):
       Assembly loaded during TaskRun: Microsoft.SourceLink.AzureRepos.Git, Version=9.0.11.11701, Culture=neutral, PublicKeyToken=31bf3856ad364e35 (location: C:\Program Files\dotnet\sdk\9.0.304\Sdks\Microsoft.SourceLink.AzureRepos.Git\tools\net\Microsoft.SourceLink.AzureRepos.Git.dll, MVID: cc8362fa-d14c-4e8c-a855-a55f196817ae, AssemblyLoadContext: MSBuild plugin C:\Program Files\dotnet\sdk\9.0.304\Sdks\Microsoft.SourceLink.AzureRepos.Git\tools\net\Microsoft.SourceLink.AzureRepos.Git.dll)
       Using "Microsoft.SourceLink.AzureRepos.Git.TranslateRepositoryUrls" task from assembly "C:\Program Files\dotnet\sdk\9.0.304\Sdks\Microsoft.SourceLink.AzureRepos.Git\build\..\tools\net\Microsoft.SourceLink.AzureRepos.Git.dll".
       Task "Microsoft.SourceLink.AzureRepos.Git.TranslateRepositoryUrls"
       Done executing task "Microsoft.SourceLink.AzureRepos.Git.TranslateRepositoryUrls".
   1:7>Done building target "TranslateAzureReposGitUrlsInSourceControlInformation" in project "mnetSevenDaysBridge.csproj".
   1:7>Target "TranslateBitbucketGitUrlsInSourceControlInformation" in file "C:\Program Files\dotnet\sdk\9.0.304\Sdks\Microsoft.SourceLink.Bitbucket.Git\build\Microsoft.SourceLink.Bitbucket.Git.targets" from project "c:\AI\7agent2\mod\mnetSevenDaysBridge\src\mnetSevenDaysBridge.csproj" (target "_InitializeSourceControlInformationFromSourceControlManager" depends on it):
       Assembly loaded during TaskRun: Microsoft.SourceLink.Bitbucket.Git, Version=9.0.11.11701, Culture=neutral, PublicKeyToken=31bf3856ad364e35 (location: C:\Program Files\dotnet\sdk\9.0.304\Sdks\Microsoft.SourceLink.Bitbucket.Git\tools\net\Microsoft.SourceLink.Bitbucket.Git.dll, MVID: 633cbf61-44e1-4706-8334-7e18ba081963, AssemblyLoadContext: MSBuild plugin C:\Program Files\dotnet\sdk\9.0.304\Sdks\Microsoft.SourceLink.Bitbucket.Git\tools\net\Microsoft.SourceLink.Bitbucket.Git.dll)
       Using "Microsoft.SourceLink.Bitbucket.Git.TranslateRepositoryUrls" task from assembly "C:\Program Files\dotnet\sdk\9.0.304\Sdks\Microsoft.SourceLink.Bitbucket.Git\build\..\tools\net\Microsoft.SourceLink.Bitbucket.Git.dll".
       Task "Microsoft.SourceLink.Bitbucket.Git.TranslateRepositoryUrls"
       Done executing task "Microsoft.SourceLink.Bitbucket.Git.TranslateRepositoryUrls".
   1:7>Done building target "TranslateBitbucketGitUrlsInSourceControlInformation" in project "mnetSevenDaysBridge.csproj".
   1:7>Target "SourceControlManagerPublishTranslatedUrls" in file "C:\Program Files\dotnet\sdk\9.0.304\Sdks\Microsoft.SourceLink.Common\build\InitializeSourceControlInformation.targets" from project "c:\AI\7agent2\mod\mnetSevenDaysBridge\src\mnetSevenDaysBridge.csproj" (target "_InitializeSourceControlInformationFromSourceControlManager" depends on it):
   1:7>Done building target "SourceControlManagerPublishTranslatedUrls" in project "mnetSevenDaysBridge.csproj".
   1:7>Target "_InitializeSourceControlInformationFromSourceControlManager" in file "C:\Program Files\dotnet\sdk\9.0.304\Sdks\Microsoft.SourceLink.Common\build\InitializeSourceControlInformation.targets" from project "c:\AI\7agent2\mod\mnetSevenDaysBridge\src\mnetSevenDaysBridge.csproj" (target "InitializeSourceControlInformation" depends on it):
   1:7>Done building target "_InitializeSourceControlInformationFromSourceControlManager" in project "mnetSevenDaysBridge.csproj".
   1:7>Target "InitializeSourceControlInformation" in file "C:\Program Files\dotnet\sdk\9.0.304\Microsoft.Common.CurrentVersion.targets" from project "c:\AI\7agent2\mod\mnetSevenDaysBridge\src\mnetSevenDaysBridge.csproj" (target "GenerateSourceLinkFile" depends on it):
   1:7>Done building target "InitializeSourceControlInformation" in project "mnetSevenDaysBridge.csproj".
   1:7>Target "_SetSourceLinkFilePath" in file "C:\Program Files\dotnet\sdk\9.0.304\Sdks\Microsoft.SourceLink.Common\build\Microsoft.SourceLink.Common.targets" from project "c:\AI\7agent2\mod\mnetSevenDaysBridge\src\mnetSevenDaysBridge.csproj" (target "_GenerateSourceLinkFile" depends on it):
   1:7>Done building target "_SetSourceLinkFilePath" in project "mnetSevenDaysBridge.csproj".
       Target "InitializeSourceControlInformation" skipped. Previously built successfully.
   1:7>Target "_InitializeSourceRootMappedPathsFromSourceControl" in file "C:\Program Files\dotnet\sdk\9.0.304\Roslyn\Microsoft.Managed.Core.targets" from project "c:\AI\7agent2\mod\mnetSevenDaysBridge\src\mnetSevenDaysBridge.csproj" (target "InitializeSourceRootMappedPaths" depends on it):
   1:7>Done building target "_InitializeSourceRootMappedPathsFromSourceControl" in project "mnetSevenDaysBridge.csproj".
   1:7>Target "InitializeSourceRootMappedPaths" in file "C:\Program Files\dotnet\sdk\9.0.304\Roslyn\Microsoft.Managed.Core.targets" from project "c:\AI\7agent2\mod\mnetSevenDaysBridge\src\mnetSevenDaysBridge.csproj" (target "_InitializeSourceRootMappedPathsOpt" depends on it):
       Using "Microsoft.CodeAnalysis.BuildTasks.MapSourceRoots" task from assembly "C:\Program Files\dotnet\sdk\9.0.304\Roslyn\Microsoft.Build.Tasks.CodeAnalysis.dll".
       Task "Microsoft.CodeAnalysis.BuildTasks.MapSourceRoots"
       Done executing task "Microsoft.CodeAnalysis.BuildTasks.MapSourceRoots".
   1:7>Done building target "InitializeSourceRootMappedPaths" in project "mnetSevenDaysBridge.csproj".
   1:7>Target "_InitializeSourceRootMappedPathsOpt" in file "C:\Program Files\dotnet\sdk\9.0.304\Sdks\Microsoft.SourceLink.Common\build\Microsoft.SourceLink.Common.targets" from project "c:\AI\7agent2\mod\mnetSevenDaysBridge\src\mnetSevenDaysBridge.csproj" (target "_GenerateSourceLinkFile" depends on it):
   1:7>Done building target "_InitializeSourceRootMappedPathsOpt" in project "mnetSevenDaysBridge.csproj".
   1:7>Target "_InitializeGitHubSourceLinkUrl" in file "C:\Program Files\dotnet\sdk\9.0.304\Sdks\Microsoft.SourceLink.GitHub\build\Microsoft.SourceLink.GitHub.targets" from project "c:\AI\7agent2\mod\mnetSevenDaysBridge\src\mnetSevenDaysBridge.csproj" (target "_GenerateSourceLinkFile" depends on it):
       Building target "_InitializeGitHubSourceLinkUrl" completely.
       No input files were specified.
       Using "Microsoft.SourceLink.GitHub.GetSourceLinkUrl" task from assembly "C:\Program Files\dotnet\sdk\9.0.304\Sdks\Microsoft.SourceLink.GitHub\build\..\tools\net\Microsoft.SourceLink.GitHub.dll".
       Task "Microsoft.SourceLink.GitHub.GetSourceLinkUrl"
       Done executing task "Microsoft.SourceLink.GitHub.GetSourceLinkUrl".
   1:7>Done building target "_InitializeGitHubSourceLinkUrl" in project "mnetSevenDaysBridge.csproj".
   1:7>Target "_InitializeGitHubSourceLinkUrl" in file "C:\Program Files\dotnet\sdk\9.0.304\Sdks\Microsoft.SourceLink.GitHub\build\Microsoft.SourceLink.GitHub.targets" from project "c:\AI\7agent2\mod\mnetSevenDaysBridge\src\mnetSevenDaysBridge.csproj" (target "_GenerateSourceLinkFile" depends on it):
       Building target "_InitializeGitHubSourceLinkUrl" completely.
       No input files were specified.
       Task "Microsoft.SourceLink.GitHub.GetSourceLinkUrl"
       Done executing task "Microsoft.SourceLink.GitHub.GetSourceLinkUrl".
   1:7>Done building target "_InitializeGitHubSourceLinkUrl" in project "mnetSevenDaysBridge.csproj".
   1:7>Target "_InitializeGitHubSourceLinkUrl" in file "C:\Program Files\dotnet\sdk\9.0.304\Sdks\Microsoft.SourceLink.GitHub\build\Microsoft.SourceLink.GitHub.targets" from project "c:\AI\7agent2\mod\mnetSevenDaysBridge\src\mnetSevenDaysBridge.csproj" (target "_GenerateSourceLinkFile" depends on it):
       Building target "_InitializeGitHubSourceLinkUrl" completely.
       No input files were specified.
       Task "Microsoft.SourceLink.GitHub.GetSourceLinkUrl"
       Done executing task "Microsoft.SourceLink.GitHub.GetSourceLinkUrl".
   1:7>Done building target "_InitializeGitHubSourceLinkUrl" in project "mnetSevenDaysBridge.csproj".
   1:7>Target "_InitializeGitLabSourceLinkUrl" in file "C:\Program Files\dotnet\sdk\9.0.304\Sdks\Microsoft.SourceLink.GitLab\build\Microsoft.SourceLink.GitLab.targets" from project "c:\AI\7agent2\mod\mnetSevenDaysBridge\src\mnetSevenDaysBridge.csproj" (target "_GenerateSourceLinkFile" depends on it):
       Building target "_InitializeGitLabSourceLinkUrl" completely.
       No input files were specified.
       Using "Microsoft.SourceLink.GitLab.GetSourceLinkUrl" task from assembly "C:\Program Files\dotnet\sdk\9.0.304\Sdks\Microsoft.SourceLink.GitLab\build\..\tools\net\Microsoft.SourceLink.GitLab.dll".
       Task "Microsoft.SourceLink.GitLab.GetSourceLinkUrl"
       C:\Program Files\dotnet\sdk\9.0.304\Sdks\Microsoft.SourceLink.GitLab\build\Microsoft.SourceLink.GitLab.targets(37,7): message : Property reassignment: $(_SourceLinkUrlToUpdate)="N/A" (previous value: "https://raw.githubusercontent.com/mrsk1192/7bot/0badccf9c770008e994ddc98cb60c82fc239f123/*") at C:\Program Files\dotnet\sdk\9.0.304\Sdks\Microsoft.SourceLink.GitLab\build\Microsoft.SourceLink.GitLab.targets (37,7) [c:\AI\7agent2\mod\mnetSevenDaysBridge\src\mnetSevenDaysBridge.csproj]
       Done executing task "Microsoft.SourceLink.GitLab.GetSourceLinkUrl".
   1:7>Done building target "_InitializeGitLabSourceLinkUrl" in project "mnetSevenDaysBridge.csproj".
   1:7>Target "_InitializeGitLabSourceLinkUrl" in file "C:\Program Files\dotnet\sdk\9.0.304\Sdks\Microsoft.SourceLink.GitLab\build\Microsoft.SourceLink.GitLab.targets" from project "c:\AI\7agent2\mod\mnetSevenDaysBridge\src\mnetSevenDaysBridge.csproj" (target "_GenerateSourceLinkFile" depends on it):
       Building target "_InitializeGitLabSourceLinkUrl" completely.
       No input files were specified.
       Task "Microsoft.SourceLink.GitLab.GetSourceLinkUrl"
       C:\Program Files\dotnet\sdk\9.0.304\Sdks\Microsoft.SourceLink.GitLab\build\Microsoft.SourceLink.GitLab.targets(37,7): message : Property reassignment: $(_SourceLinkUrlToUpdate)="N/A" (previous value: "https://raw.githubusercontent.com/mrsk1192/7bot/0badccf9c770008e994ddc98cb60c82fc239f123/*") at C:\Program Files\dotnet\sdk\9.0.304\Sdks\Microsoft.SourceLink.GitLab\build\Microsoft.SourceLink.GitLab.targets (37,7) [c:\AI\7agent2\mod\mnetSevenDaysBridge\src\mnetSevenDaysBridge.csproj]
       Done executing task "Microsoft.SourceLink.GitLab.GetSourceLinkUrl".
   1:7>Done building target "_InitializeGitLabSourceLinkUrl" in project "mnetSevenDaysBridge.csproj".
   1:7>Target "_InitializeGitLabSourceLinkUrl" in file "C:\Program Files\dotnet\sdk\9.0.304\Sdks\Microsoft.SourceLink.GitLab\build\Microsoft.SourceLink.GitLab.targets" from project "c:\AI\7agent2\mod\mnetSevenDaysBridge\src\mnetSevenDaysBridge.csproj" (target "_GenerateSourceLinkFile" depends on it):
       Building target "_InitializeGitLabSourceLinkUrl" completely.
       No input files were specified.
       Task "Microsoft.SourceLink.GitLab.GetSourceLinkUrl"
       C:\Program Files\dotnet\sdk\9.0.304\Sdks\Microsoft.SourceLink.GitLab\build\Microsoft.SourceLink.GitLab.targets(37,7): message : Property reassignment: $(_SourceLinkUrlToUpdate)="N/A" (previous value: "https://raw.githubusercontent.com/mrsk1192/7bot/0badccf9c770008e994ddc98cb60c82fc239f123/*") at C:\Program Files\dotnet\sdk\9.0.304\Sdks\Microsoft.SourceLink.GitLab\build\Microsoft.SourceLink.GitLab.targets (37,7) [c:\AI\7agent2\mod\mnetSevenDaysBridge\src\mnetSevenDaysBridge.csproj]
       Done executing task "Microsoft.SourceLink.GitLab.GetSourceLinkUrl".
   1:7>Done building target "_InitializeGitLabSourceLinkUrl" in project "mnetSevenDaysBridge.csproj".
   1:7>Target "_InitializeAzureReposGitSourceLinkUrl" in file "C:\Program Files\dotnet\sdk\9.0.304\Sdks\Microsoft.SourceLink.AzureRepos.Git\build\Microsoft.SourceLink.AzureRepos.Git.targets" from project "c:\AI\7agent2\mod\mnetSevenDaysBridge\src\mnetSevenDaysBridge.csproj" (target "_GenerateSourceLinkFile" depends on it):
       Building target "_InitializeAzureReposGitSourceLinkUrl" completely.
       No input files were specified.
       Using "Microsoft.SourceLink.AzureRepos.Git.GetSourceLinkUrl" task from assembly "C:\Program Files\dotnet\sdk\9.0.304\Sdks\Microsoft.SourceLink.AzureRepos.Git\build\..\tools\net\Microsoft.SourceLink.AzureRepos.Git.dll".
       Task "Microsoft.SourceLink.AzureRepos.Git.GetSourceLinkUrl"
       Done executing task "Microsoft.SourceLink.AzureRepos.Git.GetSourceLinkUrl".
   1:7>Done building target "_InitializeAzureReposGitSourceLinkUrl" in project "mnetSevenDaysBridge.csproj".
   1:7>Target "_InitializeAzureReposGitSourceLinkUrl" in file "C:\Program Files\dotnet\sdk\9.0.304\Sdks\Microsoft.SourceLink.AzureRepos.Git\build\Microsoft.SourceLink.AzureRepos.Git.targets" from project "c:\AI\7agent2\mod\mnetSevenDaysBridge\src\mnetSevenDaysBridge.csproj" (target "_GenerateSourceLinkFile" depends on it):
       Building target "_InitializeAzureReposGitSourceLinkUrl" completely.
       No input files were specified.
       Task "Microsoft.SourceLink.AzureRepos.Git.GetSourceLinkUrl"
       Done executing task "Microsoft.SourceLink.AzureRepos.Git.GetSourceLinkUrl".
   1:7>Done building target "_InitializeAzureReposGitSourceLinkUrl" in project "mnetSevenDaysBridge.csproj".
   1:7>Target "_InitializeAzureReposGitSourceLinkUrl" in file "C:\Program Files\dotnet\sdk\9.0.304\Sdks\Microsoft.SourceLink.AzureRepos.Git\build\Microsoft.SourceLink.AzureRepos.Git.targets" from project "c:\AI\7agent2\mod\mnetSevenDaysBridge\src\mnetSevenDaysBridge.csproj" (target "_GenerateSourceLinkFile" depends on it):
       Building target "_InitializeAzureReposGitSourceLinkUrl" completely.
       No input files were specified.
       Task "Microsoft.SourceLink.AzureRepos.Git.GetSourceLinkUrl"
       Done executing task "Microsoft.SourceLink.AzureRepos.Git.GetSourceLinkUrl".
   1:7>Done building target "_InitializeAzureReposGitSourceLinkUrl" in project "mnetSevenDaysBridge.csproj".
   1:7>Target "_InitializeBitbucketGitSourceLinkUrl" in file "C:\Program Files\dotnet\sdk\9.0.304\Sdks\Microsoft.SourceLink.Bitbucket.Git\build\Microsoft.SourceLink.Bitbucket.Git.targets" from project "c:\AI\7agent2\mod\mnetSevenDaysBridge\src\mnetSevenDaysBridge.csproj" (target "_GenerateSourceLinkFile" depends on it):
       Building target "_InitializeBitbucketGitSourceLinkUrl" completely.
       No input files were specified.
       Using "Microsoft.SourceLink.Bitbucket.Git.GetSourceLinkUrl" task from assembly "C:\Program Files\dotnet\sdk\9.0.304\Sdks\Microsoft.SourceLink.Bitbucket.Git\build\..\tools\net\Microsoft.SourceLink.Bitbucket.Git.dll".
       Task "Microsoft.SourceLink.Bitbucket.Git.GetSourceLinkUrl"
       Done executing task "Microsoft.SourceLink.Bitbucket.Git.GetSourceLinkUrl".
   1:7>Done building target "_InitializeBitbucketGitSourceLinkUrl" in project "mnetSevenDaysBridge.csproj".
   1:7>Target "_InitializeBitbucketGitSourceLinkUrl" in file "C:\Program Files\dotnet\sdk\9.0.304\Sdks\Microsoft.SourceLink.Bitbucket.Git\build\Microsoft.SourceLink.Bitbucket.Git.targets" from project "c:\AI\7agent2\mod\mnetSevenDaysBridge\src\mnetSevenDaysBridge.csproj" (target "_GenerateSourceLinkFile" depends on it):
       Building target "_InitializeBitbucketGitSourceLinkUrl" completely.
       No input files were specified.
       Task "Microsoft.SourceLink.Bitbucket.Git.GetSourceLinkUrl"
       Done executing task "Microsoft.SourceLink.Bitbucket.Git.GetSourceLinkUrl".
   1:7>Done building target "_InitializeBitbucketGitSourceLinkUrl" in project "mnetSevenDaysBridge.csproj".
   1:7>Target "_InitializeBitbucketGitSourceLinkUrl" in file "C:\Program Files\dotnet\sdk\9.0.304\Sdks\Microsoft.SourceLink.Bitbucket.Git\build\Microsoft.SourceLink.Bitbucket.Git.targets" from project "c:\AI\7agent2\mod\mnetSevenDaysBridge\src\mnetSevenDaysBridge.csproj" (target "_GenerateSourceLinkFile" depends on it):
       Building target "_InitializeBitbucketGitSourceLinkUrl" completely.
       No input files were specified.
       Task "Microsoft.SourceLink.Bitbucket.Git.GetSourceLinkUrl"
       Done executing task "Microsoft.SourceLink.Bitbucket.Git.GetSourceLinkUrl".
   1:7>Done building target "_InitializeBitbucketGitSourceLinkUrl" in project "mnetSevenDaysBridge.csproj".
   1:7>Target "_GenerateSourceLinkFile" in file "C:\Program Files\dotnet\sdk\9.0.304\Sdks\Microsoft.SourceLink.Common\build\Microsoft.SourceLink.Common.targets" from project "c:\AI\7agent2\mod\mnetSevenDaysBridge\src\mnetSevenDaysBridge.csproj" (target "GenerateSourceLinkFile" depends on it):
       Building target "_GenerateSourceLinkFile" completely.
       No input files were specified.
       Using "Microsoft.SourceLink.Common.GenerateSourceLinkFile" task from assembly "C:\Program Files\dotnet\sdk\9.0.304\Sdks\Microsoft.SourceLink.Common\build\..\tools\net\Microsoft.SourceLink.Common.dll".
       Task "Microsoft.SourceLink.Common.GenerateSourceLinkFile"
         Source Link file 'obj\Release\net48\mnetSevenDaysBridge.sourcelink.json' is up-to-date.
       Done executing task "Microsoft.SourceLink.Common.GenerateSourceLinkFile".
   1:7>Done building target "_GenerateSourceLinkFile" in project "mnetSevenDaysBridge.csproj".
   1:7>Target "GenerateSourceLinkFile" in file "C:\Program Files\dotnet\sdk\9.0.304\Sdks\Microsoft.SourceLink.Common\build\Microsoft.SourceLink.Common.targets" from project "c:\AI\7agent2\mod\mnetSevenDaysBridge\src\mnetSevenDaysBridge.csproj" (target "CoreCompile" depends on it):
   1:7>Done building target "GenerateSourceLinkFile" in project "mnetSevenDaysBridge.csproj".
       Target "GenerateAssemblyInfo" skipped, due to false condition; ('$(GenerateAssemblyInfo)' == 'true') was evaluated as ('false' == 'true').
       Target "GenerateGlobalUsings" skipped, due to false condition; (@(Using->Count()) != 0) was evaluated as (0 != 0).
   1:7>Target "CoreCompile" in file "C:\Program Files\dotnet\sdk\9.0.304\Roslyn\Microsoft.CSharp.Core.targets" from project "c:\AI\7agent2\mod\mnetSevenDaysBridge\src\mnetSevenDaysBridge.csproj" (target "Compile" depends on it):
       Building target "CoreCompile" completely.
       Input file "BridgeConfig.cs" is newer than output file "obj\Release\net48\mnetSevenDaysBridge.pdb".
       C:\Program Files\dotnet\sdk\9.0.304\Roslyn\Microsoft.CSharp.Core.targets(66,7): message : Property reassignment: $(NoWarn)="1701;1702;1701;1702" (previous value: "1701;1702") at C:\Program Files\dotnet\sdk\9.0.304\Roslyn\Microsoft.CSharp.Core.targets (66,7) [c:\AI\7agent2\mod\mnetSevenDaysBridge\src\mnetSevenDaysBridge.csproj]
       Using "Csc" task from assembly "C:\Program Files\dotnet\sdk\9.0.304\Roslyn\Microsoft.Build.Tasks.CodeAnalysis.dll".
       Task "Csc"
       C:\Program Files\dotnet\sdk\9.0.304\Roslyn\Microsoft.CSharp.Core.targets(137,10): message : Property 'PreferredUILang' with value 'en-US' expanded from the environment. [c:\AI\7agent2\mod\mnetSevenDaysBridge\src\mnetSevenDaysBridge.csproj]
         C:\Program Files\dotnet\dotnet.exe exec "C:\Program Files\dotnet\sdk\9.0.304\Roslyn\bincore\csc.dll" /noconfig /unsafe- /checked- /nowarn:1701,1702,1701,1702 /fullpaths /nostdlib+ /errorreport:prompt /warn:4 /define:TRACE;RELEASE;NETFRAMEWORK;NET48;NET20_OR_GREATER;NET30_OR_GREATER;NET35_OR_GREATER;NET40_OR_GREATER;NET45_OR_GREATER;NET451_OR_GREATER;NET452_OR_GREATER;NET46_OR_GREATER;NET461_OR_GREATER;NET462_OR_GREATER;NET47_OR_GREATER;NET471_OR_GREATER;NET472_OR_GREATER;NET48_OR_GREATER /preferreduilang:en-US /highentropyva+ /nullable:disable /reference:"C:\Program Files (x86)\Steam\steamapps\common\7 Days To Die_V1.3\Mods\0_TFP_Harmony\0Harmony.dll" /reference:"C:\Program Files (x86)\Steam\steamapps\common\7 Days To Die_V1.3\7DaysToDie_Data\Managed\Assembly-CSharp-firstpass.dll" /reference:"C:\Program Files (x86)\Steam\steamapps\common\7 Days To Die_V1.3\7DaysToDie_Data\Managed\Assembly-CSharp.dll" /reference:"C:\Program Files (x86)\Steam\steamapps\common\7 Days To Die_V1.3\7DaysToDie_Data\Managed\InControl.dll" /reference:"C:\Program Files (x86)\Steam\steamapps\common\7 Days To Die_V1.3\7DaysToDie_Data\Managed\LogLibrary.dll" /reference:"C:\Program Files (x86)\Reference Assemblies\Microsoft\Framework\.NETFramework\v4.8\mscorlib.dll" /reference:"C:\Program Files (x86)\Reference Assemblies\Microsoft\Framework\.NETFramework\v4.8\System.Core.dll" /reference:"C:\Program Files (x86)\Reference Assemblies\Microsoft\Framework\.NETFramework\v4.8\System.Data.dll" /reference:"C:\Program Files (x86)\Reference Assemblies\Microsoft\Framework\.NETFramework\v4.8\System.dll" /reference:"C:\Program Files (x86)\Reference Assemblies\Microsoft\Framework\.NETFramework\v4.8\System.Drawing.dll" /reference:"C:\Program Files (x86)\Reference Assemblies\Microsoft\Framework\.NETFramework\v4.8\System.IO.Compression.FileSystem.dll" /reference:"C:\Program Files (x86)\Reference Assemblies\Microsoft\Framework\.NETFramework\v4.8\System.Numerics.dll" /reference:"C:\Program Files (x86)\Reference Assemblies\Microsoft\Framework\.NETFramework\v4.8\System.Runtime.Serialization.dll" /reference:"C:\Program Files (x86)\Reference Assemblies\Microsoft\Framework\.NETFramework\v4.8\System.Xml.dll" /reference:"C:\Program Files (x86)\Reference Assemblies\Microsoft\Framework\.NETFramework\v4.8\System.Xml.Linq.dll" /reference:"C:\Program Files (x86)\Steam\steamapps\common\7 Days To Die_V1.3\7DaysToDie_Data\Managed\UnityEngine.CoreModule.dll" /reference:"C:\Program Files (x86)\Steam\steamapps\common\7 Days To Die_V1.3\7DaysToDie_Data\Managed\UnityEngine.dll" /reference:"C:\Program Files (x86)\Steam\steamapps\common\7 Days To Die_V1.3\7DaysToDie_Data\Managed\UnityEngine.PhysicsModule.dll" /reference:"C:\Program Files (x86)\Reference Assemblies\Microsoft\Framework\.NETFramework\v4.8\Facades\Microsoft.Win32.Primitives.dll" /reference:"C:\Program Files (x86)\Reference Assemblies\Microsoft\Framework\.NETFramework\v4.8\Facades\netstandard.dll" /reference:"C:\Program Files (x86)\Reference Assemblies\Microsoft\Framework\.NETFramework\v4.8\Facades\System.AppContext.dll" /reference:"C:\Program Files (x86)\Reference Assemblies\Microsoft\Framework\.NETFramework\v4.8\Facades\System.Collections.Concurrent.dll" /reference:"C:\Program Files (x86)\Reference Assemblies\Microsoft\Framework\.NETFramework\v4.8\Facades\System.Collections.dll" /reference:"C:\Program Files (x86)\Reference Assemblies\Microsoft\Framework\.NETFramework\v4.8\Facades\System.Collections.NonGeneric.dll" /reference:"C:\Program Files (x86)\Reference Assemblies\Microsoft\Framework\.NETFramework\v4.8\Facades\System.Collections.Specialized.dll" /reference:"C:\Program Files (x86)\Reference Assemblies\Microsoft\Framework\.NETFramework\v4.8\Facades\System.ComponentModel.Annotations.dll" /reference:"C:\Program Files (x86)\Reference Assemblies\Microsoft\Framework\.NETFramework\v4.8\Facades\System.ComponentModel.dll" /reference:"C:\Program Files (x86)\Reference Assemblies\Microsoft\Framework\.NETFramework\v4.8\Facades\System.ComponentModel.EventBasedAsync.dll" /reference:"C:\Program Files (x86)\Reference Assemblies\Microsoft\Framework\.NETFramework\v4.8\Facades\System.ComponentModel.Primitives.dll" /reference:"C:\Program Files (x86)\Reference Assemblies\Microsoft\Framework\.NETFramework\v4.8\Facades\System.ComponentModel.TypeConverter.dll" /reference:"C:\Program Files (x86)\Reference Assemblies\Microsoft\Framework\.NETFramework\v4.8\Facades\System.Console.dll" /reference:"C:\Program Files (x86)\Reference Assemblies\Microsoft\Framework\.NETFramework\v4.8\Facades\System.Data.Common.dll" /reference:"C:\Program Files (x86)\Reference Assemblies\Microsoft\Framework\.NETFramework\v4.8\Facades\System.Diagnostics.Contracts.dll" /reference:"C:\Program Files (x86)\Reference Assemblies\Microsoft\Framework\.NETFramework\v4.8\Facades\System.Diagnostics.Debug.dll" /reference:"C:\Program Files (x86)\Reference Assemblies\Microsoft\Framework\.NETFramework\v4.8\Facades\System.Diagnostics.FileVersionInfo.dll" /reference:"C:\Program Files (x86)\Reference Assemblies\Microsoft\Framework\.NETFramework\v4.8\Facades\System.Diagnostics.Process.dll" /reference:"C:\Program Files (x86)\Reference Assemblies\Microsoft\Framework\.NETFramework\v4.8\Facades\System.Diagnostics.StackTrace.dll" /reference:"C:\Program Files (x86)\Reference Assemblies\Microsoft\Framework\.NETFramework\v4.8\Facades\System.Diagnostics.TextWriterTraceListener.dll" /reference:"C:\Program Files (x86)\Reference Assemblies\Microsoft\Framework\.NETFramework\v4.8\Facades\System.Diagnostics.Tools.dll" /reference:"C:\Program Files (x86)\Reference Assemblies\Microsoft\Framework\.NETFramework\v4.8\Facades\System.Diagnostics.TraceSource.dll" /reference:"C:\Program Files (x86)\Reference Assemblies\Microsoft\Framework\.NETFramework\v4.8\Facades\System.Drawing.Primitives.dll" /reference:"C:\Program Files (x86)\Reference Assemblies\Microsoft\Framework\.NETFramework\v4.8\Facades\System.Dynamic.Runtime.dll" /reference:"C:\Program Files (x86)\Reference Assemblies\Microsoft\Framework\.NETFramework\v4.8\Facades\System.Globalization.Calendars.dll" /reference:"C:\Program Files (x86)\Reference Assemblies\Microsoft\Framework\.NETFramework\v4.8\Facades\System.Globalization.dll" /reference:"C:\Program Files (x86)\Reference Assemblies\Microsoft\Framework\.NETFramework\v4.8\Facades\System.Globalization.Extensions.dll" /reference:"C:\Program Files (x86)\Reference Assemblies\Microsoft\Framework\.NETFramework\v4.8\Facades\System.IO.Compression.ZipFile.dll" /reference:"C:\Program Files (x86)\Reference Assemblies\Microsoft\Framework\.NETFramework\v4.8\Facades\System.IO.dll" /reference:"C:\Program Files (x86)\Reference Assemblies\Microsoft\Framework\.NETFramework\v4.8\Facades\System.IO.FileSystem.dll" /reference:"C:\Program Files (x86)\Reference Assemblies\Microsoft\Framework\.NETFramework\v4.8\Facades\System.IO.FileSystem.DriveInfo.dll" /reference:"C:\Program Files (x86)\Reference Assemblies\Microsoft\Framework\.NETFramework\v4.8\Facades\System.IO.FileSystem.Primitives.dll" /reference:"C:\Program Files (x86)\Reference Assemblies\Microsoft\Framework\.NETFramework\v4.8\Facades\System.IO.FileSystem.Watcher.dll" /reference:"C:\Program Files (x86)\Reference Assemblies\Microsoft\Framework\.NETFramework\v4.8\Facades\System.IO.IsolatedStorage.dll" /reference:"C:\Program Files (x86)\Reference Assemblies\Microsoft\Framework\.NETFramework\v4.8\Facades\System.IO.MemoryMappedFiles.dll" /reference:"C:\Program Files (x86)\Reference Assemblies\Microsoft\Framework\.NETFramework\v4.8\Facades\System.IO.Pipes.dll" /reference:"C:\Program Files (x86)\Reference Assemblies\Microsoft\Framework\.NETFramework\v4.8\Facades\System.IO.UnmanagedMemoryStream.dll" /reference:"C:\Program Files (x86)\Reference Assemblies\Microsoft\Framework\.NETFramework\v4.8\Facades\System.Linq.dll" /reference:"C:\Program Files (x86)\Reference Assemblies\Microsoft\Framework\.NETFramework\v4.8\Facades\System.Linq.Expressions.dll" /reference:"C:\Program Files (x86)\Reference Assemblies\Microsoft\Framework\.NETFramework\v4.8\Facades\System.Linq.Parallel.dll" /reference:"C:\Program Files (x86)\Reference Assemblies\Microsoft\Framework\.NETFramework\v4.8\Facades\System.Linq.Queryable.dll" /reference:"C:\Program Files (x86)\Reference Assemblies\Microsoft\Framework\.NETFramework\v4.8\Facades\System.Net.Http.Rtc.dll" /reference:"C:\Program Files (x86)\Reference Assemblies\Microsoft\Framework\.NETFramework\v4.8\Facades\System.Net.NameResolution.dll" /reference:"C:\Program Files (x86)\Reference Assemblies\Microsoft\Framework\.NETFramework\v4.8\Facades\System.Net.NetworkInformation.dll" /reference:"C:\Program Files (x86)\Reference Assemblies\Microsoft\Framework\.NETFramework\v4.8\Facades\System.Net.Ping.dll" /reference:"C:\Program Files (x86)\Reference Assemblies\Microsoft\Framework\.NETFramework\v4.8\Facades\System.Net.Primitives.dll" /reference:"C:\Program Files (x86)\Reference Assemblies\Microsoft\Framework\.NETFramework\v4.8\Facades\System.Net.Requests.dll" /reference:"C:\Program Files (x86)\Reference Assemblies\Microsoft\Framework\.NETFramework\v4.8\Facades\System.Net.Security.dll" /reference:"C:\Program Files (x86)\Reference Assemblies\Microsoft\Framework\.NETFramework\v4.8\Facades\System.Net.Sockets.dll" /reference:"C:\Program Files (x86)\Reference Assemblies\Microsoft\Framework\.NETFramework\v4.8\Facades\System.Net.WebHeaderCollection.dll" /reference:"C:\Program Files (x86)\Reference Assemblies\Microsoft\Framework\.NETFramework\v4.8\Facades\System.Net.WebSockets.Client.dll" /reference:"C:\Program Files (x86)\Reference Assemblies\Microsoft\Framework\.NETFramework\v4.8\Facades\System.Net.WebSockets.dll" /reference:"C:\Program Files (x86)\Reference Assemblies\Microsoft\Framework\.NETFramework\v4.8\Facades\System.ObjectModel.dll" /reference:"C:\Program Files (x86)\Reference Assemblies\Microsoft\Framework\.NETFramework\v4.8\Facades\System.Reflection.dll" /reference:"C:\Program Files (x86)\Reference Assemblies\Microsoft\Framework\.NETFramework\v4.8\Facades\System.Reflection.Emit.dll" /reference:"C:\Program Files (x86)\Reference Assemblies\Microsoft\Framework\.NETFramework\v4.8\Facades\System.Reflection.Emit.ILGeneration.dll" /reference:"C:\Program Files (x86)\Reference Assemblies\Microsoft\Framework\.NETFramework\v4.8\Facades\System.Reflection.Emit.Lightweight.dll" /reference:"C:\Program Files (x86)\Reference Assemblies\Microsoft\Framework\.NETFramework\v4.8\Facades\System.Reflection.Extensions.dll" /reference:"C:\Program Files (x86)\Reference Assemblies\Microsoft\Framework\.NETFramework\v4.8\Facades\System.Reflection.Primitives.dll" /reference:"C:\Program Files (x86)\Reference Assemblies\Microsoft\Framework\.NETFramework\v4.8\Facades\System.Resources.Reader.dll" /reference:"C:\Program Files (x86)\Reference Assemblies\Microsoft\Framework\.NETFramework\v4.8\Facades\System.Resources.ResourceManager.dll" /reference:"C:\Program Files (x86)\Reference Assemblies\Microsoft\Framework\.NETFramework\v4.8\Facades\System.Resources.Writer.dll" /reference:"C:\Program Files (x86)\Reference Assemblies\Microsoft\Framework\.NETFramework\v4.8\Facades\System.Runtime.CompilerServices.VisualC.dll" /reference:"C:\Program Files (x86)\Reference Assemblies\Microsoft\Framework\.NETFramework\v4.8\Facades\System.Runtime.dll" /reference:"C:\Program Files (x86)\Reference Assemblies\Microsoft\Framework\.NETFramework\v4.8\Facades\System.Runtime.Extensions.dll" /reference:"C:\Program Files (x86)\Reference Assemblies\Microsoft\Framework\.NETFramework\v4.8\Facades\System.Runtime.Handles.dll" /reference:"C:\Program Files (x86)\Reference Assemblies\Microsoft\Framework\.NETFramework\v4.8\Facades\System.Runtime.InteropServices.dll" /reference:"C:\Program Files (x86)\Reference Assemblies\Microsoft\Framework\.NETFramework\v4.8\Facades\System.Runtime.InteropServices.RuntimeInformation.dll" /reference:"C:\Program Files (x86)\Reference Assemblies\Microsoft\Framework\.NETFramework\v4.8\Facades\System.Runtime.InteropServices.WindowsRuntime.dll" /reference:"C:\Program Files (x86)\Reference Assemblies\Microsoft\Framework\.NETFramework\v4.8\Facades\System.Runtime.Numerics.dll" /reference:"C:\Program Files (x86)\Reference Assemblies\Microsoft\Framework\.NETFramework\v4.8\Facades\System.Runtime.Serialization.Formatters.dll" /reference:"C:\Program Files (x86)\Reference Assemblies\Microsoft\Framework\.NETFramework\v4.8\Facades\System.Runtime.Serialization.Json.dll" /reference:"C:\Program Files (x86)\Reference Assemblies\Microsoft\Framework\.NETFramework\v4.8\Facades\System.Runtime.Serialization.Primitives.dll" /reference:"C:\Program Files (x86)\Reference Assemblies\Microsoft\Framework\.NETFramework\v4.8\Facades\System.Runtime.Serialization.Xml.dll" /reference:"C:\Program Files (x86)\Reference Assemblies\Microsoft\Framework\.NETFramework\v4.8\Facades\System.Security.Claims.dll" /reference:"C:\Program Files (x86)\Reference Assemblies\Microsoft\Framework\.NETFramework\v4.8\Facades\System.Security.Cryptography.Algorithms.dll" /reference:"C:\Program Files (x86)\Reference Assemblies\Microsoft\Framework\.NETFramework\v4.8\Facades\System.Security.Cryptography.Csp.dll" /reference:"C:\Program Files (x86)\Reference Assemblies\Microsoft\Framework\.NETFramework\v4.8\Facades\System.Security.Cryptography.Encoding.dll" /reference:"C:\Program Files (x86)\Reference Assemblies\Microsoft\Framework\.NETFramework\v4.8\Facades\System.Security.Cryptography.Primitives.dll" /reference:"C:\Program Files (x86)\Reference Assemblies\Microsoft\Framework\.NETFramework\v4.8\Facades\System.Security.Cryptography.X509Certificates.dll" /reference:"C:\Program Files (x86)\Reference Assemblies\Microsoft\Framework\.NETFramework\v4.8\Facades\System.Security.Principal.dll" /reference:"C:\Program Files (x86)\Reference Assemblies\Microsoft\Framework\.NETFramework\v4.8\Facades\System.Security.SecureString.dll" /reference:"C:\Program Files (x86)\Reference Assemblies\Microsoft\Framework\.NETFramework\v4.8\Facades\System.ServiceModel.Duplex.dll" /reference:"C:\Program Files (x86)\Reference Assemblies\Microsoft\Framework\.NETFramework\v4.8\Facades\System.ServiceModel.Http.dll" /reference:"C:\Program Files (x86)\Reference Assemblies\Microsoft\Framework\.NETFramework\v4.8\Facades\System.ServiceModel.NetTcp.dll" /reference:"C:\Program Files (x86)\Reference Assemblies\Microsoft\Framework\.NETFramework\v4.8\Facades\System.ServiceModel.Primitives.dll" /reference:"C:\Program Files (x86)\Reference Assemblies\Microsoft\Framework\.NETFramework\v4.8\Facades\System.ServiceModel.Security.dll" /reference:"C:\Program Files (x86)\Reference Assemblies\Microsoft\Framework\.NETFramework\v4.8\Facades\System.Text.Encoding.dll" /reference:"C:\Program Files (x86)\Reference Assemblies\Microsoft\Framework\.NETFramework\v4.8\Facades\System.Text.Encoding.Extensions.dll" /reference:"C:\Program Files (x86)\Reference Assemblies\Microsoft\Framework\.NETFramework\v4.8\Facades\System.Text.RegularExpressions.dll" /reference:"C:\Program Files (x86)\Reference Assemblies\Microsoft\Framework\.NETFramework\v4.8\Facades\System.Threading.dll" /reference:"C:\Program Files (x86)\Reference Assemblies\Microsoft\Framework\.NETFramework\v4.8\Facades\System.Threading.Overlapped.dll" /reference:"C:\Program Files (x86)\Reference Assemblies\Microsoft\Framework\.NETFramework\v4.8\Facades\System.Threading.Tasks.dll" /reference:"C:\Program Files (x86)\Reference Assemblies\Microsoft\Framework\.NETFramework\v4.8\Facades\System.Threading.Tasks.Parallel.dll" /reference:"C:\Program Files (x86)\Reference Assemblies\Microsoft\Framework\.NETFramework\v4.8\Facades\System.Threading.Thread.dll" /reference:"C:\Program Files (x86)\Reference Assemblies\Microsoft\Framework\.NETFramework\v4.8\Facades\System.Threading.ThreadPool.dll" /reference:"C:\Program Files (x86)\Reference Assemblies\Microsoft\Framework\.NETFramework\v4.8\Facades\System.Threading.Timer.dll" /reference:"C:\Program Files (x86)\Reference Assemblies\Microsoft\Framework\.NETFramework\v4.8\Facades\System.ValueTuple.dll" /reference:"C:\Program Files (x86)\Reference Assemblies\Microsoft\Framework\.NETFramework\v4.8\Facades\System.Xml.ReaderWriter.dll" /reference:"C:\Program Files (x86)\Reference Assemblies\Microsoft\Framework\.NETFramework\v4.8\Facades\System.Xml.XDocument.dll" /reference:"C:\Program Files (x86)\Reference Assemblies\Microsoft\Framework\.NETFramework\v4.8\Facades\System.Xml.XmlDocument.dll" /reference:"C:\Program Files (x86)\Reference Assemblies\Microsoft\Framework\.NETFramework\v4.8\Facades\System.Xml.XmlSerializer.dll" /reference:"C:\Program Files (x86)\Reference Assemblies\Microsoft\Framework\.NETFramework\v4.8\Facades\System.Xml.XPath.dll" /reference:"C:\Program Files (x86)\Reference Assemblies\Microsoft\Framework\.NETFramework\v4.8\Facades\System.Xml.XPath.XDocument.dll" /debug- /debug:portable /filealign:512 /optimize+ /out:obj\Release\net48\mnetSevenDaysBridge.dll /subsystemversion:6.00 /target:library /warnaserror- /utf8output /deterministic+ /sourcelink:obj\Release\net48\mnetSevenDaysBridge.sourcelink.json /langversion:latest /analyzerconfig:obj\Release\net48\mnetSevenDaysBridge.GeneratedMSBuildEditorConfig.editorconfig ActionCatalog.cs API.cs BridgeConfig.cs BridgeHarmonyPatcher.cs BridgeJson.cs BridgeLifecycle.cs BridgeLogger.cs BridgeModels.cs BridgeRuntimeBehaviour.cs CommandQueue.cs DeathRespawnStateTracker.cs GameStateCollector.cs HttpCommandReceiver.cs IInputBackend.cs InputAdapter.cs InputBackendRouter.cs InputStateMachine.cs InternalInputBackend.cs ObservationAdapter.cs ObservationCommandQueue.cs ObservationService.cs OSInputBackend.cs ReflectionUtils.cs RespawnController.cs StartupAutomationController.cs WebSocketPushServer.cs "obj\Release\net48\.NETFramework,Version=v4.8.AssemblyAttributes.cs" /warnaserror+:NU1605
         Assembly loaded during TaskRun (Microsoft.CodeAnalysis.BuildTasks.Csc): System.IO.Pipes, Version=9.0.0.0, Culture=neutral, PublicKeyToken=b03f5f7f11d50a3a (location: C:\Program Files\dotnet\shared\Microsoft.NETCore.App\9.0.8\System.IO.Pipes.dll, MVID: 8cf0c4db-bf90-4779-96ec-d6c3eb8383ac, AssemblyLoadContext: Default)
         Assembly loaded during TaskRun (Microsoft.CodeAnalysis.BuildTasks.Csc): System.Threading.Overlapped, Version=9.0.0.0, Culture=neutral, PublicKeyToken=b03f5f7f11d50a3a (location: C:\Program Files\dotnet\shared\Microsoft.NETCore.App\9.0.8\System.Threading.Overlapped.dll, MVID: 5c0d6938-d673-4597-8f50-bcdc6544dc47, AssemblyLoadContext: Default)
         Assembly loaded during TaskRun (Microsoft.CodeAnalysis.BuildTasks.Csc): System.Security.AccessControl, Version=9.0.0.0, Culture=neutral, PublicKeyToken=b03f5f7f11d50a3a (location: C:\Program Files\dotnet\shared\Microsoft.NETCore.App\9.0.8\System.Security.AccessControl.dll, MVID: dfc7c495-f687-4529-a2fd-33c2b33589a2, AssemblyLoadContext: Default)
         Microsoft (R) Visual C# Compiler version 4.14.0-3.25359.3 (6dbcfd2f)
         Copyright (C) Microsoft Corporation. All rights reserved.
   1:7>c:\AI\7agent2\mod\mnetSevenDaysBridge\src\StartupAutomationController.cs(29,50): error CS0246: The type or namespace name 'XUiC_MainMenuButtons' could not be found (are you missing a using directive or an assembly reference?) [c:\AI\7agent2\mod\mnetSevenDaysBridge\src\mnetSevenDaysBridge.csproj]
   1:7>c:\AI\7agent2\mod\mnetSevenDaysBridge\src\StartupAutomationController.cs(11,17): error CS0246: The type or namespace name 'XUiC_MainMenuButtons' could not be found (are you missing a using directive or an assembly reference?) [c:\AI\7agent2\mod\mnetSevenDaysBridge\src\mnetSevenDaysBridge.csproj]
   1:7>c:\AI\7agent2\mod\mnetSevenDaysBridge\src\BridgeHarmonyPatcher.cs(144,41): error CS0246: The type or namespace name 'XUiC_MainMenuButtons' could not be found (are you missing a using directive or an assembly reference?) [c:\AI\7agent2\mod\mnetSevenDaysBridge\src\mnetSevenDaysBridge.csproj]
   1:7>c:\AI\7agent2\mod\mnetSevenDaysBridge\src\BridgeHarmonyPatcher.cs(160,41): error CS0246: The type or namespace name 'XUiC_MainMenuButtons' could not be found (are you missing a using directive or an assembly reference?) [c:\AI\7agent2\mod\mnetSevenDaysBridge\src\mnetSevenDaysBridge.csproj]
   1:7>c:\AI\7agent2\mod\mnetSevenDaysBridge\src\BridgeHarmonyPatcher.cs(141,30): error CS0246: The type or namespace name 'XUiC_MainMenuButtons' could not be found (are you missing a using directive or an assembly reference?) [c:\AI\7agent2\mod\mnetSevenDaysBridge\src\mnetSevenDaysBridge.csproj]
   1:7>c:\AI\7agent2\mod\mnetSevenDaysBridge\src\BridgeHarmonyPatcher.cs(157,30): error CS0246: The type or namespace name 'XUiC_MainMenuButtons' could not be found (are you missing a using directive or an assembly reference?) [c:\AI\7agent2\mod\mnetSevenDaysBridge\src\mnetSevenDaysBridge.csproj]
         CompilerServer: server - server processed compilation - mnetSevenDaysBridge (net48)
       Done executing task "Csc" -- FAILED.
   1:7>Done building target "CoreCompile" in project "mnetSevenDaysBridge.csproj" -- FAILED.
   1:7>Target "_CheckForCompileOutputs" in file "C:\Program Files\dotnet\sdk\9.0.304\Microsoft.Common.CurrentVersion.targets" from project "c:\AI\7agent2\mod\mnetSevenDaysBridge\src\mnetSevenDaysBridge.csproj" (target "_CleanGetCurrentAndPriorFileWrites" depends on it):
   1:7>Done building target "_CheckForCompileOutputs" in project "mnetSevenDaysBridge.csproj".
       Target "_SGenCheckForOutputs" skipped, due to false condition; ('$(_SGenGenerateSerializationAssembliesConfig)' == 'On' or ('@(WebReferenceUrl)'!='' and '$(_SGenGenerateSerializationAssembliesConfig)' == 'Auto')) was evaluated as ('Auto' == 'On' or (''!='' and 'Auto' == 'Auto')).
   1:7>Target "_CleanGetCurrentAndPriorFileWrites" in file "C:\Program Files\dotnet\sdk\9.0.304\Microsoft.Common.CurrentVersion.targets" from project "c:\AI\7agent2\mod\mnetSevenDaysBridge\src\mnetSevenDaysBridge.csproj" (target "_CleanRecordFileWrites" depends on it):
       Using "ReadLinesFromFile" task from assembly "Microsoft.Build.Tasks.Core, Version=15.1.0.0, Culture=neutral, PublicKeyToken=b03f5f7f11d50a3a".
       Task "ReadLinesFromFile"
       Done executing task "ReadLinesFromFile".
       Task "ConvertToAbsolutePath"
       Done executing task "ConvertToAbsolutePath".
       Using "FindUnderPath" task from assembly "Microsoft.Build.Tasks.Core, Version=15.1.0.0, Culture=neutral, PublicKeyToken=b03f5f7f11d50a3a".
       Task "FindUnderPath"
         Comparison path is "c:\AI\7agent2\mod\mnetSevenDaysBridge\src".
       Done executing task "FindUnderPath".
       Task "FindUnderPath"
         Comparison path is "..\build\bin\net48\".
       Done executing task "FindUnderPath".
       Task "FindUnderPath"
         Comparison path is "obj\Release\net48\".
       Done executing task "FindUnderPath".
       Task "RemoveDuplicates"
       Done executing task "RemoveDuplicates".
   1:7>Done building target "_CleanGetCurrentAndPriorFileWrites" in project "mnetSevenDaysBridge.csproj".
   1:7>Target "_CleanRecordFileWrites" in file "C:\Program Files\dotnet\sdk\9.0.304\Microsoft.Common.CurrentVersion.targets" from project "c:\AI\7agent2\mod\mnetSevenDaysBridge\src\mnetSevenDaysBridge.csproj" (target "CoreBuild" depends on it):
       Task "RemoveDuplicates"
       Done executing task "RemoveDuplicates".
       Task "MakeDir"
       Done executing task "MakeDir".
       Task "WriteLinesToFile"
         Skipping write to file "obj\Release\net48\mnetSevenDaysBridge.csproj.FileListAbsolute.txt" because content would not change.
       Done executing task "WriteLinesToFile".
   1:7>Done building target "_CleanRecordFileWrites" in project "mnetSevenDaysBridge.csproj".
   1:7>Done Building Project "c:\AI\7agent2\mod\mnetSevenDaysBridge\src\mnetSevenDaysBridge.csproj" (default targets) -- FAILED.

Build FAILED.

       "c:\AI\7agent2\mod\mnetSevenDaysBridge\src\mnetSevenDaysBridge.csproj" (default target) (1:7) ->
       (CoreCompile target) -> 
         c:\AI\7agent2\mod\mnetSevenDaysBridge\src\StartupAutomationController.cs(29,50): error CS0246: The type or namespace name 'XUiC_MainMenuButtons' could not be found (are you missing a using directive or an assembly reference?) [c:\AI\7agent2\mod\mnetSevenDaysBridge\src\mnetSevenDaysBridge.csproj]
         c:\AI\7agent2\mod\mnetSevenDaysBridge\src\StartupAutomationController.cs(11,17): error CS0246: The type or namespace name 'XUiC_MainMenuButtons' could not be found (are you missing a using directive or an assembly reference?) [c:\AI\7agent2\mod\mnetSevenDaysBridge\src\mnetSevenDaysBridge.csproj]
         c:\AI\7agent2\mod\mnetSevenDaysBridge\src\BridgeHarmonyPatcher.cs(144,41): error CS0246: The type or namespace name 'XUiC_MainMenuButtons' could not be found (are you missing a using directive or an assembly reference?) [c:\AI\7agent2\mod\mnetSevenDaysBridge\src\mnetSevenDaysBridge.csproj]
         c:\AI\7agent2\mod\mnetSevenDaysBridge\src\BridgeHarmonyPatcher.cs(160,41): error CS0246: The type or namespace name 'XUiC_MainMenuButtons' could not be found (are you missing a using directive or an assembly reference?) [c:\AI\7agent2\mod\mnetSevenDaysBridge\src\mnetSevenDaysBridge.csproj]
         c:\AI\7agent2\mod\mnetSevenDaysBridge\src\BridgeHarmonyPatcher.cs(141,30): error CS0246: The type or namespace name 'XUiC_MainMenuButtons' could not be found (are you missing a using directive or an assembly reference?) [c:\AI\7agent2\mod\mnetSevenDaysBridge\src\mnetSevenDaysBridge.csproj]
         c:\AI\7agent2\mod\mnetSevenDaysBridge\src\BridgeHarmonyPatcher.cs(157,30): error CS0246: The type or namespace name 'XUiC_MainMenuButtons' could not be found (are you missing a using directive or an assembly reference?) [c:\AI\7agent2\mod\mnetSevenDaysBridge\src\mnetSevenDaysBridge.csproj]

    0 Warning(s)
    6 Error(s)

Time Elapsed 00:00:02.93
